-- The C compiler identification is GNU 13.3.0
-- The CXX compiler identification is GNU 13.3.0
-- Detecting C compiler ABI info
-- Detecting C compiler ABI info - done
-- Check for working C compiler: /usr/bin/cc - skipped
-- Detecting C compile features
-- Detecting C compile features - done
-- Detecting CXX compiler ABI info
-- Detecting CXX compiler ABI info - done
-- Check for working CXX compiler: /usr/bin/c++ - skipped
-- Detecting CXX compile features
-- Detecting CXX compile features - done
-- Found ament_cmake: 2.7.5 (/opt/ros/kilted/share/ament_cmake/cmake)
-- Found Python3: /usr/bin/python3 (found version "3.12.3") found components: Interpreter 
-- Found depth_image_proc: 6.0.12 (/opt/ros/kilted/share/depth_image_proc/cmake)
-- Found rosidl_generator_c: 4.9.6 (/opt/ros/kilted/share/rosidl_generator_c/cmake)
-- Found rosidl_generator_cpp: 4.9.6 (/opt/ros/kilted/share/rosidl_generator_cpp/cmake)
-- Using all available rosidl_typesupport_c: rosidl_typesupport_fastrtps_c;rosidl_typesupport_introspection_c
-- Using all available rosidl_typesupport_cpp: rosidl_typesupport_fastrtps_cpp;rosidl_typesupport_introspection_cpp
-- Found rmw_implementation_cmake: 7.8.2 (/opt/ros/kilted/share/rmw_implementation_cmake/cmake)
-- Found rmw_zenoh_cpp: 0.6.6 (/opt/ros/kilted/share/rmw_zenoh_cpp/cmake)
-- Using RMW implementation 'rmw_zenoh_cpp' as default
-- Found TinyXML2 via Config file: /usr/lib/x86_64-linux-gnu/cmake/tinyxml2
-- Setting yaml-cpp_DIR to: '/opt/ros/kilted/share/yaml_cpp_vendor/cmake/../../../opt/yaml_cpp_vendor/share/cmake/yaml-cpp'
-- Found eigen3_cmake_module: 0.4.0 (/opt/ros/kilted/share/eigen3_cmake_module/cmake)
-- Found Eigen3: TRUE (found version "3.4.0") 
-- Ensuring Eigen3 include directory is part of orocos-kdl CMake target
-- Found ament_lint_auto: 0.19.3 (/opt/ros/kilted/share/ament_lint_auto/cmake)
-- Added test 'cppcheck' to perform static code analysis on C / C++ code
-- Configured cppcheck include dirs: $<BUILD_INTERFACE:/home/GTL/asacks/ros_workspace/src/vrep4_helpers/include>
-- Configured cppcheck exclude dirs and/or files: 
-- Added test 'flake8' to check Python code syntax and style conventions
-- Configured 'flake8' exclude dirs and/or files: 
-- Added test 'lint_cmake' to check CMake code style
-- Added test 'pep257' to check Python code against some of the docstring style conventions in PEP 257
-- Added test 'uncrustify' to check C / C++ code style
-- Configured uncrustify additional arguments: 
-- Added test 'xmllint' to check XML markup files
-- Configuring done (2.7s)
-- Generating done (0.1s)
-- Build files have been written to: /home/GTL/asacks/ros_workspace/build/vrep4_helpers
[ 50%] Building CXX object CMakeFiles/clock_repeat.dir/src/clock_repeat.cpp.o
[ 50%] Building CXX object CMakeFiles/image_flip.dir/src/image_flip.cpp.o
[ 75%] Linking CXX executable image_flip
[ 75%] Built target image_flip
[100%] Linking CXX executable clock_repeat
[100%] Built target clock_repeat
-- Install configuration: ""
-- Installing: /home/GTL/asacks/ros_workspace/install/vrep4_helpers/lib/vrep4_helpers/image_flip
-- Set non-toolchain portion of runtime path of "/home/GTL/asacks/ros_workspace/install/vrep4_helpers/lib/vrep4_helpers/image_flip" to ""
-- Installing: /home/GTL/asacks/ros_workspace/install/vrep4_helpers/lib/vrep4_helpers/clock_repeat
-- Set non-toolchain portion of runtime path of "/home/GTL/asacks/ros_workspace/install/vrep4_helpers/lib/vrep4_helpers/clock_repeat" to ""
-- Installing: /home/GTL/asacks/ros_workspace/install/vrep4_helpers/share/vrep4_helpers
-- Installing: /home/GTL/asacks/ros_workspace/install/vrep4_helpers/share/vrep4_helpers/kinect_pc.launch.py
-- Installing: /home/GTL/asacks/ros_workspace/install/vrep4_helpers/share/vrep4_helpers/kinect_pc_min.launch.py
-- Installing: /home/GTL/asacks/ros_workspace/install/vrep4_helpers/share/ament_index/resource_index/package_run_dependencies/vrep4_helpers
-- Installing: /home/GTL/asacks/ros_workspace/install/vrep4_helpers/share/ament_index/resource_index/parent_prefix_path/vrep4_helpers
-- Installing: /home/GTL/asacks/ros_workspace/install/vrep4_helpers/share/vrep4_helpers/environment/ament_prefix_path.sh
-- Installing: /home/GTL/asacks/ros_workspace/install/vrep4_helpers/share/vrep4_helpers/environment/ament_prefix_path.dsv
-- Installing: /home/GTL/asacks/ros_workspace/install/vrep4_helpers/share/vrep4_helpers/environment/path.sh
-- Installing: /home/GTL/asacks/ros_workspace/install/vrep4_helpers/share/vrep4_helpers/environment/path.dsv
-- Installing: /home/GTL/asacks/ros_workspace/install/vrep4_helpers/share/vrep4_helpers/local_setup.bash
-- Installing: /home/GTL/asacks/ros_workspace/install/vrep4_helpers/share/vrep4_helpers/local_setup.sh
-- Installing: /home/GTL/asacks/ros_workspace/install/vrep4_helpers/share/vrep4_helpers/local_setup.zsh
-- Installing: /home/GTL/asacks/ros_workspace/install/vrep4_helpers/share/vrep4_helpers/local_setup.dsv
-- Installing: /home/GTL/asacks/ros_workspace/install/vrep4_helpers/share/vrep4_helpers/package.dsv
-- Installing: /home/GTL/asacks/ros_workspace/install/vrep4_helpers/share/ament_index/resource_index/packages/vrep4_helpers
-- Installing: /home/GTL/asacks/ros_workspace/install/vrep4_helpers/share/vrep4_helpers/cmake/vrep4_helpersConfig.cmake
-- Installing: /home/GTL/asacks/ros_workspace/install/vrep4_helpers/share/vrep4_helpers/cmake/vrep4_helpersConfig-version.cmake
-- Installing: /home/GTL/asacks/ros_workspace/install/vrep4_helpers/share/vrep4_helpers/package.xml
