[0.026s] Invoking command in '/home/GTL/asacks/ros_workspace/build/floor_plane_hough_base': CMAKE_PREFIX_PATH=${CMAKE_PREFIX_PATH}:/home/GTL/asacks/ros_workspace/install/model_prediction:/home/GTL/asacks/ros_workspace/install/joy_teleop:/opt/ros/kilted DEBUGINFOD_URLS=https://debuginfod.ubuntu.com /usr/bin/cmake /home/GTL/asacks/ros_workspace/src/floor_plane_hough_base -DCMAKE_INSTALL_PREFIX=/home/GTL/asacks/ros_workspace/install/floor_plane_hough_base
[0.130s] -- The C compiler identification is GNU 13.3.0
[0.217s] -- The CXX compiler identification is GNU 13.3.0
[0.231s] -- Detecting C compiler ABI info
[0.360s] -- Detecting C compiler ABI info - done
[0.369s] -- Check for working C compiler: /usr/bin/cc - skipped
[0.369s] -- Detecting C compile features
[0.369s] -- Detecting C compile features - done
[0.381s] -- Detecting CXX compiler ABI info
[0.510s] -- Detecting CXX compiler ABI info - done
[0.521s] -- Check for working CXX compiler: /usr/bin/c++ - skipped
[0.522s] -- Detecting CXX compile features
[0.522s] -- Detecting CXX compile features - done
[0.543s] -- Found ament_cmake: 2.7.5 (/opt/ros/kilted/share/ament_cmake/cmake)
[0.699s] -- Found Python3: /usr/bin/python3 (found version "3.12.3") found components: Interpreter 
[0.989s] -- Found std_msgs: 5.5.2 (/opt/ros/kilted/share/std_msgs/cmake)
[1.219s] -- Found rosidl_generator_c: 4.9.6 (/opt/ros/kilted/share/rosidl_generator_c/cmake)
[1.330s] -- Found rosidl_generator_cpp: 4.9.6 (/opt/ros/kilted/share/rosidl_generator_cpp/cmake)
[1.452s] -- Using all available rosidl_typesupport_c: rosidl_typesupport_fastrtps_c;rosidl_typesupport_introspection_c
[1.559s] -- Using all available rosidl_typesupport_cpp: rosidl_typesupport_fastrtps_cpp;rosidl_typesupport_introspection_cpp
[1.694s] -- Found geometry_msgs: 5.5.2 (/opt/ros/kilted/share/geometry_msgs/cmake)
[1.734s] -- Found sensor_msgs: 5.5.2 (/opt/ros/kilted/share/sensor_msgs/cmake)
[1.810s] -- Found tf2_ros: 0.41.7 (/opt/ros/kilted/share/tf2_ros/cmake)
[2.153s] -- Found rmw_implementation_cmake: 7.8.2 (/opt/ros/kilted/share/rmw_implementation_cmake/cmake)
[2.166s] -- Found rmw_zenoh_cpp: 0.6.6 (/opt/ros/kilted/share/rmw_zenoh_cpp/cmake)
[2.167s] -- Using RMW implementation 'rmw_zenoh_cpp' as default
[2.440s] -- Found pcl_conversions: 2.8.0 (/opt/ros/kilted/share/pcl_conversions/cmake)
[2.607s] -- Found flann version 1.9.2
[2.995s] -- Found OpenMP_CXX: -fopenmp (found version "4.5") 
[2.996s] -- Found OpenMP: TRUE (found version "4.5") found components: CXX 
[4.537s] -- Checking for module 'libusb-1.0'
[4.546s] --   Found libusb-1.0, version 1.0.27
[4.567s] -- Found libusb: /usr/lib/x86_64-linux-gnu/libusb-1.0.so  
[4.569s] -- OpenNI found (version: 1.5.4.0, include: /usr/include/ni, lib: /usr/lib/libOpenNI.so;libusb::libusb)
[4.603s] -- OpenNI2 found (version: 2.2.0.33, include: /usr/include/openni2, lib: /usr/lib/x86_64-linux-gnu/libOpenNI2.so;libusb::libusb)
[4.608s] -- Could NOT find Pcap (missing: PCAP_LIBRARIES PCAP_INCLUDE_DIRS) 
[4.618s] -- Found ZLIB: /usr/lib/x86_64-linux-gnu/libz.so (found version "1.3")  
[4.632s] -- Found PNG: /usr/lib/x86_64-linux-gnu/libpng.so (found version "1.6.43") 
[5.009s] -- OpenNI found (version: 1.5.4.0, include: /usr/include/ni, lib: /usr/lib/libOpenNI.so;libusb::libusb)
[5.013s] -- OpenNI2 found (version: 2.2.0.33, include: /usr/include/openni2, lib: /usr/lib/x86_64-linux-gnu/libOpenNI2.so;libusb::libusb)
[5.418s] -- Found Qhull version 8.0.2
[5.808s] -- OpenNI found (version: 1.5.4.0, include: /usr/include/ni, lib: /usr/lib/libOpenNI.so;libusb::libusb)
[6.183s] -- Found PCL_COMMON: /usr/lib/x86_64-linux-gnu/libpcl_common.so  
[6.185s] -- Found PCL_KDTREE: /usr/lib/x86_64-linux-gnu/libpcl_kdtree.so  
[6.188s] -- Found PCL_OCTREE: /usr/lib/x86_64-linux-gnu/libpcl_octree.so  
[6.191s] -- Found PCL_SEARCH: /usr/lib/x86_64-linux-gnu/libpcl_search.so  
[6.194s] -- Found PCL_SAMPLE_CONSENSUS: /usr/lib/x86_64-linux-gnu/libpcl_sample_consensus.so  
[6.195s] -- Found PCL_FILTERS: /usr/lib/x86_64-linux-gnu/libpcl_filters.so  
[6.195s] -- Found PCL_2D: /usr/include/pcl-1.14  
[6.197s] -- Found PCL_GEOMETRY: /usr/include/pcl-1.14  
[6.197s] -- Found PCL_IO: /usr/lib/x86_64-linux-gnu/libpcl_io.so  
[6.197s] -- Found PCL_FEATURES: /usr/lib/x86_64-linux-gnu/libpcl_features.so  
[6.199s] -- Found PCL_ML: /usr/lib/x86_64-linux-gnu/libpcl_ml.so  
[6.200s] -- Found PCL_SEGMENTATION: /usr/lib/x86_64-linux-gnu/libpcl_segmentation.so  
[6.200s] -- Found PCL_VISUALIZATION: /usr/lib/x86_64-linux-gnu/libpcl_visualization.so  
[6.200s] -- Found PCL_SURFACE: /usr/lib/x86_64-linux-gnu/libpcl_surface.so  
[6.201s] -- Found PCL_REGISTRATION: /usr/lib/x86_64-linux-gnu/libpcl_registration.so  
[6.202s] -- Found PCL_KEYPOINTS: /usr/lib/x86_64-linux-gnu/libpcl_keypoints.so  
[6.203s] -- Found PCL_TRACKING: /usr/lib/x86_64-linux-gnu/libpcl_tracking.so  
[6.203s] -- Found PCL_RECOGNITION: /usr/lib/x86_64-linux-gnu/libpcl_recognition.so  
[6.205s] -- Found PCL_STEREO: /usr/lib/x86_64-linux-gnu/libpcl_stereo.so  
[6.205s] -- Found PCL_APPS: /usr/lib/x86_64-linux-gnu/libpcl_apps.so  
[6.206s] -- Found PCL_IN_HAND_SCANNER: /usr/include/pcl-1.14  
[6.206s] -- Found PCL_MODELER: /usr/include/pcl-1.14  
[6.206s] -- Found PCL_POINT_CLOUD_EDITOR: /usr/include/pcl-1.14  
[6.208s] -- Found PCL_OUTOFCORE: /usr/lib/x86_64-linux-gnu/libpcl_outofcore.so  
[6.210s] -- Found PCL_PEOPLE: /usr/lib/x86_64-linux-gnu/libpcl_people.so  
[6.214s] -- Found visualization_msgs: 5.5.2 (/opt/ros/kilted/share/visualization_msgs/cmake)
[6.249s] -- Found tf2_sensor_msgs: 0.41.7 (/opt/ros/kilted/share/tf2_sensor_msgs/cmake)
[6.262s] -- Found tf2_geometry_msgs: 0.41.7 (/opt/ros/kilted/share/tf2_geometry_msgs/cmake)
[6.296s] -- Found eigen3_cmake_module: 0.4.0 (/opt/ros/kilted/share/eigen3_cmake_module/cmake)
[6.297s] -- Found Eigen3: TRUE (found version "3.4.0") 
[6.298s] -- Ensuring Eigen3 include directory is part of orocos-kdl CMake target
[6.323s] -- Found OpenCV: /usr (found version "4.6.0") 
[6.334s] -- Found ament_lint_auto: 0.19.3 (/opt/ros/kilted/share/ament_lint_auto/cmake)
[6.517s] -- Added test 'cppcheck' to perform static code analysis on C / C++ code
[6.517s] -- Configured cppcheck include dirs: $<BUILD_INTERFACE:/home/GTL/asacks/ros_workspace/src/floor_plane_hough_base/include>
[6.518s] -- Configured cppcheck exclude dirs and/or files: 
[6.520s] -- Added test 'flake8' to check Python code syntax and style conventions
[6.521s] -- Configured 'flake8' exclude dirs and/or files: 
[6.524s] -- Added test 'lint_cmake' to check CMake code style
[6.528s] -- Added test 'pep257' to check Python code against some of the docstring style conventions in PEP 257
[6.535s] -- Added test 'uncrustify' to check C / C++ code style
[6.535s] -- Configured uncrustify additional arguments: 
[6.538s] -- Added test 'xmllint' to check XML markup files
[6.554s] -- Configuring done (6.5s)
[6.662s] -- Generating done (0.1s)
[6.696s] -- Build files have been written to: /home/GTL/asacks/ros_workspace/build/floor_plane_hough_base
[6.715s] Invoked command in '/home/GTL/asacks/ros_workspace/build/floor_plane_hough_base' returned '0': CMAKE_PREFIX_PATH=${CMAKE_PREFIX_PATH}:/home/GTL/asacks/ros_workspace/install/model_prediction:/home/GTL/asacks/ros_workspace/install/joy_teleop:/opt/ros/kilted DEBUGINFOD_URLS=https://debuginfod.ubuntu.com /usr/bin/cmake /home/GTL/asacks/ros_workspace/src/floor_plane_hough_base -DCMAKE_INSTALL_PREFIX=/home/GTL/asacks/ros_workspace/install/floor_plane_hough_base
[6.716s] Invoking command in '/home/GTL/asacks/ros_workspace/build/floor_plane_hough_base': CMAKE_PREFIX_PATH=${CMAKE_PREFIX_PATH}:/home/GTL/asacks/ros_workspace/install/model_prediction:/home/GTL/asacks/ros_workspace/install/joy_teleop:/opt/ros/kilted DEBUGINFOD_URLS=https://debuginfod.ubuntu.com /usr/bin/cmake --build /home/GTL/asacks/ros_workspace/build/floor_plane_hough_base -- -j16 -l16
[6.767s] [ 50%] Building CXX object CMakeFiles/floor_plane_hough.dir/src/floor_plane_hough.cpp.o
[25.685s] [100%] Linking CXX executable floor_plane_hough
[27.066s] [100%] Built target floor_plane_hough
[27.078s] Invoked command in '/home/GTL/asacks/ros_workspace/build/floor_plane_hough_base' returned '0': CMAKE_PREFIX_PATH=${CMAKE_PREFIX_PATH}:/home/GTL/asacks/ros_workspace/install/model_prediction:/home/GTL/asacks/ros_workspace/install/joy_teleop:/opt/ros/kilted DEBUGINFOD_URLS=https://debuginfod.ubuntu.com /usr/bin/cmake --build /home/GTL/asacks/ros_workspace/build/floor_plane_hough_base -- -j16 -l16
[27.081s] Invoking command in '/home/GTL/asacks/ros_workspace/build/floor_plane_hough_base': CMAKE_PREFIX_PATH=${CMAKE_PREFIX_PATH}:/home/GTL/asacks/ros_workspace/install/model_prediction:/home/GTL/asacks/ros_workspace/install/joy_teleop:/opt/ros/kilted DEBUGINFOD_URLS=https://debuginfod.ubuntu.com /usr/bin/cmake --install /home/GTL/asacks/ros_workspace/build/floor_plane_hough_base
[27.090s] -- Install configuration: ""
[27.095s] -- Installing: /home/GTL/asacks/ros_workspace/install/floor_plane_hough_base/lib/floor_plane_hough_base/floor_plane_hough
[27.363s] -- Set non-toolchain portion of runtime path of "/home/GTL/asacks/ros_workspace/install/floor_plane_hough_base/lib/floor_plane_hough_base/floor_plane_hough" to ""
[27.363s] -- Installing: /home/GTL/asacks/ros_workspace/install/floor_plane_hough_base/share/floor_plane_hough_base
[27.366s] -- Installing: /home/GTL/asacks/ros_workspace/install/floor_plane_hough_base/share/floor_plane_hough_base/fpr.launch.py
[27.373s] -- Installing: /home/GTL/asacks/ros_workspace/install/floor_plane_hough_base/share/ament_index/resource_index/package_run_dependencies/floor_plane_hough_base
[27.380s] -- Installing: /home/GTL/asacks/ros_workspace/install/floor_plane_hough_base/share/ament_index/resource_index/parent_prefix_path/floor_plane_hough_base
[27.385s] -- Installing: /home/GTL/asacks/ros_workspace/install/floor_plane_hough_base/share/floor_plane_hough_base/environment/ament_prefix_path.sh
[27.387s] -- Installing: /home/GTL/asacks/ros_workspace/install/floor_plane_hough_base/share/floor_plane_hough_base/environment/ament_prefix_path.dsv
[27.390s] -- Installing: /home/GTL/asacks/ros_workspace/install/floor_plane_hough_base/share/floor_plane_hough_base/environment/path.sh
[27.393s] -- Installing: /home/GTL/asacks/ros_workspace/install/floor_plane_hough_base/share/floor_plane_hough_base/environment/path.dsv
[27.397s] -- Installing: /home/GTL/asacks/ros_workspace/install/floor_plane_hough_base/share/floor_plane_hough_base/local_setup.bash
[27.400s] -- Installing: /home/GTL/asacks/ros_workspace/install/floor_plane_hough_base/share/floor_plane_hough_base/local_setup.sh
[27.403s] -- Installing: /home/GTL/asacks/ros_workspace/install/floor_plane_hough_base/share/floor_plane_hough_base/local_setup.zsh
[27.406s] -- Installing: /home/GTL/asacks/ros_workspace/install/floor_plane_hough_base/share/floor_plane_hough_base/local_setup.dsv
[27.410s] -- Installing: /home/GTL/asacks/ros_workspace/install/floor_plane_hough_base/share/floor_plane_hough_base/package.dsv
[27.415s] -- Installing: /home/GTL/asacks/ros_workspace/install/floor_plane_hough_base/share/ament_index/resource_index/packages/floor_plane_hough_base
[27.420s] -- Installing: /home/GTL/asacks/ros_workspace/install/floor_plane_hough_base/share/floor_plane_hough_base/cmake/floor_plane_hough_baseConfig.cmake
[27.424s] -- Installing: /home/GTL/asacks/ros_workspace/install/floor_plane_hough_base/share/floor_plane_hough_base/cmake/floor_plane_hough_baseConfig-version.cmake
[27.427s] -- Installing: /home/GTL/asacks/ros_workspace/install/floor_plane_hough_base/share/floor_plane_hough_base/package.xml
[27.432s] Invoked command in '/home/GTL/asacks/ros_workspace/build/floor_plane_hough_base' returned '0': CMAKE_PREFIX_PATH=${CMAKE_PREFIX_PATH}:/home/GTL/asacks/ros_workspace/install/model_prediction:/home/GTL/asacks/ros_workspace/install/joy_teleop:/opt/ros/kilted DEBUGINFOD_URLS=https://debuginfod.ubuntu.com /usr/bin/cmake --install /home/GTL/asacks/ros_workspace/build/floor_plane_hough_base
