[0.085s] DEBUG:colcon:Command line arguments: ['/usr/bin/colcon', 'build', '--symlink-install', '--packages-select', 'floor_plane_mapping']
[0.085s] DEBUG:colcon:Parsed command line arguments: Namespace(log_base=None, log_level=None, verb_name='build', build_base='build', install_base='install', merge_install=False, symlink_install=True, test_result_base=None, continue_on_error=False, executor='parallel', parallel_workers=16, event_handlers=None, ignore_user_meta=False, metas=['./colcon.meta'], base_paths=['.'], packages_ignore=None, packages_ignore_regex=None, paths=None, packages_up_to=None, packages_up_to_regex=None, packages_above=None, packages_above_and_dependencies=None, packages_above_depth=None, packages_select_by_dep=None, packages_skip_by_dep=None, packages_skip_up_to=None, packages_select_build_failed=False, packages_skip_build_finished=False, packages_select_test_failures=False, packages_skip_test_passed=False, packages_select=['floor_plane_mapping'], packages_skip=None, packages_select_regex=None, packages_skip_regex=None, packages_start=None, packages_end=None, allow_overriding=[], cmake_args=None, cmake_target=None, cmake_target_skip_unavailable=False, cmake_clean_cache=False, cmake_clean_first=False, cmake_force_configure=False, ament_cmake_args=None, catkin_cmake_args=None, catkin_skip_building_tests=False, verb_parser=<colcon_defaults.argument_parser.defaults.DefaultArgumentsDecorator object at 0x709a65c78f20>, verb_extension=<colcon_core.verb.build.BuildVerb object at 0x709a66653890>, main=<bound method BuildVerb.main of <colcon_core.verb.build.BuildVerb object at 0x709a66653890>>)
[0.112s] Level 1:colcon.colcon_core.package_discovery:discover_packages(colcon_meta) check parameters
[0.112s] Level 1:colcon.colcon_core.package_discovery:discover_packages(recursive) check parameters
[0.113s] Level 1:colcon.colcon_core.package_discovery:discover_packages(ignore) check parameters
[0.113s] Level 1:colcon.colcon_core.package_discovery:discover_packages(path) check parameters
[0.113s] Level 1:colcon.colcon_core.package_discovery:discover_packages(colcon_meta) discover
[0.114s] Level 1:colcon.colcon_core.package_discovery:discover_packages(recursive) discover
[0.114s] INFO:colcon.colcon_core.package_discovery:Crawling recursively for packages in '/home/GTL/asacks/ros_workspace'
[0.116s] Level 1:colcon.colcon_core.package_identification:_identify(.) by extensions ['ignore', 'ignore_ament_install']
[0.116s] Level 1:colcon.colcon_core.package_identification:_identify(.) by extension 'ignore'
[0.117s] Level 1:colcon.colcon_core.package_identification:_identify(.) by extension 'ignore_ament_install'
[0.117s] Level 1:colcon.colcon_core.package_identification:_identify(.) by extensions ['colcon_pkg']
[0.118s] Level 1:colcon.colcon_core.package_identification:_identify(.) by extension 'colcon_pkg'
[0.118s] Level 1:colcon.colcon_core.package_identification:_identify(.) by extensions ['colcon_meta']
[0.119s] Level 1:colcon.colcon_core.package_identification:_identify(.) by extension 'colcon_meta'
[0.119s] Level 1:colcon.colcon_core.package_identification:_identify(.) by extensions ['ros']
[0.120s] Level 1:colcon.colcon_core.package_identification:_identify(.) by extension 'ros'
[0.138s] Level 1:colcon.colcon_core.package_identification:_identify(.) by extensions ['cmake', 'python']
[0.138s] Level 1:colcon.colcon_core.package_identification:_identify(.) by extension 'cmake'
[0.138s] Level 1:colcon.colcon_core.package_identification:_identify(.) by extension 'python'
[0.139s] Level 1:colcon.colcon_core.package_identification:_identify(.) by extensions ['python_setup_py']
[0.139s] Level 1:colcon.colcon_core.package_identification:_identify(.) by extension 'python_setup_py'
[0.141s] Level 1:colcon.colcon_core.package_identification:_identify(bags) by extensions ['ignore', 'ignore_ament_install']
[0.141s] Level 1:colcon.colcon_core.package_identification:_identify(bags) by extension 'ignore'
[0.142s] Level 1:colcon.colcon_core.package_identification:_identify(bags) by extension 'ignore_ament_install'
[0.142s] Level 1:colcon.colcon_core.package_identification:_identify(bags) by extensions ['colcon_pkg']
[0.143s] Level 1:colcon.colcon_core.package_identification:_identify(bags) by extension 'colcon_pkg'
[0.143s] Level 1:colcon.colcon_core.package_identification:_identify(bags) by extensions ['colcon_meta']
[0.144s] Level 1:colcon.colcon_core.package_identification:_identify(bags) by extension 'colcon_meta'
[0.144s] Level 1:colcon.colcon_core.package_identification:_identify(bags) by extensions ['ros']
[0.145s] Level 1:colcon.colcon_core.package_identification:_identify(bags) by extension 'ros'
[0.145s] Level 1:colcon.colcon_core.package_identification:_identify(bags) by extensions ['cmake', 'python']
[0.146s] Level 1:colcon.colcon_core.package_identification:_identify(bags) by extension 'cmake'
[0.146s] Level 1:colcon.colcon_core.package_identification:_identify(bags) by extension 'python'
[0.147s] Level 1:colcon.colcon_core.package_identification:_identify(bags) by extensions ['python_setup_py']
[0.147s] Level 1:colcon.colcon_core.package_identification:_identify(bags) by extension 'python_setup_py'
[0.148s] Level 1:colcon.colcon_core.package_identification:_identify(bags/test) by extensions ['ignore', 'ignore_ament_install']
[0.148s] Level 1:colcon.colcon_core.package_identification:_identify(bags/test) by extension 'ignore'
[0.149s] Level 1:colcon.colcon_core.package_identification:_identify(bags/test) by extension 'ignore_ament_install'
[0.149s] Level 1:colcon.colcon_core.package_identification:_identify(bags/test) by extensions ['colcon_pkg']
[0.150s] Level 1:colcon.colcon_core.package_identification:_identify(bags/test) by extension 'colcon_pkg'
[0.150s] Level 1:colcon.colcon_core.package_identification:_identify(bags/test) by extensions ['colcon_meta']
[0.150s] Level 1:colcon.colcon_core.package_identification:_identify(bags/test) by extension 'colcon_meta'
[0.151s] Level 1:colcon.colcon_core.package_identification:_identify(bags/test) by extensions ['ros']
[0.151s] Level 1:colcon.colcon_core.package_identification:_identify(bags/test) by extension 'ros'
[0.152s] Level 1:colcon.colcon_core.package_identification:_identify(bags/test) by extensions ['cmake', 'python']
[0.152s] Level 1:colcon.colcon_core.package_identification:_identify(bags/test) by extension 'cmake'
[0.152s] Level 1:colcon.colcon_core.package_identification:_identify(bags/test) by extension 'python'
[0.153s] Level 1:colcon.colcon_core.package_identification:_identify(bags/test) by extensions ['python_setup_py']
[0.153s] Level 1:colcon.colcon_core.package_identification:_identify(bags/test) by extension 'python_setup_py'
[0.154s] Level 1:colcon.colcon_core.package_identification:_identify(bags/train) by extensions ['ignore', 'ignore_ament_install']
[0.154s] Level 1:colcon.colcon_core.package_identification:_identify(bags/train) by extension 'ignore'
[0.155s] Level 1:colcon.colcon_core.package_identification:_identify(bags/train) by extension 'ignore_ament_install'
[0.155s] Level 1:colcon.colcon_core.package_identification:_identify(bags/train) by extensions ['colcon_pkg']
[0.155s] Level 1:colcon.colcon_core.package_identification:_identify(bags/train) by extension 'colcon_pkg'
[0.156s] Level 1:colcon.colcon_core.package_identification:_identify(bags/train) by extensions ['colcon_meta']
[0.156s] Level 1:colcon.colcon_core.package_identification:_identify(bags/train) by extension 'colcon_meta'
[0.157s] Level 1:colcon.colcon_core.package_identification:_identify(bags/train) by extensions ['ros']
[0.157s] Level 1:colcon.colcon_core.package_identification:_identify(bags/train) by extension 'ros'
[0.158s] Level 1:colcon.colcon_core.package_identification:_identify(bags/train) by extensions ['cmake', 'python']
[0.158s] Level 1:colcon.colcon_core.package_identification:_identify(bags/train) by extension 'cmake'
[0.159s] Level 1:colcon.colcon_core.package_identification:_identify(bags/train) by extension 'python'
[0.159s] Level 1:colcon.colcon_core.package_identification:_identify(bags/train) by extensions ['python_setup_py']
[0.159s] Level 1:colcon.colcon_core.package_identification:_identify(bags/train) by extension 'python_setup_py'
[0.161s] Level 1:colcon.colcon_core.package_identification:_identify(build) by extensions ['ignore', 'ignore_ament_install']
[0.161s] Level 1:colcon.colcon_core.package_identification:_identify(build) by extension 'ignore'
[0.161s] Level 1:colcon.colcon_core.package_identification:_identify(build) ignored
[0.162s] Level 1:colcon.colcon_core.package_identification:_identify(install) by extensions ['ignore', 'ignore_ament_install']
[0.162s] Level 1:colcon.colcon_core.package_identification:_identify(install) by extension 'ignore'
[0.162s] Level 1:colcon.colcon_core.package_identification:_identify(install) ignored
[0.164s] Level 1:colcon.colcon_core.package_identification:_identify(log) by extensions ['ignore', 'ignore_ament_install']
[0.164s] Level 1:colcon.colcon_core.package_identification:_identify(log) by extension 'ignore'
[0.165s] Level 1:colcon.colcon_core.package_identification:_identify(log) ignored
[0.166s] Level 1:colcon.colcon_core.package_identification:_identify(src) by extensions ['ignore', 'ignore_ament_install']
[0.166s] Level 1:colcon.colcon_core.package_identification:_identify(src) by extension 'ignore'
[0.166s] Level 1:colcon.colcon_core.package_identification:_identify(src) by extension 'ignore_ament_install'
[0.166s] Level 1:colcon.colcon_core.package_identification:_identify(src) by extensions ['colcon_pkg']
[0.167s] Level 1:colcon.colcon_core.package_identification:_identify(src) by extension 'colcon_pkg'
[0.167s] Level 1:colcon.colcon_core.package_identification:_identify(src) by extensions ['colcon_meta']
[0.167s] Level 1:colcon.colcon_core.package_identification:_identify(src) by extension 'colcon_meta'
[0.167s] Level 1:colcon.colcon_core.package_identification:_identify(src) by extensions ['ros']
[0.168s] Level 1:colcon.colcon_core.package_identification:_identify(src) by extension 'ros'
[0.168s] Level 1:colcon.colcon_core.package_identification:_identify(src) by extensions ['cmake', 'python']
[0.169s] Level 1:colcon.colcon_core.package_identification:_identify(src) by extension 'cmake'
[0.169s] Level 1:colcon.colcon_core.package_identification:_identify(src) by extension 'python'
[0.169s] Level 1:colcon.colcon_core.package_identification:_identify(src) by extensions ['python_setup_py']
[0.170s] Level 1:colcon.colcon_core.package_identification:_identify(src) by extension 'python_setup_py'
[0.170s] Level 1:colcon.colcon_core.package_identification:_identify(src/cs7630_msgs) by extensions ['ignore', 'ignore_ament_install']
[0.170s] Level 1:colcon.colcon_core.package_identification:_identify(src/cs7630_msgs) by extension 'ignore'
[0.171s] Level 1:colcon.colcon_core.package_identification:_identify(src/cs7630_msgs) by extension 'ignore_ament_install'
[0.171s] Level 1:colcon.colcon_core.package_identification:_identify(src/cs7630_msgs) by extensions ['colcon_pkg']
[0.171s] Level 1:colcon.colcon_core.package_identification:_identify(src/cs7630_msgs) by extension 'colcon_pkg'
[0.172s] Level 1:colcon.colcon_core.package_identification:_identify(src/cs7630_msgs) by extensions ['colcon_meta']
[0.172s] Level 1:colcon.colcon_core.package_identification:_identify(src/cs7630_msgs) by extension 'colcon_meta'
[0.172s] Level 1:colcon.colcon_core.package_identification:_identify(src/cs7630_msgs) by extensions ['ros']
[0.173s] Level 1:colcon.colcon_core.package_identification:_identify(src/cs7630_msgs) by extension 'ros'
[0.175s] DEBUG:colcon.colcon_core.package_identification:Package 'src/cs7630_msgs' with type 'ros.ament_cmake' and name 'cs7630_msgs'
[0.176s] Level 1:colcon.colcon_core.package_identification:_identify(src/cv_bridge2) by extensions ['ignore', 'ignore_ament_install']
[0.176s] Level 1:colcon.colcon_core.package_identification:_identify(src/cv_bridge2) by extension 'ignore'
[0.176s] Level 1:colcon.colcon_core.package_identification:_identify(src/cv_bridge2) by extension 'ignore_ament_install'
[0.176s] Level 1:colcon.colcon_core.package_identification:_identify(src/cv_bridge2) by extensions ['colcon_pkg']
[0.177s] Level 1:colcon.colcon_core.package_identification:_identify(src/cv_bridge2) by extension 'colcon_pkg'
[0.177s] Level 1:colcon.colcon_core.package_identification:_identify(src/cv_bridge2) by extensions ['colcon_meta']
[0.177s] Level 1:colcon.colcon_core.package_identification:_identify(src/cv_bridge2) by extension 'colcon_meta'
[0.177s] Level 1:colcon.colcon_core.package_identification:_identify(src/cv_bridge2) by extensions ['ros']
[0.177s] Level 1:colcon.colcon_core.package_identification:_identify(src/cv_bridge2) by extension 'ros'
[0.178s] DEBUG:colcon.colcon_core.package_identification:Package 'src/cv_bridge2' with type 'ros.ament_cmake' and name 'cv_bridge2'
[0.179s] Level 1:colcon.colcon_core.package_identification:_identify(src/cylinder_detector) by extensions ['ignore', 'ignore_ament_install']
[0.179s] Level 1:colcon.colcon_core.package_identification:_identify(src/cylinder_detector) by extension 'ignore'
[0.179s] Level 1:colcon.colcon_core.package_identification:_identify(src/cylinder_detector) by extension 'ignore_ament_install'
[0.180s] Level 1:colcon.colcon_core.package_identification:_identify(src/cylinder_detector) by extensions ['colcon_pkg']
[0.180s] Level 1:colcon.colcon_core.package_identification:_identify(src/cylinder_detector) by extension 'colcon_pkg'
[0.180s] Level 1:colcon.colcon_core.package_identification:_identify(src/cylinder_detector) by extensions ['colcon_meta']
[0.180s] Level 1:colcon.colcon_core.package_identification:_identify(src/cylinder_detector) by extension 'colcon_meta'
[0.181s] Level 1:colcon.colcon_core.package_identification:_identify(src/cylinder_detector) by extensions ['ros']
[0.181s] Level 1:colcon.colcon_core.package_identification:_identify(src/cylinder_detector) by extension 'ros'
[0.182s] DEBUG:colcon.colcon_core.package_identification:Package 'src/cylinder_detector' with type 'ros.ament_cmake' and name 'cylinder_detector'
[0.182s] Level 1:colcon.colcon_core.package_identification:_identify(src/floor_graph) by extensions ['ignore', 'ignore_ament_install']
[0.182s] Level 1:colcon.colcon_core.package_identification:_identify(src/floor_graph) by extension 'ignore'
[0.183s] Level 1:colcon.colcon_core.package_identification:_identify(src/floor_graph) by extension 'ignore_ament_install'
[0.183s] Level 1:colcon.colcon_core.package_identification:_identify(src/floor_graph) by extensions ['colcon_pkg']
[0.183s] Level 1:colcon.colcon_core.package_identification:_identify(src/floor_graph) by extension 'colcon_pkg'
[0.183s] Level 1:colcon.colcon_core.package_identification:_identify(src/floor_graph) by extensions ['colcon_meta']
[0.183s] Level 1:colcon.colcon_core.package_identification:_identify(src/floor_graph) by extension 'colcon_meta'
[0.184s] Level 1:colcon.colcon_core.package_identification:_identify(src/floor_graph) by extensions ['ros']
[0.184s] Level 1:colcon.colcon_core.package_identification:_identify(src/floor_graph) by extension 'ros'
[0.185s] DEBUG:colcon.colcon_core.package_identification:Package 'src/floor_graph' with type 'ros.ament_python' and name 'floor_graph'
[0.185s] Level 1:colcon.colcon_core.package_identification:_identify(src/floor_nav) by extensions ['ignore', 'ignore_ament_install']
[0.186s] Level 1:colcon.colcon_core.package_identification:_identify(src/floor_nav) by extension 'ignore'
[0.186s] Level 1:colcon.colcon_core.package_identification:_identify(src/floor_nav) by extension 'ignore_ament_install'
[0.186s] Level 1:colcon.colcon_core.package_identification:_identify(src/floor_nav) by extensions ['colcon_pkg']
[0.186s] Level 1:colcon.colcon_core.package_identification:_identify(src/floor_nav) by extension 'colcon_pkg'
[0.186s] Level 1:colcon.colcon_core.package_identification:_identify(src/floor_nav) by extensions ['colcon_meta']
[0.187s] Level 1:colcon.colcon_core.package_identification:_identify(src/floor_nav) by extension 'colcon_meta'
[0.187s] Level 1:colcon.colcon_core.package_identification:_identify(src/floor_nav) by extensions ['ros']
[0.188s] Level 1:colcon.colcon_core.package_identification:_identify(src/floor_nav) by extension 'ros'
[0.189s] DEBUG:colcon.colcon_core.package_identification:Package 'src/floor_nav' with type 'ros.ament_cmake' and name 'floor_nav'
[0.190s] Level 1:colcon.colcon_core.package_identification:_identify(src/floor_plane_ceres_base) by extensions ['ignore', 'ignore_ament_install']
[0.190s] Level 1:colcon.colcon_core.package_identification:_identify(src/floor_plane_ceres_base) by extension 'ignore'
[0.190s] Level 1:colcon.colcon_core.package_identification:_identify(src/floor_plane_ceres_base) by extension 'ignore_ament_install'
[0.190s] Level 1:colcon.colcon_core.package_identification:_identify(src/floor_plane_ceres_base) by extensions ['colcon_pkg']
[0.191s] Level 1:colcon.colcon_core.package_identification:_identify(src/floor_plane_ceres_base) by extension 'colcon_pkg'
[0.191s] Level 1:colcon.colcon_core.package_identification:_identify(src/floor_plane_ceres_base) by extensions ['colcon_meta']
[0.191s] Level 1:colcon.colcon_core.package_identification:_identify(src/floor_plane_ceres_base) by extension 'colcon_meta'
[0.192s] Level 1:colcon.colcon_core.package_identification:_identify(src/floor_plane_ceres_base) by extensions ['ros']
[0.192s] Level 1:colcon.colcon_core.package_identification:_identify(src/floor_plane_ceres_base) by extension 'ros'
[0.193s] DEBUG:colcon.colcon_core.package_identification:Package 'src/floor_plane_ceres_base' with type 'ros.ament_cmake' and name 'floor_plane_ceres_base'
[0.194s] Level 1:colcon.colcon_core.package_identification:_identify(src/floor_plane_classify_base) by extensions ['ignore', 'ignore_ament_install']
[0.194s] Level 1:colcon.colcon_core.package_identification:_identify(src/floor_plane_classify_base) by extension 'ignore'
[0.194s] Level 1:colcon.colcon_core.package_identification:_identify(src/floor_plane_classify_base) by extension 'ignore_ament_install'
[0.194s] Level 1:colcon.colcon_core.package_identification:_identify(src/floor_plane_classify_base) by extensions ['colcon_pkg']
[0.195s] Level 1:colcon.colcon_core.package_identification:_identify(src/floor_plane_classify_base) by extension 'colcon_pkg'
[0.195s] Level 1:colcon.colcon_core.package_identification:_identify(src/floor_plane_classify_base) by extensions ['colcon_meta']
[0.195s] Level 1:colcon.colcon_core.package_identification:_identify(src/floor_plane_classify_base) by extension 'colcon_meta'
[0.196s] Level 1:colcon.colcon_core.package_identification:_identify(src/floor_plane_classify_base) by extensions ['ros']
[0.196s] Level 1:colcon.colcon_core.package_identification:_identify(src/floor_plane_classify_base) by extension 'ros'
[0.196s] Level 1:colcon.colcon_core.package_identification:_identify(src/floor_plane_classify_base) by extensions ['cmake', 'python']
[0.197s] Level 1:colcon.colcon_core.package_identification:_identify(src/floor_plane_classify_base) by extension 'cmake'
[0.197s] Level 1:colcon.colcon_core.package_identification:_identify(src/floor_plane_classify_base) by extension 'python'
[0.197s] Level 1:colcon.colcon_core.package_identification:_identify(src/floor_plane_classify_base) by extensions ['python_setup_py']
[0.198s] Level 1:colcon.colcon_core.package_identification:_identify(src/floor_plane_classify_base) by extension 'python_setup_py'
[0.198s] Level 1:colcon.colcon_core.package_identification:_identify(src/floor_plane_classify_base/floor_plane_classify_base) by extensions ['ignore', 'ignore_ament_install']
[0.199s] Level 1:colcon.colcon_core.package_identification:_identify(src/floor_plane_classify_base/floor_plane_classify_base) by extension 'ignore'
[0.199s] Level 1:colcon.colcon_core.package_identification:_identify(src/floor_plane_classify_base/floor_plane_classify_base) by extension 'ignore_ament_install'
[0.199s] Level 1:colcon.colcon_core.package_identification:_identify(src/floor_plane_classify_base/floor_plane_classify_base) by extensions ['colcon_pkg']
[0.199s] Level 1:colcon.colcon_core.package_identification:_identify(src/floor_plane_classify_base/floor_plane_classify_base) by extension 'colcon_pkg'
[0.200s] Level 1:colcon.colcon_core.package_identification:_identify(src/floor_plane_classify_base/floor_plane_classify_base) by extensions ['colcon_meta']
[0.200s] Level 1:colcon.colcon_core.package_identification:_identify(src/floor_plane_classify_base/floor_plane_classify_base) by extension 'colcon_meta'
[0.201s] Level 1:colcon.colcon_core.package_identification:_identify(src/floor_plane_classify_base/floor_plane_classify_base) by extensions ['ros']
[0.201s] Level 1:colcon.colcon_core.package_identification:_identify(src/floor_plane_classify_base/floor_plane_classify_base) by extension 'ros'
[0.201s] Level 1:colcon.colcon_core.package_identification:_identify(src/floor_plane_classify_base/floor_plane_classify_base) by extensions ['cmake', 'python']
[0.201s] Level 1:colcon.colcon_core.package_identification:_identify(src/floor_plane_classify_base/floor_plane_classify_base) by extension 'cmake'
[0.202s] Level 1:colcon.colcon_core.package_identification:_identify(src/floor_plane_classify_base/floor_plane_classify_base) by extension 'python'
[0.202s] Level 1:colcon.colcon_core.package_identification:_identify(src/floor_plane_classify_base/floor_plane_classify_base) by extensions ['python_setup_py']
[0.203s] Level 1:colcon.colcon_core.package_identification:_identify(src/floor_plane_classify_base/floor_plane_classify_base) by extension 'python_setup_py'
[0.203s] Level 1:colcon.colcon_core.package_identification:_identify(src/floor_plane_classify_base/floor_plane_classify_base/__pycache__) by extensions ['ignore', 'ignore_ament_install']
[0.203s] Level 1:colcon.colcon_core.package_identification:_identify(src/floor_plane_classify_base/floor_plane_classify_base/__pycache__) by extension 'ignore'
[0.204s] Level 1:colcon.colcon_core.package_identification:_identify(src/floor_plane_classify_base/floor_plane_classify_base/__pycache__) by extension 'ignore_ament_install'
[0.204s] Level 1:colcon.colcon_core.package_identification:_identify(src/floor_plane_classify_base/floor_plane_classify_base/__pycache__) by extensions ['colcon_pkg']
[0.204s] Level 1:colcon.colcon_core.package_identification:_identify(src/floor_plane_classify_base/floor_plane_classify_base/__pycache__) by extension 'colcon_pkg'
[0.205s] Level 1:colcon.colcon_core.package_identification:_identify(src/floor_plane_classify_base/floor_plane_classify_base/__pycache__) by extensions ['colcon_meta']
[0.205s] Level 1:colcon.colcon_core.package_identification:_identify(src/floor_plane_classify_base/floor_plane_classify_base/__pycache__) by extension 'colcon_meta'
[0.205s] Level 1:colcon.colcon_core.package_identification:_identify(src/floor_plane_classify_base/floor_plane_classify_base/__pycache__) by extensions ['ros']
[0.206s] Level 1:colcon.colcon_core.package_identification:_identify(src/floor_plane_classify_base/floor_plane_classify_base/__pycache__) by extension 'ros'
[0.206s] Level 1:colcon.colcon_core.package_identification:_identify(src/floor_plane_classify_base/floor_plane_classify_base/__pycache__) by extensions ['cmake', 'python']
[0.206s] Level 1:colcon.colcon_core.package_identification:_identify(src/floor_plane_classify_base/floor_plane_classify_base/__pycache__) by extension 'cmake'
[0.206s] Level 1:colcon.colcon_core.package_identification:_identify(src/floor_plane_classify_base/floor_plane_classify_base/__pycache__) by extension 'python'
[0.207s] Level 1:colcon.colcon_core.package_identification:_identify(src/floor_plane_classify_base/floor_plane_classify_base/__pycache__) by extensions ['python_setup_py']
[0.207s] Level 1:colcon.colcon_core.package_identification:_identify(src/floor_plane_classify_base/floor_plane_classify_base/__pycache__) by extension 'python_setup_py'
[0.207s] Level 1:colcon.colcon_core.package_identification:_identify(src/floor_plane_hough_base) by extensions ['ignore', 'ignore_ament_install']
[0.207s] Level 1:colcon.colcon_core.package_identification:_identify(src/floor_plane_hough_base) by extension 'ignore'
[0.208s] Level 1:colcon.colcon_core.package_identification:_identify(src/floor_plane_hough_base) by extension 'ignore_ament_install'
[0.208s] Level 1:colcon.colcon_core.package_identification:_identify(src/floor_plane_hough_base) by extensions ['colcon_pkg']
[0.209s] Level 1:colcon.colcon_core.package_identification:_identify(src/floor_plane_hough_base) by extension 'colcon_pkg'
[0.209s] Level 1:colcon.colcon_core.package_identification:_identify(src/floor_plane_hough_base) by extensions ['colcon_meta']
[0.210s] Level 1:colcon.colcon_core.package_identification:_identify(src/floor_plane_hough_base) by extension 'colcon_meta'
[0.210s] Level 1:colcon.colcon_core.package_identification:_identify(src/floor_plane_hough_base) by extensions ['ros']
[0.210s] Level 1:colcon.colcon_core.package_identification:_identify(src/floor_plane_hough_base) by extension 'ros'
[0.211s] DEBUG:colcon.colcon_core.package_identification:Package 'src/floor_plane_hough_base' with type 'ros.ament_cmake' and name 'floor_plane_hough_base'
[0.212s] Level 1:colcon.colcon_core.package_identification:_identify(src/floor_plane_mapping) by extensions ['ignore', 'ignore_ament_install']
[0.212s] Level 1:colcon.colcon_core.package_identification:_identify(src/floor_plane_mapping) by extension 'ignore'
[0.212s] Level 1:colcon.colcon_core.package_identification:_identify(src/floor_plane_mapping) by extension 'ignore_ament_install'
[0.213s] Level 1:colcon.colcon_core.package_identification:_identify(src/floor_plane_mapping) by extensions ['colcon_pkg']
[0.213s] Level 1:colcon.colcon_core.package_identification:_identify(src/floor_plane_mapping) by extension 'colcon_pkg'
[0.213s] Level 1:colcon.colcon_core.package_identification:_identify(src/floor_plane_mapping) by extensions ['colcon_meta']
[0.214s] Level 1:colcon.colcon_core.package_identification:_identify(src/floor_plane_mapping) by extension 'colcon_meta'
[0.214s] Level 1:colcon.colcon_core.package_identification:_identify(src/floor_plane_mapping) by extensions ['ros']
[0.214s] Level 1:colcon.colcon_core.package_identification:_identify(src/floor_plane_mapping) by extension 'ros'
[0.216s] DEBUG:colcon.colcon_core.package_identification:Package 'src/floor_plane_mapping' with type 'ros.ament_cmake' and name 'floor_plane_mapping'
[0.216s] Level 1:colcon.colcon_core.package_identification:_identify(src/floor_plane_ransac_base) by extensions ['ignore', 'ignore_ament_install']
[0.216s] Level 1:colcon.colcon_core.package_identification:_identify(src/floor_plane_ransac_base) by extension 'ignore'
[0.217s] Level 1:colcon.colcon_core.package_identification:_identify(src/floor_plane_ransac_base) by extension 'ignore_ament_install'
[0.217s] Level 1:colcon.colcon_core.package_identification:_identify(src/floor_plane_ransac_base) by extensions ['colcon_pkg']
[0.217s] Level 1:colcon.colcon_core.package_identification:_identify(src/floor_plane_ransac_base) by extension 'colcon_pkg'
[0.218s] Level 1:colcon.colcon_core.package_identification:_identify(src/floor_plane_ransac_base) by extensions ['colcon_meta']
[0.218s] Level 1:colcon.colcon_core.package_identification:_identify(src/floor_plane_ransac_base) by extension 'colcon_meta'
[0.219s] Level 1:colcon.colcon_core.package_identification:_identify(src/floor_plane_ransac_base) by extensions ['ros']
[0.219s] Level 1:colcon.colcon_core.package_identification:_identify(src/floor_plane_ransac_base) by extension 'ros'
[0.220s] DEBUG:colcon.colcon_core.package_identification:Package 'src/floor_plane_ransac_base' with type 'ros.ament_cmake' and name 'floor_plane_ransac_base'
[0.221s] Level 1:colcon.colcon_core.package_identification:_identify(src/floor_plane_record_base) by extensions ['ignore', 'ignore_ament_install']
[0.221s] Level 1:colcon.colcon_core.package_identification:_identify(src/floor_plane_record_base) by extension 'ignore'
[0.221s] Level 1:colcon.colcon_core.package_identification:_identify(src/floor_plane_record_base) by extension 'ignore_ament_install'
[0.221s] Level 1:colcon.colcon_core.package_identification:_identify(src/floor_plane_record_base) by extensions ['colcon_pkg']
[0.222s] Level 1:colcon.colcon_core.package_identification:_identify(src/floor_plane_record_base) by extension 'colcon_pkg'
[0.222s] Level 1:colcon.colcon_core.package_identification:_identify(src/floor_plane_record_base) by extensions ['colcon_meta']
[0.222s] Level 1:colcon.colcon_core.package_identification:_identify(src/floor_plane_record_base) by extension 'colcon_meta'
[0.223s] Level 1:colcon.colcon_core.package_identification:_identify(src/floor_plane_record_base) by extensions ['ros']
[0.223s] Level 1:colcon.colcon_core.package_identification:_identify(src/floor_plane_record_base) by extension 'ros'
[0.224s] DEBUG:colcon.colcon_core.package_identification:Package 'src/floor_plane_record_base' with type 'ros.ament_cmake' and name 'floor_plane_record_base'
[0.225s] Level 1:colcon.colcon_core.package_identification:_identify(src/floor_plane_regression_base) by extensions ['ignore', 'ignore_ament_install']
[0.225s] Level 1:colcon.colcon_core.package_identification:_identify(src/floor_plane_regression_base) by extension 'ignore'
[0.225s] Level 1:colcon.colcon_core.package_identification:_identify(src/floor_plane_regression_base) by extension 'ignore_ament_install'
[0.226s] Level 1:colcon.colcon_core.package_identification:_identify(src/floor_plane_regression_base) by extensions ['colcon_pkg']
[0.226s] Level 1:colcon.colcon_core.package_identification:_identify(src/floor_plane_regression_base) by extension 'colcon_pkg'
[0.226s] Level 1:colcon.colcon_core.package_identification:_identify(src/floor_plane_regression_base) by extensions ['colcon_meta']
[0.227s] Level 1:colcon.colcon_core.package_identification:_identify(src/floor_plane_regression_base) by extension 'colcon_meta'
[0.227s] Level 1:colcon.colcon_core.package_identification:_identify(src/floor_plane_regression_base) by extensions ['ros']
[0.227s] Level 1:colcon.colcon_core.package_identification:_identify(src/floor_plane_regression_base) by extension 'ros'
[0.229s] DEBUG:colcon.colcon_core.package_identification:Package 'src/floor_plane_regression_base' with type 'ros.ament_cmake' and name 'floor_plane_regression_base'
[0.229s] Level 1:colcon.colcon_core.package_identification:_identify(src/joy_teleop) by extensions ['ignore', 'ignore_ament_install']
[0.229s] Level 1:colcon.colcon_core.package_identification:_identify(src/joy_teleop) by extension 'ignore'
[0.229s] Level 1:colcon.colcon_core.package_identification:_identify(src/joy_teleop) by extension 'ignore_ament_install'
[0.230s] Level 1:colcon.colcon_core.package_identification:_identify(src/joy_teleop) by extensions ['colcon_pkg']
[0.230s] Level 1:colcon.colcon_core.package_identification:_identify(src/joy_teleop) by extension 'colcon_pkg'
[0.230s] Level 1:colcon.colcon_core.package_identification:_identify(src/joy_teleop) by extensions ['colcon_meta']
[0.231s] Level 1:colcon.colcon_core.package_identification:_identify(src/joy_teleop) by extension 'colcon_meta'
[0.231s] Level 1:colcon.colcon_core.package_identification:_identify(src/joy_teleop) by extensions ['ros']
[0.231s] Level 1:colcon.colcon_core.package_identification:_identify(src/joy_teleop) by extension 'ros'
[0.233s] DEBUG:colcon.colcon_core.package_identification:Package 'src/joy_teleop' with type 'ros.ament_python' and name 'joy_teleop'
[0.233s] Level 1:colcon.colcon_core.package_identification:_identify(src/model_prediction) by extensions ['ignore', 'ignore_ament_install']
[0.233s] Level 1:colcon.colcon_core.package_identification:_identify(src/model_prediction) by extension 'ignore'
[0.234s] Level 1:colcon.colcon_core.package_identification:_identify(src/model_prediction) by extension 'ignore_ament_install'
[0.234s] Level 1:colcon.colcon_core.package_identification:_identify(src/model_prediction) by extensions ['colcon_pkg']
[0.234s] Level 1:colcon.colcon_core.package_identification:_identify(src/model_prediction) by extension 'colcon_pkg'
[0.235s] Level 1:colcon.colcon_core.package_identification:_identify(src/model_prediction) by extensions ['colcon_meta']
[0.235s] Level 1:colcon.colcon_core.package_identification:_identify(src/model_prediction) by extension 'colcon_meta'
[0.236s] Level 1:colcon.colcon_core.package_identification:_identify(src/model_prediction) by extensions ['ros']
[0.236s] Level 1:colcon.colcon_core.package_identification:_identify(src/model_prediction) by extension 'ros'
[0.237s] DEBUG:colcon.colcon_core.package_identification:Package 'src/model_prediction' with type 'ros.ament_python' and name 'model_prediction'
[0.237s] Level 1:colcon.colcon_core.package_identification:_identify(src/nav2_common) by extensions ['ignore', 'ignore_ament_install']
[0.238s] Level 1:colcon.colcon_core.package_identification:_identify(src/nav2_common) by extension 'ignore'
[0.238s] Level 1:colcon.colcon_core.package_identification:_identify(src/nav2_common) by extension 'ignore_ament_install'
[0.238s] Level 1:colcon.colcon_core.package_identification:_identify(src/nav2_common) by extensions ['colcon_pkg']
[0.238s] Level 1:colcon.colcon_core.package_identification:_identify(src/nav2_common) by extension 'colcon_pkg'
[0.239s] Level 1:colcon.colcon_core.package_identification:_identify(src/nav2_common) by extensions ['colcon_meta']
[0.239s] Level 1:colcon.colcon_core.package_identification:_identify(src/nav2_common) by extension 'colcon_meta'
[0.239s] Level 1:colcon.colcon_core.package_identification:_identify(src/nav2_common) by extensions ['ros']
[0.239s] Level 1:colcon.colcon_core.package_identification:_identify(src/nav2_common) by extension 'ros'
[0.240s] DEBUG:colcon.colcon_core.package_identification:Package 'src/nav2_common' with type 'ros.ament_cmake' and name 'nav2_common'
[0.241s] Level 1:colcon.colcon_core.package_identification:_identify(src/nav2_msgs) by extensions ['ignore', 'ignore_ament_install']
[0.241s] Level 1:colcon.colcon_core.package_identification:_identify(src/nav2_msgs) by extension 'ignore'
[0.241s] Level 1:colcon.colcon_core.package_identification:_identify(src/nav2_msgs) by extension 'ignore_ament_install'
[0.241s] Level 1:colcon.colcon_core.package_identification:_identify(src/nav2_msgs) by extensions ['colcon_pkg']
[0.242s] Level 1:colcon.colcon_core.package_identification:_identify(src/nav2_msgs) by extension 'colcon_pkg'
[0.242s] Level 1:colcon.colcon_core.package_identification:_identify(src/nav2_msgs) by extensions ['colcon_meta']
[0.242s] Level 1:colcon.colcon_core.package_identification:_identify(src/nav2_msgs) by extension 'colcon_meta'
[0.242s] Level 1:colcon.colcon_core.package_identification:_identify(src/nav2_msgs) by extensions ['ros']
[0.243s] Level 1:colcon.colcon_core.package_identification:_identify(src/nav2_msgs) by extension 'ros'
[0.244s] DEBUG:colcon.colcon_core.package_identification:Package 'src/nav2_msgs' with type 'ros.ament_cmake' and name 'nav2_msgs'
[0.244s] Level 1:colcon.colcon_core.package_identification:_identify(src/pytorch_models_base) by extensions ['ignore', 'ignore_ament_install']
[0.244s] Level 1:colcon.colcon_core.package_identification:_identify(src/pytorch_models_base) by extension 'ignore'
[0.245s] Level 1:colcon.colcon_core.package_identification:_identify(src/pytorch_models_base) by extension 'ignore_ament_install'
[0.245s] Level 1:colcon.colcon_core.package_identification:_identify(src/pytorch_models_base) by extensions ['colcon_pkg']
[0.245s] Level 1:colcon.colcon_core.package_identification:_identify(src/pytorch_models_base) by extension 'colcon_pkg'
[0.245s] Level 1:colcon.colcon_core.package_identification:_identify(src/pytorch_models_base) by extensions ['colcon_meta']
[0.246s] Level 1:colcon.colcon_core.package_identification:_identify(src/pytorch_models_base) by extension 'colcon_meta'
[0.246s] Level 1:colcon.colcon_core.package_identification:_identify(src/pytorch_models_base) by extensions ['ros']
[0.247s] Level 1:colcon.colcon_core.package_identification:_identify(src/pytorch_models_base) by extension 'ros'
[0.248s] DEBUG:colcon.colcon_core.package_identification:Package 'src/pytorch_models_base' with type 'ros.ament_python' and name 'pytorch_models_base'
[0.248s] Level 1:colcon.colcon_core.package_identification:_identify(src/ros_task_manager) by extensions ['ignore', 'ignore_ament_install']
[0.248s] Level 1:colcon.colcon_core.package_identification:_identify(src/ros_task_manager) by extension 'ignore'
[0.248s] Level 1:colcon.colcon_core.package_identification:_identify(src/ros_task_manager) by extension 'ignore_ament_install'
[0.249s] Level 1:colcon.colcon_core.package_identification:_identify(src/ros_task_manager) by extensions ['colcon_pkg']
[0.249s] Level 1:colcon.colcon_core.package_identification:_identify(src/ros_task_manager) by extension 'colcon_pkg'
[0.249s] Level 1:colcon.colcon_core.package_identification:_identify(src/ros_task_manager) by extensions ['colcon_meta']
[0.250s] Level 1:colcon.colcon_core.package_identification:_identify(src/ros_task_manager) by extension 'colcon_meta'
[0.250s] Level 1:colcon.colcon_core.package_identification:_identify(src/ros_task_manager) by extensions ['ros']
[0.250s] Level 1:colcon.colcon_core.package_identification:_identify(src/ros_task_manager) by extension 'ros'
[0.250s] Level 1:colcon.colcon_core.package_identification:_identify(src/ros_task_manager) by extensions ['cmake', 'python']
[0.251s] Level 1:colcon.colcon_core.package_identification:_identify(src/ros_task_manager) by extension 'cmake'
[0.251s] Level 1:colcon.colcon_core.package_identification:_identify(src/ros_task_manager) by extension 'python'
[0.251s] Level 1:colcon.colcon_core.package_identification:_identify(src/ros_task_manager) by extensions ['python_setup_py']
[0.252s] Level 1:colcon.colcon_core.package_identification:_identify(src/ros_task_manager) by extension 'python_setup_py'
[0.253s] Level 1:colcon.colcon_core.package_identification:_identify(src/ros_task_manager/src) by extensions ['ignore', 'ignore_ament_install']
[0.253s] Level 1:colcon.colcon_core.package_identification:_identify(src/ros_task_manager/src) by extension 'ignore'
[0.253s] Level 1:colcon.colcon_core.package_identification:_identify(src/ros_task_manager/src) by extension 'ignore_ament_install'
[0.253s] Level 1:colcon.colcon_core.package_identification:_identify(src/ros_task_manager/src) by extensions ['colcon_pkg']
[0.254s] Level 1:colcon.colcon_core.package_identification:_identify(src/ros_task_manager/src) by extension 'colcon_pkg'
[0.254s] Level 1:colcon.colcon_core.package_identification:_identify(src/ros_task_manager/src) by extensions ['colcon_meta']
[0.254s] Level 1:colcon.colcon_core.package_identification:_identify(src/ros_task_manager/src) by extension 'colcon_meta'
[0.255s] Level 1:colcon.colcon_core.package_identification:_identify(src/ros_task_manager/src) by extensions ['ros']
[0.255s] Level 1:colcon.colcon_core.package_identification:_identify(src/ros_task_manager/src) by extension 'ros'
[0.255s] Level 1:colcon.colcon_core.package_identification:_identify(src/ros_task_manager/src) by extensions ['cmake', 'python']
[0.256s] Level 1:colcon.colcon_core.package_identification:_identify(src/ros_task_manager/src) by extension 'cmake'
[0.256s] Level 1:colcon.colcon_core.package_identification:_identify(src/ros_task_manager/src) by extension 'python'
[0.256s] Level 1:colcon.colcon_core.package_identification:_identify(src/ros_task_manager/src) by extensions ['python_setup_py']
[0.257s] Level 1:colcon.colcon_core.package_identification:_identify(src/ros_task_manager/src) by extension 'python_setup_py'
[0.257s] Level 1:colcon.colcon_core.package_identification:_identify(src/ros_task_manager/src/button_server) by extensions ['ignore', 'ignore_ament_install']
[0.258s] Level 1:colcon.colcon_core.package_identification:_identify(src/ros_task_manager/src/button_server) by extension 'ignore'
[0.258s] Level 1:colcon.colcon_core.package_identification:_identify(src/ros_task_manager/src/button_server) by extension 'ignore_ament_install'
[0.259s] Level 1:colcon.colcon_core.package_identification:_identify(src/ros_task_manager/src/button_server) by extensions ['colcon_pkg']
[0.259s] Level 1:colcon.colcon_core.package_identification:_identify(src/ros_task_manager/src/button_server) by extension 'colcon_pkg'
[0.259s] Level 1:colcon.colcon_core.package_identification:_identify(src/ros_task_manager/src/button_server) by extensions ['colcon_meta']
[0.260s] Level 1:colcon.colcon_core.package_identification:_identify(src/ros_task_manager/src/button_server) by extension 'colcon_meta'
[0.260s] Level 1:colcon.colcon_core.package_identification:_identify(src/ros_task_manager/src/button_server) by extensions ['ros']
[0.260s] Level 1:colcon.colcon_core.package_identification:_identify(src/ros_task_manager/src/button_server) by extension 'ros'
[0.261s] DEBUG:colcon.colcon_core.package_identification:Package 'src/ros_task_manager/src/button_server' with type 'ros.ament_python' and name 'button_server'
[0.262s] Level 1:colcon.colcon_core.package_identification:_identify(src/ros_task_manager/src/task_manager_client_py) by extensions ['ignore', 'ignore_ament_install']
[0.262s] Level 1:colcon.colcon_core.package_identification:_identify(src/ros_task_manager/src/task_manager_client_py) by extension 'ignore'
[0.262s] Level 1:colcon.colcon_core.package_identification:_identify(src/ros_task_manager/src/task_manager_client_py) by extension 'ignore_ament_install'
[0.262s] Level 1:colcon.colcon_core.package_identification:_identify(src/ros_task_manager/src/task_manager_client_py) by extensions ['colcon_pkg']
[0.263s] Level 1:colcon.colcon_core.package_identification:_identify(src/ros_task_manager/src/task_manager_client_py) by extension 'colcon_pkg'
[0.263s] Level 1:colcon.colcon_core.package_identification:_identify(src/ros_task_manager/src/task_manager_client_py) by extensions ['colcon_meta']
[0.263s] Level 1:colcon.colcon_core.package_identification:_identify(src/ros_task_manager/src/task_manager_client_py) by extension 'colcon_meta'
[0.264s] Level 1:colcon.colcon_core.package_identification:_identify(src/ros_task_manager/src/task_manager_client_py) by extensions ['ros']
[0.264s] Level 1:colcon.colcon_core.package_identification:_identify(src/ros_task_manager/src/task_manager_client_py) by extension 'ros'
[0.265s] DEBUG:colcon.colcon_core.package_identification:Package 'src/ros_task_manager/src/task_manager_client_py' with type 'ros.ament_python' and name 'task_manager_client_py'
[0.266s] Level 1:colcon.colcon_core.package_identification:_identify(src/ros_task_manager/src/task_manager_lib) by extensions ['ignore', 'ignore_ament_install']
[0.266s] Level 1:colcon.colcon_core.package_identification:_identify(src/ros_task_manager/src/task_manager_lib) by extension 'ignore'
[0.266s] Level 1:colcon.colcon_core.package_identification:_identify(src/ros_task_manager/src/task_manager_lib) by extension 'ignore_ament_install'
[0.266s] Level 1:colcon.colcon_core.package_identification:_identify(src/ros_task_manager/src/task_manager_lib) by extensions ['colcon_pkg']
[0.267s] Level 1:colcon.colcon_core.package_identification:_identify(src/ros_task_manager/src/task_manager_lib) by extension 'colcon_pkg'
[0.267s] Level 1:colcon.colcon_core.package_identification:_identify(src/ros_task_manager/src/task_manager_lib) by extensions ['colcon_meta']
[0.267s] Level 1:colcon.colcon_core.package_identification:_identify(src/ros_task_manager/src/task_manager_lib) by extension 'colcon_meta'
[0.268s] Level 1:colcon.colcon_core.package_identification:_identify(src/ros_task_manager/src/task_manager_lib) by extensions ['ros']
[0.268s] Level 1:colcon.colcon_core.package_identification:_identify(src/ros_task_manager/src/task_manager_lib) by extension 'ros'
[0.269s] DEBUG:colcon.colcon_core.package_identification:Package 'src/ros_task_manager/src/task_manager_lib' with type 'ros.ament_cmake' and name 'task_manager_lib'
[0.270s] Level 1:colcon.colcon_core.package_identification:_identify(src/ros_task_manager/src/task_manager_move_base) by extensions ['ignore', 'ignore_ament_install']
[0.270s] Level 1:colcon.colcon_core.package_identification:_identify(src/ros_task_manager/src/task_manager_move_base) by extension 'ignore'
[0.270s] Level 1:colcon.colcon_core.package_identification:_identify(src/ros_task_manager/src/task_manager_move_base) ignored
[0.271s] Level 1:colcon.colcon_core.package_identification:_identify(src/ros_task_manager/src/task_manager_msgs) by extensions ['ignore', 'ignore_ament_install']
[0.271s] Level 1:colcon.colcon_core.package_identification:_identify(src/ros_task_manager/src/task_manager_msgs) by extension 'ignore'
[0.271s] Level 1:colcon.colcon_core.package_identification:_identify(src/ros_task_manager/src/task_manager_msgs) by extension 'ignore_ament_install'
[0.271s] Level 1:colcon.colcon_core.package_identification:_identify(src/ros_task_manager/src/task_manager_msgs) by extensions ['colcon_pkg']
[0.272s] Level 1:colcon.colcon_core.package_identification:_identify(src/ros_task_manager/src/task_manager_msgs) by extension 'colcon_pkg'
[0.272s] Level 1:colcon.colcon_core.package_identification:_identify(src/ros_task_manager/src/task_manager_msgs) by extensions ['colcon_meta']
[0.272s] Level 1:colcon.colcon_core.package_identification:_identify(src/ros_task_manager/src/task_manager_msgs) by extension 'colcon_meta'
[0.273s] Level 1:colcon.colcon_core.package_identification:_identify(src/ros_task_manager/src/task_manager_msgs) by extensions ['ros']
[0.273s] Level 1:colcon.colcon_core.package_identification:_identify(src/ros_task_manager/src/task_manager_msgs) by extension 'ros'
[0.274s] DEBUG:colcon.colcon_core.package_identification:Package 'src/ros_task_manager/src/task_manager_msgs' with type 'ros.ament_cmake' and name 'task_manager_msgs'
[0.274s] Level 1:colcon.colcon_core.package_identification:_identify(src/ros_task_manager/src/task_manager_nav2) by extensions ['ignore', 'ignore_ament_install']
[0.274s] Level 1:colcon.colcon_core.package_identification:_identify(src/ros_task_manager/src/task_manager_nav2) by extension 'ignore'
[0.275s] Level 1:colcon.colcon_core.package_identification:_identify(src/ros_task_manager/src/task_manager_nav2) by extension 'ignore_ament_install'
[0.275s] Level 1:colcon.colcon_core.package_identification:_identify(src/ros_task_manager/src/task_manager_nav2) by extensions ['colcon_pkg']
[0.275s] Level 1:colcon.colcon_core.package_identification:_identify(src/ros_task_manager/src/task_manager_nav2) by extension 'colcon_pkg'
[0.276s] Level 1:colcon.colcon_core.package_identification:_identify(src/ros_task_manager/src/task_manager_nav2) by extensions ['colcon_meta']
[0.276s] Level 1:colcon.colcon_core.package_identification:_identify(src/ros_task_manager/src/task_manager_nav2) by extension 'colcon_meta'
[0.276s] Level 1:colcon.colcon_core.package_identification:_identify(src/ros_task_manager/src/task_manager_nav2) by extensions ['ros']
[0.277s] Level 1:colcon.colcon_core.package_identification:_identify(src/ros_task_manager/src/task_manager_nav2) by extension 'ros'
[0.278s] DEBUG:colcon.colcon_core.package_identification:Package 'src/ros_task_manager/src/task_manager_nav2' with type 'ros.ament_cmake' and name 'task_manager_nav2'
[0.278s] Level 1:colcon.colcon_core.package_identification:_identify(src/ros_task_manager/src/task_manager_sync) by extensions ['ignore', 'ignore_ament_install']
[0.278s] Level 1:colcon.colcon_core.package_identification:_identify(src/ros_task_manager/src/task_manager_sync) by extension 'ignore'
[0.279s] Level 1:colcon.colcon_core.package_identification:_identify(src/ros_task_manager/src/task_manager_sync) by extension 'ignore_ament_install'
[0.279s] Level 1:colcon.colcon_core.package_identification:_identify(src/ros_task_manager/src/task_manager_sync) by extensions ['colcon_pkg']
[0.279s] Level 1:colcon.colcon_core.package_identification:_identify(src/ros_task_manager/src/task_manager_sync) by extension 'colcon_pkg'
[0.280s] Level 1:colcon.colcon_core.package_identification:_identify(src/ros_task_manager/src/task_manager_sync) by extensions ['colcon_meta']
[0.280s] Level 1:colcon.colcon_core.package_identification:_identify(src/ros_task_manager/src/task_manager_sync) by extension 'colcon_meta'
[0.280s] Level 1:colcon.colcon_core.package_identification:_identify(src/ros_task_manager/src/task_manager_sync) by extensions ['ros']
[0.281s] Level 1:colcon.colcon_core.package_identification:_identify(src/ros_task_manager/src/task_manager_sync) by extension 'ros'
[0.282s] DEBUG:colcon.colcon_core.package_identification:Package 'src/ros_task_manager/src/task_manager_sync' with type 'ros.ament_cmake' and name 'task_manager_sync'
[0.282s] Level 1:colcon.colcon_core.package_identification:_identify(src/ros_task_manager/src/task_manager_turtlesim) by extensions ['ignore', 'ignore_ament_install']
[0.282s] Level 1:colcon.colcon_core.package_identification:_identify(src/ros_task_manager/src/task_manager_turtlesim) by extension 'ignore'
[0.283s] Level 1:colcon.colcon_core.package_identification:_identify(src/ros_task_manager/src/task_manager_turtlesim) ignored
[0.283s] Level 1:colcon.colcon_core.package_identification:_identify(src/ros_task_manager/src/task_manager_turtlesim_smach) by extensions ['ignore', 'ignore_ament_install']
[0.283s] Level 1:colcon.colcon_core.package_identification:_identify(src/ros_task_manager/src/task_manager_turtlesim_smach) by extension 'ignore'
[0.283s] Level 1:colcon.colcon_core.package_identification:_identify(src/ros_task_manager/src/task_manager_turtlesim_smach) ignored
[0.284s] Level 1:colcon.colcon_core.package_identification:_identify(src/ros_task_manager/src/task_manager_turtlesim_sync) by extensions ['ignore', 'ignore_ament_install']
[0.284s] Level 1:colcon.colcon_core.package_identification:_identify(src/ros_task_manager/src/task_manager_turtlesim_sync) by extension 'ignore'
[0.284s] Level 1:colcon.colcon_core.package_identification:_identify(src/ros_task_manager/src/task_manager_turtlesim_sync) ignored
[0.285s] Level 1:colcon.colcon_core.package_identification:_identify(src/ros_task_manager/src/turtlesim_logo) by extensions ['ignore', 'ignore_ament_install']
[0.285s] Level 1:colcon.colcon_core.package_identification:_identify(src/ros_task_manager/src/turtlesim_logo) by extension 'ignore'
[0.285s] Level 1:colcon.colcon_core.package_identification:_identify(src/ros_task_manager/src/turtlesim_logo) ignored
[0.286s] Level 1:colcon.colcon_core.package_identification:_identify(src/scenes) by extensions ['ignore', 'ignore_ament_install']
[0.286s] Level 1:colcon.colcon_core.package_identification:_identify(src/scenes) by extension 'ignore'
[0.286s] Level 1:colcon.colcon_core.package_identification:_identify(src/scenes) ignored
[0.287s] Level 1:colcon.colcon_core.package_identification:_identify(src/shore_follower_drive_base) by extensions ['ignore', 'ignore_ament_install']
[0.287s] Level 1:colcon.colcon_core.package_identification:_identify(src/shore_follower_drive_base) by extension 'ignore'
[0.288s] Level 1:colcon.colcon_core.package_identification:_identify(src/shore_follower_drive_base) by extension 'ignore_ament_install'
[0.288s] Level 1:colcon.colcon_core.package_identification:_identify(src/shore_follower_drive_base) by extensions ['colcon_pkg']
[0.288s] Level 1:colcon.colcon_core.package_identification:_identify(src/shore_follower_drive_base) by extension 'colcon_pkg'
[0.288s] Level 1:colcon.colcon_core.package_identification:_identify(src/shore_follower_drive_base) by extensions ['colcon_meta']
[0.289s] Level 1:colcon.colcon_core.package_identification:_identify(src/shore_follower_drive_base) by extension 'colcon_meta'
[0.289s] Level 1:colcon.colcon_core.package_identification:_identify(src/shore_follower_drive_base) by extensions ['ros']
[0.289s] Level 1:colcon.colcon_core.package_identification:_identify(src/shore_follower_drive_base) by extension 'ros'
[0.290s] Level 1:colcon.colcon_core.package_identification:_identify(src/shore_follower_drive_base) by extensions ['cmake', 'python']
[0.290s] Level 1:colcon.colcon_core.package_identification:_identify(src/shore_follower_drive_base) by extension 'cmake'
[0.290s] Level 1:colcon.colcon_core.package_identification:_identify(src/shore_follower_drive_base) by extension 'python'
[0.291s] Level 1:colcon.colcon_core.package_identification:_identify(src/shore_follower_drive_base) by extensions ['python_setup_py']
[0.291s] Level 1:colcon.colcon_core.package_identification:_identify(src/shore_follower_drive_base) by extension 'python_setup_py'
[0.292s] Level 1:colcon.colcon_core.package_identification:_identify(src/shore_follower_drive_base/shore_follower_drive_base) by extensions ['ignore', 'ignore_ament_install']
[0.292s] Level 1:colcon.colcon_core.package_identification:_identify(src/shore_follower_drive_base/shore_follower_drive_base) by extension 'ignore'
[0.292s] Level 1:colcon.colcon_core.package_identification:_identify(src/shore_follower_drive_base/shore_follower_drive_base) by extension 'ignore_ament_install'
[0.293s] Level 1:colcon.colcon_core.package_identification:_identify(src/shore_follower_drive_base/shore_follower_drive_base) by extensions ['colcon_pkg']
[0.293s] Level 1:colcon.colcon_core.package_identification:_identify(src/shore_follower_drive_base/shore_follower_drive_base) by extension 'colcon_pkg'
[0.293s] Level 1:colcon.colcon_core.package_identification:_identify(src/shore_follower_drive_base/shore_follower_drive_base) by extensions ['colcon_meta']
[0.294s] Level 1:colcon.colcon_core.package_identification:_identify(src/shore_follower_drive_base/shore_follower_drive_base) by extension 'colcon_meta'
[0.294s] Level 1:colcon.colcon_core.package_identification:_identify(src/shore_follower_drive_base/shore_follower_drive_base) by extensions ['ros']
[0.294s] Level 1:colcon.colcon_core.package_identification:_identify(src/shore_follower_drive_base/shore_follower_drive_base) by extension 'ros'
[0.295s] Level 1:colcon.colcon_core.package_identification:_identify(src/shore_follower_drive_base/shore_follower_drive_base) by extensions ['cmake', 'python']
[0.295s] Level 1:colcon.colcon_core.package_identification:_identify(src/shore_follower_drive_base/shore_follower_drive_base) by extension 'cmake'
[0.295s] Level 1:colcon.colcon_core.package_identification:_identify(src/shore_follower_drive_base/shore_follower_drive_base) by extension 'python'
[0.296s] Level 1:colcon.colcon_core.package_identification:_identify(src/shore_follower_drive_base/shore_follower_drive_base) by extensions ['python_setup_py']
[0.296s] Level 1:colcon.colcon_core.package_identification:_identify(src/shore_follower_drive_base/shore_follower_drive_base) by extension 'python_setup_py'
[0.297s] Level 1:colcon.colcon_core.package_identification:_identify(src/shore_follower_drive_base/shore_follower_drive_base/__pycache__) by extensions ['ignore', 'ignore_ament_install']
[0.297s] Level 1:colcon.colcon_core.package_identification:_identify(src/shore_follower_drive_base/shore_follower_drive_base/__pycache__) by extension 'ignore'
[0.297s] Level 1:colcon.colcon_core.package_identification:_identify(src/shore_follower_drive_base/shore_follower_drive_base/__pycache__) by extension 'ignore_ament_install'
[0.297s] Level 1:colcon.colcon_core.package_identification:_identify(src/shore_follower_drive_base/shore_follower_drive_base/__pycache__) by extensions ['colcon_pkg']
[0.298s] Level 1:colcon.colcon_core.package_identification:_identify(src/shore_follower_drive_base/shore_follower_drive_base/__pycache__) by extension 'colcon_pkg'
[0.298s] Level 1:colcon.colcon_core.package_identification:_identify(src/shore_follower_drive_base/shore_follower_drive_base/__pycache__) by extensions ['colcon_meta']
[0.298s] Level 1:colcon.colcon_core.package_identification:_identify(src/shore_follower_drive_base/shore_follower_drive_base/__pycache__) by extension 'colcon_meta'
[0.299s] Level 1:colcon.colcon_core.package_identification:_identify(src/shore_follower_drive_base/shore_follower_drive_base/__pycache__) by extensions ['ros']
[0.299s] Level 1:colcon.colcon_core.package_identification:_identify(src/shore_follower_drive_base/shore_follower_drive_base/__pycache__) by extension 'ros'
[0.299s] Level 1:colcon.colcon_core.package_identification:_identify(src/shore_follower_drive_base/shore_follower_drive_base/__pycache__) by extensions ['cmake', 'python']
[0.300s] Level 1:colcon.colcon_core.package_identification:_identify(src/shore_follower_drive_base/shore_follower_drive_base/__pycache__) by extension 'cmake'
[0.300s] Level 1:colcon.colcon_core.package_identification:_identify(src/shore_follower_drive_base/shore_follower_drive_base/__pycache__) by extension 'python'
[0.300s] Level 1:colcon.colcon_core.package_identification:_identify(src/shore_follower_drive_base/shore_follower_drive_base/__pycache__) by extensions ['python_setup_py']
[0.300s] Level 1:colcon.colcon_core.package_identification:_identify(src/shore_follower_drive_base/shore_follower_drive_base/__pycache__) by extension 'python_setup_py'
[0.301s] Level 1:colcon.colcon_core.package_identification:_identify(src/shore_follower_observe) by extensions ['ignore', 'ignore_ament_install']
[0.301s] Level 1:colcon.colcon_core.package_identification:_identify(src/shore_follower_observe) by extension 'ignore'
[0.301s] Level 1:colcon.colcon_core.package_identification:_identify(src/shore_follower_observe) by extension 'ignore_ament_install'
[0.302s] Level 1:colcon.colcon_core.package_identification:_identify(src/shore_follower_observe) by extensions ['colcon_pkg']
[0.302s] Level 1:colcon.colcon_core.package_identification:_identify(src/shore_follower_observe) by extension 'colcon_pkg'
[0.303s] Level 1:colcon.colcon_core.package_identification:_identify(src/shore_follower_observe) by extensions ['colcon_meta']
[0.303s] Level 1:colcon.colcon_core.package_identification:_identify(src/shore_follower_observe) by extension 'colcon_meta'
[0.303s] Level 1:colcon.colcon_core.package_identification:_identify(src/shore_follower_observe) by extensions ['ros']
[0.304s] Level 1:colcon.colcon_core.package_identification:_identify(src/shore_follower_observe) by extension 'ros'
[0.305s] DEBUG:colcon.colcon_core.package_identification:Package 'src/shore_follower_observe' with type 'ros.ament_cmake' and name 'shore_follower_observe'
[0.305s] Level 1:colcon.colcon_core.package_identification:_identify(src/vrep4_helpers) by extensions ['ignore', 'ignore_ament_install']
[0.305s] Level 1:colcon.colcon_core.package_identification:_identify(src/vrep4_helpers) by extension 'ignore'
[0.305s] Level 1:colcon.colcon_core.package_identification:_identify(src/vrep4_helpers) by extension 'ignore_ament_install'
[0.306s] Level 1:colcon.colcon_core.package_identification:_identify(src/vrep4_helpers) by extensions ['colcon_pkg']
[0.306s] Level 1:colcon.colcon_core.package_identification:_identify(src/vrep4_helpers) by extension 'colcon_pkg'
[0.306s] Level 1:colcon.colcon_core.package_identification:_identify(src/vrep4_helpers) by extensions ['colcon_meta']
[0.307s] Level 1:colcon.colcon_core.package_identification:_identify(src/vrep4_helpers) by extension 'colcon_meta'
[0.307s] Level 1:colcon.colcon_core.package_identification:_identify(src/vrep4_helpers) by extensions ['ros']
[0.307s] Level 1:colcon.colcon_core.package_identification:_identify(src/vrep4_helpers) by extension 'ros'
[0.308s] DEBUG:colcon.colcon_core.package_identification:Package 'src/vrep4_helpers' with type 'ros.ament_cmake' and name 'vrep4_helpers'
[0.309s] Level 1:colcon.colcon_core.package_identification:_identify(src/vrep_ros_teleop) by extensions ['ignore', 'ignore_ament_install']
[0.309s] Level 1:colcon.colcon_core.package_identification:_identify(src/vrep_ros_teleop) by extension 'ignore'
[0.309s] Level 1:colcon.colcon_core.package_identification:_identify(src/vrep_ros_teleop) by extension 'ignore_ament_install'
[0.309s] Level 1:colcon.colcon_core.package_identification:_identify(src/vrep_ros_teleop) by extensions ['colcon_pkg']
[0.310s] Level 1:colcon.colcon_core.package_identification:_identify(src/vrep_ros_teleop) by extension 'colcon_pkg'
[0.310s] Level 1:colcon.colcon_core.package_identification:_identify(src/vrep_ros_teleop) by extensions ['colcon_meta']
[0.310s] Level 1:colcon.colcon_core.package_identification:_identify(src/vrep_ros_teleop) by extension 'colcon_meta'
[0.311s] Level 1:colcon.colcon_core.package_identification:_identify(src/vrep_ros_teleop) by extensions ['ros']
[0.311s] Level 1:colcon.colcon_core.package_identification:_identify(src/vrep_ros_teleop) by extension 'ros'
[0.312s] DEBUG:colcon.colcon_core.package_identification:Package 'src/vrep_ros_teleop' with type 'ros.ament_python' and name 'vrep_ros_teleop'
[0.313s] Level 1:colcon.colcon_core.package_identification:_identify(src/vrep_vsv_driver) by extensions ['ignore', 'ignore_ament_install']
[0.313s] Level 1:colcon.colcon_core.package_identification:_identify(src/vrep_vsv_driver) by extension 'ignore'
[0.313s] Level 1:colcon.colcon_core.package_identification:_identify(src/vrep_vsv_driver) by extension 'ignore_ament_install'
[0.313s] Level 1:colcon.colcon_core.package_identification:_identify(src/vrep_vsv_driver) by extensions ['colcon_pkg']
[0.313s] Level 1:colcon.colcon_core.package_identification:_identify(src/vrep_vsv_driver) by extension 'colcon_pkg'
[0.313s] Level 1:colcon.colcon_core.package_identification:_identify(src/vrep_vsv_driver) by extensions ['colcon_meta']
[0.313s] Level 1:colcon.colcon_core.package_identification:_identify(src/vrep_vsv_driver) by extension 'colcon_meta'
[0.313s] Level 1:colcon.colcon_core.package_identification:_identify(src/vrep_vsv_driver) by extensions ['ros']
[0.314s] Level 1:colcon.colcon_core.package_identification:_identify(src/vrep_vsv_driver) by extension 'ros'
[0.315s] DEBUG:colcon.colcon_core.package_identification:Package 'src/vrep_vsv_driver' with type 'ros.ament_python' and name 'vrep_vsv_driver'
[0.315s] Level 1:colcon.colcon_core.package_identification:_identify(sysid) by extensions ['ignore', 'ignore_ament_install']
[0.315s] Level 1:colcon.colcon_core.package_identification:_identify(sysid) by extension 'ignore'
[0.315s] Level 1:colcon.colcon_core.package_identification:_identify(sysid) by extension 'ignore_ament_install'
[0.316s] Level 1:colcon.colcon_core.package_identification:_identify(sysid) by extensions ['colcon_pkg']
[0.316s] Level 1:colcon.colcon_core.package_identification:_identify(sysid) by extension 'colcon_pkg'
[0.316s] Level 1:colcon.colcon_core.package_identification:_identify(sysid) by extensions ['colcon_meta']
[0.317s] Level 1:colcon.colcon_core.package_identification:_identify(sysid) by extension 'colcon_meta'
[0.317s] Level 1:colcon.colcon_core.package_identification:_identify(sysid) by extensions ['ros']
[0.317s] Level 1:colcon.colcon_core.package_identification:_identify(sysid) by extension 'ros'
[0.317s] Level 1:colcon.colcon_core.package_identification:_identify(sysid) by extensions ['cmake', 'python']
[0.318s] Level 1:colcon.colcon_core.package_identification:_identify(sysid) by extension 'cmake'
[0.318s] Level 1:colcon.colcon_core.package_identification:_identify(sysid) by extension 'python'
[0.318s] Level 1:colcon.colcon_core.package_identification:_identify(sysid) by extensions ['python_setup_py']
[0.319s] Level 1:colcon.colcon_core.package_identification:_identify(sysid) by extension 'python_setup_py'
[0.319s] Level 1:colcon.colcon_core.package_identification:_identify(sysid/data) by extensions ['ignore', 'ignore_ament_install']
[0.319s] Level 1:colcon.colcon_core.package_identification:_identify(sysid/data) by extension 'ignore'
[0.320s] Level 1:colcon.colcon_core.package_identification:_identify(sysid/data) by extension 'ignore_ament_install'
[0.320s] Level 1:colcon.colcon_core.package_identification:_identify(sysid/data) by extensions ['colcon_pkg']
[0.320s] Level 1:colcon.colcon_core.package_identification:_identify(sysid/data) by extension 'colcon_pkg'
[0.321s] Level 1:colcon.colcon_core.package_identification:_identify(sysid/data) by extensions ['colcon_meta']
[0.321s] Level 1:colcon.colcon_core.package_identification:_identify(sysid/data) by extension 'colcon_meta'
[0.321s] Level 1:colcon.colcon_core.package_identification:_identify(sysid/data) by extensions ['ros']
[0.322s] Level 1:colcon.colcon_core.package_identification:_identify(sysid/data) by extension 'ros'
[0.322s] Level 1:colcon.colcon_core.package_identification:_identify(sysid/data) by extensions ['cmake', 'python']
[0.322s] Level 1:colcon.colcon_core.package_identification:_identify(sysid/data) by extension 'cmake'
[0.323s] Level 1:colcon.colcon_core.package_identification:_identify(sysid/data) by extension 'python'
[0.323s] Level 1:colcon.colcon_core.package_identification:_identify(sysid/data) by extensions ['python_setup_py']
[0.324s] Level 1:colcon.colcon_core.package_identification:_identify(sysid/data) by extension 'python_setup_py'
[0.325s] Level 1:colcon.colcon_core.package_identification:_identify(sysid/figures) by extensions ['ignore', 'ignore_ament_install']
[0.325s] Level 1:colcon.colcon_core.package_identification:_identify(sysid/figures) by extension 'ignore'
[0.325s] Level 1:colcon.colcon_core.package_identification:_identify(sysid/figures) by extension 'ignore_ament_install'
[0.326s] Level 1:colcon.colcon_core.package_identification:_identify(sysid/figures) by extensions ['colcon_pkg']
[0.326s] Level 1:colcon.colcon_core.package_identification:_identify(sysid/figures) by extension 'colcon_pkg'
[0.326s] Level 1:colcon.colcon_core.package_identification:_identify(sysid/figures) by extensions ['colcon_meta']
[0.327s] Level 1:colcon.colcon_core.package_identification:_identify(sysid/figures) by extension 'colcon_meta'
[0.327s] Level 1:colcon.colcon_core.package_identification:_identify(sysid/figures) by extensions ['ros']
[0.327s] Level 1:colcon.colcon_core.package_identification:_identify(sysid/figures) by extension 'ros'
[0.328s] Level 1:colcon.colcon_core.package_identification:_identify(sysid/figures) by extensions ['cmake', 'python']
[0.328s] Level 1:colcon.colcon_core.package_identification:_identify(sysid/figures) by extension 'cmake'
[0.329s] Level 1:colcon.colcon_core.package_identification:_identify(sysid/figures) by extension 'python'
[0.329s] Level 1:colcon.colcon_core.package_identification:_identify(sysid/figures) by extensions ['python_setup_py']
[0.329s] Level 1:colcon.colcon_core.package_identification:_identify(sysid/figures) by extension 'python_setup_py'
[0.330s] Level 1:colcon.colcon_core.package_discovery:discover_packages(recursive) using defaults
[0.330s] Level 1:colcon.colcon_core.package_discovery:discover_packages(ignore) discover
[0.330s] Level 1:colcon.colcon_core.package_discovery:discover_packages(ignore) using defaults
[0.330s] Level 1:colcon.colcon_core.package_discovery:discover_packages(path) discover
[0.331s] Level 1:colcon.colcon_core.package_discovery:discover_packages(path) using defaults
[0.351s] INFO:colcon.colcon_core.package_selection:Skipping not selected package 'button_server' in 'src/ros_task_manager/src/button_server'
[0.352s] INFO:colcon.colcon_core.package_selection:Skipping not selected package 'cs7630_msgs' in 'src/cs7630_msgs'
[0.352s] INFO:colcon.colcon_core.package_selection:Skipping not selected package 'cv_bridge2' in 'src/cv_bridge2'
[0.352s] INFO:colcon.colcon_core.package_selection:Skipping not selected package 'cylinder_detector' in 'src/cylinder_detector'
[0.352s] INFO:colcon.colcon_core.package_selection:Skipping not selected package 'floor_graph' in 'src/floor_graph'
[0.352s] INFO:colcon.colcon_core.package_selection:Skipping not selected package 'floor_plane_ceres_base' in 'src/floor_plane_ceres_base'
[0.352s] INFO:colcon.colcon_core.package_selection:Skipping not selected package 'floor_plane_hough_base' in 'src/floor_plane_hough_base'
[0.352s] INFO:colcon.colcon_core.package_selection:Skipping not selected package 'floor_plane_ransac_base' in 'src/floor_plane_ransac_base'
[0.353s] INFO:colcon.colcon_core.package_selection:Skipping not selected package 'floor_plane_record_base' in 'src/floor_plane_record_base'
[0.353s] INFO:colcon.colcon_core.package_selection:Skipping not selected package 'joy_teleop' in 'src/joy_teleop'
[0.353s] INFO:colcon.colcon_core.package_selection:Skipping not selected package 'model_prediction' in 'src/model_prediction'
[0.353s] INFO:colcon.colcon_core.package_selection:Skipping not selected package 'nav2_common' in 'src/nav2_common'
[0.353s] INFO:colcon.colcon_core.package_selection:Skipping not selected package 'pytorch_models_base' in 'src/pytorch_models_base'
[0.353s] INFO:colcon.colcon_core.package_selection:Skipping not selected package 'shore_follower_observe' in 'src/shore_follower_observe'
[0.353s] INFO:colcon.colcon_core.package_selection:Skipping not selected package 'task_manager_msgs' in 'src/ros_task_manager/src/task_manager_msgs'
[0.354s] INFO:colcon.colcon_core.package_selection:Skipping not selected package 'vrep4_helpers' in 'src/vrep4_helpers'
[0.354s] INFO:colcon.colcon_core.package_selection:Skipping not selected package 'vrep_ros_teleop' in 'src/vrep_ros_teleop'
[0.354s] INFO:colcon.colcon_core.package_selection:Skipping not selected package 'vrep_vsv_driver' in 'src/vrep_vsv_driver'
[0.355s] INFO:colcon.colcon_core.package_selection:Skipping not selected package 'floor_plane_regression_base' in 'src/floor_plane_regression_base'
[0.355s] INFO:colcon.colcon_core.package_selection:Skipping not selected package 'nav2_msgs' in 'src/nav2_msgs'
[0.356s] INFO:colcon.colcon_core.package_selection:Skipping not selected package 'task_manager_client_py' in 'src/ros_task_manager/src/task_manager_client_py'
[0.356s] INFO:colcon.colcon_core.package_selection:Skipping not selected package 'task_manager_lib' in 'src/ros_task_manager/src/task_manager_lib'
[0.356s] INFO:colcon.colcon_core.package_selection:Skipping not selected package 'task_manager_nav2' in 'src/ros_task_manager/src/task_manager_nav2'
[0.356s] INFO:colcon.colcon_core.package_selection:Skipping not selected package 'task_manager_sync' in 'src/ros_task_manager/src/task_manager_sync'
[0.356s] INFO:colcon.colcon_core.package_selection:Skipping not selected package 'floor_nav' in 'src/floor_nav'
[0.357s] Level 1:colcon.colcon_core.package_discovery:discover_packages(prefix_path) check parameters
[0.357s] Level 1:colcon.colcon_core.package_discovery:discover_packages(prefix_path) discover
[0.369s] DEBUG:colcon.colcon_installed_package_information.package_discovery:Found 18 installed packages in /home/GTL/asacks/ros_workspace/install
[0.370s] DEBUG:colcon.colcon_installed_package_information.package_discovery:Found 358 installed packages in /opt/ros/kilted
[0.371s] Level 1:colcon.colcon_core.package_discovery:discover_packages(prefix_path) using defaults
[0.410s] Level 5:colcon.colcon_core.verb:set package 'floor_plane_mapping' build argument 'cmake_args' from command line to 'None'
[0.410s] Level 5:colcon.colcon_core.verb:set package 'floor_plane_mapping' build argument 'cmake_target' from command line to 'None'
[0.410s] Level 5:colcon.colcon_core.verb:set package 'floor_plane_mapping' build argument 'cmake_target_skip_unavailable' from command line to 'False'
[0.410s] Level 5:colcon.colcon_core.verb:set package 'floor_plane_mapping' build argument 'cmake_clean_cache' from command line to 'False'
[0.411s] Level 5:colcon.colcon_core.verb:set package 'floor_plane_mapping' build argument 'cmake_clean_first' from command line to 'False'
[0.411s] Level 5:colcon.colcon_core.verb:set package 'floor_plane_mapping' build argument 'cmake_force_configure' from command line to 'False'
[0.412s] Level 5:colcon.colcon_core.verb:set package 'floor_plane_mapping' build argument 'ament_cmake_args' from command line to 'None'
[0.412s] Level 5:colcon.colcon_core.verb:set package 'floor_plane_mapping' build argument 'catkin_cmake_args' from command line to 'None'
[0.413s] Level 5:colcon.colcon_core.verb:set package 'floor_plane_mapping' build argument 'catkin_skip_building_tests' from command line to 'False'
[0.414s] DEBUG:colcon.colcon_core.verb:Building package 'floor_plane_mapping' with the following arguments: {'ament_cmake_args': None, 'build_base': '/home/GTL/asacks/ros_workspace/build/floor_plane_mapping', 'catkin_cmake_args': None, 'catkin_skip_building_tests': False, 'cmake_args': None, 'cmake_clean_cache': False, 'cmake_clean_first': False, 'cmake_force_configure': False, 'cmake_target': None, 'cmake_target_skip_unavailable': False, 'install_base': '/home/GTL/asacks/ros_workspace/install/floor_plane_mapping', 'merge_install': False, 'path': '/home/GTL/asacks/ros_workspace/src/floor_plane_mapping', 'symlink_install': True, 'test_result_base': None}
[0.414s] INFO:colcon.colcon_core.executor:Executing jobs using 'parallel' executor
[0.415s] DEBUG:colcon.colcon_parallel_executor.executor.parallel:run_until_complete
[0.416s] INFO:colcon.colcon_ros.task.ament_cmake.build:Building ROS package in '/home/GTL/asacks/ros_workspace/src/floor_plane_mapping' with build type 'ament_cmake'
[0.416s] INFO:colcon.colcon_cmake.task.cmake.build:Building CMake package in '/home/GTL/asacks/ros_workspace/src/floor_plane_mapping'
[0.418s] INFO:colcon.colcon_core.plugin_system:Skipping extension 'colcon_core.shell.bat': Not used on non-Windows systems
[0.418s] INFO:colcon.colcon_core.shell:Skip shell extension 'powershell' for command environment: Not usable outside of PowerShell
[0.419s] DEBUG:colcon.colcon_core.shell:Skip shell extension 'dsv' for command environment
[0.447s] DEBUG:colcon.colcon_core.event_handler.log_command:Invoking command in '/home/GTL/asacks/ros_workspace/build/floor_plane_mapping': CMAKE_PREFIX_PATH=${CMAKE_PREFIX_PATH}:/home/GTL/asacks/ros_workspace/install/vrep_ros_teleop:/home/GTL/asacks/ros_workspace/install/task_manager_client_py:/home/GTL/asacks/ros_workspace/install/model_prediction:/home/GTL/asacks/ros_workspace/install/joy_teleop:/home/GTL/asacks/ros_workspace/install/floor_graph:/opt/ros/kilted DEBUGINFOD_URLS=https://debuginfod.ubuntu.com /usr/bin/cmake --build /home/GTL/asacks/ros_workspace/build/floor_plane_mapping -- -j16 -l16
[4.040s] DEBUG:colcon.colcon_core.event_handler.log_command:Invoked command in '/home/GTL/asacks/ros_workspace/build/floor_plane_mapping' returned '0': CMAKE_PREFIX_PATH=${CMAKE_PREFIX_PATH}:/home/GTL/asacks/ros_workspace/install/vrep_ros_teleop:/home/GTL/asacks/ros_workspace/install/task_manager_client_py:/home/GTL/asacks/ros_workspace/install/model_prediction:/home/GTL/asacks/ros_workspace/install/joy_teleop:/home/GTL/asacks/ros_workspace/install/floor_graph:/opt/ros/kilted DEBUGINFOD_URLS=https://debuginfod.ubuntu.com /usr/bin/cmake --build /home/GTL/asacks/ros_workspace/build/floor_plane_mapping -- -j16 -l16
[4.049s] DEBUG:colcon.colcon_core.event_handler.log_command:Invoking command in '/home/GTL/asacks/ros_workspace/build/floor_plane_mapping': CMAKE_PREFIX_PATH=${CMAKE_PREFIX_PATH}:/home/GTL/asacks/ros_workspace/install/vrep_ros_teleop:/home/GTL/asacks/ros_workspace/install/task_manager_client_py:/home/GTL/asacks/ros_workspace/install/model_prediction:/home/GTL/asacks/ros_workspace/install/joy_teleop:/home/GTL/asacks/ros_workspace/install/floor_graph:/opt/ros/kilted DEBUGINFOD_URLS=https://debuginfod.ubuntu.com /usr/bin/cmake --install /home/GTL/asacks/ros_workspace/build/floor_plane_mapping
[4.101s] Level 1:colcon.colcon_core.environment:create_environment_scripts_only(floor_plane_mapping)
[4.101s] DEBUG:colcon.colcon_core.event_handler.log_command:Invoked command in '/home/GTL/asacks/ros_workspace/build/floor_plane_mapping' returned '0': CMAKE_PREFIX_PATH=${CMAKE_PREFIX_PATH}:/home/GTL/asacks/ros_workspace/install/vrep_ros_teleop:/home/GTL/asacks/ros_workspace/install/task_manager_client_py:/home/GTL/asacks/ros_workspace/install/model_prediction:/home/GTL/asacks/ros_workspace/install/joy_teleop:/home/GTL/asacks/ros_workspace/install/floor_graph:/opt/ros/kilted DEBUGINFOD_URLS=https://debuginfod.ubuntu.com /usr/bin/cmake --install /home/GTL/asacks/ros_workspace/build/floor_plane_mapping
[4.103s] Level 1:colcon.colcon_core.environment:checking '/home/GTL/asacks/ros_workspace/install/floor_plane_mapping' for CMake module files
[4.105s] Level 1:colcon.colcon_core.environment:checking '/home/GTL/asacks/ros_workspace/install/floor_plane_mapping' for CMake config files
[4.108s] Level 1:colcon.colcon_core.shell:create_environment_hook('floor_plane_mapping', 'cmake_prefix_path')
[4.108s] INFO:colcon.colcon_core.shell:Creating environment hook '/home/GTL/asacks/ros_workspace/install/floor_plane_mapping/share/floor_plane_mapping/hook/cmake_prefix_path.ps1'
[4.110s] INFO:colcon.colcon_core.shell:Creating environment descriptor '/home/GTL/asacks/ros_workspace/install/floor_plane_mapping/share/floor_plane_mapping/hook/cmake_prefix_path.dsv'
[4.111s] INFO:colcon.colcon_core.shell:Creating environment hook '/home/GTL/asacks/ros_workspace/install/floor_plane_mapping/share/floor_plane_mapping/hook/cmake_prefix_path.sh'
[4.114s] Level 1:colcon.colcon_core.environment:checking '/home/GTL/asacks/ros_workspace/install/floor_plane_mapping/lib'
[4.114s] Level 1:colcon.colcon_core.environment:checking '/home/GTL/asacks/ros_workspace/install/floor_plane_mapping/bin'
[4.114s] Level 1:colcon.colcon_core.environment:checking '/home/GTL/asacks/ros_workspace/install/floor_plane_mapping/lib/pkgconfig/floor_plane_mapping.pc'
[4.115s] Level 1:colcon.colcon_core.environment:checking '/home/GTL/asacks/ros_workspace/install/floor_plane_mapping/lib/python3.12/site-packages'
[4.115s] Level 1:colcon.colcon_core.environment:checking '/home/GTL/asacks/ros_workspace/install/floor_plane_mapping/bin'
[4.115s] INFO:colcon.colcon_core.shell:Creating package script '/home/GTL/asacks/ros_workspace/install/floor_plane_mapping/share/floor_plane_mapping/package.ps1'
[4.118s] INFO:colcon.colcon_core.shell:Creating package descriptor '/home/GTL/asacks/ros_workspace/install/floor_plane_mapping/share/floor_plane_mapping/package.dsv'
[4.119s] INFO:colcon.colcon_core.shell:Creating package script '/home/GTL/asacks/ros_workspace/install/floor_plane_mapping/share/floor_plane_mapping/package.sh'
[4.121s] INFO:colcon.colcon_core.shell:Creating package script '/home/GTL/asacks/ros_workspace/install/floor_plane_mapping/share/floor_plane_mapping/package.bash'
[4.122s] INFO:colcon.colcon_core.shell:Creating package script '/home/GTL/asacks/ros_workspace/install/floor_plane_mapping/share/floor_plane_mapping/package.zsh'
[4.124s] Level 1:colcon.colcon_core.environment:create_file_with_runtime_dependencies(/home/GTL/asacks/ros_workspace/install/floor_plane_mapping/share/colcon-core/packages/floor_plane_mapping)
[4.126s] Level 1:colcon.colcon_core.environment:create_environment_scripts_only(floor_plane_mapping)
[4.126s] Level 1:colcon.colcon_core.environment:checking '/home/GTL/asacks/ros_workspace/install/floor_plane_mapping' for CMake module files
[4.129s] Level 1:colcon.colcon_core.environment:checking '/home/GTL/asacks/ros_workspace/install/floor_plane_mapping' for CMake config files
[4.131s] Level 1:colcon.colcon_core.shell:create_environment_hook('floor_plane_mapping', 'cmake_prefix_path')
[4.131s] INFO:colcon.colcon_core.shell:Creating environment hook '/home/GTL/asacks/ros_workspace/install/floor_plane_mapping/share/floor_plane_mapping/hook/cmake_prefix_path.ps1'
[4.133s] INFO:colcon.colcon_core.shell:Creating environment descriptor '/home/GTL/asacks/ros_workspace/install/floor_plane_mapping/share/floor_plane_mapping/hook/cmake_prefix_path.dsv'
[4.134s] INFO:colcon.colcon_core.shell:Creating environment hook '/home/GTL/asacks/ros_workspace/install/floor_plane_mapping/share/floor_plane_mapping/hook/cmake_prefix_path.sh'
[4.136s] Level 1:colcon.colcon_core.environment:checking '/home/GTL/asacks/ros_workspace/install/floor_plane_mapping/lib'
[4.136s] Level 1:colcon.colcon_core.environment:checking '/home/GTL/asacks/ros_workspace/install/floor_plane_mapping/bin'
[4.136s] Level 1:colcon.colcon_core.environment:checking '/home/GTL/asacks/ros_workspace/install/floor_plane_mapping/lib/pkgconfig/floor_plane_mapping.pc'
[4.137s] Level 1:colcon.colcon_core.environment:checking '/home/GTL/asacks/ros_workspace/install/floor_plane_mapping/lib/python3.12/site-packages'
[4.137s] Level 1:colcon.colcon_core.environment:checking '/home/GTL/asacks/ros_workspace/install/floor_plane_mapping/bin'
[4.138s] INFO:colcon.colcon_core.shell:Creating package script '/home/GTL/asacks/ros_workspace/install/floor_plane_mapping/share/floor_plane_mapping/package.ps1'
[4.139s] INFO:colcon.colcon_core.shell:Creating package descriptor '/home/GTL/asacks/ros_workspace/install/floor_plane_mapping/share/floor_plane_mapping/package.dsv'
[4.141s] INFO:colcon.colcon_core.shell:Creating package script '/home/GTL/asacks/ros_workspace/install/floor_plane_mapping/share/floor_plane_mapping/package.sh'
[4.142s] INFO:colcon.colcon_core.shell:Creating package script '/home/GTL/asacks/ros_workspace/install/floor_plane_mapping/share/floor_plane_mapping/package.bash'
[4.143s] INFO:colcon.colcon_core.shell:Creating package script '/home/GTL/asacks/ros_workspace/install/floor_plane_mapping/share/floor_plane_mapping/package.zsh'
[4.145s] Level 1:colcon.colcon_core.environment:create_file_with_runtime_dependencies(/home/GTL/asacks/ros_workspace/install/floor_plane_mapping/share/colcon-core/packages/floor_plane_mapping)
[4.146s] DEBUG:colcon.colcon_parallel_executor.executor.parallel:closing loop
[4.146s] DEBUG:colcon.colcon_parallel_executor.executor.parallel:loop closed
[4.147s] DEBUG:colcon.colcon_parallel_executor.executor.parallel:run_until_complete finished with '0'
[4.147s] DEBUG:colcon.colcon_core.event_reactor:joining thread
[4.159s] INFO:colcon.colcon_core.plugin_system:Skipping extension 'colcon_notification.desktop_notification.terminal_notifier': Not used on non-Darwin systems
[4.159s] INFO:colcon.colcon_core.plugin_system:Skipping extension 'colcon_notification.desktop_notification.win32': Not used on non-Windows systems
[4.159s] INFO:colcon.colcon_notification.desktop_notification:Sending desktop notification using 'notify2'
[4.173s] DEBUG:colcon.colcon_core.event_reactor:joined thread
[4.173s] INFO:colcon.colcon_core.shell:Creating prefix script '/home/GTL/asacks/ros_workspace/install/local_setup.ps1'
[4.177s] INFO:colcon.colcon_core.shell:Creating prefix util module '/home/GTL/asacks/ros_workspace/install/_local_setup_util_ps1.py'
[4.181s] INFO:colcon.colcon_core.shell:Creating prefix chain script '/home/GTL/asacks/ros_workspace/install/setup.ps1'
[4.199s] INFO:colcon.colcon_core.shell:Creating prefix script '/home/GTL/asacks/ros_workspace/install/local_setup.sh'
[4.201s] INFO:colcon.colcon_core.shell:Creating prefix util module '/home/GTL/asacks/ros_workspace/install/_local_setup_util_sh.py'
[4.202s] INFO:colcon.colcon_core.shell:Creating prefix chain script '/home/GTL/asacks/ros_workspace/install/setup.sh'
[4.216s] INFO:colcon.colcon_core.shell:Creating prefix script '/home/GTL/asacks/ros_workspace/install/local_setup.bash'
[4.218s] INFO:colcon.colcon_core.shell:Creating prefix chain script '/home/GTL/asacks/ros_workspace/install/setup.bash'
[4.230s] INFO:colcon.colcon_core.shell:Creating prefix script '/home/GTL/asacks/ros_workspace/install/local_setup.zsh'
[4.232s] INFO:colcon.colcon_core.shell:Creating prefix chain script '/home/GTL/asacks/ros_workspace/install/setup.zsh'
