[0.026s] Invoking command in '/home/GTL/asacks/ros_workspace/build/floor_plane_ransac_base': CMAKE_PREFIX_PATH=${CMAKE_PREFIX_PATH}:/home/GTL/asacks/ros_workspace/install/model_prediction:/home/GTL/asacks/ros_workspace/install/joy_teleop:/opt/ros/kilted DEBUGINFOD_URLS=https://debuginfod.ubuntu.com /usr/bin/cmake /home/GTL/asacks/ros_workspace/src/floor_plane_ransac_base -DCMAKE_INSTALL_PREFIX=/home/GTL/asacks/ros_workspace/install/floor_plane_ransac_base
[0.125s] -- The C compiler identification is GNU 13.3.0
[0.207s] -- The CXX compiler identification is GNU 13.3.0
[0.223s] -- Detecting C compiler ABI info
[0.353s] -- Detecting C compiler ABI info - done
[0.361s] -- Check for working C compiler: /usr/bin/cc - skipped
[0.361s] -- Detecting C compile features
[0.361s] -- Detecting C compile features - done
[0.373s] -- Detecting CXX compiler ABI info
[0.503s] -- Detecting CXX compiler ABI info - done
[0.514s] -- Check for working CXX compiler: /usr/bin/c++ - skipped
[0.514s] -- Detecting CXX compile features
[0.514s] -- Detecting CXX compile features - done
[0.536s] -- Found ament_cmake: 2.7.5 (/opt/ros/kilted/share/ament_cmake/cmake)
[0.698s] -- Found Python3: /usr/bin/python3 (found version "3.12.3") found components: Interpreter 
[0.980s] -- Found std_msgs: 5.5.2 (/opt/ros/kilted/share/std_msgs/cmake)
[1.211s] -- Found rosidl_generator_c: 4.9.6 (/opt/ros/kilted/share/rosidl_generator_c/cmake)
[1.322s] -- Found rosidl_generator_cpp: 4.9.6 (/opt/ros/kilted/share/rosidl_generator_cpp/cmake)
[1.444s] -- Using all available rosidl_typesupport_c: rosidl_typesupport_fastrtps_c;rosidl_typesupport_introspection_c
[1.553s] -- Using all available rosidl_typesupport_cpp: rosidl_typesupport_fastrtps_cpp;rosidl_typesupport_introspection_cpp
[1.687s] -- Found geometry_msgs: 5.5.2 (/opt/ros/kilted/share/geometry_msgs/cmake)
[1.727s] -- Found sensor_msgs: 5.5.2 (/opt/ros/kilted/share/sensor_msgs/cmake)
[1.801s] -- Found tf2_ros: 0.41.7 (/opt/ros/kilted/share/tf2_ros/cmake)
[2.145s] -- Found rmw_implementation_cmake: 7.8.2 (/opt/ros/kilted/share/rmw_implementation_cmake/cmake)
[2.158s] -- Found rmw_zenoh_cpp: 0.6.6 (/opt/ros/kilted/share/rmw_zenoh_cpp/cmake)
[2.159s] -- Using RMW implementation 'rmw_zenoh_cpp' as default
[2.432s] -- Found pcl_conversions: 2.8.0 (/opt/ros/kilted/share/pcl_conversions/cmake)
[2.598s] -- Found flann version 1.9.2
[2.987s] -- Found OpenMP_CXX: -fopenmp (found version "4.5") 
[2.988s] -- Found OpenMP: TRUE (found version "4.5") found components: CXX 
[4.530s] -- Checking for module 'libusb-1.0'
[4.538s] --   Found libusb-1.0, version 1.0.27
[4.560s] -- Found libusb: /usr/lib/x86_64-linux-gnu/libusb-1.0.so  
[4.561s] -- OpenNI found (version: 1.5.4.0, include: /usr/include/ni, lib: /usr/lib/libOpenNI.so;libusb::libusb)
[4.595s] -- OpenNI2 found (version: 2.2.0.33, include: /usr/include/openni2, lib: /usr/lib/x86_64-linux-gnu/libOpenNI2.so;libusb::libusb)
[4.600s] -- Could NOT find Pcap (missing: PCAP_LIBRARIES PCAP_INCLUDE_DIRS) 
[4.610s] -- Found ZLIB: /usr/lib/x86_64-linux-gnu/libz.so (found version "1.3")  
[4.623s] -- Found PNG: /usr/lib/x86_64-linux-gnu/libpng.so (found version "1.6.43") 
[5.001s] -- OpenNI found (version: 1.5.4.0, include: /usr/include/ni, lib: /usr/lib/libOpenNI.so;libusb::libusb)
[5.005s] -- OpenNI2 found (version: 2.2.0.33, include: /usr/include/openni2, lib: /usr/lib/x86_64-linux-gnu/libOpenNI2.so;libusb::libusb)
[5.410s] -- Found Qhull version 8.0.2
[5.799s] -- OpenNI found (version: 1.5.4.0, include: /usr/include/ni, lib: /usr/lib/libOpenNI.so;libusb::libusb)
[6.176s] -- Found PCL_COMMON: /usr/lib/x86_64-linux-gnu/libpcl_common.so  
[6.178s] -- Found PCL_KDTREE: /usr/lib/x86_64-linux-gnu/libpcl_kdtree.so  
[6.182s] -- Found PCL_OCTREE: /usr/lib/x86_64-linux-gnu/libpcl_octree.so  
[6.185s] -- Found PCL_SEARCH: /usr/lib/x86_64-linux-gnu/libpcl_search.so  
[6.186s] -- Found PCL_SAMPLE_CONSENSUS: /usr/lib/x86_64-linux-gnu/libpcl_sample_consensus.so  
[6.188s] -- Found PCL_FILTERS: /usr/lib/x86_64-linux-gnu/libpcl_filters.so  
[6.188s] -- Found PCL_2D: /usr/include/pcl-1.14  
[6.188s] -- Found PCL_GEOMETRY: /usr/include/pcl-1.14  
[6.189s] -- Found PCL_IO: /usr/lib/x86_64-linux-gnu/libpcl_io.so  
[6.191s] -- Found PCL_FEATURES: /usr/lib/x86_64-linux-gnu/libpcl_features.so  
[6.191s] -- Found PCL_ML: /usr/lib/x86_64-linux-gnu/libpcl_ml.so  
[6.191s] -- Found PCL_SEGMENTATION: /usr/lib/x86_64-linux-gnu/libpcl_segmentation.so  
[6.191s] -- Found PCL_VISUALIZATION: /usr/lib/x86_64-linux-gnu/libpcl_visualization.so  
[6.192s] -- Found PCL_SURFACE: /usr/lib/x86_64-linux-gnu/libpcl_surface.so  
[6.193s] -- Found PCL_REGISTRATION: /usr/lib/x86_64-linux-gnu/libpcl_registration.so  
[6.195s] -- Found PCL_KEYPOINTS: /usr/lib/x86_64-linux-gnu/libpcl_keypoints.so  
[6.195s] -- Found PCL_TRACKING: /usr/lib/x86_64-linux-gnu/libpcl_tracking.so  
[6.195s] -- Found PCL_RECOGNITION: /usr/lib/x86_64-linux-gnu/libpcl_recognition.so  
[6.197s] -- Found PCL_STEREO: /usr/lib/x86_64-linux-gnu/libpcl_stereo.so  
[6.198s] -- Found PCL_APPS: /usr/lib/x86_64-linux-gnu/libpcl_apps.so  
[6.198s] -- Found PCL_IN_HAND_SCANNER: /usr/include/pcl-1.14  
[6.199s] -- Found PCL_MODELER: /usr/include/pcl-1.14  
[6.201s] -- Found PCL_POINT_CLOUD_EDITOR: /usr/include/pcl-1.14  
[6.202s] -- Found PCL_OUTOFCORE: /usr/lib/x86_64-linux-gnu/libpcl_outofcore.so  
[6.202s] -- Found PCL_PEOPLE: /usr/lib/x86_64-linux-gnu/libpcl_people.so  
[6.206s] -- Found visualization_msgs: 5.5.2 (/opt/ros/kilted/share/visualization_msgs/cmake)
[6.240s] -- Found tf2_geometry_msgs: 0.41.7 (/opt/ros/kilted/share/tf2_geometry_msgs/cmake)
[6.280s] -- Found eigen3_cmake_module: 0.4.0 (/opt/ros/kilted/share/eigen3_cmake_module/cmake)
[6.281s] -- Found Eigen3: TRUE (found version "3.4.0") 
[6.282s] -- Ensuring Eigen3 include directory is part of orocos-kdl CMake target
[6.293s] -- Found tf2_sensor_msgs: 0.41.7 (/opt/ros/kilted/share/tf2_sensor_msgs/cmake)
[6.315s] -- Found ament_lint_auto: 0.19.3 (/opt/ros/kilted/share/ament_lint_auto/cmake)
[6.509s] -- Added test 'cppcheck' to perform static code analysis on C / C++ code
[6.510s] -- Configured cppcheck include dirs: $<BUILD_INTERFACE:/home/GTL/asacks/ros_workspace/src/floor_plane_ransac_base/include>
[6.510s] -- Configured cppcheck exclude dirs and/or files: 
[6.512s] -- Added test 'flake8' to check Python code syntax and style conventions
[6.513s] -- Configured 'flake8' exclude dirs and/or files: 
[6.516s] -- Added test 'lint_cmake' to check CMake code style
[6.519s] -- Added test 'pep257' to check Python code against some of the docstring style conventions in PEP 257
[6.526s] -- Added test 'uncrustify' to check C / C++ code style
[6.527s] -- Configured uncrustify additional arguments: 
[6.530s] -- Added test 'xmllint' to check XML markup files
[6.545s] -- Configuring done (6.5s)
[6.653s] -- Generating done (0.1s)
[6.687s] -- Build files have been written to: /home/GTL/asacks/ros_workspace/build/floor_plane_ransac_base
[6.704s] Invoked command in '/home/GTL/asacks/ros_workspace/build/floor_plane_ransac_base' returned '0': CMAKE_PREFIX_PATH=${CMAKE_PREFIX_PATH}:/home/GTL/asacks/ros_workspace/install/model_prediction:/home/GTL/asacks/ros_workspace/install/joy_teleop:/opt/ros/kilted DEBUGINFOD_URLS=https://debuginfod.ubuntu.com /usr/bin/cmake /home/GTL/asacks/ros_workspace/src/floor_plane_ransac_base -DCMAKE_INSTALL_PREFIX=/home/GTL/asacks/ros_workspace/install/floor_plane_ransac_base
[6.706s] Invoking command in '/home/GTL/asacks/ros_workspace/build/floor_plane_ransac_base': CMAKE_PREFIX_PATH=${CMAKE_PREFIX_PATH}:/home/GTL/asacks/ros_workspace/install/model_prediction:/home/GTL/asacks/ros_workspace/install/joy_teleop:/opt/ros/kilted DEBUGINFOD_URLS=https://debuginfod.ubuntu.com /usr/bin/cmake --build /home/GTL/asacks/ros_workspace/build/floor_plane_ransac_base -- -j16 -l16
[6.758s] [ 50%] Building CXX object CMakeFiles/floor_plane_ransac.dir/src/floor_plane_ransac.cpp.o
[22.151s] [100%] Linking CXX executable floor_plane_ransac
[22.823s] [100%] Built target floor_plane_ransac
[22.836s] Invoked command in '/home/GTL/asacks/ros_workspace/build/floor_plane_ransac_base' returned '0': CMAKE_PREFIX_PATH=${CMAKE_PREFIX_PATH}:/home/GTL/asacks/ros_workspace/install/model_prediction:/home/GTL/asacks/ros_workspace/install/joy_teleop:/opt/ros/kilted DEBUGINFOD_URLS=https://debuginfod.ubuntu.com /usr/bin/cmake --build /home/GTL/asacks/ros_workspace/build/floor_plane_ransac_base -- -j16 -l16
[22.845s] Invoking command in '/home/GTL/asacks/ros_workspace/build/floor_plane_ransac_base': CMAKE_PREFIX_PATH=${CMAKE_PREFIX_PATH}:/home/GTL/asacks/ros_workspace/install/model_prediction:/home/GTL/asacks/ros_workspace/install/joy_teleop:/opt/ros/kilted DEBUGINFOD_URLS=https://debuginfod.ubuntu.com /usr/bin/cmake --install /home/GTL/asacks/ros_workspace/build/floor_plane_ransac_base
[22.855s] -- Install configuration: ""
[22.859s] -- Installing: /home/GTL/asacks/ros_workspace/install/floor_plane_ransac_base/lib/floor_plane_ransac_base/floor_plane_ransac
[22.884s] -- Set non-toolchain portion of runtime path of "/home/GTL/asacks/ros_workspace/install/floor_plane_ransac_base/lib/floor_plane_ransac_base/floor_plane_ransac" to ""
[22.885s] -- Installing: /home/GTL/asacks/ros_workspace/install/floor_plane_ransac_base/share/floor_plane_ransac_base
[22.887s] -- Installing: /home/GTL/asacks/ros_workspace/install/floor_plane_ransac_base/share/floor_plane_ransac_base/fpr.launch.py
[22.895s] -- Installing: /home/GTL/asacks/ros_workspace/install/floor_plane_ransac_base/share/ament_index/resource_index/package_run_dependencies/floor_plane_ransac_base
[22.905s] -- Installing: /home/GTL/asacks/ros_workspace/install/floor_plane_ransac_base/share/ament_index/resource_index/parent_prefix_path/floor_plane_ransac_base
[22.912s] -- Installing: /home/GTL/asacks/ros_workspace/install/floor_plane_ransac_base/share/floor_plane_ransac_base/environment/ament_prefix_path.sh
[22.915s] -- Installing: /home/GTL/asacks/ros_workspace/install/floor_plane_ransac_base/share/floor_plane_ransac_base/environment/ament_prefix_path.dsv
[22.919s] -- Installing: /home/GTL/asacks/ros_workspace/install/floor_plane_ransac_base/share/floor_plane_ransac_base/environment/path.sh
[22.922s] -- Installing: /home/GTL/asacks/ros_workspace/install/floor_plane_ransac_base/share/floor_plane_ransac_base/environment/path.dsv
[22.926s] -- Installing: /home/GTL/asacks/ros_workspace/install/floor_plane_ransac_base/share/floor_plane_ransac_base/local_setup.bash
[22.931s] -- Installing: /home/GTL/asacks/ros_workspace/install/floor_plane_ransac_base/share/floor_plane_ransac_base/local_setup.sh
[22.935s] -- Installing: /home/GTL/asacks/ros_workspace/install/floor_plane_ransac_base/share/floor_plane_ransac_base/local_setup.zsh
[22.938s] -- Installing: /home/GTL/asacks/ros_workspace/install/floor_plane_ransac_base/share/floor_plane_ransac_base/local_setup.dsv
[22.942s] -- Installing: /home/GTL/asacks/ros_workspace/install/floor_plane_ransac_base/share/floor_plane_ransac_base/package.dsv
[22.948s] -- Installing: /home/GTL/asacks/ros_workspace/install/floor_plane_ransac_base/share/ament_index/resource_index/packages/floor_plane_ransac_base
[22.960s] -- Installing: /home/GTL/asacks/ros_workspace/install/floor_plane_ransac_base/share/floor_plane_ransac_base/cmake/floor_plane_ransac_baseConfig.cmake
[22.966s] -- Installing: /home/GTL/asacks/ros_workspace/install/floor_plane_ransac_base/share/floor_plane_ransac_base/cmake/floor_plane_ransac_baseConfig-version.cmake
[22.970s] -- Installing: /home/GTL/asacks/ros_workspace/install/floor_plane_ransac_base/share/floor_plane_ransac_base/package.xml
[22.976s] Invoked command in '/home/GTL/asacks/ros_workspace/build/floor_plane_ransac_base' returned '0': CMAKE_PREFIX_PATH=${CMAKE_PREFIX_PATH}:/home/GTL/asacks/ros_workspace/install/model_prediction:/home/GTL/asacks/ros_workspace/install/joy_teleop:/opt/ros/kilted DEBUGINFOD_URLS=https://debuginfod.ubuntu.com /usr/bin/cmake --install /home/GTL/asacks/ros_workspace/build/floor_plane_ransac_base
