[1.058s] Invoking command in '/home/GTL/asacks/ros_workspace/build/joy_teleop': DEBUGINFOD_URLS=https://debuginfod.ubuntu.com PYTHONPATH=/home/GTL/asacks/ros_workspace/build/joy_teleop/prefix_override:/usr/lib/python3/dist-packages/colcon_core/task/python/colcon_distutils_commands:/home/GTL/asacks/ros_workspace/install/joy_teleop/lib/python3.12/site-packages:${PYTHONPATH} /usr/bin/python3 -W ignore:setup.py install is deprecated -W ignore:easy_install command is deprecated setup.py develop --editable --build-directory /home/GTL/asacks/ros_workspace/build/joy_teleop/build --no-deps symlink_data
[1.331s] running develop
[1.520s] running egg_info
[1.521s] creating joy_teleop.egg-info
[1.540s] writing joy_teleop.egg-info/PKG-INFO
[1.546s] writing dependency_links to joy_teleop.egg-info/dependency_links.txt
[1.547s] writing entry points to joy_teleop.egg-info/entry_points.txt
[1.549s] writing requirements to joy_teleop.egg-info/requires.txt
[1.550s] writing top-level names to joy_teleop.egg-info/top_level.txt
[1.552s] writing manifest file 'joy_teleop.egg-info/SOURCES.txt'
[1.594s] reading manifest file 'joy_teleop.egg-info/SOURCES.txt'
[1.597s] writing manifest file 'joy_teleop.egg-info/SOURCES.txt'
[1.619s] running build_ext
[1.619s] Creating /home/GTL/asacks/ros_workspace/install/joy_teleop/lib/python3.12/site-packages/joy-teleop.egg-link (link to .)
[1.625s] Installing teleop script to /home/GTL/asacks/ros_workspace/install/joy_teleop/lib/joy_teleop
[1.629s] 
[1.629s] Installed /home/GTL/asacks/ros_workspace/build/joy_teleop
[1.630s] running symlink_data
[1.630s] creating /home/GTL/asacks/ros_workspace/install/joy_teleop/share/ament_index
[1.631s] creating /home/GTL/asacks/ros_workspace/install/joy_teleop/share/ament_index/resource_index
[1.633s] creating /home/GTL/asacks/ros_workspace/install/joy_teleop/share/ament_index/resource_index/packages
[1.635s] symbolically linking /home/GTL/asacks/ros_workspace/build/joy_teleop/resource/joy_teleop -> /home/GTL/asacks/ros_workspace/install/joy_teleop/share/ament_index/resource_index/packages
[1.636s] symbolically linking /home/GTL/asacks/ros_workspace/build/joy_teleop/package.xml -> /home/GTL/asacks/ros_workspace/install/joy_teleop/share/joy_teleop
[1.657s] Invoked command in '/home/GTL/asacks/ros_workspace/build/joy_teleop' returned '0': DEBUGINFOD_URLS=https://debuginfod.ubuntu.com PYTHONPATH=/home/GTL/asacks/ros_workspace/build/joy_teleop/prefix_override:/usr/lib/python3/dist-packages/colcon_core/task/python/colcon_distutils_commands:/home/GTL/asacks/ros_workspace/install/joy_teleop/lib/python3.12/site-packages:${PYTHONPATH} /usr/bin/python3 -W ignore:setup.py install is deprecated -W ignore:easy_install command is deprecated setup.py develop --editable --build-directory /home/GTL/asacks/ros_workspace/build/joy_teleop/build --no-deps symlink_data
