running develop
running egg_info
creating task_manager_client_py.egg-info
writing task_manager_client_py.egg-info/PKG-INFO
writing dependency_links to task_manager_client_py.egg-info/dependency_links.txt
writing entry points to task_manager_client_py.egg-info/entry_points.txt
writing requirements to task_manager_client_py.egg-info/requires.txt
writing top-level names to task_manager_client_py.egg-info/top_level.txt
writing manifest file 'task_manager_client_py.egg-info/SOURCES.txt'
reading manifest file 'task_manager_client_py.egg-info/SOURCES.txt'
writing manifest file 'task_manager_client_py.egg-info/SOURCES.txt'
running build_ext
Creating /home/GTL/asacks/ros_workspace/install/task_manager_client_py/lib/python3.12/site-packages/task-manager-client-py.egg-link (link to .)
Installing tasklist script to /home/GTL/asacks/ros_workspace/install/task_manager_client_py/lib/task_manager_client_py
Installing console.py script to /home/GTL/asacks/ros_workspace/install/task_manager_client_py/lib/task_manager_client_py
Installing console script to /home/GTL/asacks/ros_workspace/install/task_manager_client_py/lib/task_manager_client_py

Installed /home/GTL/asacks/ros_workspace/build/task_manager_client_py
running symlink_data
creating /home/GTL/asacks/ros_workspace/install/task_manager_client_py/share/ament_index
creating /home/GTL/asacks/ros_workspace/install/task_manager_client_py/share/ament_index/resource_index
creating /home/GTL/asacks/ros_workspace/install/task_manager_client_py/share/ament_index/resource_index/packages
symbolically linking /home/GTL/asacks/ros_workspace/build/task_manager_client_py/resource/task_manager_client_py -> /home/GTL/asacks/ros_workspace/install/task_manager_client_py/share/ament_index/resource_index/packages
symbolically linking /home/GTL/asacks/ros_workspace/build/task_manager_client_py/package.xml -> /home/GTL/asacks/ros_workspace/install/task_manager_client_py/share/task_manager_client_py
