[0.079s] Invoking command in '/home/GTL/asacks/ros_workspace/build/cylinder_detector': CMAKE_PREFIX_PATH=${CMAKE_PREFIX_PATH}:/home/GTL/asacks/ros_workspace/install/vrep_ros_teleop:/home/GTL/asacks/ros_workspace/install/task_manager_client_py:/home/GTL/asacks/ros_workspace/install/model_prediction:/home/GTL/asacks/ros_workspace/install/joy_teleop:/home/GTL/asacks/ros_workspace/install/floor_graph:/opt/ros/kilted DEBUGINFOD_URLS=https://debuginfod.ubuntu.com /usr/bin/cmake --build /home/GTL/asacks/ros_workspace/build/cylinder_detector -- -j16 -l16
[0.205s] [ 50%] Building CXX object CMakeFiles/cylinder_detector.dir/src/cylinder_detector.cpp.o
[16.845s] [100%] Linking CXX executable cylinder_detector
[17.344s] [100%] Built target cylinder_detector
[17.354s] Invoked command in '/home/GTL/asacks/ros_workspace/build/cylinder_detector' returned '0': CMAKE_PREFIX_PATH=${CMAKE_PREFIX_PATH}:/home/GTL/asacks/ros_workspace/install/vrep_ros_teleop:/home/GTL/asacks/ros_workspace/install/task_manager_client_py:/home/GTL/asacks/ros_workspace/install/model_prediction:/home/GTL/asacks/ros_workspace/install/joy_teleop:/home/GTL/asacks/ros_workspace/install/floor_graph:/opt/ros/kilted DEBUGINFOD_URLS=https://debuginfod.ubuntu.com /usr/bin/cmake --build /home/GTL/asacks/ros_workspace/build/cylinder_detector -- -j16 -l16
[17.358s] Invoking command in '/home/GTL/asacks/ros_workspace/build/cylinder_detector': CMAKE_PREFIX_PATH=${CMAKE_PREFIX_PATH}:/home/GTL/asacks/ros_workspace/install/vrep_ros_teleop:/home/GTL/asacks/ros_workspace/install/task_manager_client_py:/home/GTL/asacks/ros_workspace/install/model_prediction:/home/GTL/asacks/ros_workspace/install/joy_teleop:/home/GTL/asacks/ros_workspace/install/floor_graph:/opt/ros/kilted DEBUGINFOD_URLS=https://debuginfod.ubuntu.com /usr/bin/cmake --install /home/GTL/asacks/ros_workspace/build/cylinder_detector
[17.366s] -- Install configuration: ""
[17.368s] -- Execute custom install script
[17.370s] -- Up-to-date symlink: /home/GTL/asacks/ros_workspace/install/cylinder_detector/lib/cylinder_detector/cylinder_detector
[17.371s] -- Up-to-date symlink: /home/GTL/asacks/ros_workspace/install/cylinder_detector/share/cylinder_detector/cylinder_detector.launch.py
[17.372s] -- Up-to-date symlink: /home/GTL/asacks/ros_workspace/install/cylinder_detector/share/ament_index/resource_index/package_run_dependencies/cylinder_detector
[17.373s] -- Up-to-date symlink: /home/GTL/asacks/ros_workspace/install/cylinder_detector/share/ament_index/resource_index/parent_prefix_path/cylinder_detector
[17.374s] -- Up-to-date symlink: /home/GTL/asacks/ros_workspace/install/cylinder_detector/share/cylinder_detector/environment/ament_prefix_path.sh
[17.375s] -- Up-to-date symlink: /home/GTL/asacks/ros_workspace/install/cylinder_detector/share/cylinder_detector/environment/ament_prefix_path.dsv
[17.376s] -- Up-to-date symlink: /home/GTL/asacks/ros_workspace/install/cylinder_detector/share/cylinder_detector/environment/path.sh
[17.377s] -- Up-to-date symlink: /home/GTL/asacks/ros_workspace/install/cylinder_detector/share/cylinder_detector/environment/path.dsv
[17.378s] -- Up-to-date symlink: /home/GTL/asacks/ros_workspace/install/cylinder_detector/share/cylinder_detector/local_setup.bash
[17.379s] -- Up-to-date symlink: /home/GTL/asacks/ros_workspace/install/cylinder_detector/share/cylinder_detector/local_setup.sh
[17.380s] -- Up-to-date symlink: /home/GTL/asacks/ros_workspace/install/cylinder_detector/share/cylinder_detector/local_setup.zsh
[17.381s] -- Up-to-date symlink: /home/GTL/asacks/ros_workspace/install/cylinder_detector/share/cylinder_detector/local_setup.dsv
[17.381s] -- Symlinking: /home/GTL/asacks/ros_workspace/install/cylinder_detector/share/cylinder_detector/package.dsv
[17.389s] -- Up-to-date symlink: /home/GTL/asacks/ros_workspace/install/cylinder_detector/share/ament_index/resource_index/packages/cylinder_detector
[17.390s] -- Up-to-date symlink: /home/GTL/asacks/ros_workspace/install/cylinder_detector/share/cylinder_detector/cmake/cylinder_detectorConfig.cmake
[17.391s] -- Up-to-date symlink: /home/GTL/asacks/ros_workspace/install/cylinder_detector/share/cylinder_detector/cmake/cylinder_detectorConfig-version.cmake
[17.392s] -- Up-to-date symlink: /home/GTL/asacks/ros_workspace/install/cylinder_detector/share/cylinder_detector/package.xml
[17.393s] Invoked command in '/home/GTL/asacks/ros_workspace/build/cylinder_detector' returned '0': CMAKE_PREFIX_PATH=${CMAKE_PREFIX_PATH}:/home/GTL/asacks/ros_workspace/install/vrep_ros_teleop:/home/GTL/asacks/ros_workspace/install/task_manager_client_py:/home/GTL/asacks/ros_workspace/install/model_prediction:/home/GTL/asacks/ros_workspace/install/joy_teleop:/home/GTL/asacks/ros_workspace/install/floor_graph:/opt/ros/kilted DEBUGINFOD_URLS=https://debuginfod.ubuntu.com /usr/bin/cmake --install /home/GTL/asacks/ros_workspace/build/cylinder_detector
