[0.081s] Invoking command in '/home/GTL/asacks/ros_workspace/build/floor_nav': CMAKE_PREFIX_PATH=/home/GTL/asacks/ros_workspace/install/task_manager_nav2:/home/GTL/asacks/ros_workspace/install/task_manager_lib:/home/GTL/asacks/ros_workspace/install/nav2_msgs:/home/GTL/asacks/ros_workspace/install/task_manager_msgs:/home/GTL/asacks/ros_workspace/install/nav2_common:/home/GTL/asacks/ros_workspace/install/cs7630_msgs:/home/GTL/asacks/ros_workspace/install/vrep4_helpers:/home/GTL/asacks/ros_workspace/install/floor_nav:/home/GTL/asacks/ros_workspace/install/floor_plane_regression_base:/home/GTL/asacks/ros_workspace/install/floor_plane_ransac_base:/home/GTL/asacks/ros_workspace/install/floor_plane_hough_base:/opt/ros/kilted/opt/gz_sim_vendor:/opt/ros/kilted/opt/gz_sensors_vendor:/opt/ros/kilted/opt/gz_physics_vendor:/opt/ros/kilted/opt/sdformat_vendor:/opt/ros/kilted/opt/gz_gui_vendor:/opt/ros/kilted/opt/gz_transport_vendor:/opt/ros/kilted/opt/gz_rendering_vendor:/opt/ros/kilted/opt/gz_plugin_vendor:/opt/ros/kilted/opt/gz_fuel_tools_vendor:/opt/ros/kilted/opt/gz_msgs_vendor:/opt/ros/kilted/opt/gz_common_vendor:/opt/ros/kilted/opt/gz_math_vendor:/opt/ros/kilted/opt/gz_utils_vendor:/opt/ros/kilted/opt/gz_tools_vendor:/opt/ros/kilted/opt/gz_ogre_next_vendor:/opt/ros/kilted/opt/gz_dartsim_vendor:/opt/ros/kilted/opt/gz_cmake_vendor:/home/GTL/asacks/ros_workspace/install/vrep_ros_teleop:/home/GTL/asacks/ros_workspace/install/task_manager_client_py:/home/GTL/asacks/ros_workspace/install/model_prediction:/home/GTL/asacks/ros_workspace/install/joy_teleop:/home/GTL/asacks/ros_workspace/install/floor_graph:/opt/ros/kilted DEBUGINFOD_URLS=https://debuginfod.ubuntu.com LD_LIBRARY_PATH=/home/GTL/asacks/ros_workspace/install/task_manager_lib/lib:/home/GTL/asacks/ros_workspace/install/nav2_msgs/lib:/home/GTL/asacks/ros_workspace/install/task_manager_msgs/lib:/home/GTL/asacks/ros_workspace/install/cs7630_msgs/lib:/opt/ros/kilted/opt/zenoh_cpp_vendor/lib:/opt/ros/kilted/opt/gz_sim_vendor/lib:/opt/ros/kilted/opt/gz_sensors_vendor/lib:/opt/ros/kilted/opt/gz_physics_vendor/lib:/opt/ros/kilted/opt/sdformat_vendor/lib:/opt/ros/kilted/opt/gz_gui_vendor/lib:/opt/ros/kilted/opt/gz_transport_vendor/lib:/opt/ros/kilted/opt/gz_rendering_vendor/lib:/opt/ros/kilted/opt/gz_plugin_vendor/lib:/opt/ros/kilted/opt/gz_fuel_tools_vendor/lib:/opt/ros/kilted/opt/gz_msgs_vendor/lib:/opt/ros/kilted/opt/gz_common_vendor/lib:/opt/ros/kilted/opt/gz_math_vendor/lib:/opt/ros/kilted/opt/gz_utils_vendor/lib:/opt/ros/kilted/opt/rviz_ogre_vendor/lib:/opt/ros/kilted/lib/x86_64-linux-gnu:/opt/ros/kilted/opt/gz_tools_vendor/lib:/opt/ros/kilted/opt/gz_ogre_next_vendor/lib:/opt/ros/kilted/opt/gz_dartsim_vendor/lib:/opt/ros/kilted/opt/gz_cmake_vendor/lib:/opt/ros/kilted/lib PYTHONPATH=/home/GTL/asacks/ros_workspace/install/nav2_msgs/lib/python3.12/site-packages:/home/GTL/asacks/ros_workspace/install/task_manager_msgs/lib/python3.12/site-packages:/home/GTL/asacks/ros_workspace/install/nav2_common/lib/python3.12/site-packages:/home/GTL/asacks/ros_workspace/install/cs7630_msgs/lib/python3.12/site-packages:/home/GTL/asacks/ros_workspace/build/vrep_ros_teleop:/home/GTL/asacks/ros_workspace/install/vrep_ros_teleop/lib/python3.12/site-packages:/home/GTL/asacks/ros_workspace/build/task_manager_client_py:/home/GTL/asacks/ros_workspace/install/task_manager_client_py/lib/python3.12/site-packages:/home/GTL/asacks/ros_workspace/build/model_prediction:/home/GTL/asacks/ros_workspace/install/model_prediction/lib/python3.12/site-packages:/home/GTL/asacks/ros_workspace/build/joy_teleop:/home/GTL/asacks/ros_workspace/install/joy_teleop/lib/python3.12/site-packages:/home/GTL/asacks/ros_workspace/build/floor_graph:/home/GTL/asacks/ros_workspace/install/floor_graph/lib/python3.12/site-packages:/opt/ros/kilted/lib/python3.12/site-packages /usr/bin/cmake --build /home/GTL/asacks/ros_workspace/build/floor_nav -- -j16 -l16
[0.143s] -- Found ament_cmake: 2.7.5 (/opt/ros/kilted/share/ament_cmake/cmake)
[0.353s] -- Override CMake install command with custom implementation using symlinks instead of copying resources
[0.379s] -- Found rclcpp: 29.5.10 (/opt/ros/kilted/share/rclcpp/cmake)
[0.404s] -- Found rosidl_generator_c: 4.9.8 (/opt/ros/kilted/share/rosidl_generator_c/cmake)
[0.414s] -- Found rosidl_generator_cpp: 4.9.8 (/opt/ros/kilted/share/rosidl_generator_cpp/cmake)
[0.433s] -- Using all available rosidl_typesupport_c: rosidl_typesupport_fastrtps_c;rosidl_typesupport_introspection_c
[0.470s] -- Using all available rosidl_typesupport_cpp: rosidl_typesupport_fastrtps_cpp;rosidl_typesupport_introspection_cpp
[0.535s] -- Found rmw_implementation_cmake: 7.8.2 (/opt/ros/kilted/share/rmw_implementation_cmake/cmake)
[0.542s] -- Found rmw_zenoh_cpp: 0.6.7 (/opt/ros/kilted/share/rmw_zenoh_cpp/cmake)
[0.544s] -- Using RMW implementation 'rmw_zenoh_cpp' as default
[0.634s] -- Found rclcpp_action: 29.5.10 (/opt/ros/kilted/share/rclcpp_action/cmake)
[0.669s] -- Found rclpy: 9.1.6 (/opt/ros/kilted/share/rclpy/cmake)
[0.671s] -- Found task_manager_msgs: 0.0.0 (/home/GTL/asacks/ros_workspace/install/task_manager_msgs/share/task_manager_msgs/cmake)
[0.729s] -- Found task_manager_lib: 0.0.0 (/home/GTL/asacks/ros_workspace/install/task_manager_lib/share/task_manager_lib/cmake)
[0.756s] -- Found sensor_msgs: 5.5.3 (/opt/ros/kilted/share/sensor_msgs/cmake)
[0.787s] -- Found topic_tools_interfaces: 1.4.5 (/opt/ros/kilted/share/topic_tools_interfaces/cmake)
[0.807s] -- Found cs7630_msgs: 0.0.0 (/home/GTL/asacks/ros_workspace/install/cs7630_msgs/share/cs7630_msgs/cmake)
[0.843s] -- Found kobuki_ros_interfaces: 1.0.0 (/opt/ros/kilted/share/kobuki_ros_interfaces/cmake)
[0.892s] -- OpenNI found (version: 1.5.4.0, include: /usr/include/ni, lib: /usr/lib/libOpenNI.so;libusb::libusb)
[0.897s] -- OpenNI2 found (version: 2.2.0.33, include: /usr/include/openni2, lib: /usr/lib/x86_64-linux-gnu/libOpenNI2.so;libusb::libusb)
[0.908s] -- Could NOT find Pcap (missing: PCAP_LIBRARIES PCAP_INCLUDE_DIRS) 
[1.452s] -- Found pcl_conversions: 2.10.0 (/opt/ros/kilted/share/pcl_conversions/cmake)
[1.479s] -- Found tf2: 0.41.9 (/opt/ros/kilted/share/tf2/cmake)
[1.483s] -- Found tf2_ros: 0.41.9 (/opt/ros/kilted/share/tf2_ros/cmake)
[1.535s] -- Found tf2_geometry_msgs: 0.41.9 (/opt/ros/kilted/share/tf2_geometry_msgs/cmake)
[1.540s] -- Found eigen3_cmake_module: 0.4.0 (/opt/ros/kilted/share/eigen3_cmake_module/cmake)
[1.541s] -- Ensuring Eigen3 include directory is part of orocos-kdl CMake target
[1.544s] -- Found task_manager_nav2: 0.0.0 (/home/GTL/asacks/ros_workspace/install/task_manager_nav2/share/task_manager_nav2/cmake)
[1.662s] Adding task TaskNav2
[2.188s] Adding task TaskSetMux
[2.707s] Adding task TaskConstant
[3.232s] Adding task TaskGoTo
[3.752s] Adding task TaskSetHeading
[4.286s] Adding task TaskPlanTo
[4.812s] Adding task TaskWaitForROI
[5.354s] Adding task TaskWander
[5.880s] Adding task TaskAutoDock
[6.421s] Adding task TaskScan
[6.977s] -- Found ament_lint_auto: 0.19.3 (/opt/ros/kilted/share/ament_lint_auto/cmake)
[7.110s] -- Added test 'cppcheck' to perform static code analysis on C / C++ code
[7.122s] -- Configured cppcheck include dirs: /home/GTL/asacks/ros_workspace/src/floor_nav/include
[7.123s] -- Configured cppcheck exclude dirs and/or files: 
[7.124s] -- Added test 'flake8' to check Python code syntax and style conventions
[7.125s] -- Configured 'flake8' exclude dirs and/or files: 
[7.129s] -- Added test 'lint_cmake' to check CMake code style
[7.132s] -- Added test 'pep257' to check Python code against some of the docstring style conventions in PEP 257
[7.149s] -- Added test 'uncrustify' to check C / C++ code style
[7.149s] -- Configured uncrustify additional arguments: 
[7.153s] -- Added test 'xmllint' to check XML markup files
[7.161s] -- Configuring done (7.0s)
[12.611s] -- Generating done (4.0s)
[13.624s] -- Build files have been written to: /home/GTL/asacks/ros_workspace/build/floor_nav
[13.841s] [  4%] Building CXX object CMakeFiles/floornav_TaskScan.dir/tasks/TaskScan.cpp.o
[13.897s] [ 13%] Built target floornav_TaskGoTo
[13.903s] [ 47%] Built target floornav_TaskSetMux
[13.904s] [ 47%] Built target floornav_TaskPlanTo
[13.904s] [ 56%] Built target floornav_TaskConstant
[13.904s] [ 56%] Built target floornav_TaskSetHeading
[13.904s] [ 56%] Built target floornav_TaskNav2
[13.909s] [ 65%] Built target floornav_TaskWander
[13.924s] [ 73%] Built target floornav_TaskWaitForROI
[13.931s] [ 82%] Built target floornav_TaskAutoDock
[13.985s] [ 95%] Built target floornav_task_server
[21.233s] [100%] Linking CXX shared library libfloornav_TaskScan.so
[33.766s] [100%] Built target floornav_TaskScan
[33.780s] Invoked command in '/home/GTL/asacks/ros_workspace/build/floor_nav' returned '0': CMAKE_PREFIX_PATH=/home/GTL/asacks/ros_workspace/install/task_manager_nav2:/home/GTL/asacks/ros_workspace/install/task_manager_lib:/home/GTL/asacks/ros_workspace/install/nav2_msgs:/home/GTL/asacks/ros_workspace/install/task_manager_msgs:/home/GTL/asacks/ros_workspace/install/nav2_common:/home/GTL/asacks/ros_workspace/install/cs7630_msgs:/home/GTL/asacks/ros_workspace/install/vrep4_helpers:/home/GTL/asacks/ros_workspace/install/floor_nav:/home/GTL/asacks/ros_workspace/install/floor_plane_regression_base:/home/GTL/asacks/ros_workspace/install/floor_plane_ransac_base:/home/GTL/asacks/ros_workspace/install/floor_plane_hough_base:/opt/ros/kilted/opt/gz_sim_vendor:/opt/ros/kilted/opt/gz_sensors_vendor:/opt/ros/kilted/opt/gz_physics_vendor:/opt/ros/kilted/opt/sdformat_vendor:/opt/ros/kilted/opt/gz_gui_vendor:/opt/ros/kilted/opt/gz_transport_vendor:/opt/ros/kilted/opt/gz_rendering_vendor:/opt/ros/kilted/opt/gz_plugin_vendor:/opt/ros/kilted/opt/gz_fuel_tools_vendor:/opt/ros/kilted/opt/gz_msgs_vendor:/opt/ros/kilted/opt/gz_common_vendor:/opt/ros/kilted/opt/gz_math_vendor:/opt/ros/kilted/opt/gz_utils_vendor:/opt/ros/kilted/opt/gz_tools_vendor:/opt/ros/kilted/opt/gz_ogre_next_vendor:/opt/ros/kilted/opt/gz_dartsim_vendor:/opt/ros/kilted/opt/gz_cmake_vendor:/home/GTL/asacks/ros_workspace/install/vrep_ros_teleop:/home/GTL/asacks/ros_workspace/install/task_manager_client_py:/home/GTL/asacks/ros_workspace/install/model_prediction:/home/GTL/asacks/ros_workspace/install/joy_teleop:/home/GTL/asacks/ros_workspace/install/floor_graph:/opt/ros/kilted DEBUGINFOD_URLS=https://debuginfod.ubuntu.com LD_LIBRARY_PATH=/home/GTL/asacks/ros_workspace/install/task_manager_lib/lib:/home/GTL/asacks/ros_workspace/install/nav2_msgs/lib:/home/GTL/asacks/ros_workspace/install/task_manager_msgs/lib:/home/GTL/asacks/ros_workspace/install/cs7630_msgs/lib:/opt/ros/kilted/opt/zenoh_cpp_vendor/lib:/opt/ros/kilted/opt/gz_sim_vendor/lib:/opt/ros/kilted/opt/gz_sensors_vendor/lib:/opt/ros/kilted/opt/gz_physics_vendor/lib:/opt/ros/kilted/opt/sdformat_vendor/lib:/opt/ros/kilted/opt/gz_gui_vendor/lib:/opt/ros/kilted/opt/gz_transport_vendor/lib:/opt/ros/kilted/opt/gz_rendering_vendor/lib:/opt/ros/kilted/opt/gz_plugin_vendor/lib:/opt/ros/kilted/opt/gz_fuel_tools_vendor/lib:/opt/ros/kilted/opt/gz_msgs_vendor/lib:/opt/ros/kilted/opt/gz_common_vendor/lib:/opt/ros/kilted/opt/gz_math_vendor/lib:/opt/ros/kilted/opt/gz_utils_vendor/lib:/opt/ros/kilted/opt/rviz_ogre_vendor/lib:/opt/ros/kilted/lib/x86_64-linux-gnu:/opt/ros/kilted/opt/gz_tools_vendor/lib:/opt/ros/kilted/opt/gz_ogre_next_vendor/lib:/opt/ros/kilted/opt/gz_dartsim_vendor/lib:/opt/ros/kilted/opt/gz_cmake_vendor/lib:/opt/ros/kilted/lib PYTHONPATH=/home/GTL/asacks/ros_workspace/install/nav2_msgs/lib/python3.12/site-packages:/home/GTL/asacks/ros_workspace/install/task_manager_msgs/lib/python3.12/site-packages:/home/GTL/asacks/ros_workspace/install/nav2_common/lib/python3.12/site-packages:/home/GTL/asacks/ros_workspace/install/cs7630_msgs/lib/python3.12/site-packages:/home/GTL/asacks/ros_workspace/build/vrep_ros_teleop:/home/GTL/asacks/ros_workspace/install/vrep_ros_teleop/lib/python3.12/site-packages:/home/GTL/asacks/ros_workspace/build/task_manager_client_py:/home/GTL/asacks/ros_workspace/install/task_manager_client_py/lib/python3.12/site-packages:/home/GTL/asacks/ros_workspace/build/model_prediction:/home/GTL/asacks/ros_workspace/install/model_prediction/lib/python3.12/site-packages:/home/GTL/asacks/ros_workspace/build/joy_teleop:/home/GTL/asacks/ros_workspace/install/joy_teleop/lib/python3.12/site-packages:/home/GTL/asacks/ros_workspace/build/floor_graph:/home/GTL/asacks/ros_workspace/install/floor_graph/lib/python3.12/site-packages:/opt/ros/kilted/lib/python3.12/site-packages /usr/bin/cmake --build /home/GTL/asacks/ros_workspace/build/floor_nav -- -j16 -l16
[33.795s] Invoking command in '/home/GTL/asacks/ros_workspace/build/floor_nav': CMAKE_PREFIX_PATH=/home/GTL/asacks/ros_workspace/install/task_manager_nav2:/home/GTL/asacks/ros_workspace/install/task_manager_lib:/home/GTL/asacks/ros_workspace/install/nav2_msgs:/home/GTL/asacks/ros_workspace/install/task_manager_msgs:/home/GTL/asacks/ros_workspace/install/nav2_common:/home/GTL/asacks/ros_workspace/install/cs7630_msgs:/home/GTL/asacks/ros_workspace/install/vrep4_helpers:/home/GTL/asacks/ros_workspace/install/floor_nav:/home/GTL/asacks/ros_workspace/install/floor_plane_regression_base:/home/GTL/asacks/ros_workspace/install/floor_plane_ransac_base:/home/GTL/asacks/ros_workspace/install/floor_plane_hough_base:/opt/ros/kilted/opt/gz_sim_vendor:/opt/ros/kilted/opt/gz_sensors_vendor:/opt/ros/kilted/opt/gz_physics_vendor:/opt/ros/kilted/opt/sdformat_vendor:/opt/ros/kilted/opt/gz_gui_vendor:/opt/ros/kilted/opt/gz_transport_vendor:/opt/ros/kilted/opt/gz_rendering_vendor:/opt/ros/kilted/opt/gz_plugin_vendor:/opt/ros/kilted/opt/gz_fuel_tools_vendor:/opt/ros/kilted/opt/gz_msgs_vendor:/opt/ros/kilted/opt/gz_common_vendor:/opt/ros/kilted/opt/gz_math_vendor:/opt/ros/kilted/opt/gz_utils_vendor:/opt/ros/kilted/opt/gz_tools_vendor:/opt/ros/kilted/opt/gz_ogre_next_vendor:/opt/ros/kilted/opt/gz_dartsim_vendor:/opt/ros/kilted/opt/gz_cmake_vendor:/home/GTL/asacks/ros_workspace/install/vrep_ros_teleop:/home/GTL/asacks/ros_workspace/install/task_manager_client_py:/home/GTL/asacks/ros_workspace/install/model_prediction:/home/GTL/asacks/ros_workspace/install/joy_teleop:/home/GTL/asacks/ros_workspace/install/floor_graph:/opt/ros/kilted DEBUGINFOD_URLS=https://debuginfod.ubuntu.com LD_LIBRARY_PATH=/home/GTL/asacks/ros_workspace/install/task_manager_lib/lib:/home/GTL/asacks/ros_workspace/install/nav2_msgs/lib:/home/GTL/asacks/ros_workspace/install/task_manager_msgs/lib:/home/GTL/asacks/ros_workspace/install/cs7630_msgs/lib:/opt/ros/kilted/opt/zenoh_cpp_vendor/lib:/opt/ros/kilted/opt/gz_sim_vendor/lib:/opt/ros/kilted/opt/gz_sensors_vendor/lib:/opt/ros/kilted/opt/gz_physics_vendor/lib:/opt/ros/kilted/opt/sdformat_vendor/lib:/opt/ros/kilted/opt/gz_gui_vendor/lib:/opt/ros/kilted/opt/gz_transport_vendor/lib:/opt/ros/kilted/opt/gz_rendering_vendor/lib:/opt/ros/kilted/opt/gz_plugin_vendor/lib:/opt/ros/kilted/opt/gz_fuel_tools_vendor/lib:/opt/ros/kilted/opt/gz_msgs_vendor/lib:/opt/ros/kilted/opt/gz_common_vendor/lib:/opt/ros/kilted/opt/gz_math_vendor/lib:/opt/ros/kilted/opt/gz_utils_vendor/lib:/opt/ros/kilted/opt/rviz_ogre_vendor/lib:/opt/ros/kilted/lib/x86_64-linux-gnu:/opt/ros/kilted/opt/gz_tools_vendor/lib:/opt/ros/kilted/opt/gz_ogre_next_vendor/lib:/opt/ros/kilted/opt/gz_dartsim_vendor/lib:/opt/ros/kilted/opt/gz_cmake_vendor/lib:/opt/ros/kilted/lib PYTHONPATH=/home/GTL/asacks/ros_workspace/install/nav2_msgs/lib/python3.12/site-packages:/home/GTL/asacks/ros_workspace/install/task_manager_msgs/lib/python3.12/site-packages:/home/GTL/asacks/ros_workspace/install/nav2_common/lib/python3.12/site-packages:/home/GTL/asacks/ros_workspace/install/cs7630_msgs/lib/python3.12/site-packages:/home/GTL/asacks/ros_workspace/build/vrep_ros_teleop:/home/GTL/asacks/ros_workspace/install/vrep_ros_teleop/lib/python3.12/site-packages:/home/GTL/asacks/ros_workspace/build/task_manager_client_py:/home/GTL/asacks/ros_workspace/install/task_manager_client_py/lib/python3.12/site-packages:/home/GTL/asacks/ros_workspace/build/model_prediction:/home/GTL/asacks/ros_workspace/install/model_prediction/lib/python3.12/site-packages:/home/GTL/asacks/ros_workspace/build/joy_teleop:/home/GTL/asacks/ros_workspace/install/joy_teleop/lib/python3.12/site-packages:/home/GTL/asacks/ros_workspace/build/floor_graph:/home/GTL/asacks/ros_workspace/install/floor_graph/lib/python3.12/site-packages:/opt/ros/kilted/lib/python3.12/site-packages /usr/bin/cmake --install /home/GTL/asacks/ros_workspace/build/floor_nav
[33.802s] -- Install configuration: ""
[33.803s] -- Execute custom install script
[33.804s] -- Up-to-date symlink: /home/GTL/asacks/ros_workspace/install/floor_nav/lib/floor_nav/libfloornav_TaskNav2.so
[33.805s] -- Up-to-date symlink: /home/GTL/asacks/ros_workspace/install/floor_nav/lib/floor_nav/libfloornav_TaskSetMux.so
[33.806s] -- Up-to-date symlink: /home/GTL/asacks/ros_workspace/install/floor_nav/lib/floor_nav/libfloornav_TaskConstant.so
[33.807s] -- Up-to-date symlink: /home/GTL/asacks/ros_workspace/install/floor_nav/lib/floor_nav/libfloornav_TaskGoTo.so
[33.807s] -- Up-to-date symlink: /home/GTL/asacks/ros_workspace/install/floor_nav/lib/floor_nav/libfloornav_TaskSetHeading.so
[33.808s] -- Up-to-date symlink: /home/GTL/asacks/ros_workspace/install/floor_nav/lib/floor_nav/libfloornav_TaskPlanTo.so
[33.809s] -- Up-to-date symlink: /home/GTL/asacks/ros_workspace/install/floor_nav/lib/floor_nav/libfloornav_TaskWaitForROI.so
[33.810s] -- Up-to-date symlink: /home/GTL/asacks/ros_workspace/install/floor_nav/lib/floor_nav/libfloornav_TaskWander.so
[33.811s] -- Up-to-date symlink: /home/GTL/asacks/ros_workspace/install/floor_nav/lib/floor_nav/libfloornav_TaskAutoDock.so
[33.813s] -- Symlinking: /home/GTL/asacks/ros_workspace/install/floor_nav/lib/floor_nav/libfloornav_TaskScan.so
[33.821s] -- Up-to-date symlink: /home/GTL/asacks/ros_workspace/install/floor_nav/lib/floor_nav/floornav_task_server
[33.823s] -- Up-to-date symlink: /home/GTL/asacks/ros_workspace/install/floor_nav/share/floor_nav/__pycache__/launch_server_tb.launch.cpython-310.pyc
[33.824s] -- Up-to-date symlink: /home/GTL/asacks/ros_workspace/install/floor_nav/share/floor_nav/launch_server.launch.py
[33.825s] -- Up-to-date symlink: /home/GTL/asacks/ros_workspace/install/floor_nav/share/floor_nav/launch_server_tb.launch.py
[33.825s] -- Symlinking: /home/GTL/asacks/ros_workspace/install/floor_nav/lib/floor_nav/explore_scan.py
[33.832s] -- Up-to-date symlink: /home/GTL/asacks/ros_workspace/install/floor_nav/lib/floor_nav/graph_forever.py
[33.833s] -- Up-to-date symlink: /home/GTL/asacks/ros_workspace/install/floor_nav/lib/floor_nav/test_goto.py
[33.834s] -- Up-to-date symlink: /home/GTL/asacks/ros_workspace/install/floor_nav/lib/floor_nav/test_graph_2d.py
[33.834s] -- Up-to-date symlink: /home/GTL/asacks/ros_workspace/install/floor_nav/lib/floor_nav/test_graph.py
[33.834s] -- Up-to-date symlink: /home/GTL/asacks/ros_workspace/install/floor_nav/lib/floor_nav/test_graph-test.py
[33.835s] -- Up-to-date symlink: /home/GTL/asacks/ros_workspace/install/floor_nav/lib/floor_nav/test_planto.py
[33.835s] -- Up-to-date symlink: /home/GTL/asacks/ros_workspace/install/floor_nav/lib/floor_nav/test_set_heading.py
[33.836s] -- Up-to-date symlink: /home/GTL/asacks/ros_workspace/install/floor_nav/lib/floor_nav/test_wander.py
[33.837s] -- Up-to-date symlink: /home/GTL/asacks/ros_workspace/install/floor_nav/share/ament_index/resource_index/package_run_dependencies/floor_nav
[33.838s] -- Up-to-date symlink: /home/GTL/asacks/ros_workspace/install/floor_nav/share/ament_index/resource_index/parent_prefix_path/floor_nav
[33.839s] -- Up-to-date symlink: /home/GTL/asacks/ros_workspace/install/floor_nav/share/floor_nav/environment/ament_prefix_path.sh
[33.841s] -- Up-to-date symlink: /home/GTL/asacks/ros_workspace/install/floor_nav/share/floor_nav/environment/ament_prefix_path.dsv
[33.841s] -- Up-to-date symlink: /home/GTL/asacks/ros_workspace/install/floor_nav/share/floor_nav/environment/path.sh
[33.842s] -- Up-to-date symlink: /home/GTL/asacks/ros_workspace/install/floor_nav/share/floor_nav/environment/path.dsv
[33.843s] -- Up-to-date symlink: /home/GTL/asacks/ros_workspace/install/floor_nav/share/floor_nav/local_setup.bash
[33.843s] -- Up-to-date symlink: /home/GTL/asacks/ros_workspace/install/floor_nav/share/floor_nav/local_setup.sh
[33.845s] -- Up-to-date symlink: /home/GTL/asacks/ros_workspace/install/floor_nav/share/floor_nav/local_setup.zsh
[33.846s] -- Up-to-date symlink: /home/GTL/asacks/ros_workspace/install/floor_nav/share/floor_nav/local_setup.dsv
[33.847s] -- Symlinking: /home/GTL/asacks/ros_workspace/install/floor_nav/share/floor_nav/package.dsv
[33.854s] -- Up-to-date symlink: /home/GTL/asacks/ros_workspace/install/floor_nav/share/ament_index/resource_index/packages/floor_nav
[33.854s] -- Up-to-date symlink: /home/GTL/asacks/ros_workspace/install/floor_nav/share/floor_nav/cmake/floor_navConfig.cmake
[33.856s] -- Up-to-date symlink: /home/GTL/asacks/ros_workspace/install/floor_nav/share/floor_nav/cmake/floor_navConfig-version.cmake
[33.856s] -- Up-to-date symlink: /home/GTL/asacks/ros_workspace/install/floor_nav/share/floor_nav/package.xml
[33.858s] Invoked command in '/home/GTL/asacks/ros_workspace/build/floor_nav' returned '0': CMAKE_PREFIX_PATH=/home/GTL/asacks/ros_workspace/install/task_manager_nav2:/home/GTL/asacks/ros_workspace/install/task_manager_lib:/home/GTL/asacks/ros_workspace/install/nav2_msgs:/home/GTL/asacks/ros_workspace/install/task_manager_msgs:/home/GTL/asacks/ros_workspace/install/nav2_common:/home/GTL/asacks/ros_workspace/install/cs7630_msgs:/home/GTL/asacks/ros_workspace/install/vrep4_helpers:/home/GTL/asacks/ros_workspace/install/floor_nav:/home/GTL/asacks/ros_workspace/install/floor_plane_regression_base:/home/GTL/asacks/ros_workspace/install/floor_plane_ransac_base:/home/GTL/asacks/ros_workspace/install/floor_plane_hough_base:/opt/ros/kilted/opt/gz_sim_vendor:/opt/ros/kilted/opt/gz_sensors_vendor:/opt/ros/kilted/opt/gz_physics_vendor:/opt/ros/kilted/opt/sdformat_vendor:/opt/ros/kilted/opt/gz_gui_vendor:/opt/ros/kilted/opt/gz_transport_vendor:/opt/ros/kilted/opt/gz_rendering_vendor:/opt/ros/kilted/opt/gz_plugin_vendor:/opt/ros/kilted/opt/gz_fuel_tools_vendor:/opt/ros/kilted/opt/gz_msgs_vendor:/opt/ros/kilted/opt/gz_common_vendor:/opt/ros/kilted/opt/gz_math_vendor:/opt/ros/kilted/opt/gz_utils_vendor:/opt/ros/kilted/opt/gz_tools_vendor:/opt/ros/kilted/opt/gz_ogre_next_vendor:/opt/ros/kilted/opt/gz_dartsim_vendor:/opt/ros/kilted/opt/gz_cmake_vendor:/home/GTL/asacks/ros_workspace/install/vrep_ros_teleop:/home/GTL/asacks/ros_workspace/install/task_manager_client_py:/home/GTL/asacks/ros_workspace/install/model_prediction:/home/GTL/asacks/ros_workspace/install/joy_teleop:/home/GTL/asacks/ros_workspace/install/floor_graph:/opt/ros/kilted DEBUGINFOD_URLS=https://debuginfod.ubuntu.com LD_LIBRARY_PATH=/home/GTL/asacks/ros_workspace/install/task_manager_lib/lib:/home/GTL/asacks/ros_workspace/install/nav2_msgs/lib:/home/GTL/asacks/ros_workspace/install/task_manager_msgs/lib:/home/GTL/asacks/ros_workspace/install/cs7630_msgs/lib:/opt/ros/kilted/opt/zenoh_cpp_vendor/lib:/opt/ros/kilted/opt/gz_sim_vendor/lib:/opt/ros/kilted/opt/gz_sensors_vendor/lib:/opt/ros/kilted/opt/gz_physics_vendor/lib:/opt/ros/kilted/opt/sdformat_vendor/lib:/opt/ros/kilted/opt/gz_gui_vendor/lib:/opt/ros/kilted/opt/gz_transport_vendor/lib:/opt/ros/kilted/opt/gz_rendering_vendor/lib:/opt/ros/kilted/opt/gz_plugin_vendor/lib:/opt/ros/kilted/opt/gz_fuel_tools_vendor/lib:/opt/ros/kilted/opt/gz_msgs_vendor/lib:/opt/ros/kilted/opt/gz_common_vendor/lib:/opt/ros/kilted/opt/gz_math_vendor/lib:/opt/ros/kilted/opt/gz_utils_vendor/lib:/opt/ros/kilted/opt/rviz_ogre_vendor/lib:/opt/ros/kilted/lib/x86_64-linux-gnu:/opt/ros/kilted/opt/gz_tools_vendor/lib:/opt/ros/kilted/opt/gz_ogre_next_vendor/lib:/opt/ros/kilted/opt/gz_dartsim_vendor/lib:/opt/ros/kilted/opt/gz_cmake_vendor/lib:/opt/ros/kilted/lib PYTHONPATH=/home/GTL/asacks/ros_workspace/install/nav2_msgs/lib/python3.12/site-packages:/home/GTL/asacks/ros_workspace/install/task_manager_msgs/lib/python3.12/site-packages:/home/GTL/asacks/ros_workspace/install/nav2_common/lib/python3.12/site-packages:/home/GTL/asacks/ros_workspace/install/cs7630_msgs/lib/python3.12/site-packages:/home/GTL/asacks/ros_workspace/build/vrep_ros_teleop:/home/GTL/asacks/ros_workspace/install/vrep_ros_teleop/lib/python3.12/site-packages:/home/GTL/asacks/ros_workspace/build/task_manager_client_py:/home/GTL/asacks/ros_workspace/install/task_manager_client_py/lib/python3.12/site-packages:/home/GTL/asacks/ros_workspace/build/model_prediction:/home/GTL/asacks/ros_workspace/install/model_prediction/lib/python3.12/site-packages:/home/GTL/asacks/ros_workspace/build/joy_teleop:/home/GTL/asacks/ros_workspace/install/joy_teleop/lib/python3.12/site-packages:/home/GTL/asacks/ros_workspace/build/floor_graph:/home/GTL/asacks/ros_workspace/install/floor_graph/lib/python3.12/site-packages:/opt/ros/kilted/lib/python3.12/site-packages /usr/bin/cmake --install /home/GTL/asacks/ros_workspace/build/floor_nav
