[0.021s] Invoking command in '/home/GTL/asacks/ros_workspace/build/floor_plane_ransac_base': CMAKE_PREFIX_PATH=${CMAKE_PREFIX_PATH}:/home/GTL/asacks/ros_workspace/install/model_prediction:/home/GTL/asacks/ros_workspace/install/joy_teleop:/opt/ros/kilted DEBUGINFOD_URLS=https://debuginfod.ubuntu.com /usr/bin/cmake --build /home/GTL/asacks/ros_workspace/build/floor_plane_ransac_base -- -j16 -l16
[0.088s] [100%] Built target floor_plane_ransac
[0.098s] Invoked command in '/home/GTL/asacks/ros_workspace/build/floor_plane_ransac_base' returned '0': CMAKE_PREFIX_PATH=${CMAKE_PREFIX_PATH}:/home/GTL/asacks/ros_workspace/install/model_prediction:/home/GTL/asacks/ros_workspace/install/joy_teleop:/opt/ros/kilted DEBUGINFOD_URLS=https://debuginfod.ubuntu.com /usr/bin/cmake --build /home/GTL/asacks/ros_workspace/build/floor_plane_ransac_base -- -j16 -l16
[0.105s] Invoking command in '/home/GTL/asacks/ros_workspace/build/floor_plane_ransac_base': CMAKE_PREFIX_PATH=${CMAKE_PREFIX_PATH}:/home/GTL/asacks/ros_workspace/install/model_prediction:/home/GTL/asacks/ros_workspace/install/joy_teleop:/opt/ros/kilted DEBUGINFOD_URLS=https://debuginfod.ubuntu.com /usr/bin/cmake --install /home/GTL/asacks/ros_workspace/build/floor_plane_ransac_base
[0.113s] -- Install configuration: ""
[0.114s] -- Up-to-date: /home/GTL/asacks/ros_workspace/install/floor_plane_ransac_base/lib/floor_plane_ransac_base/floor_plane_ransac
[0.116s] -- Up-to-date: /home/GTL/asacks/ros_workspace/install/floor_plane_ransac_base/share/floor_plane_ransac_base
[0.116s] -- Up-to-date: /home/GTL/asacks/ros_workspace/install/floor_plane_ransac_base/share/floor_plane_ransac_base/fpr.launch.py
[0.118s] -- Up-to-date: /home/GTL/asacks/ros_workspace/install/floor_plane_ransac_base/share/ament_index/resource_index/package_run_dependencies/floor_plane_ransac_base
[0.119s] -- Up-to-date: /home/GTL/asacks/ros_workspace/install/floor_plane_ransac_base/share/ament_index/resource_index/parent_prefix_path/floor_plane_ransac_base
[0.119s] -- Up-to-date: /home/GTL/asacks/ros_workspace/install/floor_plane_ransac_base/share/floor_plane_ransac_base/environment/ament_prefix_path.sh
[0.120s] -- Up-to-date: /home/GTL/asacks/ros_workspace/install/floor_plane_ransac_base/share/floor_plane_ransac_base/environment/ament_prefix_path.dsv
[0.121s] -- Up-to-date: /home/GTL/asacks/ros_workspace/install/floor_plane_ransac_base/share/floor_plane_ransac_base/environment/path.sh
[0.122s] -- Up-to-date: /home/GTL/asacks/ros_workspace/install/floor_plane_ransac_base/share/floor_plane_ransac_base/environment/path.dsv
[0.122s] -- Up-to-date: /home/GTL/asacks/ros_workspace/install/floor_plane_ransac_base/share/floor_plane_ransac_base/local_setup.bash
[0.123s] -- Up-to-date: /home/GTL/asacks/ros_workspace/install/floor_plane_ransac_base/share/floor_plane_ransac_base/local_setup.sh
[0.123s] -- Up-to-date: /home/GTL/asacks/ros_workspace/install/floor_plane_ransac_base/share/floor_plane_ransac_base/local_setup.zsh
[0.123s] -- Up-to-date: /home/GTL/asacks/ros_workspace/install/floor_plane_ransac_base/share/floor_plane_ransac_base/local_setup.dsv
[0.124s] -- Installing: /home/GTL/asacks/ros_workspace/install/floor_plane_ransac_base/share/floor_plane_ransac_base/package.dsv
[0.125s] -- Up-to-date: /home/GTL/asacks/ros_workspace/install/floor_plane_ransac_base/share/ament_index/resource_index/packages/floor_plane_ransac_base
[0.125s] -- Up-to-date: /home/GTL/asacks/ros_workspace/install/floor_plane_ransac_base/share/floor_plane_ransac_base/cmake/floor_plane_ransac_baseConfig.cmake
[0.126s] -- Up-to-date: /home/GTL/asacks/ros_workspace/install/floor_plane_ransac_base/share/floor_plane_ransac_base/cmake/floor_plane_ransac_baseConfig-version.cmake
[0.128s] -- Up-to-date: /home/GTL/asacks/ros_workspace/install/floor_plane_ransac_base/share/floor_plane_ransac_base/package.xml
[0.128s] Invoked command in '/home/GTL/asacks/ros_workspace/build/floor_plane_ransac_base' returned '0': CMAKE_PREFIX_PATH=${CMAKE_PREFIX_PATH}:/home/GTL/asacks/ros_workspace/install/model_prediction:/home/GTL/asacks/ros_workspace/install/joy_teleop:/opt/ros/kilted DEBUGINFOD_URLS=https://debuginfod.ubuntu.com /usr/bin/cmake --install /home/GTL/asacks/ros_workspace/build/floor_plane_ransac_base
