[ 50%] Building CXX object CMakeFiles/floor_plane_hough.dir/src/floor_plane_hough.cpp.o
[100%] Linking CXX executable floor_plane_hough
[100%] Built target floor_plane_hough
-- Install configuration: ""
-- Installing: /home/GTL/asacks/ros_workspace/install/floor_plane_hough_base/lib/floor_plane_hough_base/floor_plane_hough
-- Set non-toolchain portion of runtime path of "/home/GTL/asacks/ros_workspace/install/floor_plane_hough_base/lib/floor_plane_hough_base/floor_plane_hough" to ""
-- Up-to-date: /home/GTL/asacks/ros_workspace/install/floor_plane_hough_base/share/floor_plane_hough_base
-- Up-to-date: /home/GTL/asacks/ros_workspace/install/floor_plane_hough_base/share/floor_plane_hough_base/fpr.launch.py
-- Up-to-date: /home/GTL/asacks/ros_workspace/install/floor_plane_hough_base/share/ament_index/resource_index/package_run_dependencies/floor_plane_hough_base
-- Up-to-date: /home/GTL/asacks/ros_workspace/install/floor_plane_hough_base/share/ament_index/resource_index/parent_prefix_path/floor_plane_hough_base
-- Up-to-date: /home/GTL/asacks/ros_workspace/install/floor_plane_hough_base/share/floor_plane_hough_base/environment/ament_prefix_path.sh
-- Up-to-date: /home/GTL/asacks/ros_workspace/install/floor_plane_hough_base/share/floor_plane_hough_base/environment/ament_prefix_path.dsv
-- Up-to-date: /home/GTL/asacks/ros_workspace/install/floor_plane_hough_base/share/floor_plane_hough_base/environment/path.sh
-- Up-to-date: /home/GTL/asacks/ros_workspace/install/floor_plane_hough_base/share/floor_plane_hough_base/environment/path.dsv
-- Up-to-date: /home/GTL/asacks/ros_workspace/install/floor_plane_hough_base/share/floor_plane_hough_base/local_setup.bash
-- Up-to-date: /home/GTL/asacks/ros_workspace/install/floor_plane_hough_base/share/floor_plane_hough_base/local_setup.sh
-- Up-to-date: /home/GTL/asacks/ros_workspace/install/floor_plane_hough_base/share/floor_plane_hough_base/local_setup.zsh
-- Up-to-date: /home/GTL/asacks/ros_workspace/install/floor_plane_hough_base/share/floor_plane_hough_base/local_setup.dsv
-- Installing: /home/GTL/asacks/ros_workspace/install/floor_plane_hough_base/share/floor_plane_hough_base/package.dsv
-- Up-to-date: /home/GTL/asacks/ros_workspace/install/floor_plane_hough_base/share/ament_index/resource_index/packages/floor_plane_hough_base
-- Up-to-date: /home/GTL/asacks/ros_workspace/install/floor_plane_hough_base/share/floor_plane_hough_base/cmake/floor_plane_hough_baseConfig.cmake
-- Up-to-date: /home/GTL/asacks/ros_workspace/install/floor_plane_hough_base/share/floor_plane_hough_base/cmake/floor_plane_hough_baseConfig-version.cmake
-- Up-to-date: /home/GTL/asacks/ros_workspace/install/floor_plane_hough_base/share/floor_plane_hough_base/package.xml
