[0.025s] Invoking command in '/home/GTL/asacks/ros_workspace/build/floor_plane_hough_base': CMAKE_PREFIX_PATH=${CMAKE_PREFIX_PATH}:/home/GTL/asacks/ros_workspace/install/model_prediction:/home/GTL/asacks/ros_workspace/install/joy_teleop:/opt/ros/kilted DEBUGINFOD_URLS=https://debuginfod.ubuntu.com /usr/bin/cmake --build /home/GTL/asacks/ros_workspace/build/floor_plane_hough_base -- -j16 -l16
[0.116s] [ 50%] Building CXX object CMakeFiles/floor_plane_hough.dir/src/floor_plane_hough.cpp.o
[16.935s] [100%] Linking CXX executable floor_plane_hough
[18.152s] [100%] Built target floor_plane_hough
[18.160s] Invoked command in '/home/GTL/asacks/ros_workspace/build/floor_plane_hough_base' returned '0': CMAKE_PREFIX_PATH=${CMAKE_PREFIX_PATH}:/home/GTL/asacks/ros_workspace/install/model_prediction:/home/GTL/asacks/ros_workspace/install/joy_teleop:/opt/ros/kilted DEBUGINFOD_URLS=https://debuginfod.ubuntu.com /usr/bin/cmake --build /home/GTL/asacks/ros_workspace/build/floor_plane_hough_base -- -j16 -l16
[18.162s] Invoking command in '/home/GTL/asacks/ros_workspace/build/floor_plane_hough_base': CMAKE_PREFIX_PATH=${CMAKE_PREFIX_PATH}:/home/GTL/asacks/ros_workspace/install/model_prediction:/home/GTL/asacks/ros_workspace/install/joy_teleop:/opt/ros/kilted DEBUGINFOD_URLS=https://debuginfod.ubuntu.com /usr/bin/cmake --install /home/GTL/asacks/ros_workspace/build/floor_plane_hough_base
[18.169s] -- Install configuration: ""
[18.170s] -- Installing: /home/GTL/asacks/ros_workspace/install/floor_plane_hough_base/lib/floor_plane_hough_base/floor_plane_hough
[18.442s] -- Set non-toolchain portion of runtime path of "/home/GTL/asacks/ros_workspace/install/floor_plane_hough_base/lib/floor_plane_hough_base/floor_plane_hough" to ""
[18.443s] -- Up-to-date: /home/GTL/asacks/ros_workspace/install/floor_plane_hough_base/share/floor_plane_hough_base
[18.444s] -- Up-to-date: /home/GTL/asacks/ros_workspace/install/floor_plane_hough_base/share/floor_plane_hough_base/fpr.launch.py
[18.444s] -- Up-to-date: /home/GTL/asacks/ros_workspace/install/floor_plane_hough_base/share/ament_index/resource_index/package_run_dependencies/floor_plane_hough_base
[18.445s] -- Up-to-date: /home/GTL/asacks/ros_workspace/install/floor_plane_hough_base/share/ament_index/resource_index/parent_prefix_path/floor_plane_hough_base
[18.446s] -- Up-to-date: /home/GTL/asacks/ros_workspace/install/floor_plane_hough_base/share/floor_plane_hough_base/environment/ament_prefix_path.sh
[18.446s] -- Up-to-date: /home/GTL/asacks/ros_workspace/install/floor_plane_hough_base/share/floor_plane_hough_base/environment/ament_prefix_path.dsv
[18.446s] -- Up-to-date: /home/GTL/asacks/ros_workspace/install/floor_plane_hough_base/share/floor_plane_hough_base/environment/path.sh
[18.447s] -- Up-to-date: /home/GTL/asacks/ros_workspace/install/floor_plane_hough_base/share/floor_plane_hough_base/environment/path.dsv
[18.447s] -- Up-to-date: /home/GTL/asacks/ros_workspace/install/floor_plane_hough_base/share/floor_plane_hough_base/local_setup.bash
[18.447s] -- Up-to-date: /home/GTL/asacks/ros_workspace/install/floor_plane_hough_base/share/floor_plane_hough_base/local_setup.sh
[18.447s] -- Up-to-date: /home/GTL/asacks/ros_workspace/install/floor_plane_hough_base/share/floor_plane_hough_base/local_setup.zsh
[18.448s] -- Up-to-date: /home/GTL/asacks/ros_workspace/install/floor_plane_hough_base/share/floor_plane_hough_base/local_setup.dsv
[18.448s] -- Installing: /home/GTL/asacks/ros_workspace/install/floor_plane_hough_base/share/floor_plane_hough_base/package.dsv
[18.449s] -- Up-to-date: /home/GTL/asacks/ros_workspace/install/floor_plane_hough_base/share/ament_index/resource_index/packages/floor_plane_hough_base
[18.450s] -- Up-to-date: /home/GTL/asacks/ros_workspace/install/floor_plane_hough_base/share/floor_plane_hough_base/cmake/floor_plane_hough_baseConfig.cmake
[18.450s] -- Up-to-date: /home/GTL/asacks/ros_workspace/install/floor_plane_hough_base/share/floor_plane_hough_base/cmake/floor_plane_hough_baseConfig-version.cmake
[18.450s] -- Up-to-date: /home/GTL/asacks/ros_workspace/install/floor_plane_hough_base/share/floor_plane_hough_base/package.xml
[18.452s] Invoked command in '/home/GTL/asacks/ros_workspace/build/floor_plane_hough_base' returned '0': CMAKE_PREFIX_PATH=${CMAKE_PREFIX_PATH}:/home/GTL/asacks/ros_workspace/install/model_prediction:/home/GTL/asacks/ros_workspace/install/joy_teleop:/opt/ros/kilted DEBUGINFOD_URLS=https://debuginfod.ubuntu.com /usr/bin/cmake --install /home/GTL/asacks/ros_workspace/build/floor_plane_hough_base
