[0.084s] DEBUG:colcon:Command line arguments: ['/usr/bin/colcon', 'build', '--symlink-install', '--packages-select', 'model_prediction']
[0.084s] DEBUG:colcon:Parsed command line arguments: Namespace(log_base=None, log_level=None, verb_name='build', build_base='build', install_base='install', merge_install=False, symlink_install=True, test_result_base=None, continue_on_error=False, executor='parallel', parallel_workers=16, event_handlers=None, ignore_user_meta=False, metas=['./colcon.meta'], base_paths=['.'], packages_ignore=None, packages_ignore_regex=None, paths=None, packages_up_to=None, packages_up_to_regex=None, packages_above=None, packages_above_and_dependencies=None, packages_above_depth=None, packages_select_by_dep=None, packages_skip_by_dep=None, packages_skip_up_to=None, packages_select_build_failed=False, packages_skip_build_finished=False, packages_select_test_failures=False, packages_skip_test_passed=False, packages_select=['model_prediction'], packages_skip=None, packages_select_regex=None, packages_skip_regex=None, packages_start=None, packages_end=None, allow_overriding=[], cmake_args=None, cmake_target=None, cmake_target_skip_unavailable=False, cmake_clean_cache=False, cmake_clean_first=False, cmake_force_configure=False, ament_cmake_args=None, catkin_cmake_args=None, catkin_skip_building_tests=False, verb_parser=<colcon_defaults.argument_parser.defaults.DefaultArgumentsDecorator object at 0x7c445d17fd10>, verb_extension=<colcon_core.verb.build.BuildVerb object at 0x7c445d17fc20>, main=<bound method BuildVerb.main of <colcon_core.verb.build.BuildVerb object at 0x7c445d17fc20>>)
[0.153s] Level 1:colcon.colcon_core.package_discovery:discover_packages(colcon_meta) check parameters
[0.154s] Level 1:colcon.colcon_core.package_discovery:discover_packages(recursive) check parameters
[0.154s] Level 1:colcon.colcon_core.package_discovery:discover_packages(ignore) check parameters
[0.154s] Level 1:colcon.colcon_core.package_discovery:discover_packages(path) check parameters
[0.154s] Level 1:colcon.colcon_core.package_discovery:discover_packages(colcon_meta) discover
[0.154s] Level 1:colcon.colcon_core.package_discovery:discover_packages(recursive) discover
[0.154s] INFO:colcon.colcon_core.package_discovery:Crawling recursively for packages in '/home/GTL/asacks/ros_workspace'
[0.155s] Level 1:colcon.colcon_core.package_identification:_identify(.) by extensions ['ignore', 'ignore_ament_install']
[0.155s] Level 1:colcon.colcon_core.package_identification:_identify(.) by extension 'ignore'
[0.156s] Level 1:colcon.colcon_core.package_identification:_identify(.) by extension 'ignore_ament_install'
[0.157s] Level 1:colcon.colcon_core.package_identification:_identify(.) by extensions ['colcon_pkg']
[0.157s] Level 1:colcon.colcon_core.package_identification:_identify(.) by extension 'colcon_pkg'
[0.158s] Level 1:colcon.colcon_core.package_identification:_identify(.) by extensions ['colcon_meta']
[0.158s] Level 1:colcon.colcon_core.package_identification:_identify(.) by extension 'colcon_meta'
[0.158s] Level 1:colcon.colcon_core.package_identification:_identify(.) by extensions ['ros']
[0.158s] Level 1:colcon.colcon_core.package_identification:_identify(.) by extension 'ros'
[0.177s] Level 1:colcon.colcon_core.package_identification:_identify(.) by extensions ['cmake', 'python']
[0.177s] Level 1:colcon.colcon_core.package_identification:_identify(.) by extension 'cmake'
[0.177s] Level 1:colcon.colcon_core.package_identification:_identify(.) by extension 'python'
[0.177s] Level 1:colcon.colcon_core.package_identification:_identify(.) by extensions ['python_setup_py']
[0.177s] Level 1:colcon.colcon_core.package_identification:_identify(.) by extension 'python_setup_py'
[0.178s] Level 1:colcon.colcon_core.package_identification:_identify(build) by extensions ['ignore', 'ignore_ament_install']
[0.178s] Level 1:colcon.colcon_core.package_identification:_identify(build) by extension 'ignore'
[0.178s] Level 1:colcon.colcon_core.package_identification:_identify(build) ignored
[0.179s] Level 1:colcon.colcon_core.package_identification:_identify(install) by extensions ['ignore', 'ignore_ament_install']
[0.179s] Level 1:colcon.colcon_core.package_identification:_identify(install) by extension 'ignore'
[0.179s] Level 1:colcon.colcon_core.package_identification:_identify(install) ignored
[0.180s] Level 1:colcon.colcon_core.package_identification:_identify(log) by extensions ['ignore', 'ignore_ament_install']
[0.180s] Level 1:colcon.colcon_core.package_identification:_identify(log) by extension 'ignore'
[0.180s] Level 1:colcon.colcon_core.package_identification:_identify(log) ignored
[0.181s] Level 1:colcon.colcon_core.package_identification:_identify(src) by extensions ['ignore', 'ignore_ament_install']
[0.181s] Level 1:colcon.colcon_core.package_identification:_identify(src) by extension 'ignore'
[0.182s] Level 1:colcon.colcon_core.package_identification:_identify(src) by extension 'ignore_ament_install'
[0.182s] Level 1:colcon.colcon_core.package_identification:_identify(src) by extensions ['colcon_pkg']
[0.182s] Level 1:colcon.colcon_core.package_identification:_identify(src) by extension 'colcon_pkg'
[0.183s] Level 1:colcon.colcon_core.package_identification:_identify(src) by extensions ['colcon_meta']
[0.183s] Level 1:colcon.colcon_core.package_identification:_identify(src) by extension 'colcon_meta'
[0.183s] Level 1:colcon.colcon_core.package_identification:_identify(src) by extensions ['ros']
[0.183s] Level 1:colcon.colcon_core.package_identification:_identify(src) by extension 'ros'
[0.184s] Level 1:colcon.colcon_core.package_identification:_identify(src) by extensions ['cmake', 'python']
[0.184s] Level 1:colcon.colcon_core.package_identification:_identify(src) by extension 'cmake'
[0.184s] Level 1:colcon.colcon_core.package_identification:_identify(src) by extension 'python'
[0.185s] Level 1:colcon.colcon_core.package_identification:_identify(src) by extensions ['python_setup_py']
[0.185s] Level 1:colcon.colcon_core.package_identification:_identify(src) by extension 'python_setup_py'
[0.185s] Level 1:colcon.colcon_core.package_identification:_identify(src/floor_plane_ceres_base) by extensions ['ignore', 'ignore_ament_install']
[0.185s] Level 1:colcon.colcon_core.package_identification:_identify(src/floor_plane_ceres_base) by extension 'ignore'
[0.186s] Level 1:colcon.colcon_core.package_identification:_identify(src/floor_plane_ceres_base) by extension 'ignore_ament_install'
[0.187s] Level 1:colcon.colcon_core.package_identification:_identify(src/floor_plane_ceres_base) by extensions ['colcon_pkg']
[0.187s] Level 1:colcon.colcon_core.package_identification:_identify(src/floor_plane_ceres_base) by extension 'colcon_pkg'
[0.187s] Level 1:colcon.colcon_core.package_identification:_identify(src/floor_plane_ceres_base) by extensions ['colcon_meta']
[0.187s] Level 1:colcon.colcon_core.package_identification:_identify(src/floor_plane_ceres_base) by extension 'colcon_meta'
[0.187s] Level 1:colcon.colcon_core.package_identification:_identify(src/floor_plane_ceres_base) by extensions ['ros']
[0.188s] Level 1:colcon.colcon_core.package_identification:_identify(src/floor_plane_ceres_base) by extension 'ros'
[0.192s] DEBUG:colcon.colcon_core.package_identification:Package 'src/floor_plane_ceres_base' with type 'ros.ament_cmake' and name 'floor_plane_ceres_base'
[0.193s] Level 1:colcon.colcon_core.package_identification:_identify(src/floor_plane_regression_base) by extensions ['ignore', 'ignore_ament_install']
[0.193s] Level 1:colcon.colcon_core.package_identification:_identify(src/floor_plane_regression_base) by extension 'ignore'
[0.194s] Level 1:colcon.colcon_core.package_identification:_identify(src/floor_plane_regression_base) by extension 'ignore_ament_install'
[0.194s] Level 1:colcon.colcon_core.package_identification:_identify(src/floor_plane_regression_base) by extensions ['colcon_pkg']
[0.194s] Level 1:colcon.colcon_core.package_identification:_identify(src/floor_plane_regression_base) by extension 'colcon_pkg'
[0.195s] Level 1:colcon.colcon_core.package_identification:_identify(src/floor_plane_regression_base) by extensions ['colcon_meta']
[0.195s] Level 1:colcon.colcon_core.package_identification:_identify(src/floor_plane_regression_base) by extension 'colcon_meta'
[0.195s] Level 1:colcon.colcon_core.package_identification:_identify(src/floor_plane_regression_base) by extensions ['ros']
[0.195s] Level 1:colcon.colcon_core.package_identification:_identify(src/floor_plane_regression_base) by extension 'ros'
[0.197s] DEBUG:colcon.colcon_core.package_identification:Package 'src/floor_plane_regression_base' with type 'ros.ament_cmake' and name 'floor_plane_regression_base'
[0.198s] Level 1:colcon.colcon_core.package_identification:_identify(src/joy_teleop) by extensions ['ignore', 'ignore_ament_install']
[0.198s] Level 1:colcon.colcon_core.package_identification:_identify(src/joy_teleop) by extension 'ignore'
[0.198s] Level 1:colcon.colcon_core.package_identification:_identify(src/joy_teleop) by extension 'ignore_ament_install'
[0.199s] Level 1:colcon.colcon_core.package_identification:_identify(src/joy_teleop) by extensions ['colcon_pkg']
[0.199s] Level 1:colcon.colcon_core.package_identification:_identify(src/joy_teleop) by extension 'colcon_pkg'
[0.199s] Level 1:colcon.colcon_core.package_identification:_identify(src/joy_teleop) by extensions ['colcon_meta']
[0.199s] Level 1:colcon.colcon_core.package_identification:_identify(src/joy_teleop) by extension 'colcon_meta'
[0.199s] Level 1:colcon.colcon_core.package_identification:_identify(src/joy_teleop) by extensions ['ros']
[0.200s] Level 1:colcon.colcon_core.package_identification:_identify(src/joy_teleop) by extension 'ros'
[0.201s] DEBUG:colcon.colcon_core.package_identification:Package 'src/joy_teleop' with type 'ros.ament_python' and name 'joy_teleop'
[0.202s] Level 1:colcon.colcon_core.package_identification:_identify(src/model_prediction) by extensions ['ignore', 'ignore_ament_install']
[0.202s] Level 1:colcon.colcon_core.package_identification:_identify(src/model_prediction) by extension 'ignore'
[0.202s] Level 1:colcon.colcon_core.package_identification:_identify(src/model_prediction) by extension 'ignore_ament_install'
[0.203s] Level 1:colcon.colcon_core.package_identification:_identify(src/model_prediction) by extensions ['colcon_pkg']
[0.203s] Level 1:colcon.colcon_core.package_identification:_identify(src/model_prediction) by extension 'colcon_pkg'
[0.203s] Level 1:colcon.colcon_core.package_identification:_identify(src/model_prediction) by extensions ['colcon_meta']
[0.203s] Level 1:colcon.colcon_core.package_identification:_identify(src/model_prediction) by extension 'colcon_meta'
[0.203s] Level 1:colcon.colcon_core.package_identification:_identify(src/model_prediction) by extensions ['ros']
[0.204s] Level 1:colcon.colcon_core.package_identification:_identify(src/model_prediction) by extension 'ros'
[0.205s] DEBUG:colcon.colcon_core.package_identification:Package 'src/model_prediction' with type 'ros.ament_python' and name 'model_prediction'
[0.205s] Level 1:colcon.colcon_core.package_identification:_identify(src/vrep4_helpers) by extensions ['ignore', 'ignore_ament_install']
[0.205s] Level 1:colcon.colcon_core.package_identification:_identify(src/vrep4_helpers) by extension 'ignore'
[0.206s] Level 1:colcon.colcon_core.package_identification:_identify(src/vrep4_helpers) by extension 'ignore_ament_install'
[0.206s] Level 1:colcon.colcon_core.package_identification:_identify(src/vrep4_helpers) by extensions ['colcon_pkg']
[0.206s] Level 1:colcon.colcon_core.package_identification:_identify(src/vrep4_helpers) by extension 'colcon_pkg'
[0.207s] Level 1:colcon.colcon_core.package_identification:_identify(src/vrep4_helpers) by extensions ['colcon_meta']
[0.207s] Level 1:colcon.colcon_core.package_identification:_identify(src/vrep4_helpers) by extension 'colcon_meta'
[0.207s] Level 1:colcon.colcon_core.package_identification:_identify(src/vrep4_helpers) by extensions ['ros']
[0.208s] Level 1:colcon.colcon_core.package_identification:_identify(src/vrep4_helpers) by extension 'ros'
[0.220s] DEBUG:colcon.colcon_core.package_identification:Package 'src/vrep4_helpers' with type 'ros.ament_cmake' and name 'vrep4_helpers'
[0.220s] Level 1:colcon.colcon_core.package_discovery:discover_packages(recursive) using defaults
[0.220s] Level 1:colcon.colcon_core.package_discovery:discover_packages(ignore) discover
[0.220s] Level 1:colcon.colcon_core.package_discovery:discover_packages(ignore) using defaults
[0.221s] Level 1:colcon.colcon_core.package_discovery:discover_packages(path) discover
[0.221s] Level 1:colcon.colcon_core.package_discovery:discover_packages(path) using defaults
[0.236s] INFO:colcon.colcon_core.package_selection:Skipping not selected package 'floor_plane_ceres_base' in 'src/floor_plane_ceres_base'
[0.236s] INFO:colcon.colcon_core.package_selection:Skipping not selected package 'floor_plane_regression_base' in 'src/floor_plane_regression_base'
[0.236s] INFO:colcon.colcon_core.package_selection:Skipping not selected package 'joy_teleop' in 'src/joy_teleop'
[0.236s] INFO:colcon.colcon_core.package_selection:Skipping not selected package 'vrep4_helpers' in 'src/vrep4_helpers'
[0.236s] Level 1:colcon.colcon_core.package_discovery:discover_packages(prefix_path) check parameters
[0.237s] Level 1:colcon.colcon_core.package_discovery:discover_packages(prefix_path) discover
[0.242s] DEBUG:colcon.colcon_installed_package_information.package_discovery:Found 2 installed packages in /home/GTL/asacks/ros_workspace/install
[0.243s] DEBUG:colcon.colcon_installed_package_information.package_discovery:Found 356 installed packages in /opt/ros/kilted
[0.244s] Level 1:colcon.colcon_core.package_discovery:discover_packages(prefix_path) using defaults
[0.289s] Level 5:colcon.colcon_core.verb:set package 'model_prediction' build argument 'cmake_args' from command line to 'None'
[0.289s] Level 5:colcon.colcon_core.verb:set package 'model_prediction' build argument 'cmake_target' from command line to 'None'
[0.289s] Level 5:colcon.colcon_core.verb:set package 'model_prediction' build argument 'cmake_target_skip_unavailable' from command line to 'False'
[0.289s] Level 5:colcon.colcon_core.verb:set package 'model_prediction' build argument 'cmake_clean_cache' from command line to 'False'
[0.289s] Level 5:colcon.colcon_core.verb:set package 'model_prediction' build argument 'cmake_clean_first' from command line to 'False'
[0.290s] Level 5:colcon.colcon_core.verb:set package 'model_prediction' build argument 'cmake_force_configure' from command line to 'False'
[0.291s] Level 5:colcon.colcon_core.verb:set package 'model_prediction' build argument 'ament_cmake_args' from command line to 'None'
[0.291s] Level 5:colcon.colcon_core.verb:set package 'model_prediction' build argument 'catkin_cmake_args' from command line to 'None'
[0.292s] Level 5:colcon.colcon_core.verb:set package 'model_prediction' build argument 'catkin_skip_building_tests' from command line to 'False'
[0.293s] DEBUG:colcon.colcon_core.verb:Building package 'model_prediction' with the following arguments: {'ament_cmake_args': None, 'build_base': '/home/GTL/asacks/ros_workspace/build/model_prediction', 'catkin_cmake_args': None, 'catkin_skip_building_tests': False, 'cmake_args': None, 'cmake_clean_cache': False, 'cmake_clean_first': False, 'cmake_force_configure': False, 'cmake_target': None, 'cmake_target_skip_unavailable': False, 'install_base': '/home/GTL/asacks/ros_workspace/install/model_prediction', 'merge_install': False, 'path': '/home/GTL/asacks/ros_workspace/src/model_prediction', 'symlink_install': True, 'test_result_base': None}
[0.293s] INFO:colcon.colcon_core.executor:Executing jobs using 'parallel' executor
[0.294s] DEBUG:colcon.colcon_parallel_executor.executor.parallel:run_until_complete
[0.294s] INFO:colcon.colcon_ros.task.ament_python.build:Building ROS package in '/home/GTL/asacks/ros_workspace/src/model_prediction' with build type 'ament_python'
[0.295s] Level 1:colcon.colcon_core.shell:create_environment_hook('model_prediction', 'ament_prefix_path')
[0.296s] INFO:colcon.colcon_core.plugin_system:Skipping extension 'colcon_core.shell.bat': Not used on non-Windows systems
[0.296s] INFO:colcon.colcon_core.shell:Creating environment hook '/home/GTL/asacks/ros_workspace/install/model_prediction/share/model_prediction/hook/ament_prefix_path.ps1'
[0.304s] INFO:colcon.colcon_core.shell:Creating environment descriptor '/home/GTL/asacks/ros_workspace/install/model_prediction/share/model_prediction/hook/ament_prefix_path.dsv'
[0.306s] INFO:colcon.colcon_core.shell:Creating environment hook '/home/GTL/asacks/ros_workspace/install/model_prediction/share/model_prediction/hook/ament_prefix_path.sh'
[0.308s] INFO:colcon.colcon_core.shell:Skip shell extension 'powershell' for command environment: Not usable outside of PowerShell
[0.308s] DEBUG:colcon.colcon_core.shell:Skip shell extension 'dsv' for command environment
[0.513s] INFO:colcon.colcon_core.task.python.build:Building Python package in '/home/GTL/asacks/ros_workspace/src/model_prediction'
[0.513s] INFO:colcon.colcon_core.shell:Skip shell extension 'powershell' for command environment: Not usable outside of PowerShell
[0.514s] DEBUG:colcon.colcon_core.shell:Skip shell extension 'dsv' for command environment
[1.053s] DEBUG:colcon.colcon_core.task.python.build:Available setuptools commands: bdist, install, build_clib, test, build_ext, bdist_wheel, upload_docs, editable_wheel, symlink_data, install_headers, install_egg_info, build, bdist_rpm, register, bdist_egg, check, setopt, install_data, alias, install_scripts, init_catalog, update_catalog, upload, develop, build_scripts, dist_info, easy_install, compile_catalog, extract_messages, build_py, install_lib, clean, sdist, rotate, egg_info, bdist_dumb, saveopts
[1.344s] DEBUG:colcon.colcon_core.task.python.build:Available setuptools 'develop' options: --always-unzip, --egg-path, --no-deps, --user, --record, --exclude-scripts, --help, --no-user-cfg, --no-find-links, --prefix, --upgrade, --zip-ok, --local-snapshots-ok, --force-installation-into-system-dir, --install-dir, --version, --quiet, --editable, --script-dir, --always-copy, --optimize, --build-directory, --multi-version, --verbose, --uninstall, --index-url, --allow-hosts, --site-dirs, --install-layout, --find-links, --dry-run
[1.362s] DEBUG:colcon.colcon_core.event_handler.log_command:Invoking command in '/home/GTL/asacks/ros_workspace/build/model_prediction': DEBUGINFOD_URLS=https://debuginfod.ubuntu.com PYTHONPATH=/home/GTL/asacks/ros_workspace/build/model_prediction/prefix_override:/usr/lib/python3/dist-packages/colcon_core/task/python/colcon_distutils_commands:/home/GTL/asacks/ros_workspace/install/model_prediction/lib/python3.12/site-packages:${PYTHONPATH} /usr/bin/python3 -W ignore:setup.py install is deprecated -W ignore:easy_install command is deprecated setup.py develop --editable --build-directory /home/GTL/asacks/ros_workspace/build/model_prediction/build --no-deps symlink_data
[2.001s] Level 1:colcon.colcon_core.shell:create_environment_hook('model_prediction', 'pythonpath_develop')
[2.001s] INFO:colcon.colcon_core.shell:Creating environment hook '/home/GTL/asacks/ros_workspace/build/model_prediction/share/model_prediction/hook/pythonpath_develop.ps1'
[2.001s] DEBUG:colcon.colcon_core.event_handler.log_command:Invoked command in '/home/GTL/asacks/ros_workspace/build/model_prediction' returned '0': DEBUGINFOD_URLS=https://debuginfod.ubuntu.com PYTHONPATH=/home/GTL/asacks/ros_workspace/build/model_prediction/prefix_override:/usr/lib/python3/dist-packages/colcon_core/task/python/colcon_distutils_commands:/home/GTL/asacks/ros_workspace/install/model_prediction/lib/python3.12/site-packages:${PYTHONPATH} /usr/bin/python3 -W ignore:setup.py install is deprecated -W ignore:easy_install command is deprecated setup.py develop --editable --build-directory /home/GTL/asacks/ros_workspace/build/model_prediction/build --no-deps symlink_data
[2.008s] INFO:colcon.colcon_core.shell:Creating environment descriptor '/home/GTL/asacks/ros_workspace/build/model_prediction/share/model_prediction/hook/pythonpath_develop.dsv'
[2.010s] INFO:colcon.colcon_core.shell:Creating environment hook '/home/GTL/asacks/ros_workspace/build/model_prediction/share/model_prediction/hook/pythonpath_develop.sh'
[2.013s] Level 1:colcon.colcon_core.environment:checking '/home/GTL/asacks/ros_workspace/install/model_prediction' for CMake module files
[2.018s] Level 1:colcon.colcon_core.environment:checking '/home/GTL/asacks/ros_workspace/install/model_prediction' for CMake config files
[2.025s] Level 1:colcon.colcon_core.environment:checking '/home/GTL/asacks/ros_workspace/install/model_prediction/lib'
[2.025s] Level 1:colcon.colcon_core.environment:checking '/home/GTL/asacks/ros_workspace/install/model_prediction/bin'
[2.026s] Level 1:colcon.colcon_core.environment:checking '/home/GTL/asacks/ros_workspace/install/model_prediction/lib/pkgconfig/model_prediction.pc'
[2.026s] Level 1:colcon.colcon_core.environment:checking '/home/GTL/asacks/ros_workspace/install/model_prediction/lib/python3.12/site-packages'
[2.026s] Level 1:colcon.colcon_core.shell:create_environment_hook('model_prediction', 'pythonpath')
[2.027s] INFO:colcon.colcon_core.shell:Creating environment hook '/home/GTL/asacks/ros_workspace/install/model_prediction/share/model_prediction/hook/pythonpath.ps1'
[2.029s] INFO:colcon.colcon_core.shell:Creating environment descriptor '/home/GTL/asacks/ros_workspace/install/model_prediction/share/model_prediction/hook/pythonpath.dsv'
[2.030s] INFO:colcon.colcon_core.shell:Creating environment hook '/home/GTL/asacks/ros_workspace/install/model_prediction/share/model_prediction/hook/pythonpath.sh'
[2.032s] Level 1:colcon.colcon_core.environment:checking '/home/GTL/asacks/ros_workspace/install/model_prediction/bin'
[2.032s] Level 1:colcon.colcon_core.environment:create_environment_scripts_only(model_prediction)
[2.033s] INFO:colcon.colcon_core.shell:Creating package script '/home/GTL/asacks/ros_workspace/install/model_prediction/share/model_prediction/package.ps1'
[2.035s] INFO:colcon.colcon_core.shell:Creating package descriptor '/home/GTL/asacks/ros_workspace/install/model_prediction/share/model_prediction/package.dsv'
[2.037s] INFO:colcon.colcon_core.shell:Creating package script '/home/GTL/asacks/ros_workspace/install/model_prediction/share/model_prediction/package.sh'
[2.038s] INFO:colcon.colcon_core.shell:Creating package script '/home/GTL/asacks/ros_workspace/install/model_prediction/share/model_prediction/package.bash'
[2.040s] INFO:colcon.colcon_core.shell:Creating package script '/home/GTL/asacks/ros_workspace/install/model_prediction/share/model_prediction/package.zsh'
[2.042s] Level 1:colcon.colcon_core.environment:create_file_with_runtime_dependencies(/home/GTL/asacks/ros_workspace/install/model_prediction/share/colcon-core/packages/model_prediction)
[2.045s] DEBUG:colcon.colcon_parallel_executor.executor.parallel:closing loop
[2.045s] DEBUG:colcon.colcon_parallel_executor.executor.parallel:loop closed
[2.045s] DEBUG:colcon.colcon_parallel_executor.executor.parallel:run_until_complete finished with '0'
[2.045s] DEBUG:colcon.colcon_core.event_reactor:joining thread
[2.050s] INFO:colcon.colcon_core.plugin_system:Skipping extension 'colcon_notification.desktop_notification.terminal_notifier': Not used on non-Darwin systems
[2.050s] INFO:colcon.colcon_core.plugin_system:Skipping extension 'colcon_notification.desktop_notification.win32': Not used on non-Windows systems
[2.050s] INFO:colcon.colcon_notification.desktop_notification:Sending desktop notification using 'notify2'
[2.061s] DEBUG:colcon.colcon_core.event_reactor:joined thread
[2.061s] INFO:colcon.colcon_core.shell:Creating prefix script '/home/GTL/asacks/ros_workspace/install/local_setup.ps1'
[2.064s] INFO:colcon.colcon_core.shell:Creating prefix util module '/home/GTL/asacks/ros_workspace/install/_local_setup_util_ps1.py'
[2.067s] INFO:colcon.colcon_core.shell:Creating prefix chain script '/home/GTL/asacks/ros_workspace/install/setup.ps1'
[2.071s] INFO:colcon.colcon_core.shell:Creating prefix script '/home/GTL/asacks/ros_workspace/install/local_setup.sh'
[2.073s] INFO:colcon.colcon_core.shell:Creating prefix util module '/home/GTL/asacks/ros_workspace/install/_local_setup_util_sh.py'
[2.074s] INFO:colcon.colcon_core.shell:Creating prefix chain script '/home/GTL/asacks/ros_workspace/install/setup.sh'
[2.078s] INFO:colcon.colcon_core.shell:Creating prefix script '/home/GTL/asacks/ros_workspace/install/local_setup.bash'
[2.080s] INFO:colcon.colcon_core.shell:Creating prefix chain script '/home/GTL/asacks/ros_workspace/install/setup.bash'
[2.083s] INFO:colcon.colcon_core.shell:Creating prefix script '/home/GTL/asacks/ros_workspace/install/local_setup.zsh'
[2.084s] INFO:colcon.colcon_core.shell:Creating prefix chain script '/home/GTL/asacks/ros_workspace/install/setup.zsh'
