[0.000000] (-) TimerEvent: {}
[0.000082] (joy_teleop) JobQueued: {'identifier': 'joy_teleop', 'dependencies': OrderedDict()}
[0.000105] (joy_teleop) JobStarted: {'identifier': 'joy_teleop'}
[0.098654] (-) TimerEvent: {}
[0.198943] (-) TimerEvent: {}
[0.299196] (-) TimerEvent: {}
[0.399589] (-) TimerEvent: {}
[0.499780] (-) TimerEvent: {}
[0.599989] (-) TimerEvent: {}
[0.700200] (-) TimerEvent: {}
[0.800414] (-) TimerEvent: {}
[0.900613] (-) TimerEvent: {}
[1.000803] (-) TimerEvent: {}
[1.101010] (-) TimerEvent: {}
[1.201213] (-) TimerEvent: {}
[1.255829] (joy_teleop) Command: {'cmd': ['/usr/bin/python3', '-W', 'ignore:setup.py install is deprecated', '-W', 'ignore:easy_install command is deprecated', 'setup.py', 'develop', '--editable', '--build-directory', '/home/GTL/asacks/ros_workspace/build/joy_teleop/build', '--no-deps', 'symlink_data'], 'cwd': '/home/GTL/asacks/ros_workspace/build/joy_teleop', 'env': {'GZ_SIM_RESOURCE_PATH': '/opt/ros/kilted/share', 'USER': 'asacks', 'GZ_CONFIG_PATH': '/opt/ros/kilted/opt/gz_sim_vendor/share/gz:/opt/ros/kilted/opt/sdformat_vendor/share/gz:/opt/ros/kilted/opt/gz_gui_vendor/share/gz:/opt/ros/kilted/opt/gz_transport_vendor/share/gz:/opt/ros/kilted/opt/gz_rendering_vendor/share/gz:/opt/ros/kilted/opt/gz_plugin_vendor/share/gz:/opt/ros/kilted/opt/gz_fuel_tools_vendor/share/gz:/opt/ros/kilted/opt/gz_msgs_vendor/share/gz:/opt/ros/kilted/opt/gz_common_vendor/share/gz', 'XDG_SESSION_TYPE': 'x11', 'CLUTTER_DISABLE_MIPMAPPED_TEXT': '1', 'SHLVL': '1', 'LD_LIBRARY_PATH': '/opt/ros/kilted/opt/zenoh_cpp_vendor/lib:/opt/ros/kilted/opt/gz_sim_vendor/lib:/opt/ros/kilted/opt/gz_sensors_vendor/lib:/opt/ros/kilted/opt/gz_physics_vendor/lib:/opt/ros/kilted/opt/sdformat_vendor/lib:/opt/ros/kilted/opt/gz_gui_vendor/lib:/opt/ros/kilted/opt/gz_transport_vendor/lib:/opt/ros/kilted/opt/gz_rendering_vendor/lib:/opt/ros/kilted/opt/gz_plugin_vendor/lib:/opt/ros/kilted/opt/gz_fuel_tools_vendor/lib:/opt/ros/kilted/opt/gz_msgs_vendor/lib:/opt/ros/kilted/opt/gz_common_vendor/lib:/opt/ros/kilted/opt/gz_math_vendor/lib:/opt/ros/kilted/opt/gz_utils_vendor/lib:/opt/ros/kilted/opt/rviz_ogre_vendor/lib:/opt/ros/kilted/lib/x86_64-linux-gnu:/opt/ros/kilted/opt/gz_tools_vendor/lib:/opt/ros/kilted/opt/gz_ogre_next_vendor/lib:/opt/ros/kilted/opt/gz_dartsim_vendor/lib:/opt/ros/kilted/opt/gz_cmake_vendor/lib:/opt/ros/kilted/lib', 'HOME': '/home/GTL/asacks', 'CYCLONEDDS_URI': '/cs-share/pradalier/gtlpc_cyclonedds.xml', 'OLDPWD': '/home/GTL/asacks', 'DESKTOP_SESSION': 'ubuntu', 'ROS_PYTHON_VERSION': '3', 'GNOME_SHELL_SESSION_MODE': 'ubuntu', 'GTK_MODULES': 'gail:atk-bridge', 'SYSTEMD_EXEC_PID': '892227', 'GSM_SKIP_SSH_AGENT_WORKAROUND': 'true', 'DBUS_SESSION_BUS_ADDRESS': 'unix:path=/run/user/39376/bus', 'COLORTERM': 'truecolor', 'DEBUGINFOD_URLS': 'https://debuginfod.ubuntu.com', 'COLCON_PREFIX_PATH': '/home/GTL/asacks/ros_workspace/install', 'ROS_DISTRO': 'kilted', 'LOGNAME': 'asacks', '_': '/usr/bin/colcon', 'ROS_VERSION': '2', 'MEMORY_PRESSURE_WATCH': '/sys/fs/cgroup/user.slice/user-39376.slice/user@39376.service/session.slice/org.gnome.Shell@x11.service/memory.pressure', 'XDG_SESSION_CLASS': 'user', 'USERNAME': 'asacks', 'TERM': 'xterm-256color', 'COPPELIASIM_ROOT_DIR': '/cs-share/pradalier/CoppeliaSim', 'GNOME_DESKTOP_SESSION_ID': 'this-is-deprecated', 'WINDOWPATH': '2', 'PATH': '/opt/ros/kilted/opt/gz_msgs_vendor/bin:/opt/ros/kilted/opt/gz_tools_vendor/bin:/opt/ros/kilted/opt/gz_ogre_next_vendor/bin:/opt/ros/kilted/bin:/usr/local/sbin:/usr/local/bin:/usr/sbin:/usr/bin:/sbin:/bin:/usr/games:/usr/local/games:/snap/bin:/snap/bin', 'SESSION_MANAGER': 'local/gtlpc100.georgiatech-metz.fr:@/tmp/.ICE-unix/892193,unix/gtlpc100.georgiatech-metz.fr:/tmp/.ICE-unix/892193', 'XDG_MENU_PREFIX': 'gnome-', 'GNOME_TERMINAL_SCREEN': '/org/gnome/Terminal/screen/15fbcb46_8a66_4f75_8549_163acc9f1497', 'XDG_RUNTIME_DIR': '/run/user/39376', 'DISPLAY': ':1', 'LANG': 'en_US.UTF-8', 'XDG_CURRENT_DESKTOP': 'ubuntu:GNOME', 'RMW_IMPLEMENTATION': 'rmw_zenoh_cpp', 'XMODIFIERS': '@im=ibus', 'XDG_SESSION_DESKTOP': 'ubuntu', 'XAUTHORITY': '/run/user/39376/gdm/Xauthority', 'GNOME_TERMINAL_SERVICE': ':1.127', 'SSH_AUTH_SOCK': '/run/user/39376/keyring/ssh', 'ROS_DOMAIN_ID': '69', 'AMENT_PREFIX_PATH': '/home/GTL/asacks/ros_workspace/install/joy_teleop:/opt/ros/kilted', 'SHELL': '/bin/bash', 'KRB5CCNAME': 'FILE:/tmp/krb5cc_39376', 'QT_ACCESSIBILITY': '1', 'GDMSESSION': 'ubuntu', 'GPG_AGENT_INFO': '/run/user/39376/gnupg/S.gpg-agent:0:1', 'ROS_AUTOMATIC_DISCOVERY_RANGE': 'SUBNET', 'QT_IM_MODULE': 'ibus', 'PWD': '/home/GTL/asacks/ros_workspace/build/joy_teleop', 'XDG_CONFIG_DIRS': '/etc/xdg/xdg-ubuntu:/etc/xdg', 'XDG_DATA_DIRS': '/usr/share/ubuntu:/usr/share/gnome:/usr/local/share/:/usr/share/:/var/lib/snapd/desktop', 'PYTHONPATH': '/home/GTL/asacks/ros_workspace/build/joy_teleop/prefix_override:/usr/lib/python3/dist-packages/colcon_core/task/python/colcon_distutils_commands:/home/GTL/asacks/ros_workspace/install/joy_teleop/lib/python3.12/site-packages:/home/GTL/asacks/ros_workspace/build/joy_teleop:/home/GTL/asacks/ros_workspace/install/joy_teleop/lib/python3.12/site-packages:/opt/ros/kilted/lib/python3.12/site-packages', 'COLCON': '1', 'MEMORY_PRESSURE_WRITE': 'c29tZSAyMDAwMDAgMjAwMDAwMAA=', 'VTE_VERSION': '7600', 'CMAKE_PREFIX_PATH': '/opt/ros/kilted/opt/gz_sim_vendor:/opt/ros/kilted/opt/gz_sensors_vendor:/opt/ros/kilted/opt/gz_physics_vendor:/opt/ros/kilted/opt/sdformat_vendor:/opt/ros/kilted/opt/gz_gui_vendor:/opt/ros/kilted/opt/gz_transport_vendor:/opt/ros/kilted/opt/gz_rendering_vendor:/opt/ros/kilted/opt/gz_plugin_vendor:/opt/ros/kilted/opt/gz_fuel_tools_vendor:/opt/ros/kilted/opt/gz_msgs_vendor:/opt/ros/kilted/opt/gz_common_vendor:/opt/ros/kilted/opt/gz_math_vendor:/opt/ros/kilted/opt/gz_utils_vendor:/opt/ros/kilted/opt/gz_tools_vendor:/opt/ros/kilted/opt/gz_ogre_next_vendor:/opt/ros/kilted/opt/gz_dartsim_vendor:/opt/ros/kilted/opt/gz_cmake_vendor'}, 'shell': False}
[1.301311] (-) TimerEvent: {}
[1.401504] (-) TimerEvent: {}
[1.501726] (-) TimerEvent: {}
[1.544167] (joy_teleop) StdoutLine: {'line': b'running develop\n'}
[1.601833] (-) TimerEvent: {}
[1.702024] (-) TimerEvent: {}
[1.758656] (joy_teleop) StdoutLine: {'line': b'running egg_info\n'}
[1.777740] (joy_teleop) StdoutLine: {'line': b'writing joy_teleop.egg-info/PKG-INFO\n'}
[1.780462] (joy_teleop) StdoutLine: {'line': b'writing dependency_links to joy_teleop.egg-info/dependency_links.txt\n'}
[1.783180] (joy_teleop) StdoutLine: {'line': b'writing entry points to joy_teleop.egg-info/entry_points.txt\n'}
[1.784583] (joy_teleop) StdoutLine: {'line': b'writing requirements to joy_teleop.egg-info/requires.txt\n'}
[1.786002] (joy_teleop) StdoutLine: {'line': b'writing top-level names to joy_teleop.egg-info/top_level.txt\n'}
[1.802120] (-) TimerEvent: {}
[1.830674] (joy_teleop) StdoutLine: {'line': b"reading manifest file 'joy_teleop.egg-info/SOURCES.txt'\n"}
[1.834391] (joy_teleop) StdoutLine: {'line': b"writing manifest file 'joy_teleop.egg-info/SOURCES.txt'\n"}
[1.854938] (joy_teleop) StdoutLine: {'line': b'running build_ext\n'}
[1.855018] (joy_teleop) StdoutLine: {'line': b'Creating /home/GTL/asacks/ros_workspace/install/joy_teleop/lib/python3.12/site-packages/joy-teleop.egg-link (link to .)\n'}
[1.860327] (joy_teleop) StdoutLine: {'line': b'Installing teleop script to /home/GTL/asacks/ros_workspace/install/joy_teleop/lib/joy_teleop\n'}
[1.864397] (joy_teleop) StdoutLine: {'line': b'\n'}
[1.864459] (joy_teleop) StdoutLine: {'line': b'Installed /home/GTL/asacks/ros_workspace/build/joy_teleop\n'}
[1.865064] (joy_teleop) StdoutLine: {'line': b'running symlink_data\n'}
[1.886617] (joy_teleop) CommandEnded: {'returncode': 0}
[1.902219] (-) TimerEvent: {}
[1.929089] (joy_teleop) JobEnded: {'identifier': 'joy_teleop', 'rc': 0}
[1.932244] (-) EventReactorShutdown: {}
