[ 50%] Building CXX object CMakeFiles/floor_plane_mapping.dir/src/floor_plane_mapping.cpp.o
[100%] Linking CXX executable floor_plane_mapping
[100%] Built target floor_plane_mapping
-- Install configuration: ""
-- Execute custom install script
-- Up-to-date symlink: /home/GTL/asacks/ros_workspace/install/floor_plane_mapping/lib/floor_plane_mapping/floor_plane_mapping
-- Up-to-date symlink: /home/GTL/asacks/ros_workspace/install/floor_plane_mapping/share/floor_plane_mapping/floor_plane_mapping.launch.py
-- Up-to-date symlink: /home/GTL/asacks/ros_workspace/install/floor_plane_mapping/share/ament_index/resource_index/package_run_dependencies/floor_plane_mapping
-- Up-to-date symlink: /home/GTL/asacks/ros_workspace/install/floor_plane_mapping/share/ament_index/resource_index/parent_prefix_path/floor_plane_mapping
-- Up-to-date symlink: /home/GTL/asacks/ros_workspace/install/floor_plane_mapping/share/floor_plane_mapping/environment/ament_prefix_path.sh
-- Up-to-date symlink: /home/GTL/asacks/ros_workspace/install/floor_plane_mapping/share/floor_plane_mapping/environment/ament_prefix_path.dsv
-- Up-to-date symlink: /home/GTL/asacks/ros_workspace/install/floor_plane_mapping/share/floor_plane_mapping/environment/path.sh
-- Up-to-date symlink: /home/GTL/asacks/ros_workspace/install/floor_plane_mapping/share/floor_plane_mapping/environment/path.dsv
-- Up-to-date symlink: /home/GTL/asacks/ros_workspace/install/floor_plane_mapping/share/floor_plane_mapping/local_setup.bash
-- Up-to-date symlink: /home/GTL/asacks/ros_workspace/install/floor_plane_mapping/share/floor_plane_mapping/local_setup.sh
-- Up-to-date symlink: /home/GTL/asacks/ros_workspace/install/floor_plane_mapping/share/floor_plane_mapping/local_setup.zsh
-- Up-to-date symlink: /home/GTL/asacks/ros_workspace/install/floor_plane_mapping/share/floor_plane_mapping/local_setup.dsv
-- Symlinking: /home/GTL/asacks/ros_workspace/install/floor_plane_mapping/share/floor_plane_mapping/package.dsv
-- Up-to-date symlink: /home/GTL/asacks/ros_workspace/install/floor_plane_mapping/share/ament_index/resource_index/packages/floor_plane_mapping
-- Up-to-date symlink: /home/GTL/asacks/ros_workspace/install/floor_plane_mapping/share/floor_plane_mapping/cmake/floor_plane_mappingConfig.cmake
-- Up-to-date symlink: /home/GTL/asacks/ros_workspace/install/floor_plane_mapping/share/floor_plane_mapping/cmake/floor_plane_mappingConfig-version.cmake
-- Up-to-date symlink: /home/GTL/asacks/ros_workspace/install/floor_plane_mapping/share/floor_plane_mapping/package.xml
