-- The C compiler identification is GNU 13.3.0
-- The CXX compiler identification is GNU 13.3.0
-- Detecting C compiler ABI info
-- Detecting C compiler ABI info - done
-- Check for working C compiler: /usr/bin/cc - skipped
-- Detecting C compile features
-- Detecting C compile features - done
-- Detecting CXX compiler ABI info
-- Detecting CXX compiler ABI info - done
-- Check for working CXX compiler: /usr/bin/c++ - skipped
-- Detecting CXX compile features
-- Detecting CXX compile features - done
-- Found ament_cmake: 2.7.5 (/opt/ros/kilted/share/ament_cmake/cmake)
-- Found Python3: /usr/bin/python3 (found version "3.12.3") found components: Interpreter 
-- Override CMake install command with custom implementation using symlinks instead of copying resources
-- Found rclcpp: 29.5.10 (/opt/ros/kilted/share/rclcpp/cmake)
-- Found rosidl_generator_c: 4.9.8 (/opt/ros/kilted/share/rosidl_generator_c/cmake)
-- Found rosidl_generator_cpp: 4.9.8 (/opt/ros/kilted/share/rosidl_generator_cpp/cmake)
-- Using all available rosidl_typesupport_c: rosidl_typesupport_fastrtps_c;rosidl_typesupport_introspection_c
-- Using all available rosidl_typesupport_cpp: rosidl_typesupport_fastrtps_cpp;rosidl_typesupport_introspection_cpp
-- Found rmw_implementation_cmake: 7.8.2 (/opt/ros/kilted/share/rmw_implementation_cmake/cmake)
-- Found rmw_zenoh_cpp: 0.6.7 (/opt/ros/kilted/share/rmw_zenoh_cpp/cmake)
-- Using RMW implementation 'rmw_zenoh_cpp' as default
-- Found std_msgs: 5.5.3 (/opt/ros/kilted/share/std_msgs/cmake)
-- Found ament_lint_auto: 0.19.3 (/opt/ros/kilted/share/ament_lint_auto/cmake)
-- Found rosidl_default_generators: 1.7.2 (/opt/ros/kilted/share/rosidl_default_generators/cmake)
-- Found rosidl_adapter: 4.9.8 (/opt/ros/kilted/share/rosidl_adapter/cmake)
-- Found ament_cmake_ros_core: 0.14.7 (/opt/ros/kilted/share/ament_cmake_ros_core/cmake)
-- Using all available rosidl_typesupport_c: rosidl_typesupport_fastrtps_c;rosidl_typesupport_introspection_c
-- Using all available rosidl_typesupport_cpp: rosidl_typesupport_fastrtps_cpp;rosidl_typesupport_introspection_cpp
-- Found Python3: /usr/bin/python3 (found version "3.12.3") found components: Interpreter Development NumPy Development.Module Development.Embed 
-- Found Python3: /usr/bin/python3 (found version "3.12.3") found components: Interpreter 
-- Added test 'copyright' to check source files copyright and LICENSE
-- Added test 'cppcheck' to perform static code analysis on C / C++ code
-- Configured cppcheck include dirs: /home/GTL/asacks/ros_workspace/src/ros_task_manager/src/task_manager_msgs/include
-- Configured cppcheck exclude dirs and/or files: 
-- Added test 'cpplint' to check C / C++ code against the Google style
-- Configured cpplint exclude dirs and/or files: 
-- Added test 'flake8' to check Python code syntax and style conventions
-- Configured 'flake8' exclude dirs and/or files: 
-- Added test 'lint_cmake' to check CMake code style
-- Added test 'pep257' to check Python code against some of the docstring style conventions in PEP 257
-- Added test 'uncrustify' to check C / C++ code style
-- Configured uncrustify additional arguments: 
-- Added test 'xmllint' to check XML markup files
-- Configuring done (5.5s)
-- Generating done (0.6s)
-- Build files have been written to: /home/GTL/asacks/ros_workspace/build/task_manager_msgs
[  2%] Generating Rust code for ROS interfaces
[  2%] Generating type hashes for ROS interfaces
[  2%] Built target ament_cmake_python_symlink_task_manager_msgs
running egg_info
creating task_manager_msgs.egg-info
writing task_manager_msgs.egg-info/PKG-INFO
writing dependency_links to task_manager_msgs.egg-info/dependency_links.txt
writing top-level names to task_manager_msgs.egg-info/top_level.txt
writing manifest file 'task_manager_msgs.egg-info/SOURCES.txt'
reading manifest file 'task_manager_msgs.egg-info/SOURCES.txt'
writing manifest file 'task_manager_msgs.egg-info/SOURCES.txt'
[  2%] Built target task_manager_msgs__rosidl_generator_type_description
[  2%] Built target task_manager_msgs__rs
[  3%] Generating C code for ROS interfaces
[  3%] Generating C++ code for ROS interfaces
[  3%] Built target ament_cmake_python_build_task_manager_msgs_egg
[  3%] Built target task_manager_msgs__cpp
[  3%] Building C object CMakeFiles/task_manager_msgs__rosidl_generator_c.dir/rosidl_generator_c/task_manager_msgs/srv/detail/get_all_task_status__functions.c.o
[  7%] Building C object CMakeFiles/task_manager_msgs__rosidl_generator_c.dir/rosidl_generator_c/task_manager_msgs/srv/detail/start_task__functions.c.o
[  9%] Building C object CMakeFiles/task_manager_msgs__rosidl_generator_c.dir/rosidl_generator_c/task_manager_msgs/srv/detail/stop_task__description.c.o
[  9%] Building C object CMakeFiles/task_manager_msgs__rosidl_generator_c.dir/rosidl_generator_c/task_manager_msgs/srv/detail/get_all_task_status__type_support.c.o
[  7%] Building C object CMakeFiles/task_manager_msgs__rosidl_generator_c.dir/rosidl_generator_c/task_manager_msgs/srv/detail/start_task__type_support.c.o
[ 11%] Building C object CMakeFiles/task_manager_msgs__rosidl_generator_c.dir/rosidl_generator_c/task_manager_msgs/srv/detail/stop_task__type_support.c.o
[ 12%] Building C object CMakeFiles/task_manager_msgs__rosidl_generator_c.dir/rosidl_generator_c/task_manager_msgs/srv/detail/get_task_list__type_support.c.o
[ 12%] Building C object CMakeFiles/task_manager_msgs__rosidl_generator_c.dir/rosidl_generator_c/task_manager_msgs/srv/detail/get_all_task_status__description.c.o
[  9%] Building C object CMakeFiles/task_manager_msgs__rosidl_generator_c.dir/rosidl_generator_c/task_manager_msgs/srv/detail/start_task__description.c.o
[ 13%] Building C object CMakeFiles/task_manager_msgs__rosidl_generator_c.dir/rosidl_generator_c/task_manager_msgs/srv/detail/get_task_list__description.c.o
[ 13%] Building C object CMakeFiles/task_manager_msgs__rosidl_generator_c.dir/rosidl_generator_c/task_manager_msgs/srv/detail/get_task_list__functions.c.o
[ 12%] Building C object CMakeFiles/task_manager_msgs__rosidl_generator_c.dir/rosidl_generator_c/task_manager_msgs/srv/detail/stop_task__functions.c.o
[ 15%] Building C object CMakeFiles/task_manager_msgs__rosidl_generator_c.dir/rosidl_generator_c/task_manager_msgs/msg/detail/task_parameter__description.c.o
[ 15%] Building C object CMakeFiles/task_manager_msgs__rosidl_generator_c.dir/rosidl_generator_c/task_manager_msgs/msg/detail/task_description__type_support.c.o
[ 15%] Building C object CMakeFiles/task_manager_msgs__rosidl_generator_c.dir/rosidl_generator_c/task_manager_msgs/msg/detail/task_description__functions.c.o
[ 15%] Building C object CMakeFiles/task_manager_msgs__rosidl_generator_c.dir/rosidl_generator_c/task_manager_msgs/msg/detail/task_description__description.c.o
[ 16%] Building C object CMakeFiles/task_manager_msgs__rosidl_generator_c.dir/rosidl_generator_c/task_manager_msgs/msg/detail/task_parameter__functions.c.o
[ 17%] Building C object CMakeFiles/task_manager_msgs__rosidl_generator_c.dir/rosidl_generator_c/task_manager_msgs/msg/detail/task_parameter__type_support.c.o
[ 19%] Building C object CMakeFiles/task_manager_msgs__rosidl_generator_c.dir/rosidl_generator_c/task_manager_msgs/msg/detail/task_status__functions.c.o
[ 19%] Building C object CMakeFiles/task_manager_msgs__rosidl_generator_c.dir/rosidl_generator_c/task_manager_msgs/msg/detail/task_status__type_support.c.o
[ 19%] Building C object CMakeFiles/task_manager_msgs__rosidl_generator_c.dir/rosidl_generator_c/task_manager_msgs/msg/detail/task_status__description.c.o
[ 22%] Building C object CMakeFiles/task_manager_msgs__rosidl_generator_c.dir/rosidl_generator_c/task_manager_msgs/msg/detail/task_config__type_support.c.o
[ 22%] Building C object CMakeFiles/task_manager_msgs__rosidl_generator_c.dir/rosidl_generator_c/task_manager_msgs/msg/detail/task_config__description.c.o
[ 22%] Building C object CMakeFiles/task_manager_msgs__rosidl_generator_c.dir/rosidl_generator_c/task_manager_msgs/msg/detail/task_config__functions.c.o
[ 23%] Building C object CMakeFiles/task_manager_msgs__rosidl_generator_c.dir/rosidl_generator_c/task_manager_msgs/msg/detail/sync_status__description.c.o
[ 23%] Building C object CMakeFiles/task_manager_msgs__rosidl_generator_c.dir/rosidl_generator_c/task_manager_msgs/msg/detail/sync_status__functions.c.o
[ 24%] Building C object CMakeFiles/task_manager_msgs__rosidl_generator_c.dir/rosidl_generator_c/task_manager_msgs/msg/detail/sync_status__type_support.c.o
[ 26%] Building C object CMakeFiles/task_manager_msgs__rosidl_generator_c.dir/rosidl_generator_c/task_manager_msgs/msg/detail/encapsulated_message__description.c.o
[ 26%] Building C object CMakeFiles/task_manager_msgs__rosidl_generator_c.dir/rosidl_generator_c/task_manager_msgs/msg/detail/encapsulated_message__functions.c.o
[ 26%] Building C object CMakeFiles/task_manager_msgs__rosidl_generator_c.dir/rosidl_generator_c/task_manager_msgs/msg/detail/encapsulated_message__type_support.c.o
[ 27%] Linking C shared library libtask_manager_msgs__rosidl_generator_c.so
[ 27%] Built target task_manager_msgs__rosidl_generator_c
[ 31%] Generating C introspection for ROS interfaces
[ 31%] Generating C type support dispatch for ROS interfaces
[ 31%] Generating C type support for eProsima Fast-RTPS
[ 31%] Generating C++ type support for eProsima Fast-RTPS
[ 31%] Generating C++ introspection for ROS interfaces
[ 31%] Generating C++ type support dispatch for ROS interfaces
[ 32%] Building CXX object CMakeFiles/task_manager_msgs__rosidl_typesupport_cpp.dir/rosidl_typesupport_cpp/task_manager_msgs/srv/stop_task__type_support.cpp.o
[ 33%] Building CXX object CMakeFiles/task_manager_msgs__rosidl_typesupport_cpp.dir/rosidl_typesupport_cpp/task_manager_msgs/srv/start_task__type_support.cpp.o
[ 34%] Building CXX object CMakeFiles/task_manager_msgs__rosidl_typesupport_cpp.dir/rosidl_typesupport_cpp/task_manager_msgs/srv/get_all_task_status__type_support.cpp.o
[ 36%] Building CXX object CMakeFiles/task_manager_msgs__rosidl_typesupport_cpp.dir/rosidl_typesupport_cpp/task_manager_msgs/msg/task_description__type_support.cpp.o
[ 37%] Building CXX object CMakeFiles/task_manager_msgs__rosidl_typesupport_cpp.dir/rosidl_typesupport_cpp/task_manager_msgs/msg/task_parameter__type_support.cpp.o
[ 38%] Building CXX object CMakeFiles/task_manager_msgs__rosidl_typesupport_cpp.dir/rosidl_typesupport_cpp/task_manager_msgs/msg/task_config__type_support.cpp.o
[ 38%] Building CXX object CMakeFiles/task_manager_msgs__rosidl_typesupport_cpp.dir/rosidl_typesupport_cpp/task_manager_msgs/msg/task_status__type_support.cpp.o
[ 39%] Building CXX object CMakeFiles/task_manager_msgs__rosidl_typesupport_cpp.dir/rosidl_typesupport_cpp/task_manager_msgs/msg/sync_status__type_support.cpp.o
[ 38%] Building CXX object CMakeFiles/task_manager_msgs__rosidl_typesupport_cpp.dir/rosidl_typesupport_cpp/task_manager_msgs/srv/get_task_list__type_support.cpp.o
[ 39%] Building CXX object CMakeFiles/task_manager_msgs__rosidl_typesupport_cpp.dir/rosidl_typesupport_cpp/task_manager_msgs/msg/encapsulated_message__type_support.cpp.o
[ 40%] Building CXX object CMakeFiles/task_manager_msgs__rosidl_typesupport_c.dir/rosidl_typesupport_c/task_manager_msgs/srv/get_all_task_status__type_support.cpp.o
[ 40%] Building CXX object CMakeFiles/task_manager_msgs__rosidl_typesupport_c.dir/rosidl_typesupport_c/task_manager_msgs/srv/start_task__type_support.cpp.o
[ 42%] Building CXX object CMakeFiles/task_manager_msgs__rosidl_typesupport_c.dir/rosidl_typesupport_c/task_manager_msgs/srv/get_task_list__type_support.cpp.o
[ 42%] Building CXX object CMakeFiles/task_manager_msgs__rosidl_typesupport_c.dir/rosidl_typesupport_c/task_manager_msgs/srv/stop_task__type_support.cpp.o
[ 42%] Building CXX object CMakeFiles/task_manager_msgs__rosidl_typesupport_c.dir/rosidl_typesupport_c/task_manager_msgs/msg/task_description__type_support.cpp.o
[ 43%] Building CXX object CMakeFiles/task_manager_msgs__rosidl_typesupport_c.dir/rosidl_typesupport_c/task_manager_msgs/msg/task_parameter__type_support.cpp.o
[ 44%] Building CXX object CMakeFiles/task_manager_msgs__rosidl_typesupport_c.dir/rosidl_typesupport_c/task_manager_msgs/msg/task_status__type_support.cpp.o
[ 45%] Building CXX object CMakeFiles/task_manager_msgs__rosidl_typesupport_c.dir/rosidl_typesupport_c/task_manager_msgs/msg/task_config__type_support.cpp.o
[ 46%] Building CXX object CMakeFiles/task_manager_msgs__rosidl_typesupport_c.dir/rosidl_typesupport_c/task_manager_msgs/msg/sync_status__type_support.cpp.o
[ 46%] Building CXX object CMakeFiles/task_manager_msgs__rosidl_typesupport_c.dir/rosidl_typesupport_c/task_manager_msgs/msg/encapsulated_message__type_support.cpp.o
[ 47%] Linking CXX shared library libtask_manager_msgs__rosidl_typesupport_c.so
[ 49%] Building CXX object CMakeFiles/task_manager_msgs__rosidl_typesupport_introspection_cpp.dir/rosidl_typesupport_introspection_cpp/task_manager_msgs/srv/detail/get_all_task_status__type_support.cpp.o
[ 51%] Building CXX object CMakeFiles/task_manager_msgs__rosidl_typesupport_introspection_cpp.dir/rosidl_typesupport_introspection_cpp/task_manager_msgs/srv/detail/get_task_list__type_support.cpp.o
[ 52%] Building CXX object CMakeFiles/task_manager_msgs__rosidl_typesupport_introspection_cpp.dir/rosidl_typesupport_introspection_cpp/task_manager_msgs/msg/detail/task_description__type_support.cpp.o
[ 51%] Building CXX object CMakeFiles/task_manager_msgs__rosidl_typesupport_introspection_cpp.dir/rosidl_typesupport_introspection_cpp/task_manager_msgs/srv/detail/stop_task__type_support.cpp.o
[ 53%] Building CXX object CMakeFiles/task_manager_msgs__rosidl_typesupport_introspection_cpp.dir/rosidl_typesupport_introspection_cpp/task_manager_msgs/msg/detail/task_status__type_support.cpp.o
[ 53%] Building CXX object CMakeFiles/task_manager_msgs__rosidl_typesupport_introspection_cpp.dir/rosidl_typesupport_introspection_cpp/task_manager_msgs/msg/detail/task_config__type_support.cpp.o
[ 53%] Building CXX object CMakeFiles/task_manager_msgs__rosidl_typesupport_introspection_cpp.dir/rosidl_typesupport_introspection_cpp/task_manager_msgs/srv/detail/start_task__type_support.cpp.o
[ 53%] Building CXX object CMakeFiles/task_manager_msgs__rosidl_typesupport_introspection_cpp.dir/rosidl_typesupport_introspection_cpp/task_manager_msgs/msg/detail/task_parameter__type_support.cpp.o
[ 54%] Building C object CMakeFiles/task_manager_msgs__rosidl_typesupport_introspection_c.dir/rosidl_typesupport_introspection_c/task_manager_msgs/srv/detail/get_all_task_status__type_support.c.o
[ 55%] Building C object CMakeFiles/task_manager_msgs__rosidl_typesupport_introspection_c.dir/rosidl_typesupport_introspection_c/task_manager_msgs/srv/detail/start_task__type_support.c.o
[ 55%] Built target task_manager_msgs__rosidl_typesupport_c
[ 56%] Building C object CMakeFiles/task_manager_msgs__rosidl_typesupport_introspection_c.dir/rosidl_typesupport_introspection_c/task_manager_msgs/srv/detail/stop_task__type_support.c.o
[ 57%] Building CXX object CMakeFiles/task_manager_msgs__rosidl_typesupport_introspection_cpp.dir/rosidl_typesupport_introspection_cpp/task_manager_msgs/msg/detail/sync_status__type_support.cpp.o
[ 57%] Building C object CMakeFiles/task_manager_msgs__rosidl_typesupport_introspection_c.dir/rosidl_typesupport_introspection_c/task_manager_msgs/srv/detail/get_task_list__type_support.c.o
[ 58%] Building CXX object CMakeFiles/task_manager_msgs__rosidl_typesupport_introspection_cpp.dir/rosidl_typesupport_introspection_cpp/task_manager_msgs/msg/detail/encapsulated_message__type_support.cpp.o
[ 59%] Building C object CMakeFiles/task_manager_msgs__rosidl_typesupport_introspection_c.dir/rosidl_typesupport_introspection_c/task_manager_msgs/msg/detail/task_description__type_support.c.o
[ 61%] Building C object CMakeFiles/task_manager_msgs__rosidl_typesupport_introspection_c.dir/rosidl_typesupport_introspection_c/task_manager_msgs/msg/detail/task_parameter__type_support.c.o
[ 61%] Building C object CMakeFiles/task_manager_msgs__rosidl_typesupport_introspection_c.dir/rosidl_typesupport_introspection_c/task_manager_msgs/msg/detail/task_status__type_support.c.o
[ 62%] Building CXX object CMakeFiles/task_manager_msgs__rosidl_typesupport_fastrtps_cpp.dir/rosidl_typesupport_fastrtps_cpp/task_manager_msgs/srv/detail/dds_fastrtps/get_all_task_status__type_support.cpp.o
[ 63%] Linking CXX shared library libtask_manager_msgs__rosidl_typesupport_cpp.so
[ 64%] Building C object CMakeFiles/task_manager_msgs__rosidl_typesupport_introspection_c.dir/rosidl_typesupport_introspection_c/task_manager_msgs/msg/detail/task_config__type_support.c.o
[ 64%] Building CXX object CMakeFiles/task_manager_msgs__rosidl_typesupport_fastrtps_cpp.dir/rosidl_typesupport_fastrtps_cpp/task_manager_msgs/srv/detail/dds_fastrtps/start_task__type_support.cpp.o
[ 64%] Building C object CMakeFiles/task_manager_msgs__rosidl_typesupport_introspection_c.dir/rosidl_typesupport_introspection_c/task_manager_msgs/msg/detail/sync_status__type_support.c.o
[ 65%] Building C object CMakeFiles/task_manager_msgs__rosidl_typesupport_introspection_c.dir/rosidl_typesupport_introspection_c/task_manager_msgs/msg/detail/encapsulated_message__type_support.c.o
[ 66%] Building CXX object CMakeFiles/task_manager_msgs__rosidl_typesupport_fastrtps_cpp.dir/rosidl_typesupport_fastrtps_cpp/task_manager_msgs/srv/detail/dds_fastrtps/stop_task__type_support.cpp.o
[ 67%] Building CXX object CMakeFiles/task_manager_msgs__rosidl_typesupport_fastrtps_c.dir/rosidl_typesupport_fastrtps_c/task_manager_msgs/srv/detail/get_all_task_status__type_support_c.cpp.o
[ 68%] Building CXX object CMakeFiles/task_manager_msgs__rosidl_typesupport_fastrtps_cpp.dir/rosidl_typesupport_fastrtps_cpp/task_manager_msgs/srv/detail/dds_fastrtps/get_task_list__type_support.cpp.o
[ 69%] Linking C shared library libtask_manager_msgs__rosidl_typesupport_introspection_c.so
[ 70%] Building CXX object CMakeFiles/task_manager_msgs__rosidl_typesupport_fastrtps_cpp.dir/rosidl_typesupport_fastrtps_cpp/task_manager_msgs/msg/detail/dds_fastrtps/task_description__type_support.cpp.o
[ 70%] Built target task_manager_msgs__rosidl_typesupport_cpp
[ 72%] Building CXX object CMakeFiles/task_manager_msgs__rosidl_typesupport_fastrtps_c.dir/rosidl_typesupport_fastrtps_c/task_manager_msgs/srv/detail/start_task__type_support_c.cpp.o
[ 72%] Building CXX object CMakeFiles/task_manager_msgs__rosidl_typesupport_fastrtps_cpp.dir/rosidl_typesupport_fastrtps_cpp/task_manager_msgs/msg/detail/dds_fastrtps/task_parameter__type_support.cpp.o
[ 72%] Building CXX object CMakeFiles/task_manager_msgs__rosidl_typesupport_fastrtps_cpp.dir/rosidl_typesupport_fastrtps_cpp/task_manager_msgs/msg/detail/dds_fastrtps/task_status__type_support.cpp.o
[ 72%] Built target task_manager_msgs__rosidl_typesupport_introspection_c
[ 73%] Building CXX object CMakeFiles/task_manager_msgs__rosidl_typesupport_fastrtps_cpp.dir/rosidl_typesupport_fastrtps_cpp/task_manager_msgs/msg/detail/dds_fastrtps/task_config__type_support.cpp.o
[ 74%] Building CXX object CMakeFiles/task_manager_msgs__rosidl_typesupport_fastrtps_c.dir/rosidl_typesupport_fastrtps_c/task_manager_msgs/srv/detail/stop_task__type_support_c.cpp.o
[ 75%] Building CXX object CMakeFiles/task_manager_msgs__rosidl_typesupport_fastrtps_c.dir/rosidl_typesupport_fastrtps_c/task_manager_msgs/srv/detail/get_task_list__type_support_c.cpp.o
[ 76%] Building CXX object CMakeFiles/task_manager_msgs_encapsulate.dir/src/test_encapsulate.cpp.o
[ 77%] Building CXX object CMakeFiles/task_manager_msgs__rosidl_typesupport_fastrtps_cpp.dir/rosidl_typesupport_fastrtps_cpp/task_manager_msgs/msg/detail/dds_fastrtps/sync_status__type_support.cpp.o
[ 78%] Building CXX object CMakeFiles/task_manager_msgs__rosidl_typesupport_fastrtps_cpp.dir/rosidl_typesupport_fastrtps_cpp/task_manager_msgs/msg/detail/dds_fastrtps/encapsulated_message__type_support.cpp.o
[ 78%] Linking CXX shared library libtask_manager_msgs__rosidl_typesupport_introspection_cpp.so
[ 78%] Building CXX object CMakeFiles/task_manager_msgs__rosidl_typesupport_fastrtps_c.dir/rosidl_typesupport_fastrtps_c/task_manager_msgs/msg/detail/task_description__type_support_c.cpp.o
[ 79%] Building CXX object CMakeFiles/task_manager_msgs__rosidl_typesupport_fastrtps_c.dir/rosidl_typesupport_fastrtps_c/task_manager_msgs/msg/detail/task_parameter__type_support_c.cpp.o
[ 80%] Building CXX object CMakeFiles/task_manager_msgs__rosidl_typesupport_fastrtps_c.dir/rosidl_typesupport_fastrtps_c/task_manager_msgs/msg/detail/task_status__type_support_c.cpp.o
[ 81%] Building CXX object CMakeFiles/task_manager_msgs__rosidl_typesupport_fastrtps_c.dir/rosidl_typesupport_fastrtps_c/task_manager_msgs/msg/detail/task_config__type_support_c.cpp.o
[ 81%] Building CXX object CMakeFiles/task_manager_msgs__rosidl_typesupport_fastrtps_c.dir/rosidl_typesupport_fastrtps_c/task_manager_msgs/msg/detail/sync_status__type_support_c.cpp.o
[ 82%] Building CXX object CMakeFiles/task_manager_msgs__rosidl_typesupport_fastrtps_c.dir/rosidl_typesupport_fastrtps_c/task_manager_msgs/msg/detail/encapsulated_message__type_support_c.cpp.o
[ 82%] Built target task_manager_msgs__rosidl_typesupport_introspection_cpp
[ 83%] Linking CXX shared library libtask_manager_msgs__rosidl_typesupport_fastrtps_cpp.so
[ 84%] Linking CXX shared library libtask_manager_msgs__rosidl_typesupport_fastrtps_c.so
[ 84%] Built target task_manager_msgs__rosidl_typesupport_fastrtps_cpp
[ 84%] Built target task_manager_msgs__rosidl_typesupport_fastrtps_c
[ 84%] Built target task_manager_msgs
[ 85%] Generating Python code for ROS interfaces
[ 85%] Built target task_manager_msgs__py
[ 88%] Building C object CMakeFiles/task_manager_msgs__rosidl_generator_py.dir/rosidl_generator_py/task_manager_msgs/srv/_get_task_list_s.c.o
[ 91%] Building C object CMakeFiles/task_manager_msgs__rosidl_generator_py.dir/rosidl_generator_py/task_manager_msgs/msg/_task_description_s.c.o
[ 91%] Building C object CMakeFiles/task_manager_msgs__rosidl_generator_py.dir/rosidl_generator_py/task_manager_msgs/srv/_stop_task_s.c.o
[ 91%] Building C object CMakeFiles/task_manager_msgs__rosidl_generator_py.dir/rosidl_generator_py/task_manager_msgs/srv/_start_task_s.c.o
[ 93%] Building C object CMakeFiles/task_manager_msgs__rosidl_generator_py.dir/rosidl_generator_py/task_manager_msgs/msg/_task_status_s.c.o
[ 92%] Building C object CMakeFiles/task_manager_msgs__rosidl_generator_py.dir/rosidl_generator_py/task_manager_msgs/msg/_sync_status_s.c.o
[ 93%] Building C object CMakeFiles/task_manager_msgs__rosidl_generator_py.dir/rosidl_generator_py/task_manager_msgs/msg/_encapsulated_message_s.c.o
[ 93%] Building C object CMakeFiles/task_manager_msgs__rosidl_generator_py.dir/rosidl_generator_py/task_manager_msgs/msg/_task_parameter_s.c.o
[ 93%] Building C object CMakeFiles/task_manager_msgs__rosidl_generator_py.dir/rosidl_generator_py/task_manager_msgs/msg/_task_config_s.c.o
[ 92%] Building C object CMakeFiles/task_manager_msgs__rosidl_generator_py.dir/rosidl_generator_py/task_manager_msgs/srv/_get_all_task_status_s.c.o
[ 94%] Linking C shared library libtask_manager_msgs__rosidl_generator_py.so
[ 94%] Built target task_manager_msgs__rosidl_generator_py
[ 96%] Building C object CMakeFiles/task_manager_msgs_s__rosidl_typesupport_fastrtps_c.dir/rosidl_generator_py/task_manager_msgs/_task_manager_msgs_s.ep.rosidl_typesupport_fastrtps_c.c.o
[ 97%] Building C object CMakeFiles/task_manager_msgs_s__rosidl_typesupport_introspection_c.dir/rosidl_generator_py/task_manager_msgs/_task_manager_msgs_s.ep.rosidl_typesupport_introspection_c.c.o
[ 97%] Building C object CMakeFiles/task_manager_msgs_s__rosidl_typesupport_c.dir/rosidl_generator_py/task_manager_msgs/_task_manager_msgs_s.ep.rosidl_typesupport_c.c.o
[ 97%] Linking C shared module rosidl_generator_py/task_manager_msgs/task_manager_msgs_s__rosidl_typesupport_c.so
[ 98%] Linking C shared module rosidl_generator_py/task_manager_msgs/task_manager_msgs_s__rosidl_typesupport_fastrtps_c.so
[ 99%] Linking C shared module rosidl_generator_py/task_manager_msgs/task_manager_msgs_s__rosidl_typesupport_introspection_c.so
[ 99%] Built target task_manager_msgs_s__rosidl_typesupport_c
[ 99%] Built target task_manager_msgs_s__rosidl_typesupport_fastrtps_c
[ 99%] Built target task_manager_msgs_s__rosidl_typesupport_introspection_c
[100%] Linking CXX executable task_manager_msgs_encapsulate
[100%] Built target task_manager_msgs_encapsulate
-- Install configuration: ""
-- Execute custom install script
-- Symlinking: /home/GTL/asacks/ros_workspace/install/task_manager_msgs/share/ament_index/resource_index/rosidl_interfaces/task_manager_msgs
-- Symlinking: /home/GTL/asacks/ros_workspace/install/task_manager_msgs/share/task_manager_msgs/srv/GetAllTaskStatus.json
-- Symlinking: /home/GTL/asacks/ros_workspace/install/task_manager_msgs/share/task_manager_msgs/srv/StartTask.json
-- Symlinking: /home/GTL/asacks/ros_workspace/install/task_manager_msgs/share/task_manager_msgs/srv/StopTask.json
-- Symlinking: /home/GTL/asacks/ros_workspace/install/task_manager_msgs/share/task_manager_msgs/srv/GetTaskList.json
-- Symlinking: /home/GTL/asacks/ros_workspace/install/task_manager_msgs/share/task_manager_msgs/msg/TaskDescription.json
-- Symlinking: /home/GTL/asacks/ros_workspace/install/task_manager_msgs/share/task_manager_msgs/msg/TaskParameter.json
-- Symlinking: /home/GTL/asacks/ros_workspace/install/task_manager_msgs/share/task_manager_msgs/msg/TaskStatus.json
-- Symlinking: /home/GTL/asacks/ros_workspace/install/task_manager_msgs/share/task_manager_msgs/msg/TaskConfig.json
-- Symlinking: /home/GTL/asacks/ros_workspace/install/task_manager_msgs/share/task_manager_msgs/msg/SyncStatus.json
-- Symlinking: /home/GTL/asacks/ros_workspace/install/task_manager_msgs/share/task_manager_msgs/msg/EncapsulatedMessage.json
-- Symlinking: /home/GTL/asacks/ros_workspace/install/task_manager_msgs/include/task_manager_msgs/task_manager_msgs/msg/detail/encapsulated_message__functions.h
-- Symlinking: /home/GTL/asacks/ros_workspace/install/task_manager_msgs/include/task_manager_msgs/task_manager_msgs/msg/detail/encapsulated_message__struct.h
-- Symlinking: /home/GTL/asacks/ros_workspace/install/task_manager_msgs/include/task_manager_msgs/task_manager_msgs/msg/detail/encapsulated_message__type_support.h
-- Symlinking: /home/GTL/asacks/ros_workspace/install/task_manager_msgs/include/task_manager_msgs/task_manager_msgs/msg/detail/sync_status__functions.h
-- Symlinking: /home/GTL/asacks/ros_workspace/install/task_manager_msgs/include/task_manager_msgs/task_manager_msgs/msg/detail/sync_status__struct.h
-- Symlinking: /home/GTL/asacks/ros_workspace/install/task_manager_msgs/include/task_manager_msgs/task_manager_msgs/msg/detail/sync_status__type_support.h
-- Symlinking: /home/GTL/asacks/ros_workspace/install/task_manager_msgs/include/task_manager_msgs/task_manager_msgs/msg/detail/task_config__functions.h
-- Symlinking: /home/GTL/asacks/ros_workspace/install/task_manager_msgs/include/task_manager_msgs/task_manager_msgs/msg/detail/task_config__struct.h
-- Symlinking: /home/GTL/asacks/ros_workspace/install/task_manager_msgs/include/task_manager_msgs/task_manager_msgs/msg/detail/task_config__type_support.h
-- Symlinking: /home/GTL/asacks/ros_workspace/install/task_manager_msgs/include/task_manager_msgs/task_manager_msgs/msg/detail/task_description__functions.h
-- Symlinking: /home/GTL/asacks/ros_workspace/install/task_manager_msgs/include/task_manager_msgs/task_manager_msgs/msg/detail/task_description__struct.h
-- Symlinking: /home/GTL/asacks/ros_workspace/install/task_manager_msgs/include/task_manager_msgs/task_manager_msgs/msg/detail/task_description__type_support.h
-- Symlinking: /home/GTL/asacks/ros_workspace/install/task_manager_msgs/include/task_manager_msgs/task_manager_msgs/msg/detail/task_parameter__functions.h
-- Symlinking: /home/GTL/asacks/ros_workspace/install/task_manager_msgs/include/task_manager_msgs/task_manager_msgs/msg/detail/task_parameter__struct.h
-- Symlinking: /home/GTL/asacks/ros_workspace/install/task_manager_msgs/include/task_manager_msgs/task_manager_msgs/msg/detail/task_parameter__type_support.h
-- Symlinking: /home/GTL/asacks/ros_workspace/install/task_manager_msgs/include/task_manager_msgs/task_manager_msgs/msg/detail/task_status__functions.h
-- Symlinking: /home/GTL/asacks/ros_workspace/install/task_manager_msgs/include/task_manager_msgs/task_manager_msgs/msg/detail/task_status__struct.h
-- Symlinking: /home/GTL/asacks/ros_workspace/install/task_manager_msgs/include/task_manager_msgs/task_manager_msgs/msg/detail/task_status__type_support.h
-- Symlinking: /home/GTL/asacks/ros_workspace/install/task_manager_msgs/include/task_manager_msgs/task_manager_msgs/msg/encapsulated_message.h
-- Symlinking: /home/GTL/asacks/ros_workspace/install/task_manager_msgs/include/task_manager_msgs/task_manager_msgs/msg/rosidl_generator_c__visibility_control.h
-- Symlinking: /home/GTL/asacks/ros_workspace/install/task_manager_msgs/include/task_manager_msgs/task_manager_msgs/msg/sync_status.h
-- Symlinking: /home/GTL/asacks/ros_workspace/install/task_manager_msgs/include/task_manager_msgs/task_manager_msgs/msg/task_config.h
-- Symlinking: /home/GTL/asacks/ros_workspace/install/task_manager_msgs/include/task_manager_msgs/task_manager_msgs/msg/task_description.h
-- Symlinking: /home/GTL/asacks/ros_workspace/install/task_manager_msgs/include/task_manager_msgs/task_manager_msgs/msg/task_parameter.h
-- Symlinking: /home/GTL/asacks/ros_workspace/install/task_manager_msgs/include/task_manager_msgs/task_manager_msgs/msg/task_status.h
-- Symlinking: /home/GTL/asacks/ros_workspace/install/task_manager_msgs/include/task_manager_msgs/task_manager_msgs/srv/detail/get_all_task_status__functions.h
-- Symlinking: /home/GTL/asacks/ros_workspace/install/task_manager_msgs/include/task_manager_msgs/task_manager_msgs/srv/detail/get_all_task_status__struct.h
-- Symlinking: /home/GTL/asacks/ros_workspace/install/task_manager_msgs/include/task_manager_msgs/task_manager_msgs/srv/detail/get_all_task_status__type_support.h
-- Symlinking: /home/GTL/asacks/ros_workspace/install/task_manager_msgs/include/task_manager_msgs/task_manager_msgs/srv/detail/get_task_list__functions.h
-- Symlinking: /home/GTL/asacks/ros_workspace/install/task_manager_msgs/include/task_manager_msgs/task_manager_msgs/srv/detail/get_task_list__struct.h
-- Symlinking: /home/GTL/asacks/ros_workspace/install/task_manager_msgs/include/task_manager_msgs/task_manager_msgs/srv/detail/get_task_list__type_support.h
-- Symlinking: /home/GTL/asacks/ros_workspace/install/task_manager_msgs/include/task_manager_msgs/task_manager_msgs/srv/detail/start_task__functions.h
-- Symlinking: /home/GTL/asacks/ros_workspace/install/task_manager_msgs/include/task_manager_msgs/task_manager_msgs/srv/detail/start_task__struct.h
-- Symlinking: /home/GTL/asacks/ros_workspace/install/task_manager_msgs/include/task_manager_msgs/task_manager_msgs/srv/detail/start_task__type_support.h
-- Symlinking: /home/GTL/asacks/ros_workspace/install/task_manager_msgs/include/task_manager_msgs/task_manager_msgs/srv/detail/stop_task__functions.h
-- Symlinking: /home/GTL/asacks/ros_workspace/install/task_manager_msgs/include/task_manager_msgs/task_manager_msgs/srv/detail/stop_task__struct.h
-- Symlinking: /home/GTL/asacks/ros_workspace/install/task_manager_msgs/include/task_manager_msgs/task_manager_msgs/srv/detail/stop_task__type_support.h
-- Symlinking: /home/GTL/asacks/ros_workspace/install/task_manager_msgs/include/task_manager_msgs/task_manager_msgs/srv/get_all_task_status.h
-- Symlinking: /home/GTL/asacks/ros_workspace/install/task_manager_msgs/include/task_manager_msgs/task_manager_msgs/srv/get_task_list.h
-- Symlinking: /home/GTL/asacks/ros_workspace/install/task_manager_msgs/include/task_manager_msgs/task_manager_msgs/srv/start_task.h
-- Symlinking: /home/GTL/asacks/ros_workspace/install/task_manager_msgs/include/task_manager_msgs/task_manager_msgs/srv/stop_task.h
-- Symlinking: /home/GTL/asacks/ros_workspace/install/task_manager_msgs/share/task_manager_msgs/environment/library_path.sh
-- Symlinking: /home/GTL/asacks/ros_workspace/install/task_manager_msgs/share/task_manager_msgs/environment/library_path.dsv
-- Symlinking: /home/GTL/asacks/ros_workspace/install/task_manager_msgs/include/task_manager_msgs/task_manager_msgs/msg/detail/encapsulated_message__rosidl_typesupport_fastrtps_c.h
-- Symlinking: /home/GTL/asacks/ros_workspace/install/task_manager_msgs/include/task_manager_msgs/task_manager_msgs/msg/detail/sync_status__rosidl_typesupport_fastrtps_c.h
-- Symlinking: /home/GTL/asacks/ros_workspace/install/task_manager_msgs/include/task_manager_msgs/task_manager_msgs/msg/detail/task_config__rosidl_typesupport_fastrtps_c.h
-- Symlinking: /home/GTL/asacks/ros_workspace/install/task_manager_msgs/include/task_manager_msgs/task_manager_msgs/msg/detail/task_description__rosidl_typesupport_fastrtps_c.h
-- Symlinking: /home/GTL/asacks/ros_workspace/install/task_manager_msgs/include/task_manager_msgs/task_manager_msgs/msg/detail/task_parameter__rosidl_typesupport_fastrtps_c.h
-- Symlinking: /home/GTL/asacks/ros_workspace/install/task_manager_msgs/include/task_manager_msgs/task_manager_msgs/msg/detail/task_status__rosidl_typesupport_fastrtps_c.h
-- Symlinking: /home/GTL/asacks/ros_workspace/install/task_manager_msgs/include/task_manager_msgs/task_manager_msgs/msg/rosidl_typesupport_fastrtps_c__visibility_control.h
-- Symlinking: /home/GTL/asacks/ros_workspace/install/task_manager_msgs/include/task_manager_msgs/task_manager_msgs/srv/detail/get_all_task_status__rosidl_typesupport_fastrtps_c.h
-- Symlinking: /home/GTL/asacks/ros_workspace/install/task_manager_msgs/include/task_manager_msgs/task_manager_msgs/srv/detail/get_task_list__rosidl_typesupport_fastrtps_c.h
-- Symlinking: /home/GTL/asacks/ros_workspace/install/task_manager_msgs/include/task_manager_msgs/task_manager_msgs/srv/detail/start_task__rosidl_typesupport_fastrtps_c.h
-- Symlinking: /home/GTL/asacks/ros_workspace/install/task_manager_msgs/include/task_manager_msgs/task_manager_msgs/srv/detail/stop_task__rosidl_typesupport_fastrtps_c.h
-- Symlinking: /home/GTL/asacks/ros_workspace/install/task_manager_msgs/include/task_manager_msgs/task_manager_msgs/msg/detail/encapsulated_message__builder.hpp
-- Symlinking: /home/GTL/asacks/ros_workspace/install/task_manager_msgs/include/task_manager_msgs/task_manager_msgs/msg/detail/encapsulated_message__struct.hpp
-- Symlinking: /home/GTL/asacks/ros_workspace/install/task_manager_msgs/include/task_manager_msgs/task_manager_msgs/msg/detail/encapsulated_message__traits.hpp
-- Symlinking: /home/GTL/asacks/ros_workspace/install/task_manager_msgs/include/task_manager_msgs/task_manager_msgs/msg/detail/encapsulated_message__type_support.hpp
-- Symlinking: /home/GTL/asacks/ros_workspace/install/task_manager_msgs/include/task_manager_msgs/task_manager_msgs/msg/detail/sync_status__builder.hpp
-- Symlinking: /home/GTL/asacks/ros_workspace/install/task_manager_msgs/include/task_manager_msgs/task_manager_msgs/msg/detail/sync_status__struct.hpp
-- Symlinking: /home/GTL/asacks/ros_workspace/install/task_manager_msgs/include/task_manager_msgs/task_manager_msgs/msg/detail/sync_status__traits.hpp
-- Symlinking: /home/GTL/asacks/ros_workspace/install/task_manager_msgs/include/task_manager_msgs/task_manager_msgs/msg/detail/sync_status__type_support.hpp
-- Symlinking: /home/GTL/asacks/ros_workspace/install/task_manager_msgs/include/task_manager_msgs/task_manager_msgs/msg/detail/task_config__builder.hpp
-- Symlinking: /home/GTL/asacks/ros_workspace/install/task_manager_msgs/include/task_manager_msgs/task_manager_msgs/msg/detail/task_config__struct.hpp
-- Symlinking: /home/GTL/asacks/ros_workspace/install/task_manager_msgs/include/task_manager_msgs/task_manager_msgs/msg/detail/task_config__traits.hpp
-- Symlinking: /home/GTL/asacks/ros_workspace/install/task_manager_msgs/include/task_manager_msgs/task_manager_msgs/msg/detail/task_config__type_support.hpp
-- Symlinking: /home/GTL/asacks/ros_workspace/install/task_manager_msgs/include/task_manager_msgs/task_manager_msgs/msg/detail/task_description__builder.hpp
-- Symlinking: /home/GTL/asacks/ros_workspace/install/task_manager_msgs/include/task_manager_msgs/task_manager_msgs/msg/detail/task_description__struct.hpp
-- Symlinking: /home/GTL/asacks/ros_workspace/install/task_manager_msgs/include/task_manager_msgs/task_manager_msgs/msg/detail/task_description__traits.hpp
-- Symlinking: /home/GTL/asacks/ros_workspace/install/task_manager_msgs/include/task_manager_msgs/task_manager_msgs/msg/detail/task_description__type_support.hpp
-- Symlinking: /home/GTL/asacks/ros_workspace/install/task_manager_msgs/include/task_manager_msgs/task_manager_msgs/msg/detail/task_parameter__builder.hpp
-- Symlinking: /home/GTL/asacks/ros_workspace/install/task_manager_msgs/include/task_manager_msgs/task_manager_msgs/msg/detail/task_parameter__struct.hpp
-- Symlinking: /home/GTL/asacks/ros_workspace/install/task_manager_msgs/include/task_manager_msgs/task_manager_msgs/msg/detail/task_parameter__traits.hpp
-- Symlinking: /home/GTL/asacks/ros_workspace/install/task_manager_msgs/include/task_manager_msgs/task_manager_msgs/msg/detail/task_parameter__type_support.hpp
-- Symlinking: /home/GTL/asacks/ros_workspace/install/task_manager_msgs/include/task_manager_msgs/task_manager_msgs/msg/detail/task_status__builder.hpp
-- Symlinking: /home/GTL/asacks/ros_workspace/install/task_manager_msgs/include/task_manager_msgs/task_manager_msgs/msg/detail/task_status__struct.hpp
-- Symlinking: /home/GTL/asacks/ros_workspace/install/task_manager_msgs/include/task_manager_msgs/task_manager_msgs/msg/detail/task_status__traits.hpp
-- Symlinking: /home/GTL/asacks/ros_workspace/install/task_manager_msgs/include/task_manager_msgs/task_manager_msgs/msg/detail/task_status__type_support.hpp
-- Symlinking: /home/GTL/asacks/ros_workspace/install/task_manager_msgs/include/task_manager_msgs/task_manager_msgs/msg/encapsulated_message.hpp
-- Symlinking: /home/GTL/asacks/ros_workspace/install/task_manager_msgs/include/task_manager_msgs/task_manager_msgs/msg/rosidl_generator_cpp__visibility_control.hpp
-- Symlinking: /home/GTL/asacks/ros_workspace/install/task_manager_msgs/include/task_manager_msgs/task_manager_msgs/msg/sync_status.hpp
-- Symlinking: /home/GTL/asacks/ros_workspace/install/task_manager_msgs/include/task_manager_msgs/task_manager_msgs/msg/task_config.hpp
-- Symlinking: /home/GTL/asacks/ros_workspace/install/task_manager_msgs/include/task_manager_msgs/task_manager_msgs/msg/task_description.hpp
-- Symlinking: /home/GTL/asacks/ros_workspace/install/task_manager_msgs/include/task_manager_msgs/task_manager_msgs/msg/task_parameter.hpp
-- Symlinking: /home/GTL/asacks/ros_workspace/install/task_manager_msgs/include/task_manager_msgs/task_manager_msgs/msg/task_status.hpp
-- Symlinking: /home/GTL/asacks/ros_workspace/install/task_manager_msgs/include/task_manager_msgs/task_manager_msgs/srv/detail/get_all_task_status__builder.hpp
-- Symlinking: /home/GTL/asacks/ros_workspace/install/task_manager_msgs/include/task_manager_msgs/task_manager_msgs/srv/detail/get_all_task_status__struct.hpp
-- Symlinking: /home/GTL/asacks/ros_workspace/install/task_manager_msgs/include/task_manager_msgs/task_manager_msgs/srv/detail/get_all_task_status__traits.hpp
-- Symlinking: /home/GTL/asacks/ros_workspace/install/task_manager_msgs/include/task_manager_msgs/task_manager_msgs/srv/detail/get_all_task_status__type_support.hpp
-- Symlinking: /home/GTL/asacks/ros_workspace/install/task_manager_msgs/include/task_manager_msgs/task_manager_msgs/srv/detail/get_task_list__builder.hpp
-- Symlinking: /home/GTL/asacks/ros_workspace/install/task_manager_msgs/include/task_manager_msgs/task_manager_msgs/srv/detail/get_task_list__struct.hpp
-- Symlinking: /home/GTL/asacks/ros_workspace/install/task_manager_msgs/include/task_manager_msgs/task_manager_msgs/srv/detail/get_task_list__traits.hpp
-- Symlinking: /home/GTL/asacks/ros_workspace/install/task_manager_msgs/include/task_manager_msgs/task_manager_msgs/srv/detail/get_task_list__type_support.hpp
-- Symlinking: /home/GTL/asacks/ros_workspace/install/task_manager_msgs/include/task_manager_msgs/task_manager_msgs/srv/detail/start_task__builder.hpp
-- Symlinking: /home/GTL/asacks/ros_workspace/install/task_manager_msgs/include/task_manager_msgs/task_manager_msgs/srv/detail/start_task__struct.hpp
-- Symlinking: /home/GTL/asacks/ros_workspace/install/task_manager_msgs/include/task_manager_msgs/task_manager_msgs/srv/detail/start_task__traits.hpp
-- Symlinking: /home/GTL/asacks/ros_workspace/install/task_manager_msgs/include/task_manager_msgs/task_manager_msgs/srv/detail/start_task__type_support.hpp
-- Symlinking: /home/GTL/asacks/ros_workspace/install/task_manager_msgs/include/task_manager_msgs/task_manager_msgs/srv/detail/stop_task__builder.hpp
-- Symlinking: /home/GTL/asacks/ros_workspace/install/task_manager_msgs/include/task_manager_msgs/task_manager_msgs/srv/detail/stop_task__struct.hpp
-- Symlinking: /home/GTL/asacks/ros_workspace/install/task_manager_msgs/include/task_manager_msgs/task_manager_msgs/srv/detail/stop_task__traits.hpp
-- Symlinking: /home/GTL/asacks/ros_workspace/install/task_manager_msgs/include/task_manager_msgs/task_manager_msgs/srv/detail/stop_task__type_support.hpp
-- Symlinking: /home/GTL/asacks/ros_workspace/install/task_manager_msgs/include/task_manager_msgs/task_manager_msgs/srv/get_all_task_status.hpp
-- Symlinking: /home/GTL/asacks/ros_workspace/install/task_manager_msgs/include/task_manager_msgs/task_manager_msgs/srv/get_task_list.hpp
-- Symlinking: /home/GTL/asacks/ros_workspace/install/task_manager_msgs/include/task_manager_msgs/task_manager_msgs/srv/start_task.hpp
-- Symlinking: /home/GTL/asacks/ros_workspace/install/task_manager_msgs/include/task_manager_msgs/task_manager_msgs/srv/stop_task.hpp
-- Symlinking: /home/GTL/asacks/ros_workspace/install/task_manager_msgs/include/task_manager_msgs/task_manager_msgs/msg/detail/encapsulated_message__rosidl_typesupport_fastrtps_cpp.hpp
-- Symlinking: /home/GTL/asacks/ros_workspace/install/task_manager_msgs/include/task_manager_msgs/task_manager_msgs/msg/detail/sync_status__rosidl_typesupport_fastrtps_cpp.hpp
-- Symlinking: /home/GTL/asacks/ros_workspace/install/task_manager_msgs/include/task_manager_msgs/task_manager_msgs/msg/detail/task_config__rosidl_typesupport_fastrtps_cpp.hpp
-- Symlinking: /home/GTL/asacks/ros_workspace/install/task_manager_msgs/include/task_manager_msgs/task_manager_msgs/msg/detail/task_description__rosidl_typesupport_fastrtps_cpp.hpp
-- Symlinking: /home/GTL/asacks/ros_workspace/install/task_manager_msgs/include/task_manager_msgs/task_manager_msgs/msg/detail/task_parameter__rosidl_typesupport_fastrtps_cpp.hpp
-- Symlinking: /home/GTL/asacks/ros_workspace/install/task_manager_msgs/include/task_manager_msgs/task_manager_msgs/msg/detail/task_status__rosidl_typesupport_fastrtps_cpp.hpp
-- Symlinking: /home/GTL/asacks/ros_workspace/install/task_manager_msgs/include/task_manager_msgs/task_manager_msgs/msg/rosidl_typesupport_fastrtps_cpp__visibility_control.h
-- Symlinking: /home/GTL/asacks/ros_workspace/install/task_manager_msgs/include/task_manager_msgs/task_manager_msgs/srv/detail/get_all_task_status__rosidl_typesupport_fastrtps_cpp.hpp
-- Symlinking: /home/GTL/asacks/ros_workspace/install/task_manager_msgs/include/task_manager_msgs/task_manager_msgs/srv/detail/get_task_list__rosidl_typesupport_fastrtps_cpp.hpp
-- Symlinking: /home/GTL/asacks/ros_workspace/install/task_manager_msgs/include/task_manager_msgs/task_manager_msgs/srv/detail/start_task__rosidl_typesupport_fastrtps_cpp.hpp
-- Symlinking: /home/GTL/asacks/ros_workspace/install/task_manager_msgs/include/task_manager_msgs/task_manager_msgs/srv/detail/stop_task__rosidl_typesupport_fastrtps_cpp.hpp
-- Symlinking: /home/GTL/asacks/ros_workspace/install/task_manager_msgs/include/task_manager_msgs/task_manager_msgs/msg/detail/encapsulated_message__rosidl_typesupport_introspection_c.h
-- Symlinking: /home/GTL/asacks/ros_workspace/install/task_manager_msgs/include/task_manager_msgs/task_manager_msgs/msg/detail/sync_status__rosidl_typesupport_introspection_c.h
-- Symlinking: /home/GTL/asacks/ros_workspace/install/task_manager_msgs/include/task_manager_msgs/task_manager_msgs/msg/detail/task_config__rosidl_typesupport_introspection_c.h
-- Symlinking: /home/GTL/asacks/ros_workspace/install/task_manager_msgs/include/task_manager_msgs/task_manager_msgs/msg/detail/task_description__rosidl_typesupport_introspection_c.h
-- Symlinking: /home/GTL/asacks/ros_workspace/install/task_manager_msgs/include/task_manager_msgs/task_manager_msgs/msg/detail/task_parameter__rosidl_typesupport_introspection_c.h
-- Symlinking: /home/GTL/asacks/ros_workspace/install/task_manager_msgs/include/task_manager_msgs/task_manager_msgs/msg/detail/task_status__rosidl_typesupport_introspection_c.h
-- Symlinking: /home/GTL/asacks/ros_workspace/install/task_manager_msgs/include/task_manager_msgs/task_manager_msgs/msg/rosidl_typesupport_introspection_c__visibility_control.h
-- Symlinking: /home/GTL/asacks/ros_workspace/install/task_manager_msgs/include/task_manager_msgs/task_manager_msgs/srv/detail/get_all_task_status__rosidl_typesupport_introspection_c.h
-- Symlinking: /home/GTL/asacks/ros_workspace/install/task_manager_msgs/include/task_manager_msgs/task_manager_msgs/srv/detail/get_task_list__rosidl_typesupport_introspection_c.h
-- Symlinking: /home/GTL/asacks/ros_workspace/install/task_manager_msgs/include/task_manager_msgs/task_manager_msgs/srv/detail/start_task__rosidl_typesupport_introspection_c.h
-- Symlinking: /home/GTL/asacks/ros_workspace/install/task_manager_msgs/include/task_manager_msgs/task_manager_msgs/srv/detail/stop_task__rosidl_typesupport_introspection_c.h
-- Symlinking: /home/GTL/asacks/ros_workspace/install/task_manager_msgs/include/task_manager_msgs/task_manager_msgs/msg/detail/encapsulated_message__rosidl_typesupport_introspection_cpp.hpp
-- Symlinking: /home/GTL/asacks/ros_workspace/install/task_manager_msgs/include/task_manager_msgs/task_manager_msgs/msg/detail/sync_status__rosidl_typesupport_introspection_cpp.hpp
-- Symlinking: /home/GTL/asacks/ros_workspace/install/task_manager_msgs/include/task_manager_msgs/task_manager_msgs/msg/detail/task_config__rosidl_typesupport_introspection_cpp.hpp
-- Symlinking: /home/GTL/asacks/ros_workspace/install/task_manager_msgs/include/task_manager_msgs/task_manager_msgs/msg/detail/task_description__rosidl_typesupport_introspection_cpp.hpp
-- Symlinking: /home/GTL/asacks/ros_workspace/install/task_manager_msgs/include/task_manager_msgs/task_manager_msgs/msg/detail/task_parameter__rosidl_typesupport_introspection_cpp.hpp
-- Symlinking: /home/GTL/asacks/ros_workspace/install/task_manager_msgs/include/task_manager_msgs/task_manager_msgs/msg/detail/task_status__rosidl_typesupport_introspection_cpp.hpp
-- Symlinking: /home/GTL/asacks/ros_workspace/install/task_manager_msgs/include/task_manager_msgs/task_manager_msgs/srv/detail/get_all_task_status__rosidl_typesupport_introspection_cpp.hpp
-- Symlinking: /home/GTL/asacks/ros_workspace/install/task_manager_msgs/include/task_manager_msgs/task_manager_msgs/srv/detail/get_task_list__rosidl_typesupport_introspection_cpp.hpp
-- Symlinking: /home/GTL/asacks/ros_workspace/install/task_manager_msgs/include/task_manager_msgs/task_manager_msgs/srv/detail/start_task__rosidl_typesupport_introspection_cpp.hpp
-- Symlinking: /home/GTL/asacks/ros_workspace/install/task_manager_msgs/include/task_manager_msgs/task_manager_msgs/srv/detail/stop_task__rosidl_typesupport_introspection_cpp.hpp
-- Symlinking: /home/GTL/asacks/ros_workspace/install/task_manager_msgs/share/task_manager_msgs/environment/pythonpath.sh
-- Symlinking: /home/GTL/asacks/ros_workspace/install/task_manager_msgs/share/task_manager_msgs/environment/pythonpath.dsv
-- Symlinking: /home/GTL/asacks/ros_workspace/install/task_manager_msgs/lib/python3.12/site-packages/task_manager_msgs-0.0.0-py3.12.egg-info/PKG-INFO
-- Symlinking: /home/GTL/asacks/ros_workspace/install/task_manager_msgs/lib/python3.12/site-packages/task_manager_msgs-0.0.0-py3.12.egg-info/SOURCES.txt
-- Symlinking: /home/GTL/asacks/ros_workspace/install/task_manager_msgs/lib/python3.12/site-packages/task_manager_msgs-0.0.0-py3.12.egg-info/dependency_links.txt
-- Symlinking: /home/GTL/asacks/ros_workspace/install/task_manager_msgs/lib/python3.12/site-packages/task_manager_msgs-0.0.0-py3.12.egg-info/top_level.txt
-- Symlinking: /home/GTL/asacks/ros_workspace/install/task_manager_msgs/lib/python3.12/site-packages/task_manager_msgs/__init__.py
-- Symlinking: /home/GTL/asacks/ros_workspace/install/task_manager_msgs/lib/python3.12/site-packages/task_manager_msgs/_task_manager_msgs_s.ep.rosidl_typesupport_c.c
-- Symlinking: /home/GTL/asacks/ros_workspace/install/task_manager_msgs/lib/python3.12/site-packages/task_manager_msgs/_task_manager_msgs_s.ep.rosidl_typesupport_fastrtps_c.c
-- Symlinking: /home/GTL/asacks/ros_workspace/install/task_manager_msgs/lib/python3.12/site-packages/task_manager_msgs/_task_manager_msgs_s.ep.rosidl_typesupport_introspection_c.c
-- Symlinking: /home/GTL/asacks/ros_workspace/install/task_manager_msgs/lib/python3.12/site-packages/task_manager_msgs/msg/__init__.py
-- Symlinking: /home/GTL/asacks/ros_workspace/install/task_manager_msgs/lib/python3.12/site-packages/task_manager_msgs/msg/_encapsulated_message.py
-- Symlinking: /home/GTL/asacks/ros_workspace/install/task_manager_msgs/lib/python3.12/site-packages/task_manager_msgs/msg/_encapsulated_message_s.c
-- Symlinking: /home/GTL/asacks/ros_workspace/install/task_manager_msgs/lib/python3.12/site-packages/task_manager_msgs/msg/_sync_status.py
-- Symlinking: /home/GTL/asacks/ros_workspace/install/task_manager_msgs/lib/python3.12/site-packages/task_manager_msgs/msg/_sync_status_s.c
-- Symlinking: /home/GTL/asacks/ros_workspace/install/task_manager_msgs/lib/python3.12/site-packages/task_manager_msgs/msg/_task_config.py
-- Symlinking: /home/GTL/asacks/ros_workspace/install/task_manager_msgs/lib/python3.12/site-packages/task_manager_msgs/msg/_task_config_s.c
-- Symlinking: /home/GTL/asacks/ros_workspace/install/task_manager_msgs/lib/python3.12/site-packages/task_manager_msgs/msg/_task_description.py
-- Symlinking: /home/GTL/asacks/ros_workspace/install/task_manager_msgs/lib/python3.12/site-packages/task_manager_msgs/msg/_task_description_s.c
-- Symlinking: /home/GTL/asacks/ros_workspace/install/task_manager_msgs/lib/python3.12/site-packages/task_manager_msgs/msg/_task_parameter.py
-- Symlinking: /home/GTL/asacks/ros_workspace/install/task_manager_msgs/lib/python3.12/site-packages/task_manager_msgs/msg/_task_parameter_s.c
-- Symlinking: /home/GTL/asacks/ros_workspace/install/task_manager_msgs/lib/python3.12/site-packages/task_manager_msgs/msg/_task_status.py
-- Symlinking: /home/GTL/asacks/ros_workspace/install/task_manager_msgs/lib/python3.12/site-packages/task_manager_msgs/msg/_task_status_s.c
-- Symlinking: /home/GTL/asacks/ros_workspace/install/task_manager_msgs/lib/python3.12/site-packages/task_manager_msgs/srv/__init__.py
-- Symlinking: /home/GTL/asacks/ros_workspace/install/task_manager_msgs/lib/python3.12/site-packages/task_manager_msgs/srv/_get_all_task_status.py
-- Symlinking: /home/GTL/asacks/ros_workspace/install/task_manager_msgs/lib/python3.12/site-packages/task_manager_msgs/srv/_get_all_task_status_s.c
-- Symlinking: /home/GTL/asacks/ros_workspace/install/task_manager_msgs/lib/python3.12/site-packages/task_manager_msgs/srv/_get_task_list.py
-- Symlinking: /home/GTL/asacks/ros_workspace/install/task_manager_msgs/lib/python3.12/site-packages/task_manager_msgs/srv/_get_task_list_s.c
-- Symlinking: /home/GTL/asacks/ros_workspace/install/task_manager_msgs/lib/python3.12/site-packages/task_manager_msgs/srv/_start_task.py
-- Symlinking: /home/GTL/asacks/ros_workspace/install/task_manager_msgs/lib/python3.12/site-packages/task_manager_msgs/srv/_start_task_s.c
-- Symlinking: /home/GTL/asacks/ros_workspace/install/task_manager_msgs/lib/python3.12/site-packages/task_manager_msgs/srv/_stop_task.py
-- Symlinking: /home/GTL/asacks/ros_workspace/install/task_manager_msgs/lib/python3.12/site-packages/task_manager_msgs/srv/_stop_task_s.c
-- Symlinking: /home/GTL/asacks/ros_workspace/install/task_manager_msgs/lib/python3.12/site-packages/task_manager_msgs/task_manager_msgs_s__rosidl_typesupport_c.so
-- Symlinking: /home/GTL/asacks/ros_workspace/install/task_manager_msgs/lib/python3.12/site-packages/task_manager_msgs/task_manager_msgs_s__rosidl_typesupport_fastrtps_c.so
-- Symlinking: /home/GTL/asacks/ros_workspace/install/task_manager_msgs/lib/python3.12/site-packages/task_manager_msgs/task_manager_msgs_s__rosidl_typesupport_introspection_c.so
-- Up-to-date symlink: /home/GTL/asacks/ros_workspace/install/task_manager_msgs/lib/python3.12/site-packages/task_manager_msgs/task_manager_msgs_s__rosidl_typesupport_fastrtps_c.so
-- Up-to-date symlink: /home/GTL/asacks/ros_workspace/install/task_manager_msgs/lib/python3.12/site-packages/task_manager_msgs/task_manager_msgs_s__rosidl_typesupport_introspection_c.so
-- Up-to-date symlink: /home/GTL/asacks/ros_workspace/install/task_manager_msgs/lib/python3.12/site-packages/task_manager_msgs/task_manager_msgs_s__rosidl_typesupport_c.so
-- Symlinking: /home/GTL/asacks/ros_workspace/install/task_manager_msgs/share/task_manager_msgs/rust/Cargo.toml
-- Symlinking: /home/GTL/asacks/ros_workspace/install/task_manager_msgs/share/task_manager_msgs/rust/build.rs
-- Symlinking: /home/GTL/asacks/ros_workspace/install/task_manager_msgs/share/task_manager_msgs/rust/src/lib.rs
-- Symlinking: /home/GTL/asacks/ros_workspace/install/task_manager_msgs/share/task_manager_msgs/rust/src/msg.rs
-- Symlinking: /home/GTL/asacks/ros_workspace/install/task_manager_msgs/share/task_manager_msgs/rust/src/msg/rmw.rs
-- Symlinking: /home/GTL/asacks/ros_workspace/install/task_manager_msgs/share/task_manager_msgs/rust/src/srv.rs
-- Symlinking: /home/GTL/asacks/ros_workspace/install/task_manager_msgs/share/task_manager_msgs/rust/src/srv/rmw.rs
-- Symlinking: /home/GTL/asacks/ros_workspace/install/task_manager_msgs/share/task_manager_msgs/srv/GetAllTaskStatus.idl
-- Symlinking: /home/GTL/asacks/ros_workspace/install/task_manager_msgs/share/task_manager_msgs/srv/StartTask.idl
-- Symlinking: /home/GTL/asacks/ros_workspace/install/task_manager_msgs/share/task_manager_msgs/srv/StopTask.idl
-- Symlinking: /home/GTL/asacks/ros_workspace/install/task_manager_msgs/share/task_manager_msgs/srv/GetTaskList.idl
-- Symlinking: /home/GTL/asacks/ros_workspace/install/task_manager_msgs/share/task_manager_msgs/msg/TaskDescription.idl
-- Symlinking: /home/GTL/asacks/ros_workspace/install/task_manager_msgs/share/task_manager_msgs/msg/TaskParameter.idl
-- Symlinking: /home/GTL/asacks/ros_workspace/install/task_manager_msgs/share/task_manager_msgs/msg/TaskStatus.idl
-- Symlinking: /home/GTL/asacks/ros_workspace/install/task_manager_msgs/share/task_manager_msgs/msg/TaskConfig.idl
-- Symlinking: /home/GTL/asacks/ros_workspace/install/task_manager_msgs/share/task_manager_msgs/msg/SyncStatus.idl
-- Symlinking: /home/GTL/asacks/ros_workspace/install/task_manager_msgs/share/task_manager_msgs/msg/EncapsulatedMessage.idl
-- Symlinking: /home/GTL/asacks/ros_workspace/install/task_manager_msgs/share/task_manager_msgs/srv/GetAllTaskStatus.srv
-- Symlinking: /home/GTL/asacks/ros_workspace/install/task_manager_msgs/share/task_manager_msgs/srv/StartTask.srv
-- Symlinking: /home/GTL/asacks/ros_workspace/install/task_manager_msgs/share/task_manager_msgs/srv/StopTask.srv
-- Symlinking: /home/GTL/asacks/ros_workspace/install/task_manager_msgs/share/task_manager_msgs/srv/GetTaskList.srv
-- Symlinking: /home/GTL/asacks/ros_workspace/install/task_manager_msgs/share/task_manager_msgs/msg/TaskDescription.msg
-- Symlinking: /home/GTL/asacks/ros_workspace/install/task_manager_msgs/share/task_manager_msgs/msg/TaskParameter.msg
-- Symlinking: /home/GTL/asacks/ros_workspace/install/task_manager_msgs/share/task_manager_msgs/msg/TaskStatus.msg
-- Symlinking: /home/GTL/asacks/ros_workspace/install/task_manager_msgs/share/task_manager_msgs/msg/TaskConfig.msg
-- Symlinking: /home/GTL/asacks/ros_workspace/install/task_manager_msgs/share/task_manager_msgs/msg/SyncStatus.msg
-- Symlinking: /home/GTL/asacks/ros_workspace/install/task_manager_msgs/share/task_manager_msgs/msg/EncapsulatedMessage.msg
-- Symlinking: /home/GTL/asacks/ros_workspace/install/task_manager_msgs/lib/task_manager_msgs/task_manager_msgs_encapsulate
-- Symlinking: /home/GTL/asacks/ros_workspace/install/task_manager_msgs/share/ament_index/resource_index/package_run_dependencies/task_manager_msgs
-- Symlinking: /home/GTL/asacks/ros_workspace/install/task_manager_msgs/share/ament_index/resource_index/parent_prefix_path/task_manager_msgs
-- Symlinking: /home/GTL/asacks/ros_workspace/install/task_manager_msgs/share/task_manager_msgs/environment/ament_prefix_path.sh
-- Symlinking: /home/GTL/asacks/ros_workspace/install/task_manager_msgs/share/task_manager_msgs/environment/ament_prefix_path.dsv
-- Symlinking: /home/GTL/asacks/ros_workspace/install/task_manager_msgs/share/task_manager_msgs/environment/path.sh
-- Symlinking: /home/GTL/asacks/ros_workspace/install/task_manager_msgs/share/task_manager_msgs/environment/path.dsv
-- Symlinking: /home/GTL/asacks/ros_workspace/install/task_manager_msgs/share/task_manager_msgs/local_setup.bash
-- Symlinking: /home/GTL/asacks/ros_workspace/install/task_manager_msgs/share/task_manager_msgs/local_setup.sh
-- Symlinking: /home/GTL/asacks/ros_workspace/install/task_manager_msgs/share/task_manager_msgs/local_setup.zsh
-- Symlinking: /home/GTL/asacks/ros_workspace/install/task_manager_msgs/share/task_manager_msgs/local_setup.dsv
-- Symlinking: /home/GTL/asacks/ros_workspace/install/task_manager_msgs/share/task_manager_msgs/package.dsv
-- Symlinking: /home/GTL/asacks/ros_workspace/install/task_manager_msgs/share/ament_index/resource_index/packages/task_manager_msgs
-- Symlinking: /home/GTL/asacks/ros_workspace/install/task_manager_msgs/share/task_manager_msgs/cmake/rosidl_cmake-extras.cmake
-- Symlinking: /home/GTL/asacks/ros_workspace/install/task_manager_msgs/share/task_manager_msgs/cmake/ament_cmake_export_dependencies-extras.cmake
-- Symlinking: /home/GTL/asacks/ros_workspace/install/task_manager_msgs/share/task_manager_msgs/cmake/ament_cmake_export_include_directories-extras.cmake
-- Symlinking: /home/GTL/asacks/ros_workspace/install/task_manager_msgs/share/task_manager_msgs/cmake/ament_cmake_export_libraries-extras.cmake
-- Symlinking: /home/GTL/asacks/ros_workspace/install/task_manager_msgs/share/task_manager_msgs/cmake/ament_cmake_export_targets-extras.cmake
-- Symlinking: /home/GTL/asacks/ros_workspace/install/task_manager_msgs/share/task_manager_msgs/cmake/rosidl_cmake_export_typesupport_targets-extras.cmake
-- Symlinking: /home/GTL/asacks/ros_workspace/install/task_manager_msgs/share/task_manager_msgs/cmake/rosidl_cmake_export_typesupport_libraries-extras.cmake
-- Symlinking: /home/GTL/asacks/ros_workspace/install/task_manager_msgs/share/task_manager_msgs/cmake/rosidl_cmake_aggregate_target-extras.cmake
-- Symlinking: /home/GTL/asacks/ros_workspace/install/task_manager_msgs/share/task_manager_msgs/cmake/task_manager_msgsConfig.cmake
-- Symlinking: /home/GTL/asacks/ros_workspace/install/task_manager_msgs/share/task_manager_msgs/cmake/task_manager_msgsConfig-version.cmake
-- Symlinking: /home/GTL/asacks/ros_workspace/install/task_manager_msgs/share/task_manager_msgs/package.xml
-- Installing: /home/GTL/asacks/ros_workspace/install/task_manager_msgs/lib/libtask_manager_msgs__rosidl_generator_c.so
-- Set non-toolchain portion of runtime path of "/home/GTL/asacks/ros_workspace/install/task_manager_msgs/lib/libtask_manager_msgs__rosidl_generator_c.so" to ""
-- Installing: /home/GTL/asacks/ros_workspace/install/task_manager_msgs/lib/libtask_manager_msgs__rosidl_typesupport_fastrtps_c.so
-- Set non-toolchain portion of runtime path of "/home/GTL/asacks/ros_workspace/install/task_manager_msgs/lib/libtask_manager_msgs__rosidl_typesupport_fastrtps_c.so" to ""
-- Installing: /home/GTL/asacks/ros_workspace/install/task_manager_msgs/lib/libtask_manager_msgs__rosidl_typesupport_fastrtps_cpp.so
-- Set non-toolchain portion of runtime path of "/home/GTL/asacks/ros_workspace/install/task_manager_msgs/lib/libtask_manager_msgs__rosidl_typesupport_fastrtps_cpp.so" to ""
-- Installing: /home/GTL/asacks/ros_workspace/install/task_manager_msgs/lib/libtask_manager_msgs__rosidl_typesupport_introspection_c.so
-- Set non-toolchain portion of runtime path of "/home/GTL/asacks/ros_workspace/install/task_manager_msgs/lib/libtask_manager_msgs__rosidl_typesupport_introspection_c.so" to ""
-- Installing: /home/GTL/asacks/ros_workspace/install/task_manager_msgs/lib/libtask_manager_msgs__rosidl_typesupport_c.so
-- Set non-toolchain portion of runtime path of "/home/GTL/asacks/ros_workspace/install/task_manager_msgs/lib/libtask_manager_msgs__rosidl_typesupport_c.so" to ""
-- Installing: /home/GTL/asacks/ros_workspace/install/task_manager_msgs/lib/libtask_manager_msgs__rosidl_typesupport_introspection_cpp.so
-- Set non-toolchain portion of runtime path of "/home/GTL/asacks/ros_workspace/install/task_manager_msgs/lib/libtask_manager_msgs__rosidl_typesupport_introspection_cpp.so" to ""
-- Installing: /home/GTL/asacks/ros_workspace/install/task_manager_msgs/lib/libtask_manager_msgs__rosidl_typesupport_cpp.so
-- Set non-toolchain portion of runtime path of "/home/GTL/asacks/ros_workspace/install/task_manager_msgs/lib/libtask_manager_msgs__rosidl_typesupport_cpp.so" to ""
Listing '/home/GTL/asacks/ros_workspace/install/task_manager_msgs/lib/python3.12/site-packages/task_manager_msgs'...
Compiling '/home/GTL/asacks/ros_workspace/install/task_manager_msgs/lib/python3.12/site-packages/task_manager_msgs/__init__.py'...
Listing '/home/GTL/asacks/ros_workspace/install/task_manager_msgs/lib/python3.12/site-packages/task_manager_msgs/msg'...
Compiling '/home/GTL/asacks/ros_workspace/install/task_manager_msgs/lib/python3.12/site-packages/task_manager_msgs/msg/__init__.py'...
Compiling '/home/GTL/asacks/ros_workspace/install/task_manager_msgs/lib/python3.12/site-packages/task_manager_msgs/msg/_encapsulated_message.py'...
Compiling '/home/GTL/asacks/ros_workspace/install/task_manager_msgs/lib/python3.12/site-packages/task_manager_msgs/msg/_sync_status.py'...
Compiling '/home/GTL/asacks/ros_workspace/install/task_manager_msgs/lib/python3.12/site-packages/task_manager_msgs/msg/_task_config.py'...
Compiling '/home/GTL/asacks/ros_workspace/install/task_manager_msgs/lib/python3.12/site-packages/task_manager_msgs/msg/_task_description.py'...
Compiling '/home/GTL/asacks/ros_workspace/install/task_manager_msgs/lib/python3.12/site-packages/task_manager_msgs/msg/_task_parameter.py'...
Compiling '/home/GTL/asacks/ros_workspace/install/task_manager_msgs/lib/python3.12/site-packages/task_manager_msgs/msg/_task_status.py'...
Listing '/home/GTL/asacks/ros_workspace/install/task_manager_msgs/lib/python3.12/site-packages/task_manager_msgs/srv'...
Compiling '/home/GTL/asacks/ros_workspace/install/task_manager_msgs/lib/python3.12/site-packages/task_manager_msgs/srv/__init__.py'...
Compiling '/home/GTL/asacks/ros_workspace/install/task_manager_msgs/lib/python3.12/site-packages/task_manager_msgs/srv/_get_all_task_status.py'...
Compiling '/home/GTL/asacks/ros_workspace/install/task_manager_msgs/lib/python3.12/site-packages/task_manager_msgs/srv/_get_task_list.py'...
Compiling '/home/GTL/asacks/ros_workspace/install/task_manager_msgs/lib/python3.12/site-packages/task_manager_msgs/srv/_start_task.py'...
Compiling '/home/GTL/asacks/ros_workspace/install/task_manager_msgs/lib/python3.12/site-packages/task_manager_msgs/srv/_stop_task.py'...
-- Installing: /home/GTL/asacks/ros_workspace/install/task_manager_msgs/lib/libtask_manager_msgs__rosidl_generator_py.so
-- Set non-toolchain portion of runtime path of "/home/GTL/asacks/ros_workspace/install/task_manager_msgs/lib/libtask_manager_msgs__rosidl_generator_py.so" to ""
-- Installing: /home/GTL/asacks/ros_workspace/install/task_manager_msgs/share/task_manager_msgs/cmake/export_task_manager_msgs__rosidl_generator_cExport.cmake
-- Installing: /home/GTL/asacks/ros_workspace/install/task_manager_msgs/share/task_manager_msgs/cmake/export_task_manager_msgs__rosidl_generator_cExport-noconfig.cmake
-- Installing: /home/GTL/asacks/ros_workspace/install/task_manager_msgs/share/task_manager_msgs/cmake/export_task_manager_msgs__rosidl_typesupport_fastrtps_cExport.cmake
-- Installing: /home/GTL/asacks/ros_workspace/install/task_manager_msgs/share/task_manager_msgs/cmake/export_task_manager_msgs__rosidl_typesupport_fastrtps_cExport-noconfig.cmake
-- Installing: /home/GTL/asacks/ros_workspace/install/task_manager_msgs/share/task_manager_msgs/cmake/export_task_manager_msgs__rosidl_generator_cppExport.cmake
-- Installing: /home/GTL/asacks/ros_workspace/install/task_manager_msgs/share/task_manager_msgs/cmake/export_task_manager_msgs__rosidl_typesupport_fastrtps_cppExport.cmake
-- Installing: /home/GTL/asacks/ros_workspace/install/task_manager_msgs/share/task_manager_msgs/cmake/export_task_manager_msgs__rosidl_typesupport_fastrtps_cppExport-noconfig.cmake
-- Installing: /home/GTL/asacks/ros_workspace/install/task_manager_msgs/share/task_manager_msgs/cmake/task_manager_msgs__rosidl_typesupport_introspection_cExport.cmake
-- Installing: /home/GTL/asacks/ros_workspace/install/task_manager_msgs/share/task_manager_msgs/cmake/task_manager_msgs__rosidl_typesupport_introspection_cExport-noconfig.cmake
-- Installing: /home/GTL/asacks/ros_workspace/install/task_manager_msgs/share/task_manager_msgs/cmake/task_manager_msgs__rosidl_typesupport_cExport.cmake
-- Installing: /home/GTL/asacks/ros_workspace/install/task_manager_msgs/share/task_manager_msgs/cmake/task_manager_msgs__rosidl_typesupport_cExport-noconfig.cmake
-- Installing: /home/GTL/asacks/ros_workspace/install/task_manager_msgs/share/task_manager_msgs/cmake/task_manager_msgs__rosidl_typesupport_introspection_cppExport.cmake
-- Installing: /home/GTL/asacks/ros_workspace/install/task_manager_msgs/share/task_manager_msgs/cmake/task_manager_msgs__rosidl_typesupport_introspection_cppExport-noconfig.cmake
-- Installing: /home/GTL/asacks/ros_workspace/install/task_manager_msgs/share/task_manager_msgs/cmake/task_manager_msgs__rosidl_typesupport_cppExport.cmake
-- Installing: /home/GTL/asacks/ros_workspace/install/task_manager_msgs/share/task_manager_msgs/cmake/task_manager_msgs__rosidl_typesupport_cppExport-noconfig.cmake
-- Installing: /home/GTL/asacks/ros_workspace/install/task_manager_msgs/share/task_manager_msgs/cmake/export_task_manager_msgs__rosidl_generator_pyExport.cmake
-- Installing: /home/GTL/asacks/ros_workspace/install/task_manager_msgs/share/task_manager_msgs/cmake/export_task_manager_msgs__rosidl_generator_pyExport-noconfig.cmake
