[0.159s] Invoking command in '/home/GTL/asacks/ros_workspace/build/task_manager_msgs': CMAKE_PREFIX_PATH=${CMAKE_PREFIX_PATH}:/home/GTL/asacks/ros_workspace/install/model_prediction:/home/GTL/asacks/ros_workspace/install/joy_teleop:/opt/ros/kilted DEBUGINFOD_URLS=https://debuginfod.ubuntu.com /usr/bin/cmake /home/GTL/asacks/ros_workspace/src/ros_task_manager/src/task_manager_msgs -DAMENT_CMAKE_SYMLINK_INSTALL=1 -DCMAKE_INSTALL_PREFIX=/home/GTL/asacks/ros_workspace/install/task_manager_msgs
[0.407s] -- The C compiler identification is GNU 13.3.0
[0.408s] -- The CXX compiler identification is GNU 13.3.0
[0.408s] -- Detecting C compiler ABI info
[0.662s] -- Detecting C compiler ABI info - done
[0.662s] -- Check for working C compiler: /usr/bin/cc - skipped
[0.663s] -- Detecting C compile features
[0.663s] -- Detecting C compile features - done
[0.663s] -- Detecting CXX compiler ABI info
[0.683s] -- Detecting CXX compiler ABI info - done
[0.696s] -- Check for working CXX compiler: /usr/bin/c++ - skipped
[0.697s] -- Detecting CXX compile features
[0.697s] -- Detecting CXX compile features - done
[0.726s] -- Found ament_cmake: 2.7.5 (/opt/ros/kilted/share/ament_cmake/cmake)
[0.886s] -- Found Python3: /usr/bin/python3 (found version "3.12.3") found components: Interpreter 
[0.972s] -- Override CMake install command with custom implementation using symlinks instead of copying resources
[1.303s] -- Found rclcpp: 29.5.10 (/opt/ros/kilted/share/rclcpp/cmake)
[1.497s] -- Found rosidl_generator_c: 4.9.8 (/opt/ros/kilted/share/rosidl_generator_c/cmake)
[1.565s] -- Found rosidl_generator_cpp: 4.9.8 (/opt/ros/kilted/share/rosidl_generator_cpp/cmake)
[1.639s] -- Using all available rosidl_typesupport_c: rosidl_typesupport_fastrtps_c;rosidl_typesupport_introspection_c
[1.725s] -- Using all available rosidl_typesupport_cpp: rosidl_typesupport_fastrtps_cpp;rosidl_typesupport_introspection_cpp
[2.000s] -- Found rmw_implementation_cmake: 7.8.2 (/opt/ros/kilted/share/rmw_implementation_cmake/cmake)
[2.024s] -- Found rmw_zenoh_cpp: 0.6.7 (/opt/ros/kilted/share/rmw_zenoh_cpp/cmake)
[2.026s] -- Using RMW implementation 'rmw_zenoh_cpp' as default
[2.236s] -- Found std_msgs: 5.5.3 (/opt/ros/kilted/share/std_msgs/cmake)
[2.268s] -- Found ament_lint_auto: 0.19.3 (/opt/ros/kilted/share/ament_lint_auto/cmake)
[2.581s] -- Found rosidl_default_generators: 1.7.2 (/opt/ros/kilted/share/rosidl_default_generators/cmake)
[2.675s] -- Found rosidl_adapter: 4.9.8 (/opt/ros/kilted/share/rosidl_adapter/cmake)
[3.329s] -- Found ament_cmake_ros_core: 0.14.7 (/opt/ros/kilted/share/ament_cmake_ros_core/cmake)
[4.444s] -- Using all available rosidl_typesupport_c: rosidl_typesupport_fastrtps_c;rosidl_typesupport_introspection_c
[4.862s] -- Using all available rosidl_typesupport_cpp: rosidl_typesupport_fastrtps_cpp;rosidl_typesupport_introspection_cpp
[5.199s] -- Found Python3: /usr/bin/python3 (found version "3.12.3") found components: Interpreter Development NumPy Development.Module Development.Embed 
[5.496s] -- Found Python3: /usr/bin/python3 (found version "3.12.3") found components: Interpreter 
[5.552s] -- Added test 'copyright' to check source files copyright and LICENSE
[5.567s] -- Added test 'cppcheck' to perform static code analysis on C / C++ code
[5.568s] -- Configured cppcheck include dirs: /home/GTL/asacks/ros_workspace/src/ros_task_manager/src/task_manager_msgs/include
[5.570s] -- Configured cppcheck exclude dirs and/or files: 
[5.584s] -- Added test 'cpplint' to check C / C++ code against the Google style
[5.585s] -- Configured cpplint exclude dirs and/or files: 
[5.589s] -- Added test 'flake8' to check Python code syntax and style conventions
[5.590s] -- Configured 'flake8' exclude dirs and/or files: 
[5.596s] -- Added test 'lint_cmake' to check CMake code style
[5.601s] -- Added test 'pep257' to check Python code against some of the docstring style conventions in PEP 257
[5.617s] -- Added test 'uncrustify' to check C / C++ code style
[5.618s] -- Configured uncrustify additional arguments: 
[5.622s] -- Added test 'xmllint' to check XML markup files
[5.714s] -- Configuring done (5.5s)
[6.391s] -- Generating done (0.6s)
[6.521s] -- Build files have been written to: /home/GTL/asacks/ros_workspace/build/task_manager_msgs
[6.532s] Invoked command in '/home/GTL/asacks/ros_workspace/build/task_manager_msgs' returned '0': CMAKE_PREFIX_PATH=${CMAKE_PREFIX_PATH}:/home/GTL/asacks/ros_workspace/install/model_prediction:/home/GTL/asacks/ros_workspace/install/joy_teleop:/opt/ros/kilted DEBUGINFOD_URLS=https://debuginfod.ubuntu.com /usr/bin/cmake /home/GTL/asacks/ros_workspace/src/ros_task_manager/src/task_manager_msgs -DAMENT_CMAKE_SYMLINK_INSTALL=1 -DCMAKE_INSTALL_PREFIX=/home/GTL/asacks/ros_workspace/install/task_manager_msgs
[6.533s] Invoking command in '/home/GTL/asacks/ros_workspace/build/task_manager_msgs': CMAKE_PREFIX_PATH=${CMAKE_PREFIX_PATH}:/home/GTL/asacks/ros_workspace/install/model_prediction:/home/GTL/asacks/ros_workspace/install/joy_teleop:/opt/ros/kilted DEBUGINFOD_URLS=https://debuginfod.ubuntu.com /usr/bin/cmake --build /home/GTL/asacks/ros_workspace/build/task_manager_msgs -- -j16 -l16
[6.585s] [  2%] Generating Rust code for ROS interfaces
[6.586s] [  2%] Generating type hashes for ROS interfaces
[6.591s] [  2%] Built target ament_cmake_python_symlink_task_manager_msgs
[6.818s] running egg_info
[6.819s] creating task_manager_msgs.egg-info
[6.845s] writing task_manager_msgs.egg-info/PKG-INFO
[6.847s] writing dependency_links to task_manager_msgs.egg-info/dependency_links.txt
[6.848s] writing top-level names to task_manager_msgs.egg-info/top_level.txt
[6.849s] writing manifest file 'task_manager_msgs.egg-info/SOURCES.txt'
[6.924s] reading manifest file 'task_manager_msgs.egg-info/SOURCES.txt'
[6.925s] writing manifest file 'task_manager_msgs.egg-info/SOURCES.txt'
[6.927s] [  2%] Built target task_manager_msgs__rosidl_generator_type_description
[6.937s] [  2%] Built target task_manager_msgs__rs
[6.940s] [  3%] Generating C code for ROS interfaces
[6.955s] [  3%] Generating C++ code for ROS interfaces
[6.971s] [  3%] Built target ament_cmake_python_build_task_manager_msgs_egg
[8.105s] [  3%] Built target task_manager_msgs__cpp
[8.279s] [  3%] Building C object CMakeFiles/task_manager_msgs__rosidl_generator_c.dir/rosidl_generator_c/task_manager_msgs/srv/detail/get_all_task_status__functions.c.o
[8.281s] [  7%] Building C object CMakeFiles/task_manager_msgs__rosidl_generator_c.dir/rosidl_generator_c/task_manager_msgs/srv/detail/start_task__functions.c.o
[8.283s] [  9%] Building C object CMakeFiles/task_manager_msgs__rosidl_generator_c.dir/rosidl_generator_c/task_manager_msgs/srv/detail/stop_task__description.c.o
[8.284s] [  9%] Building C object CMakeFiles/task_manager_msgs__rosidl_generator_c.dir/rosidl_generator_c/task_manager_msgs/srv/detail/get_all_task_status__type_support.c.o
[8.285s] [  7%] Building C object CMakeFiles/task_manager_msgs__rosidl_generator_c.dir/rosidl_generator_c/task_manager_msgs/srv/detail/start_task__type_support.c.o
[8.289s] [ 11%] Building C object CMakeFiles/task_manager_msgs__rosidl_generator_c.dir/rosidl_generator_c/task_manager_msgs/srv/detail/stop_task__type_support.c.o
[8.290s] [ 12%] Building C object CMakeFiles/task_manager_msgs__rosidl_generator_c.dir/rosidl_generator_c/task_manager_msgs/srv/detail/get_task_list__type_support.c.o
[8.292s] [ 12%] Building C object CMakeFiles/task_manager_msgs__rosidl_generator_c.dir/rosidl_generator_c/task_manager_msgs/srv/detail/get_all_task_status__description.c.o
[8.293s] [  9%] Building C object CMakeFiles/task_manager_msgs__rosidl_generator_c.dir/rosidl_generator_c/task_manager_msgs/srv/detail/start_task__description.c.o
[8.293s] [ 13%] Building C object CMakeFiles/task_manager_msgs__rosidl_generator_c.dir/rosidl_generator_c/task_manager_msgs/srv/detail/get_task_list__description.c.o
[8.295s] [ 13%] Building C object CMakeFiles/task_manager_msgs__rosidl_generator_c.dir/rosidl_generator_c/task_manager_msgs/srv/detail/get_task_list__functions.c.o
[8.297s] [ 12%] Building C object CMakeFiles/task_manager_msgs__rosidl_generator_c.dir/rosidl_generator_c/task_manager_msgs/srv/detail/stop_task__functions.c.o
[8.298s] [ 15%] Building C object CMakeFiles/task_manager_msgs__rosidl_generator_c.dir/rosidl_generator_c/task_manager_msgs/msg/detail/task_parameter__description.c.o
[8.298s] [ 15%] Building C object CMakeFiles/task_manager_msgs__rosidl_generator_c.dir/rosidl_generator_c/task_manager_msgs/msg/detail/task_description__type_support.c.o
[8.298s] [ 15%] Building C object CMakeFiles/task_manager_msgs__rosidl_generator_c.dir/rosidl_generator_c/task_manager_msgs/msg/detail/task_description__functions.c.o
[8.298s] [ 15%] Building C object CMakeFiles/task_manager_msgs__rosidl_generator_c.dir/rosidl_generator_c/task_manager_msgs/msg/detail/task_description__description.c.o
[8.364s] [ 16%] Building C object CMakeFiles/task_manager_msgs__rosidl_generator_c.dir/rosidl_generator_c/task_manager_msgs/msg/detail/task_parameter__functions.c.o
[8.370s] [ 17%] Building C object CMakeFiles/task_manager_msgs__rosidl_generator_c.dir/rosidl_generator_c/task_manager_msgs/msg/detail/task_parameter__type_support.c.o
[8.376s] [ 19%] Building C object CMakeFiles/task_manager_msgs__rosidl_generator_c.dir/rosidl_generator_c/task_manager_msgs/msg/detail/task_status__functions.c.o
[8.376s] [ 19%] Building C object CMakeFiles/task_manager_msgs__rosidl_generator_c.dir/rosidl_generator_c/task_manager_msgs/msg/detail/task_status__type_support.c.o
[8.379s] [ 19%] Building C object CMakeFiles/task_manager_msgs__rosidl_generator_c.dir/rosidl_generator_c/task_manager_msgs/msg/detail/task_status__description.c.o
[8.383s] [ 22%] Building C object CMakeFiles/task_manager_msgs__rosidl_generator_c.dir/rosidl_generator_c/task_manager_msgs/msg/detail/task_config__type_support.c.o
[8.386s] [ 22%] Building C object CMakeFiles/task_manager_msgs__rosidl_generator_c.dir/rosidl_generator_c/task_manager_msgs/msg/detail/task_config__description.c.o
[8.386s] [ 22%] Building C object CMakeFiles/task_manager_msgs__rosidl_generator_c.dir/rosidl_generator_c/task_manager_msgs/msg/detail/task_config__functions.c.o
[8.394s] [ 23%] Building C object CMakeFiles/task_manager_msgs__rosidl_generator_c.dir/rosidl_generator_c/task_manager_msgs/msg/detail/sync_status__description.c.o
[8.394s] [ 23%] Building C object CMakeFiles/task_manager_msgs__rosidl_generator_c.dir/rosidl_generator_c/task_manager_msgs/msg/detail/sync_status__functions.c.o
[8.399s] [ 24%] Building C object CMakeFiles/task_manager_msgs__rosidl_generator_c.dir/rosidl_generator_c/task_manager_msgs/msg/detail/sync_status__type_support.c.o
[8.405s] [ 26%] Building C object CMakeFiles/task_manager_msgs__rosidl_generator_c.dir/rosidl_generator_c/task_manager_msgs/msg/detail/encapsulated_message__description.c.o
[8.408s] [ 26%] Building C object CMakeFiles/task_manager_msgs__rosidl_generator_c.dir/rosidl_generator_c/task_manager_msgs/msg/detail/encapsulated_message__functions.c.o
[8.409s] [ 26%] Building C object CMakeFiles/task_manager_msgs__rosidl_generator_c.dir/rosidl_generator_c/task_manager_msgs/msg/detail/encapsulated_message__type_support.c.o
[8.455s] [ 27%] Linking C shared library libtask_manager_msgs__rosidl_generator_c.so
[8.564s] [ 27%] Built target task_manager_msgs__rosidl_generator_c
[8.577s] [ 31%] Generating C introspection for ROS interfaces
[8.578s] [ 31%] Generating C type support dispatch for ROS interfaces
[8.579s] [ 31%] Generating C type support for eProsima Fast-RTPS
[8.581s] [ 31%] Generating C++ type support for eProsima Fast-RTPS
[8.582s] [ 31%] Generating C++ introspection for ROS interfaces
[8.586s] [ 31%] Generating C++ type support dispatch for ROS interfaces
[9.004s] [ 32%] Building CXX object CMakeFiles/task_manager_msgs__rosidl_typesupport_cpp.dir/rosidl_typesupport_cpp/task_manager_msgs/srv/stop_task__type_support.cpp.o
[9.008s] [ 33%] Building CXX object CMakeFiles/task_manager_msgs__rosidl_typesupport_cpp.dir/rosidl_typesupport_cpp/task_manager_msgs/srv/start_task__type_support.cpp.o
[9.008s] [ 34%] Building CXX object CMakeFiles/task_manager_msgs__rosidl_typesupport_cpp.dir/rosidl_typesupport_cpp/task_manager_msgs/srv/get_all_task_status__type_support.cpp.o
[9.011s] [ 36%] Building CXX object CMakeFiles/task_manager_msgs__rosidl_typesupport_cpp.dir/rosidl_typesupport_cpp/task_manager_msgs/msg/task_description__type_support.cpp.o
[9.011s] [ 37%] Building CXX object CMakeFiles/task_manager_msgs__rosidl_typesupport_cpp.dir/rosidl_typesupport_cpp/task_manager_msgs/msg/task_parameter__type_support.cpp.o
[9.012s] [ 38%] Building CXX object CMakeFiles/task_manager_msgs__rosidl_typesupport_cpp.dir/rosidl_typesupport_cpp/task_manager_msgs/msg/task_config__type_support.cpp.o
[9.015s] [ 38%] Building CXX object CMakeFiles/task_manager_msgs__rosidl_typesupport_cpp.dir/rosidl_typesupport_cpp/task_manager_msgs/msg/task_status__type_support.cpp.o
[9.016s] [ 39%] Building CXX object CMakeFiles/task_manager_msgs__rosidl_typesupport_cpp.dir/rosidl_typesupport_cpp/task_manager_msgs/msg/sync_status__type_support.cpp.o
[9.016s] [ 38%] Building CXX object CMakeFiles/task_manager_msgs__rosidl_typesupport_cpp.dir/rosidl_typesupport_cpp/task_manager_msgs/srv/get_task_list__type_support.cpp.o
[9.016s] [ 39%] Building CXX object CMakeFiles/task_manager_msgs__rosidl_typesupport_cpp.dir/rosidl_typesupport_cpp/task_manager_msgs/msg/encapsulated_message__type_support.cpp.o
[9.027s] [ 40%] Building CXX object CMakeFiles/task_manager_msgs__rosidl_typesupport_c.dir/rosidl_typesupport_c/task_manager_msgs/srv/get_all_task_status__type_support.cpp.o
[9.028s] [ 40%] Building CXX object CMakeFiles/task_manager_msgs__rosidl_typesupport_c.dir/rosidl_typesupport_c/task_manager_msgs/srv/start_task__type_support.cpp.o
[9.105s] [ 42%] Building CXX object CMakeFiles/task_manager_msgs__rosidl_typesupport_c.dir/rosidl_typesupport_c/task_manager_msgs/srv/get_task_list__type_support.cpp.o
[9.105s] [ 42%] Building CXX object CMakeFiles/task_manager_msgs__rosidl_typesupport_c.dir/rosidl_typesupport_c/task_manager_msgs/srv/stop_task__type_support.cpp.o
[9.166s] [ 42%] Building CXX object CMakeFiles/task_manager_msgs__rosidl_typesupport_c.dir/rosidl_typesupport_c/task_manager_msgs/msg/task_description__type_support.cpp.o
[9.189s] [ 43%] Building CXX object CMakeFiles/task_manager_msgs__rosidl_typesupport_c.dir/rosidl_typesupport_c/task_manager_msgs/msg/task_parameter__type_support.cpp.o
[9.265s] [ 44%] Building CXX object CMakeFiles/task_manager_msgs__rosidl_typesupport_c.dir/rosidl_typesupport_c/task_manager_msgs/msg/task_status__type_support.cpp.o
[9.279s] [ 45%] Building CXX object CMakeFiles/task_manager_msgs__rosidl_typesupport_c.dir/rosidl_typesupport_c/task_manager_msgs/msg/task_config__type_support.cpp.o
[9.334s] [ 46%] Building CXX object CMakeFiles/task_manager_msgs__rosidl_typesupport_c.dir/rosidl_typesupport_c/task_manager_msgs/msg/sync_status__type_support.cpp.o
[9.397s] [ 46%] Building CXX object CMakeFiles/task_manager_msgs__rosidl_typesupport_c.dir/rosidl_typesupport_c/task_manager_msgs/msg/encapsulated_message__type_support.cpp.o
[9.487s] [ 47%] Linking CXX shared library libtask_manager_msgs__rosidl_typesupport_c.so
[9.519s] [ 49%] Building CXX object CMakeFiles/task_manager_msgs__rosidl_typesupport_introspection_cpp.dir/rosidl_typesupport_introspection_cpp/task_manager_msgs/srv/detail/get_all_task_status__type_support.cpp.o
[9.524s] [ 51%] Building CXX object CMakeFiles/task_manager_msgs__rosidl_typesupport_introspection_cpp.dir/rosidl_typesupport_introspection_cpp/task_manager_msgs/srv/detail/get_task_list__type_support.cpp.o
[9.526s] [ 52%] Building CXX object CMakeFiles/task_manager_msgs__rosidl_typesupport_introspection_cpp.dir/rosidl_typesupport_introspection_cpp/task_manager_msgs/msg/detail/task_description__type_support.cpp.o
[9.527s] [ 51%] Building CXX object CMakeFiles/task_manager_msgs__rosidl_typesupport_introspection_cpp.dir/rosidl_typesupport_introspection_cpp/task_manager_msgs/srv/detail/stop_task__type_support.cpp.o
[9.527s] [ 53%] Building CXX object CMakeFiles/task_manager_msgs__rosidl_typesupport_introspection_cpp.dir/rosidl_typesupport_introspection_cpp/task_manager_msgs/msg/detail/task_status__type_support.cpp.o
[9.528s] [ 53%] Building CXX object CMakeFiles/task_manager_msgs__rosidl_typesupport_introspection_cpp.dir/rosidl_typesupport_introspection_cpp/task_manager_msgs/msg/detail/task_config__type_support.cpp.o
[9.533s] [ 53%] Building CXX object CMakeFiles/task_manager_msgs__rosidl_typesupport_introspection_cpp.dir/rosidl_typesupport_introspection_cpp/task_manager_msgs/srv/detail/start_task__type_support.cpp.o
[9.538s] [ 53%] Building CXX object CMakeFiles/task_manager_msgs__rosidl_typesupport_introspection_cpp.dir/rosidl_typesupport_introspection_cpp/task_manager_msgs/msg/detail/task_parameter__type_support.cpp.o
[9.540s] [ 54%] Building C object CMakeFiles/task_manager_msgs__rosidl_typesupport_introspection_c.dir/rosidl_typesupport_introspection_c/task_manager_msgs/srv/detail/get_all_task_status__type_support.c.o
[9.590s] [ 55%] Building C object CMakeFiles/task_manager_msgs__rosidl_typesupport_introspection_c.dir/rosidl_typesupport_introspection_c/task_manager_msgs/srv/detail/start_task__type_support.c.o
[9.593s] [ 55%] Built target task_manager_msgs__rosidl_typesupport_c
[9.616s] [ 56%] Building C object CMakeFiles/task_manager_msgs__rosidl_typesupport_introspection_c.dir/rosidl_typesupport_introspection_c/task_manager_msgs/srv/detail/stop_task__type_support.c.o
[9.682s] [ 57%] Building CXX object CMakeFiles/task_manager_msgs__rosidl_typesupport_introspection_cpp.dir/rosidl_typesupport_introspection_cpp/task_manager_msgs/msg/detail/sync_status__type_support.cpp.o
[9.721s] [ 57%] Building C object CMakeFiles/task_manager_msgs__rosidl_typesupport_introspection_c.dir/rosidl_typesupport_introspection_c/task_manager_msgs/srv/detail/get_task_list__type_support.c.o
[9.726s] [ 58%] Building CXX object CMakeFiles/task_manager_msgs__rosidl_typesupport_introspection_cpp.dir/rosidl_typesupport_introspection_cpp/task_manager_msgs/msg/detail/encapsulated_message__type_support.cpp.o
[9.840s] [ 59%] Building C object CMakeFiles/task_manager_msgs__rosidl_typesupport_introspection_c.dir/rosidl_typesupport_introspection_c/task_manager_msgs/msg/detail/task_description__type_support.c.o
[9.853s] [ 61%] Building C object CMakeFiles/task_manager_msgs__rosidl_typesupport_introspection_c.dir/rosidl_typesupport_introspection_c/task_manager_msgs/msg/detail/task_parameter__type_support.c.o
[9.853s] [ 61%] Building C object CMakeFiles/task_manager_msgs__rosidl_typesupport_introspection_c.dir/rosidl_typesupport_introspection_c/task_manager_msgs/msg/detail/task_status__type_support.c.o
[9.895s] [ 62%] Building CXX object CMakeFiles/task_manager_msgs__rosidl_typesupport_fastrtps_cpp.dir/rosidl_typesupport_fastrtps_cpp/task_manager_msgs/srv/detail/dds_fastrtps/get_all_task_status__type_support.cpp.o
[9.905s] [ 63%] Linking CXX shared library libtask_manager_msgs__rosidl_typesupport_cpp.so
[9.918s] [ 64%] Building C object CMakeFiles/task_manager_msgs__rosidl_typesupport_introspection_c.dir/rosidl_typesupport_introspection_c/task_manager_msgs/msg/detail/task_config__type_support.c.o
[9.924s] [ 64%] Building CXX object CMakeFiles/task_manager_msgs__rosidl_typesupport_fastrtps_cpp.dir/rosidl_typesupport_fastrtps_cpp/task_manager_msgs/srv/detail/dds_fastrtps/start_task__type_support.cpp.o
[9.942s] [ 64%] Building C object CMakeFiles/task_manager_msgs__rosidl_typesupport_introspection_c.dir/rosidl_typesupport_introspection_c/task_manager_msgs/msg/detail/sync_status__type_support.c.o
[10.002s] [ 65%] Building C object CMakeFiles/task_manager_msgs__rosidl_typesupport_introspection_c.dir/rosidl_typesupport_introspection_c/task_manager_msgs/msg/detail/encapsulated_message__type_support.c.o
[10.012s] [ 66%] Building CXX object CMakeFiles/task_manager_msgs__rosidl_typesupport_fastrtps_cpp.dir/rosidl_typesupport_fastrtps_cpp/task_manager_msgs/srv/detail/dds_fastrtps/stop_task__type_support.cpp.o
[10.021s] [ 67%] Building CXX object CMakeFiles/task_manager_msgs__rosidl_typesupport_fastrtps_c.dir/rosidl_typesupport_fastrtps_c/task_manager_msgs/srv/detail/get_all_task_status__type_support_c.cpp.o
[10.036s] [ 68%] Building CXX object CMakeFiles/task_manager_msgs__rosidl_typesupport_fastrtps_cpp.dir/rosidl_typesupport_fastrtps_cpp/task_manager_msgs/srv/detail/dds_fastrtps/get_task_list__type_support.cpp.o
[10.079s] [ 69%] Linking C shared library libtask_manager_msgs__rosidl_typesupport_introspection_c.so
[10.110s] [ 70%] Building CXX object CMakeFiles/task_manager_msgs__rosidl_typesupport_fastrtps_cpp.dir/rosidl_typesupport_fastrtps_cpp/task_manager_msgs/msg/detail/dds_fastrtps/task_description__type_support.cpp.o
[10.163s] [ 70%] Built target task_manager_msgs__rosidl_typesupport_cpp
[10.169s] [ 72%] Building CXX object CMakeFiles/task_manager_msgs__rosidl_typesupport_fastrtps_c.dir/rosidl_typesupport_fastrtps_c/task_manager_msgs/srv/detail/start_task__type_support_c.cpp.o
[10.170s] [ 72%] Building CXX object CMakeFiles/task_manager_msgs__rosidl_typesupport_fastrtps_cpp.dir/rosidl_typesupport_fastrtps_cpp/task_manager_msgs/msg/detail/dds_fastrtps/task_parameter__type_support.cpp.o
[10.183s] [ 72%] Building CXX object CMakeFiles/task_manager_msgs__rosidl_typesupport_fastrtps_cpp.dir/rosidl_typesupport_fastrtps_cpp/task_manager_msgs/msg/detail/dds_fastrtps/task_status__type_support.cpp.o
[10.190s] [ 72%] Built target task_manager_msgs__rosidl_typesupport_introspection_c
[10.216s] [ 73%] Building CXX object CMakeFiles/task_manager_msgs__rosidl_typesupport_fastrtps_cpp.dir/rosidl_typesupport_fastrtps_cpp/task_manager_msgs/msg/detail/dds_fastrtps/task_config__type_support.cpp.o
[10.249s] [ 74%] Building CXX object CMakeFiles/task_manager_msgs__rosidl_typesupport_fastrtps_c.dir/rosidl_typesupport_fastrtps_c/task_manager_msgs/srv/detail/stop_task__type_support_c.cpp.o
[10.333s] [ 75%] Building CXX object CMakeFiles/task_manager_msgs__rosidl_typesupport_fastrtps_c.dir/rosidl_typesupport_fastrtps_c/task_manager_msgs/srv/detail/get_task_list__type_support_c.cpp.o
[10.381s] [ 76%] Building CXX object CMakeFiles/task_manager_msgs_encapsulate.dir/src/test_encapsulate.cpp.o
[10.498s] [ 77%] Building CXX object CMakeFiles/task_manager_msgs__rosidl_typesupport_fastrtps_cpp.dir/rosidl_typesupport_fastrtps_cpp/task_manager_msgs/msg/detail/dds_fastrtps/sync_status__type_support.cpp.o
[10.542s] [ 78%] Building CXX object CMakeFiles/task_manager_msgs__rosidl_typesupport_fastrtps_cpp.dir/rosidl_typesupport_fastrtps_cpp/task_manager_msgs/msg/detail/dds_fastrtps/encapsulated_message__type_support.cpp.o
[10.771s] [ 78%] Linking CXX shared library libtask_manager_msgs__rosidl_typesupport_introspection_cpp.so
[10.857s] [ 78%] Building CXX object CMakeFiles/task_manager_msgs__rosidl_typesupport_fastrtps_c.dir/rosidl_typesupport_fastrtps_c/task_manager_msgs/msg/detail/task_description__type_support_c.cpp.o
[10.877s] [ 79%] Building CXX object CMakeFiles/task_manager_msgs__rosidl_typesupport_fastrtps_c.dir/rosidl_typesupport_fastrtps_c/task_manager_msgs/msg/detail/task_parameter__type_support_c.cpp.o
[10.887s] [ 80%] Building CXX object CMakeFiles/task_manager_msgs__rosidl_typesupport_fastrtps_c.dir/rosidl_typesupport_fastrtps_c/task_manager_msgs/msg/detail/task_status__type_support_c.cpp.o
[10.975s] [ 81%] Building CXX object CMakeFiles/task_manager_msgs__rosidl_typesupport_fastrtps_c.dir/rosidl_typesupport_fastrtps_c/task_manager_msgs/msg/detail/task_config__type_support_c.cpp.o
[10.978s] [ 81%] Building CXX object CMakeFiles/task_manager_msgs__rosidl_typesupport_fastrtps_c.dir/rosidl_typesupport_fastrtps_c/task_manager_msgs/msg/detail/sync_status__type_support_c.cpp.o
[11.036s] [ 82%] Building CXX object CMakeFiles/task_manager_msgs__rosidl_typesupport_fastrtps_c.dir/rosidl_typesupport_fastrtps_c/task_manager_msgs/msg/detail/encapsulated_message__type_support_c.cpp.o
[11.086s] [ 82%] Built target task_manager_msgs__rosidl_typesupport_introspection_cpp
[11.310s] [ 83%] Linking CXX shared library libtask_manager_msgs__rosidl_typesupport_fastrtps_cpp.so
[11.489s] [ 84%] Linking CXX shared library libtask_manager_msgs__rosidl_typesupport_fastrtps_c.so
[11.510s] [ 84%] Built target task_manager_msgs__rosidl_typesupport_fastrtps_cpp
[11.623s] [ 84%] Built target task_manager_msgs__rosidl_typesupport_fastrtps_c
[11.643s] [ 84%] Built target task_manager_msgs
[11.666s] [ 85%] Generating Python code for ROS interfaces
[12.663s] [ 85%] Built target task_manager_msgs__py
[12.690s] [ 88%] Building C object CMakeFiles/task_manager_msgs__rosidl_generator_py.dir/rosidl_generator_py/task_manager_msgs/srv/_get_task_list_s.c.o
[12.692s] [ 91%] Building C object CMakeFiles/task_manager_msgs__rosidl_generator_py.dir/rosidl_generator_py/task_manager_msgs/msg/_task_description_s.c.o
[12.693s] [ 91%] Building C object CMakeFiles/task_manager_msgs__rosidl_generator_py.dir/rosidl_generator_py/task_manager_msgs/srv/_stop_task_s.c.o
[12.694s] [ 91%] Building C object CMakeFiles/task_manager_msgs__rosidl_generator_py.dir/rosidl_generator_py/task_manager_msgs/srv/_start_task_s.c.o
[12.694s] [ 93%] Building C object CMakeFiles/task_manager_msgs__rosidl_generator_py.dir/rosidl_generator_py/task_manager_msgs/msg/_task_status_s.c.o
[12.694s] [ 92%] Building C object CMakeFiles/task_manager_msgs__rosidl_generator_py.dir/rosidl_generator_py/task_manager_msgs/msg/_sync_status_s.c.o
[12.694s] [ 93%] Building C object CMakeFiles/task_manager_msgs__rosidl_generator_py.dir/rosidl_generator_py/task_manager_msgs/msg/_encapsulated_message_s.c.o
[12.694s] [ 93%] Building C object CMakeFiles/task_manager_msgs__rosidl_generator_py.dir/rosidl_generator_py/task_manager_msgs/msg/_task_parameter_s.c.o
[12.697s] [ 93%] Building C object CMakeFiles/task_manager_msgs__rosidl_generator_py.dir/rosidl_generator_py/task_manager_msgs/msg/_task_config_s.c.o
[12.698s] [ 92%] Building C object CMakeFiles/task_manager_msgs__rosidl_generator_py.dir/rosidl_generator_py/task_manager_msgs/srv/_get_all_task_status_s.c.o
[12.864s] [ 94%] Linking C shared library libtask_manager_msgs__rosidl_generator_py.so
[12.936s] [ 94%] Built target task_manager_msgs__rosidl_generator_py
[12.961s] [ 96%] Building C object CMakeFiles/task_manager_msgs_s__rosidl_typesupport_fastrtps_c.dir/rosidl_generator_py/task_manager_msgs/_task_manager_msgs_s.ep.rosidl_typesupport_fastrtps_c.c.o
[12.962s] [ 97%] Building C object CMakeFiles/task_manager_msgs_s__rosidl_typesupport_introspection_c.dir/rosidl_generator_py/task_manager_msgs/_task_manager_msgs_s.ep.rosidl_typesupport_introspection_c.c.o
[12.962s] [ 97%] Building C object CMakeFiles/task_manager_msgs_s__rosidl_typesupport_c.dir/rosidl_generator_py/task_manager_msgs/_task_manager_msgs_s.ep.rosidl_typesupport_c.c.o
[13.083s] [ 97%] Linking C shared module rosidl_generator_py/task_manager_msgs/task_manager_msgs_s__rosidl_typesupport_c.so
[13.085s] [ 98%] Linking C shared module rosidl_generator_py/task_manager_msgs/task_manager_msgs_s__rosidl_typesupport_fastrtps_c.so
[13.091s] [ 99%] Linking C shared module rosidl_generator_py/task_manager_msgs/task_manager_msgs_s__rosidl_typesupport_introspection_c.so
[13.121s] [ 99%] Built target task_manager_msgs_s__rosidl_typesupport_c
[13.129s] [ 99%] Built target task_manager_msgs_s__rosidl_typesupport_fastrtps_c
[13.133s] [ 99%] Built target task_manager_msgs_s__rosidl_typesupport_introspection_c
[13.356s] [100%] Linking CXX executable task_manager_msgs_encapsulate
[13.466s] [100%] Built target task_manager_msgs_encapsulate
[13.503s] Invoked command in '/home/GTL/asacks/ros_workspace/build/task_manager_msgs' returned '0': CMAKE_PREFIX_PATH=${CMAKE_PREFIX_PATH}:/home/GTL/asacks/ros_workspace/install/model_prediction:/home/GTL/asacks/ros_workspace/install/joy_teleop:/opt/ros/kilted DEBUGINFOD_URLS=https://debuginfod.ubuntu.com /usr/bin/cmake --build /home/GTL/asacks/ros_workspace/build/task_manager_msgs -- -j16 -l16
[13.504s] Invoking command in '/home/GTL/asacks/ros_workspace/build/task_manager_msgs': CMAKE_PREFIX_PATH=${CMAKE_PREFIX_PATH}:/home/GTL/asacks/ros_workspace/install/model_prediction:/home/GTL/asacks/ros_workspace/install/joy_teleop:/opt/ros/kilted DEBUGINFOD_URLS=https://debuginfod.ubuntu.com /usr/bin/cmake --install /home/GTL/asacks/ros_workspace/build/task_manager_msgs
[13.513s] -- Install configuration: ""
[13.514s] -- Execute custom install script
[13.521s] -- Symlinking: /home/GTL/asacks/ros_workspace/install/task_manager_msgs/share/ament_index/resource_index/rosidl_interfaces/task_manager_msgs
[13.532s] -- Symlinking: /home/GTL/asacks/ros_workspace/install/task_manager_msgs/share/task_manager_msgs/srv/GetAllTaskStatus.json
[13.541s] -- Symlinking: /home/GTL/asacks/ros_workspace/install/task_manager_msgs/share/task_manager_msgs/srv/StartTask.json
[13.550s] -- Symlinking: /home/GTL/asacks/ros_workspace/install/task_manager_msgs/share/task_manager_msgs/srv/StopTask.json
[13.560s] -- Symlinking: /home/GTL/asacks/ros_workspace/install/task_manager_msgs/share/task_manager_msgs/srv/GetTaskList.json
[13.571s] -- Symlinking: /home/GTL/asacks/ros_workspace/install/task_manager_msgs/share/task_manager_msgs/msg/TaskDescription.json
[13.580s] -- Symlinking: /home/GTL/asacks/ros_workspace/install/task_manager_msgs/share/task_manager_msgs/msg/TaskParameter.json
[13.588s] -- Symlinking: /home/GTL/asacks/ros_workspace/install/task_manager_msgs/share/task_manager_msgs/msg/TaskStatus.json
[13.599s] -- Symlinking: /home/GTL/asacks/ros_workspace/install/task_manager_msgs/share/task_manager_msgs/msg/TaskConfig.json
[13.608s] -- Symlinking: /home/GTL/asacks/ros_workspace/install/task_manager_msgs/share/task_manager_msgs/msg/SyncStatus.json
[13.617s] -- Symlinking: /home/GTL/asacks/ros_workspace/install/task_manager_msgs/share/task_manager_msgs/msg/EncapsulatedMessage.json
[13.635s] -- Symlinking: /home/GTL/asacks/ros_workspace/install/task_manager_msgs/include/task_manager_msgs/task_manager_msgs/msg/detail/encapsulated_message__functions.h
[13.642s] -- Symlinking: /home/GTL/asacks/ros_workspace/install/task_manager_msgs/include/task_manager_msgs/task_manager_msgs/msg/detail/encapsulated_message__struct.h
[13.650s] -- Symlinking: /home/GTL/asacks/ros_workspace/install/task_manager_msgs/include/task_manager_msgs/task_manager_msgs/msg/detail/encapsulated_message__type_support.h
[13.658s] -- Symlinking: /home/GTL/asacks/ros_workspace/install/task_manager_msgs/include/task_manager_msgs/task_manager_msgs/msg/detail/sync_status__functions.h
[13.666s] -- Symlinking: /home/GTL/asacks/ros_workspace/install/task_manager_msgs/include/task_manager_msgs/task_manager_msgs/msg/detail/sync_status__struct.h
[13.674s] -- Symlinking: /home/GTL/asacks/ros_workspace/install/task_manager_msgs/include/task_manager_msgs/task_manager_msgs/msg/detail/sync_status__type_support.h
[13.682s] -- Symlinking: /home/GTL/asacks/ros_workspace/install/task_manager_msgs/include/task_manager_msgs/task_manager_msgs/msg/detail/task_config__functions.h
[13.689s] -- Symlinking: /home/GTL/asacks/ros_workspace/install/task_manager_msgs/include/task_manager_msgs/task_manager_msgs/msg/detail/task_config__struct.h
[13.700s] -- Symlinking: /home/GTL/asacks/ros_workspace/install/task_manager_msgs/include/task_manager_msgs/task_manager_msgs/msg/detail/task_config__type_support.h
[13.709s] -- Symlinking: /home/GTL/asacks/ros_workspace/install/task_manager_msgs/include/task_manager_msgs/task_manager_msgs/msg/detail/task_description__functions.h
[13.716s] -- Symlinking: /home/GTL/asacks/ros_workspace/install/task_manager_msgs/include/task_manager_msgs/task_manager_msgs/msg/detail/task_description__struct.h
[13.724s] -- Symlinking: /home/GTL/asacks/ros_workspace/install/task_manager_msgs/include/task_manager_msgs/task_manager_msgs/msg/detail/task_description__type_support.h
[13.731s] -- Symlinking: /home/GTL/asacks/ros_workspace/install/task_manager_msgs/include/task_manager_msgs/task_manager_msgs/msg/detail/task_parameter__functions.h
[13.739s] -- Symlinking: /home/GTL/asacks/ros_workspace/install/task_manager_msgs/include/task_manager_msgs/task_manager_msgs/msg/detail/task_parameter__struct.h
[13.747s] -- Symlinking: /home/GTL/asacks/ros_workspace/install/task_manager_msgs/include/task_manager_msgs/task_manager_msgs/msg/detail/task_parameter__type_support.h
[13.755s] -- Symlinking: /home/GTL/asacks/ros_workspace/install/task_manager_msgs/include/task_manager_msgs/task_manager_msgs/msg/detail/task_status__functions.h
[13.763s] -- Symlinking: /home/GTL/asacks/ros_workspace/install/task_manager_msgs/include/task_manager_msgs/task_manager_msgs/msg/detail/task_status__struct.h
[13.770s] -- Symlinking: /home/GTL/asacks/ros_workspace/install/task_manager_msgs/include/task_manager_msgs/task_manager_msgs/msg/detail/task_status__type_support.h
[13.777s] -- Symlinking: /home/GTL/asacks/ros_workspace/install/task_manager_msgs/include/task_manager_msgs/task_manager_msgs/msg/encapsulated_message.h
[13.784s] -- Symlinking: /home/GTL/asacks/ros_workspace/install/task_manager_msgs/include/task_manager_msgs/task_manager_msgs/msg/rosidl_generator_c__visibility_control.h
[13.791s] -- Symlinking: /home/GTL/asacks/ros_workspace/install/task_manager_msgs/include/task_manager_msgs/task_manager_msgs/msg/sync_status.h
[13.799s] -- Symlinking: /home/GTL/asacks/ros_workspace/install/task_manager_msgs/include/task_manager_msgs/task_manager_msgs/msg/task_config.h
[13.806s] -- Symlinking: /home/GTL/asacks/ros_workspace/install/task_manager_msgs/include/task_manager_msgs/task_manager_msgs/msg/task_description.h
[13.813s] -- Symlinking: /home/GTL/asacks/ros_workspace/install/task_manager_msgs/include/task_manager_msgs/task_manager_msgs/msg/task_parameter.h
[13.821s] -- Symlinking: /home/GTL/asacks/ros_workspace/install/task_manager_msgs/include/task_manager_msgs/task_manager_msgs/msg/task_status.h
[13.831s] -- Symlinking: /home/GTL/asacks/ros_workspace/install/task_manager_msgs/include/task_manager_msgs/task_manager_msgs/srv/detail/get_all_task_status__functions.h
[13.838s] -- Symlinking: /home/GTL/asacks/ros_workspace/install/task_manager_msgs/include/task_manager_msgs/task_manager_msgs/srv/detail/get_all_task_status__struct.h
[13.847s] -- Symlinking: /home/GTL/asacks/ros_workspace/install/task_manager_msgs/include/task_manager_msgs/task_manager_msgs/srv/detail/get_all_task_status__type_support.h
[13.854s] -- Symlinking: /home/GTL/asacks/ros_workspace/install/task_manager_msgs/include/task_manager_msgs/task_manager_msgs/srv/detail/get_task_list__functions.h
[13.863s] -- Symlinking: /home/GTL/asacks/ros_workspace/install/task_manager_msgs/include/task_manager_msgs/task_manager_msgs/srv/detail/get_task_list__struct.h
[13.871s] -- Symlinking: /home/GTL/asacks/ros_workspace/install/task_manager_msgs/include/task_manager_msgs/task_manager_msgs/srv/detail/get_task_list__type_support.h
[13.878s] -- Symlinking: /home/GTL/asacks/ros_workspace/install/task_manager_msgs/include/task_manager_msgs/task_manager_msgs/srv/detail/start_task__functions.h
[13.885s] -- Symlinking: /home/GTL/asacks/ros_workspace/install/task_manager_msgs/include/task_manager_msgs/task_manager_msgs/srv/detail/start_task__struct.h
[13.893s] -- Symlinking: /home/GTL/asacks/ros_workspace/install/task_manager_msgs/include/task_manager_msgs/task_manager_msgs/srv/detail/start_task__type_support.h
[13.900s] -- Symlinking: /home/GTL/asacks/ros_workspace/install/task_manager_msgs/include/task_manager_msgs/task_manager_msgs/srv/detail/stop_task__functions.h
[13.907s] -- Symlinking: /home/GTL/asacks/ros_workspace/install/task_manager_msgs/include/task_manager_msgs/task_manager_msgs/srv/detail/stop_task__struct.h
[13.915s] -- Symlinking: /home/GTL/asacks/ros_workspace/install/task_manager_msgs/include/task_manager_msgs/task_manager_msgs/srv/detail/stop_task__type_support.h
[13.923s] -- Symlinking: /home/GTL/asacks/ros_workspace/install/task_manager_msgs/include/task_manager_msgs/task_manager_msgs/srv/get_all_task_status.h
[13.930s] -- Symlinking: /home/GTL/asacks/ros_workspace/install/task_manager_msgs/include/task_manager_msgs/task_manager_msgs/srv/get_task_list.h
[13.937s] -- Symlinking: /home/GTL/asacks/ros_workspace/install/task_manager_msgs/include/task_manager_msgs/task_manager_msgs/srv/start_task.h
[13.945s] -- Symlinking: /home/GTL/asacks/ros_workspace/install/task_manager_msgs/include/task_manager_msgs/task_manager_msgs/srv/stop_task.h
[13.958s] -- Symlinking: /home/GTL/asacks/ros_workspace/install/task_manager_msgs/share/task_manager_msgs/environment/library_path.sh
[13.967s] -- Symlinking: /home/GTL/asacks/ros_workspace/install/task_manager_msgs/share/task_manager_msgs/environment/library_path.dsv
[13.977s] -- Symlinking: /home/GTL/asacks/ros_workspace/install/task_manager_msgs/include/task_manager_msgs/task_manager_msgs/msg/detail/encapsulated_message__rosidl_typesupport_fastrtps_c.h
[13.985s] -- Symlinking: /home/GTL/asacks/ros_workspace/install/task_manager_msgs/include/task_manager_msgs/task_manager_msgs/msg/detail/sync_status__rosidl_typesupport_fastrtps_c.h
[13.992s] -- Symlinking: /home/GTL/asacks/ros_workspace/install/task_manager_msgs/include/task_manager_msgs/task_manager_msgs/msg/detail/task_config__rosidl_typesupport_fastrtps_c.h
[13.999s] -- Symlinking: /home/GTL/asacks/ros_workspace/install/task_manager_msgs/include/task_manager_msgs/task_manager_msgs/msg/detail/task_description__rosidl_typesupport_fastrtps_c.h
[14.008s] -- Symlinking: /home/GTL/asacks/ros_workspace/install/task_manager_msgs/include/task_manager_msgs/task_manager_msgs/msg/detail/task_parameter__rosidl_typesupport_fastrtps_c.h
[14.015s] -- Symlinking: /home/GTL/asacks/ros_workspace/install/task_manager_msgs/include/task_manager_msgs/task_manager_msgs/msg/detail/task_status__rosidl_typesupport_fastrtps_c.h
[14.022s] -- Symlinking: /home/GTL/asacks/ros_workspace/install/task_manager_msgs/include/task_manager_msgs/task_manager_msgs/msg/rosidl_typesupport_fastrtps_c__visibility_control.h
[14.029s] -- Symlinking: /home/GTL/asacks/ros_workspace/install/task_manager_msgs/include/task_manager_msgs/task_manager_msgs/srv/detail/get_all_task_status__rosidl_typesupport_fastrtps_c.h
[14.036s] -- Symlinking: /home/GTL/asacks/ros_workspace/install/task_manager_msgs/include/task_manager_msgs/task_manager_msgs/srv/detail/get_task_list__rosidl_typesupport_fastrtps_c.h
[14.043s] -- Symlinking: /home/GTL/asacks/ros_workspace/install/task_manager_msgs/include/task_manager_msgs/task_manager_msgs/srv/detail/start_task__rosidl_typesupport_fastrtps_c.h
[14.050s] -- Symlinking: /home/GTL/asacks/ros_workspace/install/task_manager_msgs/include/task_manager_msgs/task_manager_msgs/srv/detail/stop_task__rosidl_typesupport_fastrtps_c.h
[14.058s] -- Symlinking: /home/GTL/asacks/ros_workspace/install/task_manager_msgs/include/task_manager_msgs/task_manager_msgs/msg/detail/encapsulated_message__builder.hpp
[14.065s] -- Symlinking: /home/GTL/asacks/ros_workspace/install/task_manager_msgs/include/task_manager_msgs/task_manager_msgs/msg/detail/encapsulated_message__struct.hpp
[14.072s] -- Symlinking: /home/GTL/asacks/ros_workspace/install/task_manager_msgs/include/task_manager_msgs/task_manager_msgs/msg/detail/encapsulated_message__traits.hpp
[14.079s] -- Symlinking: /home/GTL/asacks/ros_workspace/install/task_manager_msgs/include/task_manager_msgs/task_manager_msgs/msg/detail/encapsulated_message__type_support.hpp
[14.085s] -- Symlinking: /home/GTL/asacks/ros_workspace/install/task_manager_msgs/include/task_manager_msgs/task_manager_msgs/msg/detail/sync_status__builder.hpp
[14.092s] -- Symlinking: /home/GTL/asacks/ros_workspace/install/task_manager_msgs/include/task_manager_msgs/task_manager_msgs/msg/detail/sync_status__struct.hpp
[14.099s] -- Symlinking: /home/GTL/asacks/ros_workspace/install/task_manager_msgs/include/task_manager_msgs/task_manager_msgs/msg/detail/sync_status__traits.hpp
[14.108s] -- Symlinking: /home/GTL/asacks/ros_workspace/install/task_manager_msgs/include/task_manager_msgs/task_manager_msgs/msg/detail/sync_status__type_support.hpp
[14.116s] -- Symlinking: /home/GTL/asacks/ros_workspace/install/task_manager_msgs/include/task_manager_msgs/task_manager_msgs/msg/detail/task_config__builder.hpp
[14.123s] -- Symlinking: /home/GTL/asacks/ros_workspace/install/task_manager_msgs/include/task_manager_msgs/task_manager_msgs/msg/detail/task_config__struct.hpp
[14.130s] -- Symlinking: /home/GTL/asacks/ros_workspace/install/task_manager_msgs/include/task_manager_msgs/task_manager_msgs/msg/detail/task_config__traits.hpp
[14.136s] -- Symlinking: /home/GTL/asacks/ros_workspace/install/task_manager_msgs/include/task_manager_msgs/task_manager_msgs/msg/detail/task_config__type_support.hpp
[14.144s] -- Symlinking: /home/GTL/asacks/ros_workspace/install/task_manager_msgs/include/task_manager_msgs/task_manager_msgs/msg/detail/task_description__builder.hpp
[14.150s] -- Symlinking: /home/GTL/asacks/ros_workspace/install/task_manager_msgs/include/task_manager_msgs/task_manager_msgs/msg/detail/task_description__struct.hpp
[14.158s] -- Symlinking: /home/GTL/asacks/ros_workspace/install/task_manager_msgs/include/task_manager_msgs/task_manager_msgs/msg/detail/task_description__traits.hpp
[14.166s] -- Symlinking: /home/GTL/asacks/ros_workspace/install/task_manager_msgs/include/task_manager_msgs/task_manager_msgs/msg/detail/task_description__type_support.hpp
[14.173s] -- Symlinking: /home/GTL/asacks/ros_workspace/install/task_manager_msgs/include/task_manager_msgs/task_manager_msgs/msg/detail/task_parameter__builder.hpp
[14.179s] -- Symlinking: /home/GTL/asacks/ros_workspace/install/task_manager_msgs/include/task_manager_msgs/task_manager_msgs/msg/detail/task_parameter__struct.hpp
[14.186s] -- Symlinking: /home/GTL/asacks/ros_workspace/install/task_manager_msgs/include/task_manager_msgs/task_manager_msgs/msg/detail/task_parameter__traits.hpp
[14.192s] -- Symlinking: /home/GTL/asacks/ros_workspace/install/task_manager_msgs/include/task_manager_msgs/task_manager_msgs/msg/detail/task_parameter__type_support.hpp
[14.201s] -- Symlinking: /home/GTL/asacks/ros_workspace/install/task_manager_msgs/include/task_manager_msgs/task_manager_msgs/msg/detail/task_status__builder.hpp
[14.208s] -- Symlinking: /home/GTL/asacks/ros_workspace/install/task_manager_msgs/include/task_manager_msgs/task_manager_msgs/msg/detail/task_status__struct.hpp
[14.215s] -- Symlinking: /home/GTL/asacks/ros_workspace/install/task_manager_msgs/include/task_manager_msgs/task_manager_msgs/msg/detail/task_status__traits.hpp
[14.222s] -- Symlinking: /home/GTL/asacks/ros_workspace/install/task_manager_msgs/include/task_manager_msgs/task_manager_msgs/msg/detail/task_status__type_support.hpp
[14.228s] -- Symlinking: /home/GTL/asacks/ros_workspace/install/task_manager_msgs/include/task_manager_msgs/task_manager_msgs/msg/encapsulated_message.hpp
[14.236s] -- Symlinking: /home/GTL/asacks/ros_workspace/install/task_manager_msgs/include/task_manager_msgs/task_manager_msgs/msg/rosidl_generator_cpp__visibility_control.hpp
[14.244s] -- Symlinking: /home/GTL/asacks/ros_workspace/install/task_manager_msgs/include/task_manager_msgs/task_manager_msgs/msg/sync_status.hpp
[14.252s] -- Symlinking: /home/GTL/asacks/ros_workspace/install/task_manager_msgs/include/task_manager_msgs/task_manager_msgs/msg/task_config.hpp
[14.260s] -- Symlinking: /home/GTL/asacks/ros_workspace/install/task_manager_msgs/include/task_manager_msgs/task_manager_msgs/msg/task_description.hpp
[14.267s] -- Symlinking: /home/GTL/asacks/ros_workspace/install/task_manager_msgs/include/task_manager_msgs/task_manager_msgs/msg/task_parameter.hpp
[14.275s] -- Symlinking: /home/GTL/asacks/ros_workspace/install/task_manager_msgs/include/task_manager_msgs/task_manager_msgs/msg/task_status.hpp
[14.282s] -- Symlinking: /home/GTL/asacks/ros_workspace/install/task_manager_msgs/include/task_manager_msgs/task_manager_msgs/srv/detail/get_all_task_status__builder.hpp
[14.289s] -- Symlinking: /home/GTL/asacks/ros_workspace/install/task_manager_msgs/include/task_manager_msgs/task_manager_msgs/srv/detail/get_all_task_status__struct.hpp
[14.296s] -- Symlinking: /home/GTL/asacks/ros_workspace/install/task_manager_msgs/include/task_manager_msgs/task_manager_msgs/srv/detail/get_all_task_status__traits.hpp
[14.303s] -- Symlinking: /home/GTL/asacks/ros_workspace/install/task_manager_msgs/include/task_manager_msgs/task_manager_msgs/srv/detail/get_all_task_status__type_support.hpp
[14.312s] -- Symlinking: /home/GTL/asacks/ros_workspace/install/task_manager_msgs/include/task_manager_msgs/task_manager_msgs/srv/detail/get_task_list__builder.hpp
[14.320s] -- Symlinking: /home/GTL/asacks/ros_workspace/install/task_manager_msgs/include/task_manager_msgs/task_manager_msgs/srv/detail/get_task_list__struct.hpp
[14.327s] -- Symlinking: /home/GTL/asacks/ros_workspace/install/task_manager_msgs/include/task_manager_msgs/task_manager_msgs/srv/detail/get_task_list__traits.hpp
[14.334s] -- Symlinking: /home/GTL/asacks/ros_workspace/install/task_manager_msgs/include/task_manager_msgs/task_manager_msgs/srv/detail/get_task_list__type_support.hpp
[14.342s] -- Symlinking: /home/GTL/asacks/ros_workspace/install/task_manager_msgs/include/task_manager_msgs/task_manager_msgs/srv/detail/start_task__builder.hpp
[14.348s] -- Symlinking: /home/GTL/asacks/ros_workspace/install/task_manager_msgs/include/task_manager_msgs/task_manager_msgs/srv/detail/start_task__struct.hpp
[14.354s] -- Symlinking: /home/GTL/asacks/ros_workspace/install/task_manager_msgs/include/task_manager_msgs/task_manager_msgs/srv/detail/start_task__traits.hpp
[14.361s] -- Symlinking: /home/GTL/asacks/ros_workspace/install/task_manager_msgs/include/task_manager_msgs/task_manager_msgs/srv/detail/start_task__type_support.hpp
[14.367s] -- Symlinking: /home/GTL/asacks/ros_workspace/install/task_manager_msgs/include/task_manager_msgs/task_manager_msgs/srv/detail/stop_task__builder.hpp
[14.373s] -- Symlinking: /home/GTL/asacks/ros_workspace/install/task_manager_msgs/include/task_manager_msgs/task_manager_msgs/srv/detail/stop_task__struct.hpp
[14.381s] -- Symlinking: /home/GTL/asacks/ros_workspace/install/task_manager_msgs/include/task_manager_msgs/task_manager_msgs/srv/detail/stop_task__traits.hpp
[14.387s] -- Symlinking: /home/GTL/asacks/ros_workspace/install/task_manager_msgs/include/task_manager_msgs/task_manager_msgs/srv/detail/stop_task__type_support.hpp
[14.394s] -- Symlinking: /home/GTL/asacks/ros_workspace/install/task_manager_msgs/include/task_manager_msgs/task_manager_msgs/srv/get_all_task_status.hpp
[14.401s] -- Symlinking: /home/GTL/asacks/ros_workspace/install/task_manager_msgs/include/task_manager_msgs/task_manager_msgs/srv/get_task_list.hpp
[14.408s] -- Symlinking: /home/GTL/asacks/ros_workspace/install/task_manager_msgs/include/task_manager_msgs/task_manager_msgs/srv/start_task.hpp
[14.415s] -- Symlinking: /home/GTL/asacks/ros_workspace/install/task_manager_msgs/include/task_manager_msgs/task_manager_msgs/srv/stop_task.hpp
[14.427s] -- Symlinking: /home/GTL/asacks/ros_workspace/install/task_manager_msgs/include/task_manager_msgs/task_manager_msgs/msg/detail/encapsulated_message__rosidl_typesupport_fastrtps_cpp.hpp
[14.434s] -- Symlinking: /home/GTL/asacks/ros_workspace/install/task_manager_msgs/include/task_manager_msgs/task_manager_msgs/msg/detail/sync_status__rosidl_typesupport_fastrtps_cpp.hpp
[14.445s] -- Symlinking: /home/GTL/asacks/ros_workspace/install/task_manager_msgs/include/task_manager_msgs/task_manager_msgs/msg/detail/task_config__rosidl_typesupport_fastrtps_cpp.hpp
[14.457s] -- Symlinking: /home/GTL/asacks/ros_workspace/install/task_manager_msgs/include/task_manager_msgs/task_manager_msgs/msg/detail/task_description__rosidl_typesupport_fastrtps_cpp.hpp
[14.464s] -- Symlinking: /home/GTL/asacks/ros_workspace/install/task_manager_msgs/include/task_manager_msgs/task_manager_msgs/msg/detail/task_parameter__rosidl_typesupport_fastrtps_cpp.hpp
[14.471s] -- Symlinking: /home/GTL/asacks/ros_workspace/install/task_manager_msgs/include/task_manager_msgs/task_manager_msgs/msg/detail/task_status__rosidl_typesupport_fastrtps_cpp.hpp
[14.477s] -- Symlinking: /home/GTL/asacks/ros_workspace/install/task_manager_msgs/include/task_manager_msgs/task_manager_msgs/msg/rosidl_typesupport_fastrtps_cpp__visibility_control.h
[14.484s] -- Symlinking: /home/GTL/asacks/ros_workspace/install/task_manager_msgs/include/task_manager_msgs/task_manager_msgs/srv/detail/get_all_task_status__rosidl_typesupport_fastrtps_cpp.hpp
[14.491s] -- Symlinking: /home/GTL/asacks/ros_workspace/install/task_manager_msgs/include/task_manager_msgs/task_manager_msgs/srv/detail/get_task_list__rosidl_typesupport_fastrtps_cpp.hpp
[14.498s] -- Symlinking: /home/GTL/asacks/ros_workspace/install/task_manager_msgs/include/task_manager_msgs/task_manager_msgs/srv/detail/start_task__rosidl_typesupport_fastrtps_cpp.hpp
[14.506s] -- Symlinking: /home/GTL/asacks/ros_workspace/install/task_manager_msgs/include/task_manager_msgs/task_manager_msgs/srv/detail/stop_task__rosidl_typesupport_fastrtps_cpp.hpp
[14.517s] -- Symlinking: /home/GTL/asacks/ros_workspace/install/task_manager_msgs/include/task_manager_msgs/task_manager_msgs/msg/detail/encapsulated_message__rosidl_typesupport_introspection_c.h
[14.526s] -- Symlinking: /home/GTL/asacks/ros_workspace/install/task_manager_msgs/include/task_manager_msgs/task_manager_msgs/msg/detail/sync_status__rosidl_typesupport_introspection_c.h
[14.539s] -- Symlinking: /home/GTL/asacks/ros_workspace/install/task_manager_msgs/include/task_manager_msgs/task_manager_msgs/msg/detail/task_config__rosidl_typesupport_introspection_c.h
[14.552s] -- Symlinking: /home/GTL/asacks/ros_workspace/install/task_manager_msgs/include/task_manager_msgs/task_manager_msgs/msg/detail/task_description__rosidl_typesupport_introspection_c.h
[14.564s] -- Symlinking: /home/GTL/asacks/ros_workspace/install/task_manager_msgs/include/task_manager_msgs/task_manager_msgs/msg/detail/task_parameter__rosidl_typesupport_introspection_c.h
[14.575s] -- Symlinking: /home/GTL/asacks/ros_workspace/install/task_manager_msgs/include/task_manager_msgs/task_manager_msgs/msg/detail/task_status__rosidl_typesupport_introspection_c.h
[14.583s] -- Symlinking: /home/GTL/asacks/ros_workspace/install/task_manager_msgs/include/task_manager_msgs/task_manager_msgs/msg/rosidl_typesupport_introspection_c__visibility_control.h
[14.590s] -- Symlinking: /home/GTL/asacks/ros_workspace/install/task_manager_msgs/include/task_manager_msgs/task_manager_msgs/srv/detail/get_all_task_status__rosidl_typesupport_introspection_c.h
[14.598s] -- Symlinking: /home/GTL/asacks/ros_workspace/install/task_manager_msgs/include/task_manager_msgs/task_manager_msgs/srv/detail/get_task_list__rosidl_typesupport_introspection_c.h
[14.605s] -- Symlinking: /home/GTL/asacks/ros_workspace/install/task_manager_msgs/include/task_manager_msgs/task_manager_msgs/srv/detail/start_task__rosidl_typesupport_introspection_c.h
[14.612s] -- Symlinking: /home/GTL/asacks/ros_workspace/install/task_manager_msgs/include/task_manager_msgs/task_manager_msgs/srv/detail/stop_task__rosidl_typesupport_introspection_c.h
[14.623s] -- Symlinking: /home/GTL/asacks/ros_workspace/install/task_manager_msgs/include/task_manager_msgs/task_manager_msgs/msg/detail/encapsulated_message__rosidl_typesupport_introspection_cpp.hpp
[14.630s] -- Symlinking: /home/GTL/asacks/ros_workspace/install/task_manager_msgs/include/task_manager_msgs/task_manager_msgs/msg/detail/sync_status__rosidl_typesupport_introspection_cpp.hpp
[14.637s] -- Symlinking: /home/GTL/asacks/ros_workspace/install/task_manager_msgs/include/task_manager_msgs/task_manager_msgs/msg/detail/task_config__rosidl_typesupport_introspection_cpp.hpp
[14.644s] -- Symlinking: /home/GTL/asacks/ros_workspace/install/task_manager_msgs/include/task_manager_msgs/task_manager_msgs/msg/detail/task_description__rosidl_typesupport_introspection_cpp.hpp
[14.651s] -- Symlinking: /home/GTL/asacks/ros_workspace/install/task_manager_msgs/include/task_manager_msgs/task_manager_msgs/msg/detail/task_parameter__rosidl_typesupport_introspection_cpp.hpp
[14.658s] -- Symlinking: /home/GTL/asacks/ros_workspace/install/task_manager_msgs/include/task_manager_msgs/task_manager_msgs/msg/detail/task_status__rosidl_typesupport_introspection_cpp.hpp
[14.666s] -- Symlinking: /home/GTL/asacks/ros_workspace/install/task_manager_msgs/include/task_manager_msgs/task_manager_msgs/srv/detail/get_all_task_status__rosidl_typesupport_introspection_cpp.hpp
[14.673s] -- Symlinking: /home/GTL/asacks/ros_workspace/install/task_manager_msgs/include/task_manager_msgs/task_manager_msgs/srv/detail/get_task_list__rosidl_typesupport_introspection_cpp.hpp
[14.680s] -- Symlinking: /home/GTL/asacks/ros_workspace/install/task_manager_msgs/include/task_manager_msgs/task_manager_msgs/srv/detail/start_task__rosidl_typesupport_introspection_cpp.hpp
[14.686s] -- Symlinking: /home/GTL/asacks/ros_workspace/install/task_manager_msgs/include/task_manager_msgs/task_manager_msgs/srv/detail/stop_task__rosidl_typesupport_introspection_cpp.hpp
[14.694s] -- Symlinking: /home/GTL/asacks/ros_workspace/install/task_manager_msgs/share/task_manager_msgs/environment/pythonpath.sh
[14.702s] -- Symlinking: /home/GTL/asacks/ros_workspace/install/task_manager_msgs/share/task_manager_msgs/environment/pythonpath.dsv
[14.714s] -- Symlinking: /home/GTL/asacks/ros_workspace/install/task_manager_msgs/lib/python3.12/site-packages/task_manager_msgs-0.0.0-py3.12.egg-info/PKG-INFO
[14.721s] -- Symlinking: /home/GTL/asacks/ros_workspace/install/task_manager_msgs/lib/python3.12/site-packages/task_manager_msgs-0.0.0-py3.12.egg-info/SOURCES.txt
[14.728s] -- Symlinking: /home/GTL/asacks/ros_workspace/install/task_manager_msgs/lib/python3.12/site-packages/task_manager_msgs-0.0.0-py3.12.egg-info/dependency_links.txt
[14.735s] -- Symlinking: /home/GTL/asacks/ros_workspace/install/task_manager_msgs/lib/python3.12/site-packages/task_manager_msgs-0.0.0-py3.12.egg-info/top_level.txt
[14.747s] -- Symlinking: /home/GTL/asacks/ros_workspace/install/task_manager_msgs/lib/python3.12/site-packages/task_manager_msgs/__init__.py
[14.753s] -- Symlinking: /home/GTL/asacks/ros_workspace/install/task_manager_msgs/lib/python3.12/site-packages/task_manager_msgs/_task_manager_msgs_s.ep.rosidl_typesupport_c.c
[14.760s] -- Symlinking: /home/GTL/asacks/ros_workspace/install/task_manager_msgs/lib/python3.12/site-packages/task_manager_msgs/_task_manager_msgs_s.ep.rosidl_typesupport_fastrtps_c.c
[14.767s] -- Symlinking: /home/GTL/asacks/ros_workspace/install/task_manager_msgs/lib/python3.12/site-packages/task_manager_msgs/_task_manager_msgs_s.ep.rosidl_typesupport_introspection_c.c
[14.778s] -- Symlinking: /home/GTL/asacks/ros_workspace/install/task_manager_msgs/lib/python3.12/site-packages/task_manager_msgs/msg/__init__.py
[14.784s] -- Symlinking: /home/GTL/asacks/ros_workspace/install/task_manager_msgs/lib/python3.12/site-packages/task_manager_msgs/msg/_encapsulated_message.py
[14.792s] -- Symlinking: /home/GTL/asacks/ros_workspace/install/task_manager_msgs/lib/python3.12/site-packages/task_manager_msgs/msg/_encapsulated_message_s.c
[14.800s] -- Symlinking: /home/GTL/asacks/ros_workspace/install/task_manager_msgs/lib/python3.12/site-packages/task_manager_msgs/msg/_sync_status.py
[14.807s] -- Symlinking: /home/GTL/asacks/ros_workspace/install/task_manager_msgs/lib/python3.12/site-packages/task_manager_msgs/msg/_sync_status_s.c
[14.814s] -- Symlinking: /home/GTL/asacks/ros_workspace/install/task_manager_msgs/lib/python3.12/site-packages/task_manager_msgs/msg/_task_config.py
[14.822s] -- Symlinking: /home/GTL/asacks/ros_workspace/install/task_manager_msgs/lib/python3.12/site-packages/task_manager_msgs/msg/_task_config_s.c
[14.829s] -- Symlinking: /home/GTL/asacks/ros_workspace/install/task_manager_msgs/lib/python3.12/site-packages/task_manager_msgs/msg/_task_description.py
[14.836s] -- Symlinking: /home/GTL/asacks/ros_workspace/install/task_manager_msgs/lib/python3.12/site-packages/task_manager_msgs/msg/_task_description_s.c
[14.844s] -- Symlinking: /home/GTL/asacks/ros_workspace/install/task_manager_msgs/lib/python3.12/site-packages/task_manager_msgs/msg/_task_parameter.py
[14.851s] -- Symlinking: /home/GTL/asacks/ros_workspace/install/task_manager_msgs/lib/python3.12/site-packages/task_manager_msgs/msg/_task_parameter_s.c
[14.859s] -- Symlinking: /home/GTL/asacks/ros_workspace/install/task_manager_msgs/lib/python3.12/site-packages/task_manager_msgs/msg/_task_status.py
[14.866s] -- Symlinking: /home/GTL/asacks/ros_workspace/install/task_manager_msgs/lib/python3.12/site-packages/task_manager_msgs/msg/_task_status_s.c
[14.876s] -- Symlinking: /home/GTL/asacks/ros_workspace/install/task_manager_msgs/lib/python3.12/site-packages/task_manager_msgs/srv/__init__.py
[14.884s] -- Symlinking: /home/GTL/asacks/ros_workspace/install/task_manager_msgs/lib/python3.12/site-packages/task_manager_msgs/srv/_get_all_task_status.py
[14.891s] -- Symlinking: /home/GTL/asacks/ros_workspace/install/task_manager_msgs/lib/python3.12/site-packages/task_manager_msgs/srv/_get_all_task_status_s.c
[14.898s] -- Symlinking: /home/GTL/asacks/ros_workspace/install/task_manager_msgs/lib/python3.12/site-packages/task_manager_msgs/srv/_get_task_list.py
[14.905s] -- Symlinking: /home/GTL/asacks/ros_workspace/install/task_manager_msgs/lib/python3.12/site-packages/task_manager_msgs/srv/_get_task_list_s.c
[14.913s] -- Symlinking: /home/GTL/asacks/ros_workspace/install/task_manager_msgs/lib/python3.12/site-packages/task_manager_msgs/srv/_start_task.py
[14.920s] -- Symlinking: /home/GTL/asacks/ros_workspace/install/task_manager_msgs/lib/python3.12/site-packages/task_manager_msgs/srv/_start_task_s.c
[14.927s] -- Symlinking: /home/GTL/asacks/ros_workspace/install/task_manager_msgs/lib/python3.12/site-packages/task_manager_msgs/srv/_stop_task.py
[14.935s] -- Symlinking: /home/GTL/asacks/ros_workspace/install/task_manager_msgs/lib/python3.12/site-packages/task_manager_msgs/srv/_stop_task_s.c
[14.942s] -- Symlinking: /home/GTL/asacks/ros_workspace/install/task_manager_msgs/lib/python3.12/site-packages/task_manager_msgs/task_manager_msgs_s__rosidl_typesupport_c.so
[14.949s] -- Symlinking: /home/GTL/asacks/ros_workspace/install/task_manager_msgs/lib/python3.12/site-packages/task_manager_msgs/task_manager_msgs_s__rosidl_typesupport_fastrtps_c.so
[14.957s] -- Symlinking: /home/GTL/asacks/ros_workspace/install/task_manager_msgs/lib/python3.12/site-packages/task_manager_msgs/task_manager_msgs_s__rosidl_typesupport_introspection_c.so
[14.965s] -- Up-to-date symlink: /home/GTL/asacks/ros_workspace/install/task_manager_msgs/lib/python3.12/site-packages/task_manager_msgs/task_manager_msgs_s__rosidl_typesupport_fastrtps_c.so
[14.966s] -- Up-to-date symlink: /home/GTL/asacks/ros_workspace/install/task_manager_msgs/lib/python3.12/site-packages/task_manager_msgs/task_manager_msgs_s__rosidl_typesupport_introspection_c.so
[14.968s] -- Up-to-date symlink: /home/GTL/asacks/ros_workspace/install/task_manager_msgs/lib/python3.12/site-packages/task_manager_msgs/task_manager_msgs_s__rosidl_typesupport_c.so
[14.972s] -- Symlinking: /home/GTL/asacks/ros_workspace/install/task_manager_msgs/share/task_manager_msgs/rust/Cargo.toml
[14.979s] -- Symlinking: /home/GTL/asacks/ros_workspace/install/task_manager_msgs/share/task_manager_msgs/rust/build.rs
[14.989s] -- Symlinking: /home/GTL/asacks/ros_workspace/install/task_manager_msgs/share/task_manager_msgs/rust/src/lib.rs
[14.997s] -- Symlinking: /home/GTL/asacks/ros_workspace/install/task_manager_msgs/share/task_manager_msgs/rust/src/msg.rs
[15.007s] -- Symlinking: /home/GTL/asacks/ros_workspace/install/task_manager_msgs/share/task_manager_msgs/rust/src/msg/rmw.rs
[15.017s] -- Symlinking: /home/GTL/asacks/ros_workspace/install/task_manager_msgs/share/task_manager_msgs/rust/src/srv.rs
[15.027s] -- Symlinking: /home/GTL/asacks/ros_workspace/install/task_manager_msgs/share/task_manager_msgs/rust/src/srv/rmw.rs
[15.035s] -- Symlinking: /home/GTL/asacks/ros_workspace/install/task_manager_msgs/share/task_manager_msgs/srv/GetAllTaskStatus.idl
[15.044s] -- Symlinking: /home/GTL/asacks/ros_workspace/install/task_manager_msgs/share/task_manager_msgs/srv/StartTask.idl
[15.051s] -- Symlinking: /home/GTL/asacks/ros_workspace/install/task_manager_msgs/share/task_manager_msgs/srv/StopTask.idl
[15.059s] -- Symlinking: /home/GTL/asacks/ros_workspace/install/task_manager_msgs/share/task_manager_msgs/srv/GetTaskList.idl
[15.067s] -- Symlinking: /home/GTL/asacks/ros_workspace/install/task_manager_msgs/share/task_manager_msgs/msg/TaskDescription.idl
[15.075s] -- Symlinking: /home/GTL/asacks/ros_workspace/install/task_manager_msgs/share/task_manager_msgs/msg/TaskParameter.idl
[15.082s] -- Symlinking: /home/GTL/asacks/ros_workspace/install/task_manager_msgs/share/task_manager_msgs/msg/TaskStatus.idl
[15.090s] -- Symlinking: /home/GTL/asacks/ros_workspace/install/task_manager_msgs/share/task_manager_msgs/msg/TaskConfig.idl
[15.098s] -- Symlinking: /home/GTL/asacks/ros_workspace/install/task_manager_msgs/share/task_manager_msgs/msg/SyncStatus.idl
[15.106s] -- Symlinking: /home/GTL/asacks/ros_workspace/install/task_manager_msgs/share/task_manager_msgs/msg/EncapsulatedMessage.idl
[15.114s] -- Symlinking: /home/GTL/asacks/ros_workspace/install/task_manager_msgs/share/task_manager_msgs/srv/GetAllTaskStatus.srv
[15.122s] -- Symlinking: /home/GTL/asacks/ros_workspace/install/task_manager_msgs/share/task_manager_msgs/srv/StartTask.srv
[15.129s] -- Symlinking: /home/GTL/asacks/ros_workspace/install/task_manager_msgs/share/task_manager_msgs/srv/StopTask.srv
[15.137s] -- Symlinking: /home/GTL/asacks/ros_workspace/install/task_manager_msgs/share/task_manager_msgs/srv/GetTaskList.srv
[15.145s] -- Symlinking: /home/GTL/asacks/ros_workspace/install/task_manager_msgs/share/task_manager_msgs/msg/TaskDescription.msg
[15.153s] -- Symlinking: /home/GTL/asacks/ros_workspace/install/task_manager_msgs/share/task_manager_msgs/msg/TaskParameter.msg
[15.161s] -- Symlinking: /home/GTL/asacks/ros_workspace/install/task_manager_msgs/share/task_manager_msgs/msg/TaskStatus.msg
[15.169s] -- Symlinking: /home/GTL/asacks/ros_workspace/install/task_manager_msgs/share/task_manager_msgs/msg/TaskConfig.msg
[15.177s] -- Symlinking: /home/GTL/asacks/ros_workspace/install/task_manager_msgs/share/task_manager_msgs/msg/SyncStatus.msg
[15.185s] -- Symlinking: /home/GTL/asacks/ros_workspace/install/task_manager_msgs/share/task_manager_msgs/msg/EncapsulatedMessage.msg
[15.194s] -- Symlinking: /home/GTL/asacks/ros_workspace/install/task_manager_msgs/lib/task_manager_msgs/task_manager_msgs_encapsulate
[15.204s] -- Symlinking: /home/GTL/asacks/ros_workspace/install/task_manager_msgs/share/ament_index/resource_index/package_run_dependencies/task_manager_msgs
[15.215s] -- Symlinking: /home/GTL/asacks/ros_workspace/install/task_manager_msgs/share/ament_index/resource_index/parent_prefix_path/task_manager_msgs
[15.223s] -- Symlinking: /home/GTL/asacks/ros_workspace/install/task_manager_msgs/share/task_manager_msgs/environment/ament_prefix_path.sh
[15.231s] -- Symlinking: /home/GTL/asacks/ros_workspace/install/task_manager_msgs/share/task_manager_msgs/environment/ament_prefix_path.dsv
[15.239s] -- Symlinking: /home/GTL/asacks/ros_workspace/install/task_manager_msgs/share/task_manager_msgs/environment/path.sh
[15.248s] -- Symlinking: /home/GTL/asacks/ros_workspace/install/task_manager_msgs/share/task_manager_msgs/environment/path.dsv
[15.258s] -- Symlinking: /home/GTL/asacks/ros_workspace/install/task_manager_msgs/share/task_manager_msgs/local_setup.bash
[15.266s] -- Symlinking: /home/GTL/asacks/ros_workspace/install/task_manager_msgs/share/task_manager_msgs/local_setup.sh
[15.275s] -- Symlinking: /home/GTL/asacks/ros_workspace/install/task_manager_msgs/share/task_manager_msgs/local_setup.zsh
[15.283s] -- Symlinking: /home/GTL/asacks/ros_workspace/install/task_manager_msgs/share/task_manager_msgs/local_setup.dsv
[15.292s] -- Symlinking: /home/GTL/asacks/ros_workspace/install/task_manager_msgs/share/task_manager_msgs/package.dsv
[15.302s] -- Symlinking: /home/GTL/asacks/ros_workspace/install/task_manager_msgs/share/ament_index/resource_index/packages/task_manager_msgs
[15.311s] -- Symlinking: /home/GTL/asacks/ros_workspace/install/task_manager_msgs/share/task_manager_msgs/cmake/rosidl_cmake-extras.cmake
[15.319s] -- Symlinking: /home/GTL/asacks/ros_workspace/install/task_manager_msgs/share/task_manager_msgs/cmake/ament_cmake_export_dependencies-extras.cmake
[15.327s] -- Symlinking: /home/GTL/asacks/ros_workspace/install/task_manager_msgs/share/task_manager_msgs/cmake/ament_cmake_export_include_directories-extras.cmake
[15.335s] -- Symlinking: /home/GTL/asacks/ros_workspace/install/task_manager_msgs/share/task_manager_msgs/cmake/ament_cmake_export_libraries-extras.cmake
[15.343s] -- Symlinking: /home/GTL/asacks/ros_workspace/install/task_manager_msgs/share/task_manager_msgs/cmake/ament_cmake_export_targets-extras.cmake
[15.350s] -- Symlinking: /home/GTL/asacks/ros_workspace/install/task_manager_msgs/share/task_manager_msgs/cmake/rosidl_cmake_export_typesupport_targets-extras.cmake
[15.358s] -- Symlinking: /home/GTL/asacks/ros_workspace/install/task_manager_msgs/share/task_manager_msgs/cmake/rosidl_cmake_export_typesupport_libraries-extras.cmake
[15.365s] -- Symlinking: /home/GTL/asacks/ros_workspace/install/task_manager_msgs/share/task_manager_msgs/cmake/rosidl_cmake_aggregate_target-extras.cmake
[15.373s] -- Symlinking: /home/GTL/asacks/ros_workspace/install/task_manager_msgs/share/task_manager_msgs/cmake/task_manager_msgsConfig.cmake
[15.380s] -- Symlinking: /home/GTL/asacks/ros_workspace/install/task_manager_msgs/share/task_manager_msgs/cmake/task_manager_msgsConfig-version.cmake
[15.388s] -- Symlinking: /home/GTL/asacks/ros_workspace/install/task_manager_msgs/share/task_manager_msgs/package.xml
[15.394s] -- Installing: /home/GTL/asacks/ros_workspace/install/task_manager_msgs/lib/libtask_manager_msgs__rosidl_generator_c.so
[15.405s] -- Set non-toolchain portion of runtime path of "/home/GTL/asacks/ros_workspace/install/task_manager_msgs/lib/libtask_manager_msgs__rosidl_generator_c.so" to ""
[15.406s] -- Installing: /home/GTL/asacks/ros_workspace/install/task_manager_msgs/lib/libtask_manager_msgs__rosidl_typesupport_fastrtps_c.so
[15.412s] -- Set non-toolchain portion of runtime path of "/home/GTL/asacks/ros_workspace/install/task_manager_msgs/lib/libtask_manager_msgs__rosidl_typesupport_fastrtps_c.so" to ""
[15.413s] -- Installing: /home/GTL/asacks/ros_workspace/install/task_manager_msgs/lib/libtask_manager_msgs__rosidl_typesupport_fastrtps_cpp.so
[15.430s] -- Set non-toolchain portion of runtime path of "/home/GTL/asacks/ros_workspace/install/task_manager_msgs/lib/libtask_manager_msgs__rosidl_typesupport_fastrtps_cpp.so" to ""
[15.431s] -- Installing: /home/GTL/asacks/ros_workspace/install/task_manager_msgs/lib/libtask_manager_msgs__rosidl_typesupport_introspection_c.so
[15.438s] -- Set non-toolchain portion of runtime path of "/home/GTL/asacks/ros_workspace/install/task_manager_msgs/lib/libtask_manager_msgs__rosidl_typesupport_introspection_c.so" to ""
[15.438s] -- Installing: /home/GTL/asacks/ros_workspace/install/task_manager_msgs/lib/libtask_manager_msgs__rosidl_typesupport_c.so
[15.446s] -- Set non-toolchain portion of runtime path of "/home/GTL/asacks/ros_workspace/install/task_manager_msgs/lib/libtask_manager_msgs__rosidl_typesupport_c.so" to ""
[15.447s] -- Installing: /home/GTL/asacks/ros_workspace/install/task_manager_msgs/lib/libtask_manager_msgs__rosidl_typesupport_introspection_cpp.so
[15.462s] -- Set non-toolchain portion of runtime path of "/home/GTL/asacks/ros_workspace/install/task_manager_msgs/lib/libtask_manager_msgs__rosidl_typesupport_introspection_cpp.so" to ""
[15.463s] -- Installing: /home/GTL/asacks/ros_workspace/install/task_manager_msgs/lib/libtask_manager_msgs__rosidl_typesupport_cpp.so
[15.473s] -- Set non-toolchain portion of runtime path of "/home/GTL/asacks/ros_workspace/install/task_manager_msgs/lib/libtask_manager_msgs__rosidl_typesupport_cpp.so" to ""
[15.557s] Listing '/home/GTL/asacks/ros_workspace/install/task_manager_msgs/lib/python3.12/site-packages/task_manager_msgs'...
[15.558s] Compiling '/home/GTL/asacks/ros_workspace/install/task_manager_msgs/lib/python3.12/site-packages/task_manager_msgs/__init__.py'...
[15.558s] Listing '/home/GTL/asacks/ros_workspace/install/task_manager_msgs/lib/python3.12/site-packages/task_manager_msgs/msg'...
[15.559s] Compiling '/home/GTL/asacks/ros_workspace/install/task_manager_msgs/lib/python3.12/site-packages/task_manager_msgs/msg/__init__.py'...
[15.560s] Compiling '/home/GTL/asacks/ros_workspace/install/task_manager_msgs/lib/python3.12/site-packages/task_manager_msgs/msg/_encapsulated_message.py'...
[15.560s] Compiling '/home/GTL/asacks/ros_workspace/install/task_manager_msgs/lib/python3.12/site-packages/task_manager_msgs/msg/_sync_status.py'...
[15.561s] Compiling '/home/GTL/asacks/ros_workspace/install/task_manager_msgs/lib/python3.12/site-packages/task_manager_msgs/msg/_task_config.py'...
[15.561s] Compiling '/home/GTL/asacks/ros_workspace/install/task_manager_msgs/lib/python3.12/site-packages/task_manager_msgs/msg/_task_description.py'...
[15.562s] Compiling '/home/GTL/asacks/ros_workspace/install/task_manager_msgs/lib/python3.12/site-packages/task_manager_msgs/msg/_task_parameter.py'...
[15.562s] Compiling '/home/GTL/asacks/ros_workspace/install/task_manager_msgs/lib/python3.12/site-packages/task_manager_msgs/msg/_task_status.py'...
[15.563s] Listing '/home/GTL/asacks/ros_workspace/install/task_manager_msgs/lib/python3.12/site-packages/task_manager_msgs/srv'...
[15.563s] Compiling '/home/GTL/asacks/ros_workspace/install/task_manager_msgs/lib/python3.12/site-packages/task_manager_msgs/srv/__init__.py'...
[15.563s] Compiling '/home/GTL/asacks/ros_workspace/install/task_manager_msgs/lib/python3.12/site-packages/task_manager_msgs/srv/_get_all_task_status.py'...
[15.564s] Compiling '/home/GTL/asacks/ros_workspace/install/task_manager_msgs/lib/python3.12/site-packages/task_manager_msgs/srv/_get_task_list.py'...
[15.566s] Compiling '/home/GTL/asacks/ros_workspace/install/task_manager_msgs/lib/python3.12/site-packages/task_manager_msgs/srv/_start_task.py'...
[15.566s] Compiling '/home/GTL/asacks/ros_workspace/install/task_manager_msgs/lib/python3.12/site-packages/task_manager_msgs/srv/_stop_task.py'...
[15.567s] -- Installing: /home/GTL/asacks/ros_workspace/install/task_manager_msgs/lib/libtask_manager_msgs__rosidl_generator_py.so
[15.569s] -- Set non-toolchain portion of runtime path of "/home/GTL/asacks/ros_workspace/install/task_manager_msgs/lib/libtask_manager_msgs__rosidl_generator_py.so" to ""
[15.569s] -- Installing: /home/GTL/asacks/ros_workspace/install/task_manager_msgs/share/task_manager_msgs/cmake/export_task_manager_msgs__rosidl_generator_cExport.cmake
[15.573s] -- Installing: /home/GTL/asacks/ros_workspace/install/task_manager_msgs/share/task_manager_msgs/cmake/export_task_manager_msgs__rosidl_generator_cExport-noconfig.cmake
[15.577s] -- Installing: /home/GTL/asacks/ros_workspace/install/task_manager_msgs/share/task_manager_msgs/cmake/export_task_manager_msgs__rosidl_typesupport_fastrtps_cExport.cmake
[15.580s] -- Installing: /home/GTL/asacks/ros_workspace/install/task_manager_msgs/share/task_manager_msgs/cmake/export_task_manager_msgs__rosidl_typesupport_fastrtps_cExport-noconfig.cmake
[15.584s] -- Installing: /home/GTL/asacks/ros_workspace/install/task_manager_msgs/share/task_manager_msgs/cmake/export_task_manager_msgs__rosidl_generator_cppExport.cmake
[15.587s] -- Installing: /home/GTL/asacks/ros_workspace/install/task_manager_msgs/share/task_manager_msgs/cmake/export_task_manager_msgs__rosidl_typesupport_fastrtps_cppExport.cmake
[15.591s] -- Installing: /home/GTL/asacks/ros_workspace/install/task_manager_msgs/share/task_manager_msgs/cmake/export_task_manager_msgs__rosidl_typesupport_fastrtps_cppExport-noconfig.cmake
[15.594s] -- Installing: /home/GTL/asacks/ros_workspace/install/task_manager_msgs/share/task_manager_msgs/cmake/task_manager_msgs__rosidl_typesupport_introspection_cExport.cmake
[15.598s] -- Installing: /home/GTL/asacks/ros_workspace/install/task_manager_msgs/share/task_manager_msgs/cmake/task_manager_msgs__rosidl_typesupport_introspection_cExport-noconfig.cmake
[15.602s] -- Installing: /home/GTL/asacks/ros_workspace/install/task_manager_msgs/share/task_manager_msgs/cmake/task_manager_msgs__rosidl_typesupport_cExport.cmake
[15.605s] -- Installing: /home/GTL/asacks/ros_workspace/install/task_manager_msgs/share/task_manager_msgs/cmake/task_manager_msgs__rosidl_typesupport_cExport-noconfig.cmake
[15.608s] -- Installing: /home/GTL/asacks/ros_workspace/install/task_manager_msgs/share/task_manager_msgs/cmake/task_manager_msgs__rosidl_typesupport_introspection_cppExport.cmake
[15.612s] -- Installing: /home/GTL/asacks/ros_workspace/install/task_manager_msgs/share/task_manager_msgs/cmake/task_manager_msgs__rosidl_typesupport_introspection_cppExport-noconfig.cmake
[15.616s] -- Installing: /home/GTL/asacks/ros_workspace/install/task_manager_msgs/share/task_manager_msgs/cmake/task_manager_msgs__rosidl_typesupport_cppExport.cmake
[15.620s] -- Installing: /home/GTL/asacks/ros_workspace/install/task_manager_msgs/share/task_manager_msgs/cmake/task_manager_msgs__rosidl_typesupport_cppExport-noconfig.cmake
[15.624s] -- Installing: /home/GTL/asacks/ros_workspace/install/task_manager_msgs/share/task_manager_msgs/cmake/export_task_manager_msgs__rosidl_generator_pyExport.cmake
[15.627s] -- Installing: /home/GTL/asacks/ros_workspace/install/task_manager_msgs/share/task_manager_msgs/cmake/export_task_manager_msgs__rosidl_generator_pyExport-noconfig.cmake
[15.635s] Invoked command in '/home/GTL/asacks/ros_workspace/build/task_manager_msgs' returned '0': CMAKE_PREFIX_PATH=${CMAKE_PREFIX_PATH}:/home/GTL/asacks/ros_workspace/install/model_prediction:/home/GTL/asacks/ros_workspace/install/joy_teleop:/opt/ros/kilted DEBUGINFOD_URLS=https://debuginfod.ubuntu.com /usr/bin/cmake --install /home/GTL/asacks/ros_workspace/build/task_manager_msgs
