-- The C compiler identification is GNU 13.3.0
-- The CXX compiler identification is GNU 13.3.0
-- Detecting C compiler ABI info
-- Detecting C compiler ABI info - done
-- Check for working C compiler: /usr/bin/cc - skipped
-- Detecting C compile features
-- Detecting C compile features - done
-- Detecting CXX compiler ABI info
-- Detecting CXX compiler ABI info - done
-- Check for working CXX compiler: /usr/bin/c++ - skipped
-- Detecting CXX compile features
-- Detecting CXX compile features - done
-- Found ament_cmake: 2.7.5 (/opt/ros/kilted/share/ament_cmake/cmake)
-- Found Python3: /usr/bin/python3 (found version "3.12.3") found components: Interpreter 
-- Override CMake install command with custom implementation using symlinks instead of copying resources
-- Found std_msgs: 5.5.3 (/opt/ros/kilted/share/std_msgs/cmake)
-- Found rosidl_generator_c: 4.9.8 (/opt/ros/kilted/share/rosidl_generator_c/cmake)
-- Found rosidl_generator_cpp: 4.9.8 (/opt/ros/kilted/share/rosidl_generator_cpp/cmake)
-- Using all available rosidl_typesupport_c: rosidl_typesupport_fastrtps_c;rosidl_typesupport_introspection_c
-- Using all available rosidl_typesupport_cpp: rosidl_typesupport_fastrtps_cpp;rosidl_typesupport_introspection_cpp
-- Found geometry_msgs: 5.5.3 (/opt/ros/kilted/share/geometry_msgs/cmake)
-- Found sensor_msgs: 5.5.3 (/opt/ros/kilted/share/sensor_msgs/cmake)
-- Found rosidl_default_generators: 1.7.2 (/opt/ros/kilted/share/rosidl_default_generators/cmake)
-- Found rosidl_adapter: 4.9.8 (/opt/ros/kilted/share/rosidl_adapter/cmake)
-- Found ament_cmake_ros_core: 0.14.7 (/opt/ros/kilted/share/ament_cmake_ros_core/cmake)
-- Using all available rosidl_typesupport_c: rosidl_typesupport_fastrtps_c;rosidl_typesupport_introspection_c
-- Using all available rosidl_typesupport_cpp: rosidl_typesupport_fastrtps_cpp;rosidl_typesupport_introspection_cpp
-- Found Python3: /usr/bin/python3 (found version "3.12.3") found components: Interpreter Development NumPy Development.Module Development.Embed 
-- Found Python3: /usr/bin/python3 (found version "3.12.3") found components: Interpreter 
-- Found ament_lint_auto: 0.19.3 (/opt/ros/kilted/share/ament_lint_auto/cmake)
-- Added test 'lint_cmake' to check CMake code style
-- Added test 'xmllint' to check XML markup files
-- Configuring done (5.5s)
-- Generating done (0.5s)
-- Build files have been written to: /home/GTL/asacks/ros_workspace/build/cs7630_msgs
[  3%] Generating type hashes for ROS interfaces
[  3%] Generating Rust code for ROS interfaces
[  3%] Built target ament_cmake_python_symlink_cs7630_msgs
[  3%] Built target cs7630_msgs__rosidl_generator_type_description
[  3%] Built target cs7630_msgs__rs
[  4%] Generating C code for ROS interfaces
[  6%] Generating C++ code for ROS interfaces
running egg_info
creating cs7630_msgs.egg-info
writing cs7630_msgs.egg-info/PKG-INFO
writing dependency_links to cs7630_msgs.egg-info/dependency_links.txt
writing top-level names to cs7630_msgs.egg-info/top_level.txt
writing manifest file 'cs7630_msgs.egg-info/SOURCES.txt'
reading manifest file 'cs7630_msgs.egg-info/SOURCES.txt'
writing manifest file 'cs7630_msgs.egg-info/SOURCES.txt'
[  6%] Built target ament_cmake_python_build_cs7630_msgs_egg
[  6%] Built target cs7630_msgs__cpp
[ 13%] Building C object CMakeFiles/cs7630_msgs__rosidl_generator_c.dir/rosidl_generator_c/cs7630_msgs/msg/detail/roi_array__description.c.o
[ 13%] Building C object CMakeFiles/cs7630_msgs__rosidl_generator_c.dir/rosidl_generator_c/cs7630_msgs/msg/detail/trajectory__description.c.o
[ 13%] Building C object CMakeFiles/cs7630_msgs__rosidl_generator_c.dir/rosidl_generator_c/cs7630_msgs/msg/detail/roi_array__type_support.c.o
[ 23%] Building C object CMakeFiles/cs7630_msgs__rosidl_generator_c.dir/rosidl_generator_c/cs7630_msgs/msg/detail/plane_description__functions.c.o
[ 20%] Building C object CMakeFiles/cs7630_msgs__rosidl_generator_c.dir/rosidl_generator_c/cs7630_msgs/msg/detail/trajectory__type_support.c.o
[ 20%] Building C object CMakeFiles/cs7630_msgs__rosidl_generator_c.dir/rosidl_generator_c/cs7630_msgs/msg/detail/trajectory__functions.c.o
[ 20%] Building C object CMakeFiles/cs7630_msgs__rosidl_generator_c.dir/rosidl_generator_c/cs7630_msgs/msg/detail/trajectory_element__description.c.o
[ 20%] Building C object CMakeFiles/cs7630_msgs__rosidl_generator_c.dir/rosidl_generator_c/cs7630_msgs/msg/detail/roi_array__functions.c.o
[ 24%] Building C object CMakeFiles/cs7630_msgs__rosidl_generator_c.dir/rosidl_generator_c/cs7630_msgs/msg/detail/trajectory_element__type_support.c.o
[ 24%] Building C object CMakeFiles/cs7630_msgs__rosidl_generator_c.dir/rosidl_generator_c/cs7630_msgs/msg/detail/plane_description__description.c.o
[ 24%] Building C object CMakeFiles/cs7630_msgs__rosidl_generator_c.dir/rosidl_generator_c/cs7630_msgs/msg/detail/trajectory_element__functions.c.o
[ 24%] Building C object CMakeFiles/cs7630_msgs__rosidl_generator_c.dir/rosidl_generator_c/cs7630_msgs/msg/detail/plane_description__type_support.c.o
[ 26%] Linking C shared library libcs7630_msgs__rosidl_generator_c.so
[ 26%] Built target cs7630_msgs__rosidl_generator_c
[ 33%] Generating C++ introspection for ROS interfaces
[ 33%] Generating C type support dispatch for ROS interfaces
[ 33%] Generating C introspection for ROS interfaces
[ 33%] Generating C++ type support for eProsima Fast-RTPS
[ 33%] Generating C type support for eProsima Fast-RTPS
[ 35%] Generating C++ type support dispatch for ROS interfaces
[ 38%] Building CXX object CMakeFiles/cs7630_msgs__rosidl_typesupport_c.dir/rosidl_typesupport_c/cs7630_msgs/msg/trajectory__type_support.cpp.o
[ 38%] Building CXX object CMakeFiles/cs7630_msgs__rosidl_typesupport_c.dir/rosidl_typesupport_c/cs7630_msgs/msg/roi_array__type_support.cpp.o
[ 40%] Building CXX object CMakeFiles/cs7630_msgs__rosidl_typesupport_c.dir/rosidl_typesupport_c/cs7630_msgs/msg/trajectory_element__type_support.cpp.o
[ 41%] Building CXX object CMakeFiles/cs7630_msgs__rosidl_typesupport_c.dir/rosidl_typesupport_c/cs7630_msgs/msg/plane_description__type_support.cpp.o
[ 46%] Building C object CMakeFiles/cs7630_msgs__rosidl_typesupport_introspection_c.dir/rosidl_typesupport_introspection_c/cs7630_msgs/msg/detail/roi_array__type_support.c.o
[ 46%] Building C object CMakeFiles/cs7630_msgs__rosidl_typesupport_introspection_c.dir/rosidl_typesupport_introspection_c/cs7630_msgs/msg/detail/trajectory_element__type_support.c.o
[ 46%] Building C object CMakeFiles/cs7630_msgs__rosidl_typesupport_introspection_c.dir/rosidl_typesupport_introspection_c/cs7630_msgs/msg/detail/trajectory__type_support.c.o
[ 47%] Building C object CMakeFiles/cs7630_msgs__rosidl_typesupport_introspection_c.dir/rosidl_typesupport_introspection_c/cs7630_msgs/msg/detail/plane_description__type_support.c.o
[ 50%] Building CXX object CMakeFiles/cs7630_msgs__rosidl_typesupport_introspection_cpp.dir/rosidl_typesupport_introspection_cpp/cs7630_msgs/msg/detail/roi_array__type_support.cpp.o
[ 50%] Building CXX object CMakeFiles/cs7630_msgs__rosidl_typesupport_introspection_cpp.dir/rosidl_typesupport_introspection_cpp/cs7630_msgs/msg/detail/trajectory__type_support.cpp.o
[ 52%] Building CXX object CMakeFiles/cs7630_msgs__rosidl_typesupport_introspection_cpp.dir/rosidl_typesupport_introspection_cpp/cs7630_msgs/msg/detail/trajectory_element__type_support.cpp.o
[ 53%] Building CXX object CMakeFiles/cs7630_msgs__rosidl_typesupport_introspection_cpp.dir/rosidl_typesupport_introspection_cpp/cs7630_msgs/msg/detail/plane_description__type_support.cpp.o
[ 55%] Building CXX object CMakeFiles/cs7630_msgs__rosidl_typesupport_cpp.dir/rosidl_typesupport_cpp/cs7630_msgs/msg/trajectory__type_support.cpp.o
[ 60%] Linking CXX shared library libcs7630_msgs__rosidl_typesupport_c.so
[ 60%] Building CXX object CMakeFiles/cs7630_msgs__rosidl_typesupport_cpp.dir/rosidl_typesupport_cpp/cs7630_msgs/msg/roi_array__type_support.cpp.o
[ 60%] Building CXX object CMakeFiles/cs7630_msgs__rosidl_typesupport_cpp.dir/rosidl_typesupport_cpp/cs7630_msgs/msg/plane_description__type_support.cpp.o
[ 61%] Building CXX object CMakeFiles/cs7630_msgs__rosidl_typesupport_cpp.dir/rosidl_typesupport_cpp/cs7630_msgs/msg/trajectory_element__type_support.cpp.o
[ 64%] Building CXX object CMakeFiles/cs7630_msgs__rosidl_typesupport_fastrtps_cpp.dir/rosidl_typesupport_fastrtps_cpp/cs7630_msgs/msg/detail/dds_fastrtps/trajectory__type_support.cpp.o
[ 64%] Building CXX object CMakeFiles/cs7630_msgs__rosidl_typesupport_fastrtps_cpp.dir/rosidl_typesupport_fastrtps_cpp/cs7630_msgs/msg/detail/dds_fastrtps/roi_array__type_support.cpp.o
[ 66%] Building CXX object CMakeFiles/cs7630_msgs__rosidl_typesupport_fastrtps_cpp.dir/rosidl_typesupport_fastrtps_cpp/cs7630_msgs/msg/detail/dds_fastrtps/trajectory_element__type_support.cpp.o
[ 67%] Building CXX object CMakeFiles/cs7630_msgs__rosidl_typesupport_fastrtps_cpp.dir/rosidl_typesupport_fastrtps_cpp/cs7630_msgs/msg/detail/dds_fastrtps/plane_description__type_support.cpp.o
[ 69%] Linking C shared library libcs7630_msgs__rosidl_typesupport_introspection_c.so
[ 69%] Built target cs7630_msgs__rosidl_typesupport_c
[ 69%] Built target cs7630_msgs__rosidl_typesupport_introspection_c
[ 72%] Building CXX object CMakeFiles/cs7630_msgs__rosidl_typesupport_fastrtps_c.dir/rosidl_typesupport_fastrtps_c/cs7630_msgs/msg/detail/roi_array__type_support_c.cpp.o
[ 73%] Building CXX object CMakeFiles/cs7630_msgs__rosidl_typesupport_fastrtps_c.dir/rosidl_typesupport_fastrtps_c/cs7630_msgs/msg/detail/trajectory__type_support_c.cpp.o
[ 73%] Building CXX object CMakeFiles/cs7630_msgs__rosidl_typesupport_fastrtps_c.dir/rosidl_typesupport_fastrtps_c/cs7630_msgs/msg/detail/trajectory_element__type_support_c.cpp.o
[ 75%] Building CXX object CMakeFiles/cs7630_msgs__rosidl_typesupport_fastrtps_c.dir/rosidl_typesupport_fastrtps_c/cs7630_msgs/msg/detail/plane_description__type_support_c.cpp.o
[ 76%] Linking CXX shared library libcs7630_msgs__rosidl_typesupport_cpp.so
[ 78%] Linking CXX shared library libcs7630_msgs__rosidl_typesupport_introspection_cpp.so
[ 78%] Built target cs7630_msgs__rosidl_typesupport_cpp
[ 78%] Built target cs7630_msgs__rosidl_typesupport_introspection_cpp
[ 80%] Linking CXX shared library libcs7630_msgs__rosidl_typesupport_fastrtps_cpp.so
[ 81%] Linking CXX shared library libcs7630_msgs__rosidl_typesupport_fastrtps_c.so
[ 81%] Built target cs7630_msgs__rosidl_typesupport_fastrtps_cpp
[ 81%] Built target cs7630_msgs__rosidl_typesupport_fastrtps_c
[ 81%] Built target cs7630_msgs
[ 83%] Generating Python code for ROS interfaces
[ 83%] Built target cs7630_msgs__py
[ 87%] Building C object CMakeFiles/cs7630_msgs__rosidl_generator_py.dir/rosidl_generator_py/cs7630_msgs/msg/_trajectory_s.c.o
[ 87%] Building C object CMakeFiles/cs7630_msgs__rosidl_generator_py.dir/rosidl_generator_py/cs7630_msgs/msg/_roi_array_s.c.o
[ 87%] Building C object CMakeFiles/cs7630_msgs__rosidl_generator_py.dir/rosidl_generator_py/cs7630_msgs/msg/_trajectory_element_s.c.o
[ 89%] Building C object CMakeFiles/cs7630_msgs__rosidl_generator_py.dir/rosidl_generator_py/cs7630_msgs/msg/_plane_description_s.c.o
[ 90%] Linking C shared library libcs7630_msgs__rosidl_generator_py.so
[ 90%] Built target cs7630_msgs__rosidl_generator_py
[ 93%] Building C object CMakeFiles/cs7630_msgs_s__rosidl_typesupport_fastrtps_c.dir/rosidl_generator_py/cs7630_msgs/_cs7630_msgs_s.ep.rosidl_typesupport_fastrtps_c.c.o
[ 95%] Building C object CMakeFiles/cs7630_msgs_s__rosidl_typesupport_c.dir/rosidl_generator_py/cs7630_msgs/_cs7630_msgs_s.ep.rosidl_typesupport_c.c.o
[ 95%] Building C object CMakeFiles/cs7630_msgs_s__rosidl_typesupport_introspection_c.dir/rosidl_generator_py/cs7630_msgs/_cs7630_msgs_s.ep.rosidl_typesupport_introspection_c.c.o
[ 96%] Linking C shared module rosidl_generator_py/cs7630_msgs/cs7630_msgs_s__rosidl_typesupport_c.so
[100%] Linking C shared module rosidl_generator_py/cs7630_msgs/cs7630_msgs_s__rosidl_typesupport_introspection_c.so
[100%] Linking C shared module rosidl_generator_py/cs7630_msgs/cs7630_msgs_s__rosidl_typesupport_fastrtps_c.so
[100%] Built target cs7630_msgs_s__rosidl_typesupport_c
[100%] Built target cs7630_msgs_s__rosidl_typesupport_introspection_c
[100%] Built target cs7630_msgs_s__rosidl_typesupport_fastrtps_c
-- Install configuration: ""
-- Execute custom install script
-- Symlinking: /home/GTL/asacks/ros_workspace/install/cs7630_msgs/share/ament_index/resource_index/rosidl_interfaces/cs7630_msgs
-- Symlinking: /home/GTL/asacks/ros_workspace/install/cs7630_msgs/share/cs7630_msgs/msg/ROIArray.json
-- Symlinking: /home/GTL/asacks/ros_workspace/install/cs7630_msgs/share/cs7630_msgs/msg/Trajectory.json
-- Symlinking: /home/GTL/asacks/ros_workspace/install/cs7630_msgs/share/cs7630_msgs/msg/TrajectoryElement.json
-- Symlinking: /home/GTL/asacks/ros_workspace/install/cs7630_msgs/share/cs7630_msgs/msg/PlaneDescription.json
-- Symlinking: /home/GTL/asacks/ros_workspace/install/cs7630_msgs/include/cs7630_msgs/cs7630_msgs/msg/detail/plane_description__functions.h
-- Symlinking: /home/GTL/asacks/ros_workspace/install/cs7630_msgs/include/cs7630_msgs/cs7630_msgs/msg/detail/plane_description__struct.h
-- Symlinking: /home/GTL/asacks/ros_workspace/install/cs7630_msgs/include/cs7630_msgs/cs7630_msgs/msg/detail/plane_description__type_support.h
-- Symlinking: /home/GTL/asacks/ros_workspace/install/cs7630_msgs/include/cs7630_msgs/cs7630_msgs/msg/detail/roi_array__functions.h
-- Symlinking: /home/GTL/asacks/ros_workspace/install/cs7630_msgs/include/cs7630_msgs/cs7630_msgs/msg/detail/roi_array__struct.h
-- Symlinking: /home/GTL/asacks/ros_workspace/install/cs7630_msgs/include/cs7630_msgs/cs7630_msgs/msg/detail/roi_array__type_support.h
-- Symlinking: /home/GTL/asacks/ros_workspace/install/cs7630_msgs/include/cs7630_msgs/cs7630_msgs/msg/detail/trajectory__functions.h
-- Symlinking: /home/GTL/asacks/ros_workspace/install/cs7630_msgs/include/cs7630_msgs/cs7630_msgs/msg/detail/trajectory__struct.h
-- Symlinking: /home/GTL/asacks/ros_workspace/install/cs7630_msgs/include/cs7630_msgs/cs7630_msgs/msg/detail/trajectory__type_support.h
-- Symlinking: /home/GTL/asacks/ros_workspace/install/cs7630_msgs/include/cs7630_msgs/cs7630_msgs/msg/detail/trajectory_element__functions.h
-- Symlinking: /home/GTL/asacks/ros_workspace/install/cs7630_msgs/include/cs7630_msgs/cs7630_msgs/msg/detail/trajectory_element__struct.h
-- Symlinking: /home/GTL/asacks/ros_workspace/install/cs7630_msgs/include/cs7630_msgs/cs7630_msgs/msg/detail/trajectory_element__type_support.h
-- Symlinking: /home/GTL/asacks/ros_workspace/install/cs7630_msgs/include/cs7630_msgs/cs7630_msgs/msg/plane_description.h
-- Symlinking: /home/GTL/asacks/ros_workspace/install/cs7630_msgs/include/cs7630_msgs/cs7630_msgs/msg/roi_array.h
-- Symlinking: /home/GTL/asacks/ros_workspace/install/cs7630_msgs/include/cs7630_msgs/cs7630_msgs/msg/rosidl_generator_c__visibility_control.h
-- Symlinking: /home/GTL/asacks/ros_workspace/install/cs7630_msgs/include/cs7630_msgs/cs7630_msgs/msg/trajectory.h
-- Symlinking: /home/GTL/asacks/ros_workspace/install/cs7630_msgs/include/cs7630_msgs/cs7630_msgs/msg/trajectory_element.h
-- Symlinking: /home/GTL/asacks/ros_workspace/install/cs7630_msgs/share/cs7630_msgs/environment/library_path.sh
-- Symlinking: /home/GTL/asacks/ros_workspace/install/cs7630_msgs/share/cs7630_msgs/environment/library_path.dsv
-- Symlinking: /home/GTL/asacks/ros_workspace/install/cs7630_msgs/include/cs7630_msgs/cs7630_msgs/msg/detail/plane_description__rosidl_typesupport_fastrtps_c.h
-- Symlinking: /home/GTL/asacks/ros_workspace/install/cs7630_msgs/include/cs7630_msgs/cs7630_msgs/msg/detail/roi_array__rosidl_typesupport_fastrtps_c.h
-- Symlinking: /home/GTL/asacks/ros_workspace/install/cs7630_msgs/include/cs7630_msgs/cs7630_msgs/msg/detail/trajectory__rosidl_typesupport_fastrtps_c.h
-- Symlinking: /home/GTL/asacks/ros_workspace/install/cs7630_msgs/include/cs7630_msgs/cs7630_msgs/msg/detail/trajectory_element__rosidl_typesupport_fastrtps_c.h
-- Symlinking: /home/GTL/asacks/ros_workspace/install/cs7630_msgs/include/cs7630_msgs/cs7630_msgs/msg/rosidl_typesupport_fastrtps_c__visibility_control.h
-- Symlinking: /home/GTL/asacks/ros_workspace/install/cs7630_msgs/include/cs7630_msgs/cs7630_msgs/msg/detail/plane_description__builder.hpp
-- Symlinking: /home/GTL/asacks/ros_workspace/install/cs7630_msgs/include/cs7630_msgs/cs7630_msgs/msg/detail/plane_description__struct.hpp
-- Symlinking: /home/GTL/asacks/ros_workspace/install/cs7630_msgs/include/cs7630_msgs/cs7630_msgs/msg/detail/plane_description__traits.hpp
-- Symlinking: /home/GTL/asacks/ros_workspace/install/cs7630_msgs/include/cs7630_msgs/cs7630_msgs/msg/detail/plane_description__type_support.hpp
-- Symlinking: /home/GTL/asacks/ros_workspace/install/cs7630_msgs/include/cs7630_msgs/cs7630_msgs/msg/detail/roi_array__builder.hpp
-- Symlinking: /home/GTL/asacks/ros_workspace/install/cs7630_msgs/include/cs7630_msgs/cs7630_msgs/msg/detail/roi_array__struct.hpp
-- Symlinking: /home/GTL/asacks/ros_workspace/install/cs7630_msgs/include/cs7630_msgs/cs7630_msgs/msg/detail/roi_array__traits.hpp
-- Symlinking: /home/GTL/asacks/ros_workspace/install/cs7630_msgs/include/cs7630_msgs/cs7630_msgs/msg/detail/roi_array__type_support.hpp
-- Symlinking: /home/GTL/asacks/ros_workspace/install/cs7630_msgs/include/cs7630_msgs/cs7630_msgs/msg/detail/trajectory__builder.hpp
-- Symlinking: /home/GTL/asacks/ros_workspace/install/cs7630_msgs/include/cs7630_msgs/cs7630_msgs/msg/detail/trajectory__struct.hpp
-- Symlinking: /home/GTL/asacks/ros_workspace/install/cs7630_msgs/include/cs7630_msgs/cs7630_msgs/msg/detail/trajectory__traits.hpp
-- Symlinking: /home/GTL/asacks/ros_workspace/install/cs7630_msgs/include/cs7630_msgs/cs7630_msgs/msg/detail/trajectory__type_support.hpp
-- Symlinking: /home/GTL/asacks/ros_workspace/install/cs7630_msgs/include/cs7630_msgs/cs7630_msgs/msg/detail/trajectory_element__builder.hpp
-- Symlinking: /home/GTL/asacks/ros_workspace/install/cs7630_msgs/include/cs7630_msgs/cs7630_msgs/msg/detail/trajectory_element__struct.hpp
-- Symlinking: /home/GTL/asacks/ros_workspace/install/cs7630_msgs/include/cs7630_msgs/cs7630_msgs/msg/detail/trajectory_element__traits.hpp
-- Symlinking: /home/GTL/asacks/ros_workspace/install/cs7630_msgs/include/cs7630_msgs/cs7630_msgs/msg/detail/trajectory_element__type_support.hpp
-- Symlinking: /home/GTL/asacks/ros_workspace/install/cs7630_msgs/include/cs7630_msgs/cs7630_msgs/msg/plane_description.hpp
-- Symlinking: /home/GTL/asacks/ros_workspace/install/cs7630_msgs/include/cs7630_msgs/cs7630_msgs/msg/roi_array.hpp
-- Symlinking: /home/GTL/asacks/ros_workspace/install/cs7630_msgs/include/cs7630_msgs/cs7630_msgs/msg/rosidl_generator_cpp__visibility_control.hpp
-- Symlinking: /home/GTL/asacks/ros_workspace/install/cs7630_msgs/include/cs7630_msgs/cs7630_msgs/msg/trajectory.hpp
-- Symlinking: /home/GTL/asacks/ros_workspace/install/cs7630_msgs/include/cs7630_msgs/cs7630_msgs/msg/trajectory_element.hpp
-- Symlinking: /home/GTL/asacks/ros_workspace/install/cs7630_msgs/include/cs7630_msgs/cs7630_msgs/msg/detail/plane_description__rosidl_typesupport_fastrtps_cpp.hpp
-- Symlinking: /home/GTL/asacks/ros_workspace/install/cs7630_msgs/include/cs7630_msgs/cs7630_msgs/msg/detail/roi_array__rosidl_typesupport_fastrtps_cpp.hpp
-- Symlinking: /home/GTL/asacks/ros_workspace/install/cs7630_msgs/include/cs7630_msgs/cs7630_msgs/msg/detail/trajectory__rosidl_typesupport_fastrtps_cpp.hpp
-- Symlinking: /home/GTL/asacks/ros_workspace/install/cs7630_msgs/include/cs7630_msgs/cs7630_msgs/msg/detail/trajectory_element__rosidl_typesupport_fastrtps_cpp.hpp
-- Symlinking: /home/GTL/asacks/ros_workspace/install/cs7630_msgs/include/cs7630_msgs/cs7630_msgs/msg/rosidl_typesupport_fastrtps_cpp__visibility_control.h
-- Symlinking: /home/GTL/asacks/ros_workspace/install/cs7630_msgs/include/cs7630_msgs/cs7630_msgs/msg/detail/plane_description__rosidl_typesupport_introspection_c.h
-- Symlinking: /home/GTL/asacks/ros_workspace/install/cs7630_msgs/include/cs7630_msgs/cs7630_msgs/msg/detail/roi_array__rosidl_typesupport_introspection_c.h
-- Symlinking: /home/GTL/asacks/ros_workspace/install/cs7630_msgs/include/cs7630_msgs/cs7630_msgs/msg/detail/trajectory__rosidl_typesupport_introspection_c.h
-- Symlinking: /home/GTL/asacks/ros_workspace/install/cs7630_msgs/include/cs7630_msgs/cs7630_msgs/msg/detail/trajectory_element__rosidl_typesupport_introspection_c.h
-- Symlinking: /home/GTL/asacks/ros_workspace/install/cs7630_msgs/include/cs7630_msgs/cs7630_msgs/msg/rosidl_typesupport_introspection_c__visibility_control.h
-- Symlinking: /home/GTL/asacks/ros_workspace/install/cs7630_msgs/include/cs7630_msgs/cs7630_msgs/msg/detail/plane_description__rosidl_typesupport_introspection_cpp.hpp
-- Symlinking: /home/GTL/asacks/ros_workspace/install/cs7630_msgs/include/cs7630_msgs/cs7630_msgs/msg/detail/roi_array__rosidl_typesupport_introspection_cpp.hpp
-- Symlinking: /home/GTL/asacks/ros_workspace/install/cs7630_msgs/include/cs7630_msgs/cs7630_msgs/msg/detail/trajectory__rosidl_typesupport_introspection_cpp.hpp
-- Symlinking: /home/GTL/asacks/ros_workspace/install/cs7630_msgs/include/cs7630_msgs/cs7630_msgs/msg/detail/trajectory_element__rosidl_typesupport_introspection_cpp.hpp
-- Symlinking: /home/GTL/asacks/ros_workspace/install/cs7630_msgs/share/cs7630_msgs/environment/pythonpath.sh
-- Symlinking: /home/GTL/asacks/ros_workspace/install/cs7630_msgs/share/cs7630_msgs/environment/pythonpath.dsv
-- Symlinking: /home/GTL/asacks/ros_workspace/install/cs7630_msgs/lib/python3.12/site-packages/cs7630_msgs-0.0.0-py3.12.egg-info/PKG-INFO
-- Symlinking: /home/GTL/asacks/ros_workspace/install/cs7630_msgs/lib/python3.12/site-packages/cs7630_msgs-0.0.0-py3.12.egg-info/SOURCES.txt
-- Symlinking: /home/GTL/asacks/ros_workspace/install/cs7630_msgs/lib/python3.12/site-packages/cs7630_msgs-0.0.0-py3.12.egg-info/dependency_links.txt
-- Symlinking: /home/GTL/asacks/ros_workspace/install/cs7630_msgs/lib/python3.12/site-packages/cs7630_msgs-0.0.0-py3.12.egg-info/top_level.txt
-- Symlinking: /home/GTL/asacks/ros_workspace/install/cs7630_msgs/lib/python3.12/site-packages/cs7630_msgs/__init__.py
-- Symlinking: /home/GTL/asacks/ros_workspace/install/cs7630_msgs/lib/python3.12/site-packages/cs7630_msgs/_cs7630_msgs_s.ep.rosidl_typesupport_c.c
-- Symlinking: /home/GTL/asacks/ros_workspace/install/cs7630_msgs/lib/python3.12/site-packages/cs7630_msgs/_cs7630_msgs_s.ep.rosidl_typesupport_fastrtps_c.c
-- Symlinking: /home/GTL/asacks/ros_workspace/install/cs7630_msgs/lib/python3.12/site-packages/cs7630_msgs/_cs7630_msgs_s.ep.rosidl_typesupport_introspection_c.c
-- Symlinking: /home/GTL/asacks/ros_workspace/install/cs7630_msgs/lib/python3.12/site-packages/cs7630_msgs/cs7630_msgs_s__rosidl_typesupport_c.so
-- Symlinking: /home/GTL/asacks/ros_workspace/install/cs7630_msgs/lib/python3.12/site-packages/cs7630_msgs/cs7630_msgs_s__rosidl_typesupport_fastrtps_c.so
-- Symlinking: /home/GTL/asacks/ros_workspace/install/cs7630_msgs/lib/python3.12/site-packages/cs7630_msgs/cs7630_msgs_s__rosidl_typesupport_introspection_c.so
-- Symlinking: /home/GTL/asacks/ros_workspace/install/cs7630_msgs/lib/python3.12/site-packages/cs7630_msgs/msg/__init__.py
-- Symlinking: /home/GTL/asacks/ros_workspace/install/cs7630_msgs/lib/python3.12/site-packages/cs7630_msgs/msg/_plane_description.py
-- Symlinking: /home/GTL/asacks/ros_workspace/install/cs7630_msgs/lib/python3.12/site-packages/cs7630_msgs/msg/_plane_description_s.c
-- Symlinking: /home/GTL/asacks/ros_workspace/install/cs7630_msgs/lib/python3.12/site-packages/cs7630_msgs/msg/_roi_array.py
-- Symlinking: /home/GTL/asacks/ros_workspace/install/cs7630_msgs/lib/python3.12/site-packages/cs7630_msgs/msg/_roi_array_s.c
-- Symlinking: /home/GTL/asacks/ros_workspace/install/cs7630_msgs/lib/python3.12/site-packages/cs7630_msgs/msg/_trajectory.py
-- Symlinking: /home/GTL/asacks/ros_workspace/install/cs7630_msgs/lib/python3.12/site-packages/cs7630_msgs/msg/_trajectory_element.py
-- Symlinking: /home/GTL/asacks/ros_workspace/install/cs7630_msgs/lib/python3.12/site-packages/cs7630_msgs/msg/_trajectory_element_s.c
-- Symlinking: /home/GTL/asacks/ros_workspace/install/cs7630_msgs/lib/python3.12/site-packages/cs7630_msgs/msg/_trajectory_s.c
-- Up-to-date symlink: /home/GTL/asacks/ros_workspace/install/cs7630_msgs/lib/python3.12/site-packages/cs7630_msgs/cs7630_msgs_s__rosidl_typesupport_fastrtps_c.so
-- Up-to-date symlink: /home/GTL/asacks/ros_workspace/install/cs7630_msgs/lib/python3.12/site-packages/cs7630_msgs/cs7630_msgs_s__rosidl_typesupport_introspection_c.so
-- Up-to-date symlink: /home/GTL/asacks/ros_workspace/install/cs7630_msgs/lib/python3.12/site-packages/cs7630_msgs/cs7630_msgs_s__rosidl_typesupport_c.so
-- Symlinking: /home/GTL/asacks/ros_workspace/install/cs7630_msgs/share/cs7630_msgs/rust/Cargo.toml
-- Symlinking: /home/GTL/asacks/ros_workspace/install/cs7630_msgs/share/cs7630_msgs/rust/build.rs
-- Symlinking: /home/GTL/asacks/ros_workspace/install/cs7630_msgs/share/cs7630_msgs/rust/src/lib.rs
-- Symlinking: /home/GTL/asacks/ros_workspace/install/cs7630_msgs/share/cs7630_msgs/rust/src/msg.rs
-- Symlinking: /home/GTL/asacks/ros_workspace/install/cs7630_msgs/share/cs7630_msgs/rust/src/msg/rmw.rs
-- Symlinking: /home/GTL/asacks/ros_workspace/install/cs7630_msgs/share/cs7630_msgs/msg/ROIArray.idl
-- Symlinking: /home/GTL/asacks/ros_workspace/install/cs7630_msgs/share/cs7630_msgs/msg/Trajectory.idl
-- Symlinking: /home/GTL/asacks/ros_workspace/install/cs7630_msgs/share/cs7630_msgs/msg/TrajectoryElement.idl
-- Symlinking: /home/GTL/asacks/ros_workspace/install/cs7630_msgs/share/cs7630_msgs/msg/PlaneDescription.idl
-- Symlinking: /home/GTL/asacks/ros_workspace/install/cs7630_msgs/share/cs7630_msgs/msg/ROIArray.msg
-- Symlinking: /home/GTL/asacks/ros_workspace/install/cs7630_msgs/share/cs7630_msgs/msg/Trajectory.msg
-- Symlinking: /home/GTL/asacks/ros_workspace/install/cs7630_msgs/share/cs7630_msgs/msg/TrajectoryElement.msg
-- Symlinking: /home/GTL/asacks/ros_workspace/install/cs7630_msgs/share/cs7630_msgs/msg/PlaneDescription.msg
-- Symlinking: /home/GTL/asacks/ros_workspace/install/cs7630_msgs/share/ament_index/resource_index/package_run_dependencies/cs7630_msgs
-- Symlinking: /home/GTL/asacks/ros_workspace/install/cs7630_msgs/share/ament_index/resource_index/parent_prefix_path/cs7630_msgs
-- Symlinking: /home/GTL/asacks/ros_workspace/install/cs7630_msgs/share/cs7630_msgs/environment/ament_prefix_path.sh
-- Symlinking: /home/GTL/asacks/ros_workspace/install/cs7630_msgs/share/cs7630_msgs/environment/ament_prefix_path.dsv
-- Symlinking: /home/GTL/asacks/ros_workspace/install/cs7630_msgs/share/cs7630_msgs/environment/path.sh
-- Symlinking: /home/GTL/asacks/ros_workspace/install/cs7630_msgs/share/cs7630_msgs/environment/path.dsv
-- Symlinking: /home/GTL/asacks/ros_workspace/install/cs7630_msgs/share/cs7630_msgs/local_setup.bash
-- Symlinking: /home/GTL/asacks/ros_workspace/install/cs7630_msgs/share/cs7630_msgs/local_setup.sh
-- Symlinking: /home/GTL/asacks/ros_workspace/install/cs7630_msgs/share/cs7630_msgs/local_setup.zsh
-- Symlinking: /home/GTL/asacks/ros_workspace/install/cs7630_msgs/share/cs7630_msgs/local_setup.dsv
-- Symlinking: /home/GTL/asacks/ros_workspace/install/cs7630_msgs/share/cs7630_msgs/package.dsv
-- Symlinking: /home/GTL/asacks/ros_workspace/install/cs7630_msgs/share/ament_index/resource_index/packages/cs7630_msgs
-- Symlinking: /home/GTL/asacks/ros_workspace/install/cs7630_msgs/share/cs7630_msgs/cmake/rosidl_cmake-extras.cmake
-- Symlinking: /home/GTL/asacks/ros_workspace/install/cs7630_msgs/share/cs7630_msgs/cmake/ament_cmake_export_dependencies-extras.cmake
-- Symlinking: /home/GTL/asacks/ros_workspace/install/cs7630_msgs/share/cs7630_msgs/cmake/ament_cmake_export_include_directories-extras.cmake
-- Symlinking: /home/GTL/asacks/ros_workspace/install/cs7630_msgs/share/cs7630_msgs/cmake/ament_cmake_export_libraries-extras.cmake
-- Symlinking: /home/GTL/asacks/ros_workspace/install/cs7630_msgs/share/cs7630_msgs/cmake/ament_cmake_export_targets-extras.cmake
-- Symlinking: /home/GTL/asacks/ros_workspace/install/cs7630_msgs/share/cs7630_msgs/cmake/rosidl_cmake_export_typesupport_targets-extras.cmake
-- Symlinking: /home/GTL/asacks/ros_workspace/install/cs7630_msgs/share/cs7630_msgs/cmake/rosidl_cmake_export_typesupport_libraries-extras.cmake
-- Symlinking: /home/GTL/asacks/ros_workspace/install/cs7630_msgs/share/cs7630_msgs/cmake/rosidl_cmake_aggregate_target-extras.cmake
-- Symlinking: /home/GTL/asacks/ros_workspace/install/cs7630_msgs/share/cs7630_msgs/cmake/cs7630_msgsConfig.cmake
-- Symlinking: /home/GTL/asacks/ros_workspace/install/cs7630_msgs/share/cs7630_msgs/cmake/cs7630_msgsConfig-version.cmake
-- Symlinking: /home/GTL/asacks/ros_workspace/install/cs7630_msgs/share/cs7630_msgs/package.xml
-- Installing: /home/GTL/asacks/ros_workspace/install/cs7630_msgs/lib/libcs7630_msgs__rosidl_generator_c.so
-- Set non-toolchain portion of runtime path of "/home/GTL/asacks/ros_workspace/install/cs7630_msgs/lib/libcs7630_msgs__rosidl_generator_c.so" to ""
-- Installing: /home/GTL/asacks/ros_workspace/install/cs7630_msgs/lib/libcs7630_msgs__rosidl_typesupport_fastrtps_c.so
-- Set non-toolchain portion of runtime path of "/home/GTL/asacks/ros_workspace/install/cs7630_msgs/lib/libcs7630_msgs__rosidl_typesupport_fastrtps_c.so" to ""
-- Installing: /home/GTL/asacks/ros_workspace/install/cs7630_msgs/lib/libcs7630_msgs__rosidl_typesupport_fastrtps_cpp.so
-- Set non-toolchain portion of runtime path of "/home/GTL/asacks/ros_workspace/install/cs7630_msgs/lib/libcs7630_msgs__rosidl_typesupport_fastrtps_cpp.so" to ""
-- Installing: /home/GTL/asacks/ros_workspace/install/cs7630_msgs/lib/libcs7630_msgs__rosidl_typesupport_introspection_c.so
-- Set non-toolchain portion of runtime path of "/home/GTL/asacks/ros_workspace/install/cs7630_msgs/lib/libcs7630_msgs__rosidl_typesupport_introspection_c.so" to ""
-- Installing: /home/GTL/asacks/ros_workspace/install/cs7630_msgs/lib/libcs7630_msgs__rosidl_typesupport_c.so
-- Set non-toolchain portion of runtime path of "/home/GTL/asacks/ros_workspace/install/cs7630_msgs/lib/libcs7630_msgs__rosidl_typesupport_c.so" to ""
-- Installing: /home/GTL/asacks/ros_workspace/install/cs7630_msgs/lib/libcs7630_msgs__rosidl_typesupport_introspection_cpp.so
-- Set non-toolchain portion of runtime path of "/home/GTL/asacks/ros_workspace/install/cs7630_msgs/lib/libcs7630_msgs__rosidl_typesupport_introspection_cpp.so" to ""
-- Installing: /home/GTL/asacks/ros_workspace/install/cs7630_msgs/lib/libcs7630_msgs__rosidl_typesupport_cpp.so
-- Set non-toolchain portion of runtime path of "/home/GTL/asacks/ros_workspace/install/cs7630_msgs/lib/libcs7630_msgs__rosidl_typesupport_cpp.so" to ""
Listing '/home/GTL/asacks/ros_workspace/install/cs7630_msgs/lib/python3.12/site-packages/cs7630_msgs'...
Compiling '/home/GTL/asacks/ros_workspace/install/cs7630_msgs/lib/python3.12/site-packages/cs7630_msgs/__init__.py'...
Listing '/home/GTL/asacks/ros_workspace/install/cs7630_msgs/lib/python3.12/site-packages/cs7630_msgs/msg'...
Compiling '/home/GTL/asacks/ros_workspace/install/cs7630_msgs/lib/python3.12/site-packages/cs7630_msgs/msg/__init__.py'...
Compiling '/home/GTL/asacks/ros_workspace/install/cs7630_msgs/lib/python3.12/site-packages/cs7630_msgs/msg/_plane_description.py'...
Compiling '/home/GTL/asacks/ros_workspace/install/cs7630_msgs/lib/python3.12/site-packages/cs7630_msgs/msg/_roi_array.py'...
Compiling '/home/GTL/asacks/ros_workspace/install/cs7630_msgs/lib/python3.12/site-packages/cs7630_msgs/msg/_trajectory.py'...
Compiling '/home/GTL/asacks/ros_workspace/install/cs7630_msgs/lib/python3.12/site-packages/cs7630_msgs/msg/_trajectory_element.py'...
-- Installing: /home/GTL/asacks/ros_workspace/install/cs7630_msgs/lib/libcs7630_msgs__rosidl_generator_py.so
-- Set non-toolchain portion of runtime path of "/home/GTL/asacks/ros_workspace/install/cs7630_msgs/lib/libcs7630_msgs__rosidl_generator_py.so" to ""
-- Installing: /home/GTL/asacks/ros_workspace/install/cs7630_msgs/share/cs7630_msgs/cmake/export_cs7630_msgs__rosidl_generator_cExport.cmake
-- Installing: /home/GTL/asacks/ros_workspace/install/cs7630_msgs/share/cs7630_msgs/cmake/export_cs7630_msgs__rosidl_generator_cExport-noconfig.cmake
-- Installing: /home/GTL/asacks/ros_workspace/install/cs7630_msgs/share/cs7630_msgs/cmake/export_cs7630_msgs__rosidl_typesupport_fastrtps_cExport.cmake
-- Installing: /home/GTL/asacks/ros_workspace/install/cs7630_msgs/share/cs7630_msgs/cmake/export_cs7630_msgs__rosidl_typesupport_fastrtps_cExport-noconfig.cmake
-- Installing: /home/GTL/asacks/ros_workspace/install/cs7630_msgs/share/cs7630_msgs/cmake/export_cs7630_msgs__rosidl_generator_cppExport.cmake
-- Installing: /home/GTL/asacks/ros_workspace/install/cs7630_msgs/share/cs7630_msgs/cmake/export_cs7630_msgs__rosidl_typesupport_fastrtps_cppExport.cmake
-- Installing: /home/GTL/asacks/ros_workspace/install/cs7630_msgs/share/cs7630_msgs/cmake/export_cs7630_msgs__rosidl_typesupport_fastrtps_cppExport-noconfig.cmake
-- Installing: /home/GTL/asacks/ros_workspace/install/cs7630_msgs/share/cs7630_msgs/cmake/cs7630_msgs__rosidl_typesupport_introspection_cExport.cmake
-- Installing: /home/GTL/asacks/ros_workspace/install/cs7630_msgs/share/cs7630_msgs/cmake/cs7630_msgs__rosidl_typesupport_introspection_cExport-noconfig.cmake
-- Installing: /home/GTL/asacks/ros_workspace/install/cs7630_msgs/share/cs7630_msgs/cmake/cs7630_msgs__rosidl_typesupport_cExport.cmake
-- Installing: /home/GTL/asacks/ros_workspace/install/cs7630_msgs/share/cs7630_msgs/cmake/cs7630_msgs__rosidl_typesupport_cExport-noconfig.cmake
-- Installing: /home/GTL/asacks/ros_workspace/install/cs7630_msgs/share/cs7630_msgs/cmake/cs7630_msgs__rosidl_typesupport_introspection_cppExport.cmake
-- Installing: /home/GTL/asacks/ros_workspace/install/cs7630_msgs/share/cs7630_msgs/cmake/cs7630_msgs__rosidl_typesupport_introspection_cppExport-noconfig.cmake
-- Installing: /home/GTL/asacks/ros_workspace/install/cs7630_msgs/share/cs7630_msgs/cmake/cs7630_msgs__rosidl_typesupport_cppExport.cmake
-- Installing: /home/GTL/asacks/ros_workspace/install/cs7630_msgs/share/cs7630_msgs/cmake/cs7630_msgs__rosidl_typesupport_cppExport-noconfig.cmake
-- Installing: /home/GTL/asacks/ros_workspace/install/cs7630_msgs/share/cs7630_msgs/cmake/export_cs7630_msgs__rosidl_generator_pyExport.cmake
-- Installing: /home/GTL/asacks/ros_workspace/install/cs7630_msgs/share/cs7630_msgs/cmake/export_cs7630_msgs__rosidl_generator_pyExport-noconfig.cmake
