running develop
running egg_info
creating floor_graph.egg-info
writing floor_graph.egg-info/PKG-INFO
writing dependency_links to floor_graph.egg-info/dependency_links.txt
writing entry points to floor_graph.egg-info/entry_points.txt
writing requirements to floor_graph.egg-info/requires.txt
writing top-level names to floor_graph.egg-info/top_level.txt
writing manifest file 'floor_graph.egg-info/SOURCES.txt'
reading manifest file 'floor_graph.egg-info/SOURCES.txt'
writing manifest file 'floor_graph.egg-info/SOURCES.txt'
running build_ext
Creating /home/GTL/asacks/ros_workspace/install/floor_graph/lib/python3.12/site-packages/floor-graph.egg-link (link to .)
Installing build_graph_node script to /home/GTL/asacks/ros_workspace/install/floor_graph/lib/floor_graph
Installing build_graph_test_node script to /home/GTL/asacks/ros_workspace/install/floor_graph/lib/floor_graph
Installing graph_viz_node script to /home/GTL/asacks/ros_workspace/install/floor_graph/lib/floor_graph

Installed /home/GTL/asacks/ros_workspace/build/floor_graph
running symlink_data
creating /home/GTL/asacks/ros_workspace/install/floor_graph/share/ament_index
creating /home/GTL/asacks/ros_workspace/install/floor_graph/share/ament_index/resource_index
creating /home/GTL/asacks/ros_workspace/install/floor_graph/share/ament_index/resource_index/packages
symbolically linking /home/GTL/asacks/ros_workspace/build/floor_graph/resource/floor_graph -> /home/GTL/asacks/ros_workspace/install/floor_graph/share/ament_index/resource_index/packages
symbolically linking /home/GTL/asacks/ros_workspace/build/floor_graph/package.xml -> /home/GTL/asacks/ros_workspace/install/floor_graph/share/floor_graph
creating /home/GTL/asacks/ros_workspace/install/floor_graph/share/floor_graph/graphs
symbolically linking /home/GTL/asacks/ros_workspace/build/floor_graph/graphs/graph-test.picklez -> /home/GTL/asacks/ros_workspace/install/floor_graph/share/floor_graph/graphs
symbolically linking /home/GTL/asacks/ros_workspace/build/floor_graph/graphs/graph.png -> /home/GTL/asacks/ros_workspace/install/floor_graph/share/floor_graph/graphs
symbolically linking /home/GTL/asacks/ros_workspace/build/floor_graph/graphs/graph-ref.picklez -> /home/GTL/asacks/ros_workspace/install/floor_graph/share/floor_graph/graphs
symbolically linking /home/GTL/asacks/ros_workspace/build/floor_graph/graphs/graph-ref.png -> /home/GTL/asacks/ros_workspace/install/floor_graph/share/floor_graph/graphs
symbolically linking /home/GTL/asacks/ros_workspace/build/floor_graph/graphs/graph.picklez -> /home/GTL/asacks/ros_workspace/install/floor_graph/share/floor_graph/graphs
symbolically linking /home/GTL/asacks/ros_workspace/build/floor_graph/graphs/graph-test.png -> /home/GTL/asacks/ros_workspace/install/floor_graph/share/floor_graph/graphs
symbolically linking /home/GTL/asacks/ros_workspace/build/floor_graph/launch/floor_graph.launch.py -> /home/GTL/asacks/ros_workspace/install/floor_graph/share/floor_graph
