In file included from /usr/include/eigen3/Eigen/src/Core/util/ConfigureVectorization.h:346,
                 from /usr/include/eigen3/Eigen/Core:22,
                 from /usr/include/pcl-1.14/pcl/memory.h:48,
                 from /usr/include/pcl-1.14/pcl/impl/point_types.hpp:41,
                 from /usr/include/pcl-1.14/pcl/point_types.h:354,
                 from /home/GTL/asacks/ros_workspace/src/cylinder_detector/src/cylinder_detector.cpp:8:
In function ‘__m128d _mm_sub_pd(__m128d, __m128d)’,
    inlined from ‘Packet Eigen::internal::psub(const Packet&, const Packet&) [with Packet = __vector(2) double]’ at /usr/include/eigen3/Eigen/src/Core/arch/SSE/PacketMath.h:296:113,
    inlined from ‘const Packet Eigen::internal::scalar_difference_op<LhsScalar, RhsScalar>::packetOp(const Packet&, const Packet&) const [with Packet = __vector(2) double; LhsScalar = double; RhsScalar = double]’ at /usr/include/eigen3/Eigen/src/Core/functors/BinaryFunctors.h:362:26,
    inlined from ‘PacketType Eigen::internal::binary_evaluator<Eigen::CwiseBinaryOp<BinaryOp, Lhs, Rhs>, Eigen::internal::IndexBased, Eigen::internal::IndexBased>::packet(Eigen::Index, Eigen::Index) const [with int LoadMode = 0; PacketType = __vector(2) double; BinaryOp = Eigen::internal::scalar_difference_op<double, double>; Lhs = const Eigen::Block<const Eigen::Matrix<double, 3, 1>, 2, 1, false>; Rhs = const Eigen::Matrix<double, 2, 1>]’ at /usr/include/eigen3/Eigen/src/Core/CoreEvaluators.h:782:31,
    inlined from ‘PacketType Eigen::internal::unary_evaluator<Eigen::CwiseUnaryOp<UnaryOp, ArgType>, Eigen::internal::IndexBased>::packet(Eigen::Index, Eigen::Index) const [with int LoadMode = 0; PacketType = __vector(2) double; UnaryOp = Eigen::internal::scalar_abs2_op<double>; ArgType = const Eigen::CwiseBinaryOp<Eigen::internal::scalar_difference_op<double, double>, const Eigen::Block<const Eigen::Matrix<double, 3, 1>, 2, 1, false>, const Eigen::Matrix<double, 2, 1> >]’ at /usr/include/eigen3/Eigen/src/Core/CoreEvaluators.h:596:81,
    inlined from ‘PacketType Eigen::internal::redux_evaluator<_XprType>::packetByOuterInner(Eigen::Index, Eigen::Index) const [with int LoadMode = 0; PacketType = __vector(2) double; _XprType = Eigen::CwiseUnaryOp<Eigen::internal::scalar_abs2_op<double>, const Eigen::CwiseBinaryOp<Eigen::internal::scalar_difference_op<double, double>, const Eigen::Block<const Eigen::Matrix<double, 3, 1>, 2, 1, false>, const Eigen::Matrix<double, 2, 1> > >]’ at /usr/include/eigen3/Eigen/src/Core/Redux.h:386:54,
    inlined from ‘static PacketType Eigen::internal::redux_vec_unroller<Func, Evaluator, Start, 1>::run(const Evaluator&, const Func&) [with PacketType = __vector(2) double; Func = Eigen::internal::scalar_sum_op<double, double>; Evaluator = Eigen::internal::redux_evaluator<Eigen::CwiseUnaryOp<Eigen::internal::scalar_abs2_op<double>, const Eigen::CwiseBinaryOp<Eigen::internal::scalar_difference_op<double, double>, const Eigen::Block<const Eigen::Matrix<double, 3, 1>, 2, 1, false>, const Eigen::Matrix<double, 2, 1> > > >; int Start = 0]’ at /usr/include/eigen3/Eigen/src/Core/Redux.h:177:66,
    inlined from ‘static Eigen::internal::redux_impl<Func, Evaluator, 3, 2>::Scalar Eigen::internal::redux_impl<Func, Evaluator, 3, 2>::run(const Evaluator&, const Func&, const XprType&) [with XprType = Eigen::CwiseUnaryOp<Eigen::internal::scalar_abs2_op<double>, const Eigen::CwiseBinaryOp<Eigen::internal::scalar_difference_op<double, double>, const Eigen::Block<const Eigen::Matrix<double, 3, 1>, 2, 1, false>, const Eigen::Matrix<double, 2, 1> > >; Func = Eigen::internal::scalar_sum_op<double, double>; Evaluator = Eigen::internal::redux_evaluator<Eigen::CwiseUnaryOp<Eigen::internal::scalar_abs2_op<double>, const Eigen::CwiseBinaryOp<Eigen::internal::scalar_difference_op<double, double>, const Eigen::Block<const Eigen::Matrix<double, 3, 1>, 2, 1, false>, const Eigen::Matrix<double, 2, 1> > > >]’ at /usr/include/eigen3/Eigen/src/Core/Redux.h:344:115,
    inlined from ‘typename Eigen::internal::traits<T>::Scalar Eigen::DenseBase<Derived>::redux(const Func&) const [with BinaryOp = Eigen::internal::scalar_sum_op<double, double>; Derived = Eigen::CwiseUnaryOp<Eigen::internal::scalar_abs2_op<double>, const Eigen::CwiseBinaryOp<Eigen::internal::scalar_difference_op<double, double>, const Eigen::Block<const Eigen::Matrix<double, 3, 1>, 2, 1, false>, const Eigen::Matrix<double, 2, 1> > >]’ at /usr/include/eigen3/Eigen/src/Core/Redux.h:418:56,
    inlined from ‘typename Eigen::internal::traits<T>::Scalar Eigen::DenseBase<Derived>::sum() const [with Derived = Eigen::CwiseUnaryOp<Eigen::internal::scalar_abs2_op<double>, const Eigen::CwiseBinaryOp<Eigen::internal::scalar_difference_op<double, double>, const Eigen::Block<const Eigen::Matrix<double, 3, 1>, 2, 1, false>, const Eigen::Matrix<double, 2, 1> > >]’ at /usr/include/eigen3/Eigen/src/Core/Redux.h:463:25,
    inlined from ‘typename Eigen::NumTraits<typename Eigen::internal::traits<T>::Scalar>::Real Eigen::MatrixBase<Derived>::squaredNorm() const [with Derived = Eigen::CwiseBinaryOp<Eigen::internal::scalar_difference_op<double, double>, const Eigen::Block<const Eigen::Matrix<double, 3, 1>, 2, 1, false>, const Eigen::Matrix<double, 2, 1> >]’ at /usr/include/eigen3/Eigen/src/Core/Dot.h:98:46,
    inlined from ‘typename Eigen::NumTraits<typename Eigen::internal::traits<T>::Scalar>::Real Eigen::MatrixBase<Derived>::norm() const [with Derived = Eigen::CwiseBinaryOp<Eigen::internal::scalar_difference_op<double, double>, const Eigen::Block<const Eigen::Matrix<double, 3, 1>, 2, 1, false>, const Eigen::Matrix<double, 2, 1> >]’ at /usr/include/eigen3/Eigen/src/Core/Dot.h:110:34,
    inlined from ‘bool CylinderDetector::fitCylinder(const std::vector<Eigen::Matrix<double, 3, 1> >&, const Eigen::Vector3d&, Detection&)’ at /home/GTL/asacks/ros_workspace/src/cylinder_detector/src/cylinder_detector.cpp:203:53:
/usr/lib/gcc/x86_64-linux-gnu/13/include/emmintrin.h:263:46: warning: ‘*(__m128d*)((char*)&center + offsetof(Eigen::Vector2d, Eigen::Matrix<double, 2, 1, 0, 2, 1>::<unnamed>.Eigen::PlainObjectBase<Eigen::Matrix<double, 2, 1, 0, 2, 1> >::<unnamed>.Eigen::MatrixBase<Eigen::Matrix<double, 2, 1, 0, 2, 1> >::<unnamed>.Eigen::DenseBase<Eigen::Matrix<double, 2, 1, 0, 2, 1> >::<unnamed>.Eigen::DenseCoeffsBase<Eigen::Matrix<double, 2, 1, 0, 2, 1>, 3>::<unnamed>.Eigen::DenseCoeffsBase<Eigen::Matrix<double, 2, 1, 0, 2, 1>, 1>::<unnamed>.Eigen::DenseCoeffsBase<Eigen::Matrix<double, 2, 1, 0, 2, 1>, 0>::<unnamed>))’ may be used uninitialized [-Wmaybe-uninitialized]
  263 |   return (__m128d) ((__v2df)__A - (__v2df)__B);
      |                                              ^
/home/GTL/asacks/ros_workspace/src/cylinder_detector/src/cylinder_detector.cpp: In member function ‘bool CylinderDetector::fitCylinder(const std::vector<Eigen::Matrix<double, 3, 1> >&, const Eigen::Vector3d&, Detection&)’:
/home/GTL/asacks/ros_workspace/src/cylinder_detector/src/cylinder_detector.cpp:171:29: note: ‘*(__m128d*)((char*)&center + offsetof(Eigen::Vector2d, Eigen::Matrix<double, 2, 1, 0, 2, 1>::<unnamed>.Eigen::PlainObjectBase<Eigen::Matrix<double, 2, 1, 0, 2, 1> >::<unnamed>.Eigen::MatrixBase<Eigen::Matrix<double, 2, 1, 0, 2, 1> >::<unnamed>.Eigen::DenseBase<Eigen::Matrix<double, 2, 1, 0, 2, 1> >::<unnamed>.Eigen::DenseCoeffsBase<Eigen::Matrix<double, 2, 1, 0, 2, 1>, 3>::<unnamed>.Eigen::DenseCoeffsBase<Eigen::Matrix<double, 2, 1, 0, 2, 1>, 1>::<unnamed>.Eigen::DenseCoeffsBase<Eigen::Matrix<double, 2, 1, 0, 2, 1>, 0>::<unnamed>))’ was declared here
  171 |             Eigen::Vector2d center;
      |                             ^~~~~~
