-- The C compiler identification is GNU 13.3.0
-- The CXX compiler identification is GNU 13.3.0
-- Detecting C compiler ABI info
-- Detecting C compiler ABI info - done
-- Check for working C compiler: /usr/bin/cc - skipped
-- Detecting C compile features
-- Detecting C compile features - done
-- Detecting CXX compiler ABI info
-- Detecting CXX compiler ABI info - done
-- Check for working CXX compiler: /usr/bin/c++ - skipped
-- Detecting CXX compile features
-- Detecting CXX compile features - done
-- Found ament_cmake: 2.7.5 (/opt/ros/kilted/share/ament_cmake/cmake)
-- Found Python3: /usr/bin/python3 (found version "3.12.3") found components: Interpreter 
-- Override CMake install command with custom implementation using symlinks instead of copying resources
-- Found rclcpp: 29.5.10 (/opt/ros/kilted/share/rclcpp/cmake)
-- Found rosidl_generator_c: 4.9.8 (/opt/ros/kilted/share/rosidl_generator_c/cmake)
-- Found rosidl_generator_cpp: 4.9.8 (/opt/ros/kilted/share/rosidl_generator_cpp/cmake)
-- Using all available rosidl_typesupport_c: rosidl_typesupport_fastrtps_c;rosidl_typesupport_introspection_c
-- Using all available rosidl_typesupport_cpp: rosidl_typesupport_fastrtps_cpp;rosidl_typesupport_introspection_cpp
-- Found rmw_implementation_cmake: 7.8.2 (/opt/ros/kilted/share/rmw_implementation_cmake/cmake)
-- Found rmw_zenoh_cpp: 0.6.7 (/opt/ros/kilted/share/rmw_zenoh_cpp/cmake)
-- Using RMW implementation 'rmw_zenoh_cpp' as default
-- Found std_msgs: 5.5.3 (/opt/ros/kilted/share/std_msgs/cmake)
-- Found geometry_msgs: 5.5.3 (/opt/ros/kilted/share/geometry_msgs/cmake)
-- Found sensor_msgs: 5.5.3 (/opt/ros/kilted/share/sensor_msgs/cmake)
-- Found visualization_msgs: 5.5.3 (/opt/ros/kilted/share/visualization_msgs/cmake)
-- Found tf2_ros: 0.41.9 (/opt/ros/kilted/share/tf2_ros/cmake)
-- Found tf2_sensor_msgs: 0.41.9 (/opt/ros/kilted/share/tf2_sensor_msgs/cmake)
-- Found pcl_conversions: 2.10.0 (/opt/ros/kilted/share/pcl_conversions/cmake)
-- Found flann version 1.9.2
-- Found OpenMP_CXX: -fopenmp (found version "4.5") 
-- Found OpenMP: TRUE (found version "4.5") found components: CXX 
-- Checking for module 'libusb-1.0'
--   Found libusb-1.0, version 1.0.27
-- Found libusb: /usr/lib/x86_64-linux-gnu/libusb-1.0.so  
-- OpenNI found (version: 1.5.4.0, include: /usr/include/ni, lib: /usr/lib/libOpenNI.so;libusb::libusb)
-- OpenNI2 found (version: 2.2.0.33, include: /usr/include/openni2, lib: /usr/lib/x86_64-linux-gnu/libOpenNI2.so;libusb::libusb)
-- Could NOT find Pcap (missing: PCAP_LIBRARIES PCAP_INCLUDE_DIRS) 
-- Found ZLIB: /usr/lib/x86_64-linux-gnu/libz.so (found version "1.3")  
-- Found PNG: /usr/lib/x86_64-linux-gnu/libpng.so (found version "1.6.43") 
-- OpenNI found (version: 1.5.4.0, include: /usr/include/ni, lib: /usr/lib/libOpenNI.so;libusb::libusb)
-- OpenNI2 found (version: 2.2.0.33, include: /usr/include/openni2, lib: /usr/lib/x86_64-linux-gnu/libOpenNI2.so;libusb::libusb)
-- Found Qhull version 8.0.2
-- OpenNI found (version: 1.5.4.0, include: /usr/include/ni, lib: /usr/lib/libOpenNI.so;libusb::libusb)
-- Found PCL_COMMON: /usr/lib/x86_64-linux-gnu/libpcl_common.so  
-- Found PCL_KDTREE: /usr/lib/x86_64-linux-gnu/libpcl_kdtree.so  
-- Found PCL_OCTREE: /usr/lib/x86_64-linux-gnu/libpcl_octree.so  
-- Found PCL_SEARCH: /usr/lib/x86_64-linux-gnu/libpcl_search.so  
-- Found PCL_SAMPLE_CONSENSUS: /usr/lib/x86_64-linux-gnu/libpcl_sample_consensus.so  
-- Found PCL_FILTERS: /usr/lib/x86_64-linux-gnu/libpcl_filters.so  
-- Found PCL_2D: /usr/include/pcl-1.14  
-- Found PCL_GEOMETRY: /usr/include/pcl-1.14  
-- Found PCL_IO: /usr/lib/x86_64-linux-gnu/libpcl_io.so  
-- Found PCL_FEATURES: /usr/lib/x86_64-linux-gnu/libpcl_features.so  
-- Found PCL_ML: /usr/lib/x86_64-linux-gnu/libpcl_ml.so  
-- Found PCL_SEGMENTATION: /usr/lib/x86_64-linux-gnu/libpcl_segmentation.so  
-- Found PCL_VISUALIZATION: /usr/lib/x86_64-linux-gnu/libpcl_visualization.so  
-- Found PCL_SURFACE: /usr/lib/x86_64-linux-gnu/libpcl_surface.so  
-- Found PCL_REGISTRATION: /usr/lib/x86_64-linux-gnu/libpcl_registration.so  
-- Found PCL_KEYPOINTS: /usr/lib/x86_64-linux-gnu/libpcl_keypoints.so  
-- Found PCL_TRACKING: /usr/lib/x86_64-linux-gnu/libpcl_tracking.so  
-- Found PCL_RECOGNITION: /usr/lib/x86_64-linux-gnu/libpcl_recognition.so  
-- Found PCL_STEREO: /usr/lib/x86_64-linux-gnu/libpcl_stereo.so  
-- Found PCL_APPS: /usr/lib/x86_64-linux-gnu/libpcl_apps.so  
-- Found PCL_IN_HAND_SCANNER: /usr/include/pcl-1.14  
-- Found PCL_MODELER: /usr/include/pcl-1.14  
-- Found PCL_POINT_CLOUD_EDITOR: /usr/include/pcl-1.14  
-- Found PCL_OUTOFCORE: /usr/lib/x86_64-linux-gnu/libpcl_outofcore.so  
-- Found PCL_PEOPLE: /usr/lib/x86_64-linux-gnu/libpcl_people.so  
-- Found OpenCV: /usr (found version "4.6.0") 
-- Configuring done (9.7s)
-- Generating done (0.1s)
-- Build files have been written to: /home/GTL/asacks/ros_workspace/build/cylinder_detector
[ 50%] Building CXX object CMakeFiles/cylinder_detector.dir/src/cylinder_detector.cpp.o
In file included from /usr/include/eigen3/Eigen/src/Core/util/ConfigureVectorization.h:346,
                 from /usr/include/eigen3/Eigen/Core:22,
                 from /usr/include/pcl-1.14/pcl/memory.h:48,
                 from /usr/include/pcl-1.14/pcl/impl/point_types.hpp:41,
                 from /usr/include/pcl-1.14/pcl/point_types.h:354,
                 from /home/GTL/asacks/ros_workspace/src/cylinder_detector/src/cylinder_detector.cpp:8:
In function ‘__m128d _mm_sub_pd(__m128d, __m128d)’,
    inlined from ‘Packet Eigen::internal::psub(const Packet&, const Packet&) [with Packet = __vector(2) double]’ at /usr/include/eigen3/Eigen/src/Core/arch/SSE/PacketMath.h:296:113,
    inlined from ‘const Packet Eigen::internal::scalar_difference_op<LhsScalar, RhsScalar>::packetOp(const Packet&, const Packet&) const [with Packet = __vector(2) double; LhsScalar = double; RhsScalar = double]’ at /usr/include/eigen3/Eigen/src/Core/functors/BinaryFunctors.h:362:26,
    inlined from ‘PacketType Eigen::internal::binary_evaluator<Eigen::CwiseBinaryOp<BinaryOp, Lhs, Rhs>, Eigen::internal::IndexBased, Eigen::internal::IndexBased>::packet(Eigen::Index, Eigen::Index) const [with int LoadMode = 0; PacketType = __vector(2) double; BinaryOp = Eigen::internal::scalar_difference_op<double, double>; Lhs = const Eigen::Block<const Eigen::Matrix<double, 3, 1>, 2, 1, false>; Rhs = const Eigen::Matrix<double, 2, 1>]’ at /usr/include/eigen3/Eigen/src/Core/CoreEvaluators.h:782:31,
    inlined from ‘PacketType Eigen::internal::unary_evaluator<Eigen::CwiseUnaryOp<UnaryOp, ArgType>, Eigen::internal::IndexBased>::packet(Eigen::Index, Eigen::Index) const [with int LoadMode = 0; PacketType = __vector(2) double; UnaryOp = Eigen::internal::scalar_abs2_op<double>; ArgType = const Eigen::CwiseBinaryOp<Eigen::internal::scalar_difference_op<double, double>, const Eigen::Block<const Eigen::Matrix<double, 3, 1>, 2, 1, false>, const Eigen::Matrix<double, 2, 1> >]’ at /usr/include/eigen3/Eigen/src/Core/CoreEvaluators.h:596:81,
    inlined from ‘PacketType Eigen::internal::redux_evaluator<_XprType>::packetByOuterInner(Eigen::Index, Eigen::Index) const [with int LoadMode = 0; PacketType = __vector(2) double; _XprType = Eigen::CwiseUnaryOp<Eigen::internal::scalar_abs2_op<double>, const Eigen::CwiseBinaryOp<Eigen::internal::scalar_difference_op<double, double>, const Eigen::Block<const Eigen::Matrix<double, 3, 1>, 2, 1, false>, const Eigen::Matrix<double, 2, 1> > >]’ at /usr/include/eigen3/Eigen/src/Core/Redux.h:386:54,
    inlined from ‘static PacketType Eigen::internal::redux_vec_unroller<Func, Evaluator, Start, 1>::run(const Evaluator&, const Func&) [with PacketType = __vector(2) double; Func = Eigen::internal::scalar_sum_op<double, double>; Evaluator = Eigen::internal::redux_evaluator<Eigen::CwiseUnaryOp<Eigen::internal::scalar_abs2_op<double>, const Eigen::CwiseBinaryOp<Eigen::internal::scalar_difference_op<double, double>, const Eigen::Block<const Eigen::Matrix<double, 3, 1>, 2, 1, false>, const Eigen::Matrix<double, 2, 1> > > >; int Start = 0]’ at /usr/include/eigen3/Eigen/src/Core/Redux.h:177:66,
    inlined from ‘static Eigen::internal::redux_impl<Func, Evaluator, 3, 2>::Scalar Eigen::internal::redux_impl<Func, Evaluator, 3, 2>::run(const Evaluator&, const Func&, const XprType&) [with XprType = Eigen::CwiseUnaryOp<Eigen::internal::scalar_abs2_op<double>, const Eigen::CwiseBinaryOp<Eigen::internal::scalar_difference_op<double, double>, const Eigen::Block<const Eigen::Matrix<double, 3, 1>, 2, 1, false>, const Eigen::Matrix<double, 2, 1> > >; Func = Eigen::internal::scalar_sum_op<double, double>; Evaluator = Eigen::internal::redux_evaluator<Eigen::CwiseUnaryOp<Eigen::internal::scalar_abs2_op<double>, const Eigen::CwiseBinaryOp<Eigen::internal::scalar_difference_op<double, double>, const Eigen::Block<const Eigen::Matrix<double, 3, 1>, 2, 1, false>, const Eigen::Matrix<double, 2, 1> > > >]’ at /usr/include/eigen3/Eigen/src/Core/Redux.h:344:115,
    inlined from ‘typename Eigen::internal::traits<T>::Scalar Eigen::DenseBase<Derived>::redux(const Func&) const [with BinaryOp = Eigen::internal::scalar_sum_op<double, double>; Derived = Eigen::CwiseUnaryOp<Eigen::internal::scalar_abs2_op<double>, const Eigen::CwiseBinaryOp<Eigen::internal::scalar_difference_op<double, double>, const Eigen::Block<const Eigen::Matrix<double, 3, 1>, 2, 1, false>, const Eigen::Matrix<double, 2, 1> > >]’ at /usr/include/eigen3/Eigen/src/Core/Redux.h:418:56,
    inlined from ‘typename Eigen::internal::traits<T>::Scalar Eigen::DenseBase<Derived>::sum() const [with Derived = Eigen::CwiseUnaryOp<Eigen::internal::scalar_abs2_op<double>, const Eigen::CwiseBinaryOp<Eigen::internal::scalar_difference_op<double, double>, const Eigen::Block<const Eigen::Matrix<double, 3, 1>, 2, 1, false>, const Eigen::Matrix<double, 2, 1> > >]’ at /usr/include/eigen3/Eigen/src/Core/Redux.h:463:25,
    inlined from ‘typename Eigen::NumTraits<typename Eigen::internal::traits<T>::Scalar>::Real Eigen::MatrixBase<Derived>::squaredNorm() const [with Derived = Eigen::CwiseBinaryOp<Eigen::internal::scalar_difference_op<double, double>, const Eigen::Block<const Eigen::Matrix<double, 3, 1>, 2, 1, false>, const Eigen::Matrix<double, 2, 1> >]’ at /usr/include/eigen3/Eigen/src/Core/Dot.h:98:46,
    inlined from ‘typename Eigen::NumTraits<typename Eigen::internal::traits<T>::Scalar>::Real Eigen::MatrixBase<Derived>::norm() const [with Derived = Eigen::CwiseBinaryOp<Eigen::internal::scalar_difference_op<double, double>, const Eigen::Block<const Eigen::Matrix<double, 3, 1>, 2, 1, false>, const Eigen::Matrix<double, 2, 1> >]’ at /usr/include/eigen3/Eigen/src/Core/Dot.h:110:34,
    inlined from ‘bool CylinderDetector::fitCylinder(const std::vector<Eigen::Matrix<double, 3, 1> >&, const Eigen::Vector3d&, Detection&)’ at /home/GTL/asacks/ros_workspace/src/cylinder_detector/src/cylinder_detector.cpp:203:53:
/usr/lib/gcc/x86_64-linux-gnu/13/include/emmintrin.h:263:46: warning: ‘*(__m128d*)((char*)&center + offsetof(Eigen::Vector2d, Eigen::Matrix<double, 2, 1, 0, 2, 1>::<unnamed>.Eigen::PlainObjectBase<Eigen::Matrix<double, 2, 1, 0, 2, 1> >::<unnamed>.Eigen::MatrixBase<Eigen::Matrix<double, 2, 1, 0, 2, 1> >::<unnamed>.Eigen::DenseBase<Eigen::Matrix<double, 2, 1, 0, 2, 1> >::<unnamed>.Eigen::DenseCoeffsBase<Eigen::Matrix<double, 2, 1, 0, 2, 1>, 3>::<unnamed>.Eigen::DenseCoeffsBase<Eigen::Matrix<double, 2, 1, 0, 2, 1>, 1>::<unnamed>.Eigen::DenseCoeffsBase<Eigen::Matrix<double, 2, 1, 0, 2, 1>, 0>::<unnamed>))’ may be used uninitialized [-Wmaybe-uninitialized]
  263 |   return (__m128d) ((__v2df)__A - (__v2df)__B);
      |                                              ^
/home/GTL/asacks/ros_workspace/src/cylinder_detector/src/cylinder_detector.cpp: In member function ‘bool CylinderDetector::fitCylinder(const std::vector<Eigen::Matrix<double, 3, 1> >&, const Eigen::Vector3d&, Detection&)’:
/home/GTL/asacks/ros_workspace/src/cylinder_detector/src/cylinder_detector.cpp:171:29: note: ‘*(__m128d*)((char*)&center + offsetof(Eigen::Vector2d, Eigen::Matrix<double, 2, 1, 0, 2, 1>::<unnamed>.Eigen::PlainObjectBase<Eigen::Matrix<double, 2, 1, 0, 2, 1> >::<unnamed>.Eigen::MatrixBase<Eigen::Matrix<double, 2, 1, 0, 2, 1> >::<unnamed>.Eigen::DenseBase<Eigen::Matrix<double, 2, 1, 0, 2, 1> >::<unnamed>.Eigen::DenseCoeffsBase<Eigen::Matrix<double, 2, 1, 0, 2, 1>, 3>::<unnamed>.Eigen::DenseCoeffsBase<Eigen::Matrix<double, 2, 1, 0, 2, 1>, 1>::<unnamed>.Eigen::DenseCoeffsBase<Eigen::Matrix<double, 2, 1, 0, 2, 1>, 0>::<unnamed>))’ was declared here
  171 |             Eigen::Vector2d center;
      |                             ^~~~~~
[100%] Linking CXX executable cylinder_detector
[100%] Built target cylinder_detector
-- Install configuration: ""
-- Execute custom install script
-- Symlinking: /home/GTL/asacks/ros_workspace/install/cylinder_detector/lib/cylinder_detector/cylinder_detector
-- Symlinking: /home/GTL/asacks/ros_workspace/install/cylinder_detector/share/cylinder_detector/cylinder_detector.launch.py
-- Symlinking: /home/GTL/asacks/ros_workspace/install/cylinder_detector/share/ament_index/resource_index/package_run_dependencies/cylinder_detector
-- Symlinking: /home/GTL/asacks/ros_workspace/install/cylinder_detector/share/ament_index/resource_index/parent_prefix_path/cylinder_detector
-- Symlinking: /home/GTL/asacks/ros_workspace/install/cylinder_detector/share/cylinder_detector/environment/ament_prefix_path.sh
-- Symlinking: /home/GTL/asacks/ros_workspace/install/cylinder_detector/share/cylinder_detector/environment/ament_prefix_path.dsv
-- Symlinking: /home/GTL/asacks/ros_workspace/install/cylinder_detector/share/cylinder_detector/environment/path.sh
-- Symlinking: /home/GTL/asacks/ros_workspace/install/cylinder_detector/share/cylinder_detector/environment/path.dsv
-- Symlinking: /home/GTL/asacks/ros_workspace/install/cylinder_detector/share/cylinder_detector/local_setup.bash
-- Symlinking: /home/GTL/asacks/ros_workspace/install/cylinder_detector/share/cylinder_detector/local_setup.sh
-- Symlinking: /home/GTL/asacks/ros_workspace/install/cylinder_detector/share/cylinder_detector/local_setup.zsh
-- Symlinking: /home/GTL/asacks/ros_workspace/install/cylinder_detector/share/cylinder_detector/local_setup.dsv
-- Symlinking: /home/GTL/asacks/ros_workspace/install/cylinder_detector/share/cylinder_detector/package.dsv
-- Symlinking: /home/GTL/asacks/ros_workspace/install/cylinder_detector/share/ament_index/resource_index/packages/cylinder_detector
-- Symlinking: /home/GTL/asacks/ros_workspace/install/cylinder_detector/share/cylinder_detector/cmake/cylinder_detectorConfig.cmake
-- Symlinking: /home/GTL/asacks/ros_workspace/install/cylinder_detector/share/cylinder_detector/cmake/cylinder_detectorConfig-version.cmake
-- Symlinking: /home/GTL/asacks/ros_workspace/install/cylinder_detector/share/cylinder_detector/package.xml
