[0.061s] Invoking command in '/home/GTL/asacks/ros_workspace/build/cylinder_detector': CMAKE_PREFIX_PATH=${CMAKE_PREFIX_PATH}:/home/GTL/asacks/ros_workspace/install/vrep_ros_teleop:/home/GTL/asacks/ros_workspace/install/task_manager_client_py:/home/GTL/asacks/ros_workspace/install/model_prediction:/home/GTL/asacks/ros_workspace/install/joy_teleop:/home/GTL/asacks/ros_workspace/install/floor_graph:/opt/ros/kilted DEBUGINFOD_URLS=https://debuginfod.ubuntu.com /usr/bin/cmake /home/GTL/asacks/ros_workspace/src/cylinder_detector -DAMENT_CMAKE_SYMLINK_INSTALL=1 -DCMAKE_INSTALL_PREFIX=/home/GTL/asacks/ros_workspace/install/cylinder_detector
[0.135s] -- The C compiler identification is GNU 13.3.0
[0.193s] -- The CXX compiler identification is GNU 13.3.0
[0.208s] -- Detecting C compiler ABI info
[0.340s] -- Detecting C compiler ABI info - done
[0.348s] -- Check for working C compiler: /usr/bin/cc - skipped
[0.349s] -- Detecting C compile features
[0.349s] -- Detecting C compile features - done
[0.360s] -- Detecting CXX compiler ABI info
[0.494s] -- Detecting CXX compiler ABI info - done
[0.502s] -- Check for working CXX compiler: /usr/bin/c++ - skipped
[0.503s] -- Detecting CXX compile features
[0.503s] -- Detecting CXX compile features - done
[0.580s] -- Found ament_cmake: 2.7.5 (/opt/ros/kilted/share/ament_cmake/cmake)
[0.869s] -- Found Python3: /usr/bin/python3 (found version "3.12.3") found components: Interpreter 
[0.948s] -- Override CMake install command with custom implementation using symlinks instead of copying resources
[1.645s] -- Found rclcpp: 29.5.10 (/opt/ros/kilted/share/rclcpp/cmake)
[2.034s] -- Found rosidl_generator_c: 4.9.8 (/opt/ros/kilted/share/rosidl_generator_c/cmake)
[2.182s] -- Found rosidl_generator_cpp: 4.9.8 (/opt/ros/kilted/share/rosidl_generator_cpp/cmake)
[2.335s] -- Using all available rosidl_typesupport_c: rosidl_typesupport_fastrtps_c;rosidl_typesupport_introspection_c
[2.487s] -- Using all available rosidl_typesupport_cpp: rosidl_typesupport_fastrtps_cpp;rosidl_typesupport_introspection_cpp
[3.006s] -- Found rmw_implementation_cmake: 7.8.2 (/opt/ros/kilted/share/rmw_implementation_cmake/cmake)
[3.053s] -- Found rmw_zenoh_cpp: 0.6.7 (/opt/ros/kilted/share/rmw_zenoh_cpp/cmake)
[3.055s] -- Using RMW implementation 'rmw_zenoh_cpp' as default
[3.455s] -- Found std_msgs: 5.5.3 (/opt/ros/kilted/share/std_msgs/cmake)
[3.513s] -- Found geometry_msgs: 5.5.3 (/opt/ros/kilted/share/geometry_msgs/cmake)
[3.569s] -- Found sensor_msgs: 5.5.3 (/opt/ros/kilted/share/sensor_msgs/cmake)
[3.633s] -- Found visualization_msgs: 5.5.3 (/opt/ros/kilted/share/visualization_msgs/cmake)
[3.700s] -- Found tf2_ros: 0.41.9 (/opt/ros/kilted/share/tf2_ros/cmake)
[4.329s] -- Found tf2_sensor_msgs: 0.41.9 (/opt/ros/kilted/share/tf2_sensor_msgs/cmake)
[4.419s] -- Found pcl_conversions: 2.10.0 (/opt/ros/kilted/share/pcl_conversions/cmake)
[4.860s] -- Found flann version 1.9.2
[5.261s] -- Found OpenMP_CXX: -fopenmp (found version "4.5") 
[5.262s] -- Found OpenMP: TRUE (found version "4.5") found components: CXX 
[7.653s] -- Checking for module 'libusb-1.0'
[7.662s] --   Found libusb-1.0, version 1.0.27
[7.686s] -- Found libusb: /usr/lib/x86_64-linux-gnu/libusb-1.0.so  
[7.687s] -- OpenNI found (version: 1.5.4.0, include: /usr/include/ni, lib: /usr/lib/libOpenNI.so;libusb::libusb)
[7.733s] -- OpenNI2 found (version: 2.2.0.33, include: /usr/include/openni2, lib: /usr/lib/x86_64-linux-gnu/libOpenNI2.so;libusb::libusb)
[7.737s] -- Could NOT find Pcap (missing: PCAP_LIBRARIES PCAP_INCLUDE_DIRS) 
[7.753s] -- Found ZLIB: /usr/lib/x86_64-linux-gnu/libz.so (found version "1.3")  
[7.776s] -- Found PNG: /usr/lib/x86_64-linux-gnu/libpng.so (found version "1.6.43") 
[8.214s] -- OpenNI found (version: 1.5.4.0, include: /usr/include/ni, lib: /usr/lib/libOpenNI.so;libusb::libusb)
[8.218s] -- OpenNI2 found (version: 2.2.0.33, include: /usr/include/openni2, lib: /usr/lib/x86_64-linux-gnu/libOpenNI2.so;libusb::libusb)
[8.698s] -- Found Qhull version 8.0.2
[9.133s] -- OpenNI found (version: 1.5.4.0, include: /usr/include/ni, lib: /usr/lib/libOpenNI.so;libusb::libusb)
[9.566s] -- Found PCL_COMMON: /usr/lib/x86_64-linux-gnu/libpcl_common.so  
[9.567s] -- Found PCL_KDTREE: /usr/lib/x86_64-linux-gnu/libpcl_kdtree.so  
[9.567s] -- Found PCL_OCTREE: /usr/lib/x86_64-linux-gnu/libpcl_octree.so  
[9.568s] -- Found PCL_SEARCH: /usr/lib/x86_64-linux-gnu/libpcl_search.so  
[9.569s] -- Found PCL_SAMPLE_CONSENSUS: /usr/lib/x86_64-linux-gnu/libpcl_sample_consensus.so  
[9.570s] -- Found PCL_FILTERS: /usr/lib/x86_64-linux-gnu/libpcl_filters.so  
[9.571s] -- Found PCL_2D: /usr/include/pcl-1.14  
[9.571s] -- Found PCL_GEOMETRY: /usr/include/pcl-1.14  
[9.572s] -- Found PCL_IO: /usr/lib/x86_64-linux-gnu/libpcl_io.so  
[9.573s] -- Found PCL_FEATURES: /usr/lib/x86_64-linux-gnu/libpcl_features.so  
[9.573s] -- Found PCL_ML: /usr/lib/x86_64-linux-gnu/libpcl_ml.so  
[9.574s] -- Found PCL_SEGMENTATION: /usr/lib/x86_64-linux-gnu/libpcl_segmentation.so  
[9.575s] -- Found PCL_VISUALIZATION: /usr/lib/x86_64-linux-gnu/libpcl_visualization.so  
[9.575s] -- Found PCL_SURFACE: /usr/lib/x86_64-linux-gnu/libpcl_surface.so  
[9.577s] -- Found PCL_REGISTRATION: /usr/lib/x86_64-linux-gnu/libpcl_registration.so  
[9.578s] -- Found PCL_KEYPOINTS: /usr/lib/x86_64-linux-gnu/libpcl_keypoints.so  
[9.579s] -- Found PCL_TRACKING: /usr/lib/x86_64-linux-gnu/libpcl_tracking.so  
[9.580s] -- Found PCL_RECOGNITION: /usr/lib/x86_64-linux-gnu/libpcl_recognition.so  
[9.581s] -- Found PCL_STEREO: /usr/lib/x86_64-linux-gnu/libpcl_stereo.so  
[9.582s] -- Found PCL_APPS: /usr/lib/x86_64-linux-gnu/libpcl_apps.so  
[9.582s] -- Found PCL_IN_HAND_SCANNER: /usr/include/pcl-1.14  
[9.583s] -- Found PCL_MODELER: /usr/include/pcl-1.14  
[9.583s] -- Found PCL_POINT_CLOUD_EDITOR: /usr/include/pcl-1.14  
[9.584s] -- Found PCL_OUTOFCORE: /usr/lib/x86_64-linux-gnu/libpcl_outofcore.so  
[9.585s] -- Found PCL_PEOPLE: /usr/lib/x86_64-linux-gnu/libpcl_people.so  
[9.643s] -- Found OpenCV: /usr (found version "4.6.0") 
[9.774s] -- Configuring done (9.7s)
[9.900s] -- Generating done (0.1s)
[9.951s] -- Build files have been written to: /home/GTL/asacks/ros_workspace/build/cylinder_detector
[9.972s] Invoked command in '/home/GTL/asacks/ros_workspace/build/cylinder_detector' returned '0': CMAKE_PREFIX_PATH=${CMAKE_PREFIX_PATH}:/home/GTL/asacks/ros_workspace/install/vrep_ros_teleop:/home/GTL/asacks/ros_workspace/install/task_manager_client_py:/home/GTL/asacks/ros_workspace/install/model_prediction:/home/GTL/asacks/ros_workspace/install/joy_teleop:/home/GTL/asacks/ros_workspace/install/floor_graph:/opt/ros/kilted DEBUGINFOD_URLS=https://debuginfod.ubuntu.com /usr/bin/cmake /home/GTL/asacks/ros_workspace/src/cylinder_detector -DAMENT_CMAKE_SYMLINK_INSTALL=1 -DCMAKE_INSTALL_PREFIX=/home/GTL/asacks/ros_workspace/install/cylinder_detector
[9.973s] Invoking command in '/home/GTL/asacks/ros_workspace/build/cylinder_detector': CMAKE_PREFIX_PATH=${CMAKE_PREFIX_PATH}:/home/GTL/asacks/ros_workspace/install/vrep_ros_teleop:/home/GTL/asacks/ros_workspace/install/task_manager_client_py:/home/GTL/asacks/ros_workspace/install/model_prediction:/home/GTL/asacks/ros_workspace/install/joy_teleop:/home/GTL/asacks/ros_workspace/install/floor_graph:/opt/ros/kilted DEBUGINFOD_URLS=https://debuginfod.ubuntu.com /usr/bin/cmake --build /home/GTL/asacks/ros_workspace/build/cylinder_detector -- -j16 -l16
[10.035s] [ 50%] Building CXX object CMakeFiles/cylinder_detector.dir/src/cylinder_detector.cpp.o
[26.230s] In file included from /usr/include/eigen3/Eigen/src/Core/util/ConfigureVectorization.h:346,
[26.231s]                  from /usr/include/eigen3/Eigen/Core:22,
[26.233s]                  from /usr/include/pcl-1.14/pcl/memory.h:48,
[26.234s]                  from /usr/include/pcl-1.14/pcl/impl/point_types.hpp:41,
[26.235s]                  from /usr/include/pcl-1.14/pcl/point_types.h:354,
[26.235s]                  from /home/GTL/asacks/ros_workspace/src/cylinder_detector/src/cylinder_detector.cpp:8:
[26.238s] In function ‘__m128d _mm_sub_pd(__m128d, __m128d)’,
[26.240s]     inlined from ‘Packet Eigen::internal::psub(const Packet&, const Packet&) [with Packet = __vector(2) double]’ at /usr/include/eigen3/Eigen/src/Core/arch/SSE/PacketMath.h:296:113,
[26.241s]     inlined from ‘const Packet Eigen::internal::scalar_difference_op<LhsScalar, RhsScalar>::packetOp(const Packet&, const Packet&) const [with Packet = __vector(2) double; LhsScalar = double; RhsScalar = double]’ at /usr/include/eigen3/Eigen/src/Core/functors/BinaryFunctors.h:362:26,
[26.242s]     inlined from ‘PacketType Eigen::internal::binary_evaluator<Eigen::CwiseBinaryOp<BinaryOp, Lhs, Rhs>, Eigen::internal::IndexBased, Eigen::internal::IndexBased>::packet(Eigen::Index, Eigen::Index) const [with int LoadMode = 0; PacketType = __vector(2) double; BinaryOp = Eigen::internal::scalar_difference_op<double, double>; Lhs = const Eigen::Block<const Eigen::Matrix<double, 3, 1>, 2, 1, false>; Rhs = const Eigen::Matrix<double, 2, 1>]’ at /usr/include/eigen3/Eigen/src/Core/CoreEvaluators.h:782:31,
[26.243s]     inlined from ‘PacketType Eigen::internal::unary_evaluator<Eigen::CwiseUnaryOp<UnaryOp, ArgType>, Eigen::internal::IndexBased>::packet(Eigen::Index, Eigen::Index) const [with int LoadMode = 0; PacketType = __vector(2) double; UnaryOp = Eigen::internal::scalar_abs2_op<double>; ArgType = const Eigen::CwiseBinaryOp<Eigen::internal::scalar_difference_op<double, double>, const Eigen::Block<const Eigen::Matrix<double, 3, 1>, 2, 1, false>, const Eigen::Matrix<double, 2, 1> >]’ at /usr/include/eigen3/Eigen/src/Core/CoreEvaluators.h:596:81,
[26.243s]     inlined from ‘PacketType Eigen::internal::redux_evaluator<_XprType>::packetByOuterInner(Eigen::Index, Eigen::Index) const [with int LoadMode = 0; PacketType = __vector(2) double; _XprType = Eigen::CwiseUnaryOp<Eigen::internal::scalar_abs2_op<double>, const Eigen::CwiseBinaryOp<Eigen::internal::scalar_difference_op<double, double>, const Eigen::Block<const Eigen::Matrix<double, 3, 1>, 2, 1, false>, const Eigen::Matrix<double, 2, 1> > >]’ at /usr/include/eigen3/Eigen/src/Core/Redux.h:386:54,
[26.244s]     inlined from ‘static PacketType Eigen::internal::redux_vec_unroller<Func, Evaluator, Start, 1>::run(const Evaluator&, const Func&) [with PacketType = __vector(2) double; Func = Eigen::internal::scalar_sum_op<double, double>; Evaluator = Eigen::internal::redux_evaluator<Eigen::CwiseUnaryOp<Eigen::internal::scalar_abs2_op<double>, const Eigen::CwiseBinaryOp<Eigen::internal::scalar_difference_op<double, double>, const Eigen::Block<const Eigen::Matrix<double, 3, 1>, 2, 1, false>, const Eigen::Matrix<double, 2, 1> > > >; int Start = 0]’ at /usr/include/eigen3/Eigen/src/Core/Redux.h:177:66,
[26.244s]     inlined from ‘static Eigen::internal::redux_impl<Func, Evaluator, 3, 2>::Scalar Eigen::internal::redux_impl<Func, Evaluator, 3, 2>::run(const Evaluator&, const Func&, const XprType&) [with XprType = Eigen::CwiseUnaryOp<Eigen::internal::scalar_abs2_op<double>, const Eigen::CwiseBinaryOp<Eigen::internal::scalar_difference_op<double, double>, const Eigen::Block<const Eigen::Matrix<double, 3, 1>, 2, 1, false>, const Eigen::Matrix<double, 2, 1> > >; Func = Eigen::internal::scalar_sum_op<double, double>; Evaluator = Eigen::internal::redux_evaluator<Eigen::CwiseUnaryOp<Eigen::internal::scalar_abs2_op<double>, const Eigen::CwiseBinaryOp<Eigen::internal::scalar_difference_op<double, double>, const Eigen::Block<const Eigen::Matrix<double, 3, 1>, 2, 1, false>, const Eigen::Matrix<double, 2, 1> > > >]’ at /usr/include/eigen3/Eigen/src/Core/Redux.h:344:115,
[26.244s]     inlined from ‘typename Eigen::internal::traits<T>::Scalar Eigen::DenseBase<Derived>::redux(const Func&) const [with BinaryOp = Eigen::internal::scalar_sum_op<double, double>; Derived = Eigen::CwiseUnaryOp<Eigen::internal::scalar_abs2_op<double>, const Eigen::CwiseBinaryOp<Eigen::internal::scalar_difference_op<double, double>, const Eigen::Block<const Eigen::Matrix<double, 3, 1>, 2, 1, false>, const Eigen::Matrix<double, 2, 1> > >]’ at /usr/include/eigen3/Eigen/src/Core/Redux.h:418:56,
[26.245s]     inlined from ‘typename Eigen::internal::traits<T>::Scalar Eigen::DenseBase<Derived>::sum() const [with Derived = Eigen::CwiseUnaryOp<Eigen::internal::scalar_abs2_op<double>, const Eigen::CwiseBinaryOp<Eigen::internal::scalar_difference_op<double, double>, const Eigen::Block<const Eigen::Matrix<double, 3, 1>, 2, 1, false>, const Eigen::Matrix<double, 2, 1> > >]’ at /usr/include/eigen3/Eigen/src/Core/Redux.h:463:25,
[26.245s]     inlined from ‘typename Eigen::NumTraits<typename Eigen::internal::traits<T>::Scalar>::Real Eigen::MatrixBase<Derived>::squaredNorm() const [with Derived = Eigen::CwiseBinaryOp<Eigen::internal::scalar_difference_op<double, double>, const Eigen::Block<const Eigen::Matrix<double, 3, 1>, 2, 1, false>, const Eigen::Matrix<double, 2, 1> >]’ at /usr/include/eigen3/Eigen/src/Core/Dot.h:98:46,
[26.245s]     inlined from ‘typename Eigen::NumTraits<typename Eigen::internal::traits<T>::Scalar>::Real Eigen::MatrixBase<Derived>::norm() const [with Derived = Eigen::CwiseBinaryOp<Eigen::internal::scalar_difference_op<double, double>, const Eigen::Block<const Eigen::Matrix<double, 3, 1>, 2, 1, false>, const Eigen::Matrix<double, 2, 1> >]’ at /usr/include/eigen3/Eigen/src/Core/Dot.h:110:34,
[26.246s]     inlined from ‘bool CylinderDetector::fitCylinder(const std::vector<Eigen::Matrix<double, 3, 1> >&, const Eigen::Vector3d&, Detection&)’ at /home/GTL/asacks/ros_workspace/src/cylinder_detector/src/cylinder_detector.cpp:203:53:
[26.247s] /usr/lib/gcc/x86_64-linux-gnu/13/include/emmintrin.h:263:46: warning: ‘*(__m128d*)((char*)&center + offsetof(Eigen::Vector2d, Eigen::Matrix<double, 2, 1, 0, 2, 1>::<unnamed>.Eigen::PlainObjectBase<Eigen::Matrix<double, 2, 1, 0, 2, 1> >::<unnamed>.Eigen::MatrixBase<Eigen::Matrix<double, 2, 1, 0, 2, 1> >::<unnamed>.Eigen::DenseBase<Eigen::Matrix<double, 2, 1, 0, 2, 1> >::<unnamed>.Eigen::DenseCoeffsBase<Eigen::Matrix<double, 2, 1, 0, 2, 1>, 3>::<unnamed>.Eigen::DenseCoeffsBase<Eigen::Matrix<double, 2, 1, 0, 2, 1>, 1>::<unnamed>.Eigen::DenseCoeffsBase<Eigen::Matrix<double, 2, 1, 0, 2, 1>, 0>::<unnamed>))’ may be used uninitialized [-Wmaybe-uninitialized]
[26.247s]   263 |   return (__m128d) ((__v2df)__A - (__v2df)__B);
[26.247s]       |                                              ^
[26.248s] /home/GTL/asacks/ros_workspace/src/cylinder_detector/src/cylinder_detector.cpp: In member function ‘bool CylinderDetector::fitCylinder(const std::vector<Eigen::Matrix<double, 3, 1> >&, const Eigen::Vector3d&, Detection&)’:
[26.248s] /home/GTL/asacks/ros_workspace/src/cylinder_detector/src/cylinder_detector.cpp:171:29: note: ‘*(__m128d*)((char*)&center + offsetof(Eigen::Vector2d, Eigen::Matrix<double, 2, 1, 0, 2, 1>::<unnamed>.Eigen::PlainObjectBase<Eigen::Matrix<double, 2, 1, 0, 2, 1> >::<unnamed>.Eigen::MatrixBase<Eigen::Matrix<double, 2, 1, 0, 2, 1> >::<unnamed>.Eigen::DenseBase<Eigen::Matrix<double, 2, 1, 0, 2, 1> >::<unnamed>.Eigen::DenseCoeffsBase<Eigen::Matrix<double, 2, 1, 0, 2, 1>, 3>::<unnamed>.Eigen::DenseCoeffsBase<Eigen::Matrix<double, 2, 1, 0, 2, 1>, 1>::<unnamed>.Eigen::DenseCoeffsBase<Eigen::Matrix<double, 2, 1, 0, 2, 1>, 0>::<unnamed>))’ was declared here
[26.249s]   171 |             Eigen::Vector2d center;
[26.249s]       |                             ^~~~~~
[28.053s] [100%] Linking CXX executable cylinder_detector
[28.611s] [100%] Built target cylinder_detector
[28.623s] Invoked command in '/home/GTL/asacks/ros_workspace/build/cylinder_detector' returned '0': CMAKE_PREFIX_PATH=${CMAKE_PREFIX_PATH}:/home/GTL/asacks/ros_workspace/install/vrep_ros_teleop:/home/GTL/asacks/ros_workspace/install/task_manager_client_py:/home/GTL/asacks/ros_workspace/install/model_prediction:/home/GTL/asacks/ros_workspace/install/joy_teleop:/home/GTL/asacks/ros_workspace/install/floor_graph:/opt/ros/kilted DEBUGINFOD_URLS=https://debuginfod.ubuntu.com /usr/bin/cmake --build /home/GTL/asacks/ros_workspace/build/cylinder_detector -- -j16 -l16
[28.625s] Invoking command in '/home/GTL/asacks/ros_workspace/build/cylinder_detector': CMAKE_PREFIX_PATH=${CMAKE_PREFIX_PATH}:/home/GTL/asacks/ros_workspace/install/vrep_ros_teleop:/home/GTL/asacks/ros_workspace/install/task_manager_client_py:/home/GTL/asacks/ros_workspace/install/model_prediction:/home/GTL/asacks/ros_workspace/install/joy_teleop:/home/GTL/asacks/ros_workspace/install/floor_graph:/opt/ros/kilted DEBUGINFOD_URLS=https://debuginfod.ubuntu.com /usr/bin/cmake --install /home/GTL/asacks/ros_workspace/build/cylinder_detector
[28.633s] -- Install configuration: ""
[28.635s] -- Execute custom install script
[28.640s] -- Symlinking: /home/GTL/asacks/ros_workspace/install/cylinder_detector/lib/cylinder_detector/cylinder_detector
[28.651s] -- Symlinking: /home/GTL/asacks/ros_workspace/install/cylinder_detector/share/cylinder_detector/cylinder_detector.launch.py
[28.664s] -- Symlinking: /home/GTL/asacks/ros_workspace/install/cylinder_detector/share/ament_index/resource_index/package_run_dependencies/cylinder_detector
[28.676s] -- Symlinking: /home/GTL/asacks/ros_workspace/install/cylinder_detector/share/ament_index/resource_index/parent_prefix_path/cylinder_detector
[28.687s] -- Symlinking: /home/GTL/asacks/ros_workspace/install/cylinder_detector/share/cylinder_detector/environment/ament_prefix_path.sh
[28.696s] -- Symlinking: /home/GTL/asacks/ros_workspace/install/cylinder_detector/share/cylinder_detector/environment/ament_prefix_path.dsv
[28.706s] -- Symlinking: /home/GTL/asacks/ros_workspace/install/cylinder_detector/share/cylinder_detector/environment/path.sh
[28.716s] -- Symlinking: /home/GTL/asacks/ros_workspace/install/cylinder_detector/share/cylinder_detector/environment/path.dsv
[28.725s] -- Symlinking: /home/GTL/asacks/ros_workspace/install/cylinder_detector/share/cylinder_detector/local_setup.bash
[28.737s] -- Symlinking: /home/GTL/asacks/ros_workspace/install/cylinder_detector/share/cylinder_detector/local_setup.sh
[28.747s] -- Symlinking: /home/GTL/asacks/ros_workspace/install/cylinder_detector/share/cylinder_detector/local_setup.zsh
[28.756s] -- Symlinking: /home/GTL/asacks/ros_workspace/install/cylinder_detector/share/cylinder_detector/local_setup.dsv
[28.766s] -- Symlinking: /home/GTL/asacks/ros_workspace/install/cylinder_detector/share/cylinder_detector/package.dsv
[28.778s] -- Symlinking: /home/GTL/asacks/ros_workspace/install/cylinder_detector/share/ament_index/resource_index/packages/cylinder_detector
[28.791s] -- Symlinking: /home/GTL/asacks/ros_workspace/install/cylinder_detector/share/cylinder_detector/cmake/cylinder_detectorConfig.cmake
[28.800s] -- Symlinking: /home/GTL/asacks/ros_workspace/install/cylinder_detector/share/cylinder_detector/cmake/cylinder_detectorConfig-version.cmake
[28.811s] -- Symlinking: /home/GTL/asacks/ros_workspace/install/cylinder_detector/share/cylinder_detector/package.xml
[28.823s] Invoked command in '/home/GTL/asacks/ros_workspace/build/cylinder_detector' returned '0': CMAKE_PREFIX_PATH=${CMAKE_PREFIX_PATH}:/home/GTL/asacks/ros_workspace/install/vrep_ros_teleop:/home/GTL/asacks/ros_workspace/install/task_manager_client_py:/home/GTL/asacks/ros_workspace/install/model_prediction:/home/GTL/asacks/ros_workspace/install/joy_teleop:/home/GTL/asacks/ros_workspace/install/floor_graph:/opt/ros/kilted DEBUGINFOD_URLS=https://debuginfod.ubuntu.com /usr/bin/cmake --install /home/GTL/asacks/ros_workspace/build/cylinder_detector
