[0.039s] Invoking command in '/home/GTL/asacks/ros_workspace/build/task_manager_lib': AMENT_PREFIX_PATH=/home/GTL/asacks/ros_workspace/install/task_manager_msgs:${AMENT_PREFIX_PATH} CMAKE_PREFIX_PATH=/home/GTL/asacks/ros_workspace/install/task_manager_msgs:/home/GTL/asacks/ros_workspace/install/vrep4_helpers:/home/GTL/asacks/ros_workspace/install/floor_plane_regression_base:/home/GTL/asacks/ros_workspace/install/floor_plane_ransac_base:/home/GTL/asacks/ros_workspace/install/floor_plane_hough_base:/opt/ros/kilted/opt/gz_sim_vendor:/opt/ros/kilted/opt/gz_sensors_vendor:/opt/ros/kilted/opt/gz_physics_vendor:/opt/ros/kilted/opt/sdformat_vendor:/opt/ros/kilted/opt/gz_gui_vendor:/opt/ros/kilted/opt/gz_transport_vendor:/opt/ros/kilted/opt/gz_rendering_vendor:/opt/ros/kilted/opt/gz_plugin_vendor:/opt/ros/kilted/opt/gz_fuel_tools_vendor:/opt/ros/kilted/opt/gz_msgs_vendor:/opt/ros/kilted/opt/gz_common_vendor:/opt/ros/kilted/opt/gz_math_vendor:/opt/ros/kilted/opt/gz_utils_vendor:/opt/ros/kilted/opt/gz_tools_vendor:/opt/ros/kilted/opt/gz_ogre_next_vendor:/opt/ros/kilted/opt/gz_dartsim_vendor:/opt/ros/kilted/opt/gz_cmake_vendor:/home/GTL/asacks/ros_workspace/install/model_prediction:/home/GTL/asacks/ros_workspace/install/joy_teleop:/opt/ros/kilted DEBUGINFOD_URLS=https://debuginfod.ubuntu.com LD_LIBRARY_PATH=/home/GTL/asacks/ros_workspace/install/task_manager_msgs/lib:${LD_LIBRARY_PATH} PYTHONPATH=/home/GTL/asacks/ros_workspace/install/task_manager_msgs/lib/python3.12/site-packages:${PYTHONPATH} /usr/bin/cmake /home/GTL/asacks/ros_workspace/src/ros_task_manager/src/task_manager_lib -DAMENT_CMAKE_SYMLINK_INSTALL=1 -DCMAKE_INSTALL_PREFIX=/home/GTL/asacks/ros_workspace/install/task_manager_lib
[0.273s] -- The C compiler identification is GNU 13.3.0
[0.274s] -- The CXX compiler identification is GNU 13.3.0
[0.275s] -- Detecting C compiler ABI info
[0.340s] -- Detecting C compiler ABI info - done
[0.354s] -- Check for working C compiler: /usr/bin/cc - skipped
[0.354s] -- Detecting C compile features
[0.355s] -- Detecting C compile features - done
[0.366s] -- Detecting CXX compiler ABI info
[0.500s] -- Detecting CXX compiler ABI info - done
[0.514s] -- Check for working CXX compiler: /usr/bin/c++ - skipped
[0.514s] -- Detecting CXX compile features
[0.515s] -- Detecting CXX compile features - done
[0.547s] -- Found ament_cmake: 2.7.5 (/opt/ros/kilted/share/ament_cmake/cmake)
[0.715s] -- Found Python3: /usr/bin/python3 (found version "3.12.3") found components: Interpreter 
[0.788s] -- Override CMake install command with custom implementation using symlinks instead of copying resources
[1.135s] -- Found rclcpp: 29.5.10 (/opt/ros/kilted/share/rclcpp/cmake)
[1.320s] -- Found rosidl_generator_c: 4.9.8 (/opt/ros/kilted/share/rosidl_generator_c/cmake)
[1.392s] -- Found rosidl_generator_cpp: 4.9.8 (/opt/ros/kilted/share/rosidl_generator_cpp/cmake)
[1.472s] -- Using all available rosidl_typesupport_c: rosidl_typesupport_fastrtps_c;rosidl_typesupport_introspection_c
[1.551s] -- Using all available rosidl_typesupport_cpp: rosidl_typesupport_fastrtps_cpp;rosidl_typesupport_introspection_cpp
[1.810s] -- Found rmw_implementation_cmake: 7.8.2 (/opt/ros/kilted/share/rmw_implementation_cmake/cmake)
[1.865s] -- Found rmw_zenoh_cpp: 0.6.7 (/opt/ros/kilted/share/rmw_zenoh_cpp/cmake)
[1.865s] -- Using RMW implementation 'rmw_zenoh_cpp' as default
[2.056s] -- Found rclcpp_action: 29.5.10 (/opt/ros/kilted/share/rclcpp_action/cmake)
[2.187s] -- Found rclpy: 9.1.6 (/opt/ros/kilted/share/rclpy/cmake)
[2.209s] -- Found std_msgs: 5.5.3 (/opt/ros/kilted/share/std_msgs/cmake)
[2.243s] -- Found std_srvs: 5.5.3 (/opt/ros/kilted/share/std_srvs/cmake)
[2.264s] -- Found task_manager_msgs: 0.0.0 (/home/GTL/asacks/ros_workspace/install/task_manager_msgs/share/task_manager_msgs/cmake)
[2.558s] -- Found Boost: /usr/lib/x86_64-linux-gnu/cmake/Boost-1.83.0/BoostConfig.cmake (found version "1.83.0") found components: thread 
[2.580s] -- Found ament_lint_auto: 0.19.3 (/opt/ros/kilted/share/ament_lint_auto/cmake)
[2.965s] -- Added test 'copyright' to check source files copyright and LICENSE
[2.982s] -- Added test 'cppcheck' to perform static code analysis on C / C++ code
[2.983s] -- Configured cppcheck include dirs: /home/GTL/asacks/ros_workspace/src/ros_task_manager/src/task_manager_lib/include
[2.984s] -- Configured cppcheck exclude dirs and/or files: 
[3.001s] -- Added test 'cpplint' to check C / C++ code against the Google style
[3.002s] -- Configured cpplint exclude dirs and/or files: 
[3.005s] -- Added test 'flake8' to check Python code syntax and style conventions
[3.006s] -- Configured 'flake8' exclude dirs and/or files: 
[3.011s] -- Added test 'lint_cmake' to check CMake code style
[3.015s] -- Added test 'pep257' to check Python code against some of the docstring style conventions in PEP 257
[3.030s] -- Added test 'uncrustify' to check C / C++ code style
[3.031s] -- Configured uncrustify additional arguments: 
[3.034s] -- Added test 'xmllint' to check XML markup files
[3.087s] -- Configuring done (3.0s)
[3.409s] -- Generating done (0.3s)
[3.466s] -- Build files have been written to: /home/GTL/asacks/ros_workspace/build/task_manager_lib
[3.475s] Invoked command in '/home/GTL/asacks/ros_workspace/build/task_manager_lib' returned '0': AMENT_PREFIX_PATH=/home/GTL/asacks/ros_workspace/install/task_manager_msgs:${AMENT_PREFIX_PATH} CMAKE_PREFIX_PATH=/home/GTL/asacks/ros_workspace/install/task_manager_msgs:/home/GTL/asacks/ros_workspace/install/vrep4_helpers:/home/GTL/asacks/ros_workspace/install/floor_plane_regression_base:/home/GTL/asacks/ros_workspace/install/floor_plane_ransac_base:/home/GTL/asacks/ros_workspace/install/floor_plane_hough_base:/opt/ros/kilted/opt/gz_sim_vendor:/opt/ros/kilted/opt/gz_sensors_vendor:/opt/ros/kilted/opt/gz_physics_vendor:/opt/ros/kilted/opt/sdformat_vendor:/opt/ros/kilted/opt/gz_gui_vendor:/opt/ros/kilted/opt/gz_transport_vendor:/opt/ros/kilted/opt/gz_rendering_vendor:/opt/ros/kilted/opt/gz_plugin_vendor:/opt/ros/kilted/opt/gz_fuel_tools_vendor:/opt/ros/kilted/opt/gz_msgs_vendor:/opt/ros/kilted/opt/gz_common_vendor:/opt/ros/kilted/opt/gz_math_vendor:/opt/ros/kilted/opt/gz_utils_vendor:/opt/ros/kilted/opt/gz_tools_vendor:/opt/ros/kilted/opt/gz_ogre_next_vendor:/opt/ros/kilted/opt/gz_dartsim_vendor:/opt/ros/kilted/opt/gz_cmake_vendor:/home/GTL/asacks/ros_workspace/install/model_prediction:/home/GTL/asacks/ros_workspace/install/joy_teleop:/opt/ros/kilted DEBUGINFOD_URLS=https://debuginfod.ubuntu.com LD_LIBRARY_PATH=/home/GTL/asacks/ros_workspace/install/task_manager_msgs/lib:${LD_LIBRARY_PATH} PYTHONPATH=/home/GTL/asacks/ros_workspace/install/task_manager_msgs/lib/python3.12/site-packages:${PYTHONPATH} /usr/bin/cmake /home/GTL/asacks/ros_workspace/src/ros_task_manager/src/task_manager_lib -DAMENT_CMAKE_SYMLINK_INSTALL=1 -DCMAKE_INSTALL_PREFIX=/home/GTL/asacks/ros_workspace/install/task_manager_lib
[3.476s] Invoking command in '/home/GTL/asacks/ros_workspace/build/task_manager_lib': AMENT_PREFIX_PATH=/home/GTL/asacks/ros_workspace/install/task_manager_msgs:${AMENT_PREFIX_PATH} CMAKE_PREFIX_PATH=/home/GTL/asacks/ros_workspace/install/task_manager_msgs:/home/GTL/asacks/ros_workspace/install/vrep4_helpers:/home/GTL/asacks/ros_workspace/install/floor_plane_regression_base:/home/GTL/asacks/ros_workspace/install/floor_plane_ransac_base:/home/GTL/asacks/ros_workspace/install/floor_plane_hough_base:/opt/ros/kilted/opt/gz_sim_vendor:/opt/ros/kilted/opt/gz_sensors_vendor:/opt/ros/kilted/opt/gz_physics_vendor:/opt/ros/kilted/opt/sdformat_vendor:/opt/ros/kilted/opt/gz_gui_vendor:/opt/ros/kilted/opt/gz_transport_vendor:/opt/ros/kilted/opt/gz_rendering_vendor:/opt/ros/kilted/opt/gz_plugin_vendor:/opt/ros/kilted/opt/gz_fuel_tools_vendor:/opt/ros/kilted/opt/gz_msgs_vendor:/opt/ros/kilted/opt/gz_common_vendor:/opt/ros/kilted/opt/gz_math_vendor:/opt/ros/kilted/opt/gz_utils_vendor:/opt/ros/kilted/opt/gz_tools_vendor:/opt/ros/kilted/opt/gz_ogre_next_vendor:/opt/ros/kilted/opt/gz_dartsim_vendor:/opt/ros/kilted/opt/gz_cmake_vendor:/home/GTL/asacks/ros_workspace/install/model_prediction:/home/GTL/asacks/ros_workspace/install/joy_teleop:/opt/ros/kilted DEBUGINFOD_URLS=https://debuginfod.ubuntu.com LD_LIBRARY_PATH=/home/GTL/asacks/ros_workspace/install/task_manager_msgs/lib:${LD_LIBRARY_PATH} PYTHONPATH=/home/GTL/asacks/ros_workspace/install/task_manager_msgs/lib/python3.12/site-packages:${PYTHONPATH} /usr/bin/cmake --build /home/GTL/asacks/ros_workspace/build/task_manager_lib -- -j16 -l16
[3.553s] [ 20%] Building CXX object CMakeFiles/task_manager_lib.dir/src/TaskInstance.cpp.o
[3.555s] [ 60%] Building CXX object CMakeFiles/task_manager_lib.dir/src/TaskScheduler.cpp.o
[3.556s] [ 60%] Building CXX object CMakeFiles/task_manager_lib.dir/src/TaskConfig.cpp.o
[3.557s] [ 60%] Building CXX object CMakeFiles/task_manager_lib.dir/src/DynamicTask.cpp.o
[3.558s] [ 70%] Building CXX object CMakeFiles/task_manager_lib.dir/src/TaskDefinition.cpp.o
[3.558s] [ 70%] Building CXX object CMakeFiles/task_manager_lib.dir/src/TaskIdleDefault.cpp.o
[3.558s] [ 90%] Building CXX object CMakeFiles/task_manager_lib.dir/src/TaskWaitDefault.cpp.o
[3.559s] [ 90%] Building CXX object CMakeFiles/task_manager_lib.dir/src/TaskServerDefault.cpp.o
[3.561s] [ 90%] Building CXX object CMakeFiles/task_manager_lib.dir/src/TaskSystem.cpp.o
[26.883s] [100%] Linking CXX shared library libtask_manager_lib.so
[43.964s] [100%] Built target task_manager_lib
[43.977s] Invoked command in '/home/GTL/asacks/ros_workspace/build/task_manager_lib' returned '0': AMENT_PREFIX_PATH=/home/GTL/asacks/ros_workspace/install/task_manager_msgs:${AMENT_PREFIX_PATH} CMAKE_PREFIX_PATH=/home/GTL/asacks/ros_workspace/install/task_manager_msgs:/home/GTL/asacks/ros_workspace/install/vrep4_helpers:/home/GTL/asacks/ros_workspace/install/floor_plane_regression_base:/home/GTL/asacks/ros_workspace/install/floor_plane_ransac_base:/home/GTL/asacks/ros_workspace/install/floor_plane_hough_base:/opt/ros/kilted/opt/gz_sim_vendor:/opt/ros/kilted/opt/gz_sensors_vendor:/opt/ros/kilted/opt/gz_physics_vendor:/opt/ros/kilted/opt/sdformat_vendor:/opt/ros/kilted/opt/gz_gui_vendor:/opt/ros/kilted/opt/gz_transport_vendor:/opt/ros/kilted/opt/gz_rendering_vendor:/opt/ros/kilted/opt/gz_plugin_vendor:/opt/ros/kilted/opt/gz_fuel_tools_vendor:/opt/ros/kilted/opt/gz_msgs_vendor:/opt/ros/kilted/opt/gz_common_vendor:/opt/ros/kilted/opt/gz_math_vendor:/opt/ros/kilted/opt/gz_utils_vendor:/opt/ros/kilted/opt/gz_tools_vendor:/opt/ros/kilted/opt/gz_ogre_next_vendor:/opt/ros/kilted/opt/gz_dartsim_vendor:/opt/ros/kilted/opt/gz_cmake_vendor:/home/GTL/asacks/ros_workspace/install/model_prediction:/home/GTL/asacks/ros_workspace/install/joy_teleop:/opt/ros/kilted DEBUGINFOD_URLS=https://debuginfod.ubuntu.com LD_LIBRARY_PATH=/home/GTL/asacks/ros_workspace/install/task_manager_msgs/lib:${LD_LIBRARY_PATH} PYTHONPATH=/home/GTL/asacks/ros_workspace/install/task_manager_msgs/lib/python3.12/site-packages:${PYTHONPATH} /usr/bin/cmake --build /home/GTL/asacks/ros_workspace/build/task_manager_lib -- -j16 -l16
[43.980s] Invoking command in '/home/GTL/asacks/ros_workspace/build/task_manager_lib': AMENT_PREFIX_PATH=/home/GTL/asacks/ros_workspace/install/task_manager_msgs:${AMENT_PREFIX_PATH} CMAKE_PREFIX_PATH=/home/GTL/asacks/ros_workspace/install/task_manager_msgs:/home/GTL/asacks/ros_workspace/install/vrep4_helpers:/home/GTL/asacks/ros_workspace/install/floor_plane_regression_base:/home/GTL/asacks/ros_workspace/install/floor_plane_ransac_base:/home/GTL/asacks/ros_workspace/install/floor_plane_hough_base:/opt/ros/kilted/opt/gz_sim_vendor:/opt/ros/kilted/opt/gz_sensors_vendor:/opt/ros/kilted/opt/gz_physics_vendor:/opt/ros/kilted/opt/sdformat_vendor:/opt/ros/kilted/opt/gz_gui_vendor:/opt/ros/kilted/opt/gz_transport_vendor:/opt/ros/kilted/opt/gz_rendering_vendor:/opt/ros/kilted/opt/gz_plugin_vendor:/opt/ros/kilted/opt/gz_fuel_tools_vendor:/opt/ros/kilted/opt/gz_msgs_vendor:/opt/ros/kilted/opt/gz_common_vendor:/opt/ros/kilted/opt/gz_math_vendor:/opt/ros/kilted/opt/gz_utils_vendor:/opt/ros/kilted/opt/gz_tools_vendor:/opt/ros/kilted/opt/gz_ogre_next_vendor:/opt/ros/kilted/opt/gz_dartsim_vendor:/opt/ros/kilted/opt/gz_cmake_vendor:/home/GTL/asacks/ros_workspace/install/model_prediction:/home/GTL/asacks/ros_workspace/install/joy_teleop:/opt/ros/kilted DEBUGINFOD_URLS=https://debuginfod.ubuntu.com LD_LIBRARY_PATH=/home/GTL/asacks/ros_workspace/install/task_manager_msgs/lib:${LD_LIBRARY_PATH} PYTHONPATH=/home/GTL/asacks/ros_workspace/install/task_manager_msgs/lib/python3.12/site-packages:${PYTHONPATH} /usr/bin/cmake --install /home/GTL/asacks/ros_workspace/build/task_manager_lib
[43.988s] -- Install configuration: ""
[43.989s] -- Execute custom install script
[43.993s] -- Symlinking: /home/GTL/asacks/ros_workspace/install/task_manager_lib/lib/libtask_manager_lib.so
[44.006s] -- Symlinking: /home/GTL/asacks/ros_workspace/install/task_manager_lib/include/task_manager_lib/DynamicTask.h
[44.013s] -- Symlinking: /home/GTL/asacks/ros_workspace/install/task_manager_lib/include/task_manager_lib/ParameterList.h
[44.020s] -- Symlinking: /home/GTL/asacks/ros_workspace/install/task_manager_lib/include/task_manager_lib/ServiceStorage.h
[44.028s] -- Symlinking: /home/GTL/asacks/ros_workspace/install/task_manager_lib/include/task_manager_lib/TaskActionGeneric.h
[44.036s] -- Symlinking: /home/GTL/asacks/ros_workspace/install/task_manager_lib/include/task_manager_lib/TaskClient.h
[44.043s] -- Symlinking: /home/GTL/asacks/ros_workspace/install/task_manager_lib/include/task_manager_lib/TaskConfig.h
[44.051s] -- Symlinking: /home/GTL/asacks/ros_workspace/install/task_manager_lib/include/task_manager_lib/TaskDefinition.h
[44.059s] -- Symlinking: /home/GTL/asacks/ros_workspace/install/task_manager_lib/include/task_manager_lib/TaskEnvironment.h
[44.066s] -- Symlinking: /home/GTL/asacks/ros_workspace/install/task_manager_lib/include/task_manager_lib/TaskIdleDefault.h
[44.073s] -- Symlinking: /home/GTL/asacks/ros_workspace/install/task_manager_lib/include/task_manager_lib/TaskInstance.h
[44.081s] -- Symlinking: /home/GTL/asacks/ros_workspace/install/task_manager_lib/include/task_manager_lib/TaskParameterDefinition.h
[44.089s] -- Symlinking: /home/GTL/asacks/ros_workspace/install/task_manager_lib/include/task_manager_lib/TaskScheduler.h
[44.098s] -- Symlinking: /home/GTL/asacks/ros_workspace/install/task_manager_lib/include/task_manager_lib/TaskServerDefault.h
[44.106s] -- Symlinking: /home/GTL/asacks/ros_workspace/install/task_manager_lib/include/task_manager_lib/TaskServiceGeneric.h
[44.115s] -- Symlinking: /home/GTL/asacks/ros_workspace/install/task_manager_lib/include/task_manager_lib/TaskSetBool.h
[44.123s] -- Symlinking: /home/GTL/asacks/ros_workspace/install/task_manager_lib/include/task_manager_lib/TaskSystem.h
[44.130s] -- Symlinking: /home/GTL/asacks/ros_workspace/install/task_manager_lib/include/task_manager_lib/TaskTrigger.h
[44.138s] -- Symlinking: /home/GTL/asacks/ros_workspace/install/task_manager_lib/include/task_manager_lib/TaskWaitDefault.h
[44.151s] -- Symlinking: /home/GTL/asacks/ros_workspace/install/task_manager_lib/share/task_manager_lib/environment/library_path.sh
[44.160s] -- Symlinking: /home/GTL/asacks/ros_workspace/install/task_manager_lib/share/task_manager_lib/environment/library_path.dsv
[44.173s] -- Symlinking: /home/GTL/asacks/ros_workspace/install/task_manager_lib/share/ament_index/resource_index/package_run_dependencies/task_manager_lib
[44.184s] -- Symlinking: /home/GTL/asacks/ros_workspace/install/task_manager_lib/share/ament_index/resource_index/parent_prefix_path/task_manager_lib
[44.192s] -- Symlinking: /home/GTL/asacks/ros_workspace/install/task_manager_lib/share/task_manager_lib/environment/ament_prefix_path.sh
[44.201s] -- Symlinking: /home/GTL/asacks/ros_workspace/install/task_manager_lib/share/task_manager_lib/environment/ament_prefix_path.dsv
[44.210s] -- Symlinking: /home/GTL/asacks/ros_workspace/install/task_manager_lib/share/task_manager_lib/environment/path.sh
[44.218s] -- Symlinking: /home/GTL/asacks/ros_workspace/install/task_manager_lib/share/task_manager_lib/environment/path.dsv
[44.227s] -- Symlinking: /home/GTL/asacks/ros_workspace/install/task_manager_lib/share/task_manager_lib/local_setup.bash
[44.236s] -- Symlinking: /home/GTL/asacks/ros_workspace/install/task_manager_lib/share/task_manager_lib/local_setup.sh
[44.244s] -- Symlinking: /home/GTL/asacks/ros_workspace/install/task_manager_lib/share/task_manager_lib/local_setup.zsh
[44.253s] -- Symlinking: /home/GTL/asacks/ros_workspace/install/task_manager_lib/share/task_manager_lib/local_setup.dsv
[44.262s] -- Symlinking: /home/GTL/asacks/ros_workspace/install/task_manager_lib/share/task_manager_lib/package.dsv
[44.274s] -- Symlinking: /home/GTL/asacks/ros_workspace/install/task_manager_lib/share/ament_index/resource_index/packages/task_manager_lib
[44.285s] -- Symlinking: /home/GTL/asacks/ros_workspace/install/task_manager_lib/share/task_manager_lib/cmake/ament_cmake_export_dependencies-extras.cmake
[44.293s] -- Symlinking: /home/GTL/asacks/ros_workspace/install/task_manager_lib/share/task_manager_lib/cmake/ament_cmake_export_include_directories-extras.cmake
[44.301s] -- Symlinking: /home/GTL/asacks/ros_workspace/install/task_manager_lib/share/task_manager_lib/cmake/ament_cmake_export_libraries-extras.cmake
[44.310s] -- Symlinking: /home/GTL/asacks/ros_workspace/install/task_manager_lib/share/task_manager_lib/cmake/task_manager_libConfig.cmake
[44.317s] -- Symlinking: /home/GTL/asacks/ros_workspace/install/task_manager_lib/share/task_manager_lib/cmake/task_manager_libConfig-version.cmake
[44.326s] -- Symlinking: /home/GTL/asacks/ros_workspace/install/task_manager_lib/share/task_manager_lib/package.xml
[44.334s] Invoked command in '/home/GTL/asacks/ros_workspace/build/task_manager_lib' returned '0': AMENT_PREFIX_PATH=/home/GTL/asacks/ros_workspace/install/task_manager_msgs:${AMENT_PREFIX_PATH} CMAKE_PREFIX_PATH=/home/GTL/asacks/ros_workspace/install/task_manager_msgs:/home/GTL/asacks/ros_workspace/install/vrep4_helpers:/home/GTL/asacks/ros_workspace/install/floor_plane_regression_base:/home/GTL/asacks/ros_workspace/install/floor_plane_ransac_base:/home/GTL/asacks/ros_workspace/install/floor_plane_hough_base:/opt/ros/kilted/opt/gz_sim_vendor:/opt/ros/kilted/opt/gz_sensors_vendor:/opt/ros/kilted/opt/gz_physics_vendor:/opt/ros/kilted/opt/sdformat_vendor:/opt/ros/kilted/opt/gz_gui_vendor:/opt/ros/kilted/opt/gz_transport_vendor:/opt/ros/kilted/opt/gz_rendering_vendor:/opt/ros/kilted/opt/gz_plugin_vendor:/opt/ros/kilted/opt/gz_fuel_tools_vendor:/opt/ros/kilted/opt/gz_msgs_vendor:/opt/ros/kilted/opt/gz_common_vendor:/opt/ros/kilted/opt/gz_math_vendor:/opt/ros/kilted/opt/gz_utils_vendor:/opt/ros/kilted/opt/gz_tools_vendor:/opt/ros/kilted/opt/gz_ogre_next_vendor:/opt/ros/kilted/opt/gz_dartsim_vendor:/opt/ros/kilted/opt/gz_cmake_vendor:/home/GTL/asacks/ros_workspace/install/model_prediction:/home/GTL/asacks/ros_workspace/install/joy_teleop:/opt/ros/kilted DEBUGINFOD_URLS=https://debuginfod.ubuntu.com LD_LIBRARY_PATH=/home/GTL/asacks/ros_workspace/install/task_manager_msgs/lib:${LD_LIBRARY_PATH} PYTHONPATH=/home/GTL/asacks/ros_workspace/install/task_manager_msgs/lib/python3.12/site-packages:${PYTHONPATH} /usr/bin/cmake --install /home/GTL/asacks/ros_workspace/build/task_manager_lib
