-- The C compiler identification is GNU 13.3.0
-- The CXX compiler identification is GNU 13.3.0
-- Detecting C compiler ABI info
-- Detecting C compiler ABI info - done
-- Check for working C compiler: /usr/bin/cc - skipped
-- Detecting C compile features
-- Detecting C compile features - done
-- Detecting CXX compiler ABI info
-- Detecting CXX compiler ABI info - done
-- Check for working CXX compiler: /usr/bin/c++ - skipped
-- Detecting CXX compile features
-- Detecting CXX compile features - done
-- Found ament_cmake: 2.7.5 (/opt/ros/kilted/share/ament_cmake/cmake)
-- Found Python3: /usr/bin/python3 (found version "3.12.3") found components: Interpreter 
-- Override CMake install command with custom implementation using symlinks instead of copying resources
-- Found nav2_msgs: 1.4.0 (/home/GTL/asacks/ros_workspace/install/nav2_msgs/share/nav2_msgs/cmake)
-- Found rosidl_generator_c: 4.9.8 (/opt/ros/kilted/share/rosidl_generator_c/cmake)
-- Found rosidl_generator_cpp: 4.9.8 (/opt/ros/kilted/share/rosidl_generator_cpp/cmake)
-- Using all available rosidl_typesupport_c: rosidl_typesupport_fastrtps_c;rosidl_typesupport_introspection_c
-- Using all available rosidl_typesupport_cpp: rosidl_typesupport_fastrtps_cpp;rosidl_typesupport_introspection_cpp
-- Found task_manager_lib: 0.0.0 (/home/GTL/asacks/ros_workspace/install/task_manager_lib/share/task_manager_lib/cmake)
-- Found rmw_implementation_cmake: 7.8.2 (/opt/ros/kilted/share/rmw_implementation_cmake/cmake)
-- Found rmw_zenoh_cpp: 0.6.7 (/opt/ros/kilted/share/rmw_zenoh_cpp/cmake)
-- Using RMW implementation 'rmw_zenoh_cpp' as default
-- Found tf2_geometry_msgs: 0.41.9 (/opt/ros/kilted/share/tf2_geometry_msgs/cmake)
-- Found eigen3_cmake_module: 0.4.0 (/opt/ros/kilted/share/eigen3_cmake_module/cmake)
-- Found Eigen3: TRUE (found version "3.4.0") 
-- Ensuring Eigen3 include directory is part of orocos-kdl CMake target
-- Found ament_lint_auto: 0.19.3 (/opt/ros/kilted/share/ament_lint_auto/cmake)
-- Added test 'copyright' to check source files copyright and LICENSE
-- Added test 'cppcheck' to perform static code analysis on C / C++ code
-- Configured cppcheck include dirs: 
-- Configured cppcheck exclude dirs and/or files: 
-- Added test 'cpplint' to check C / C++ code against the Google style
-- Configured cpplint exclude dirs and/or files: 
-- Added test 'lint_cmake' to check CMake code style
-- Added test 'uncrustify' to check C / C++ code style
-- Configured uncrustify additional arguments: 
-- Added test 'xmllint' to check XML markup files
-- Configuring done (4.1s)
-- Generating done (0.1s)
-- Build files have been written to: /home/GTL/asacks/ros_workspace/build/task_manager_nav2
-- Install configuration: ""
-- Execute custom install script
-- Symlinking: /home/GTL/asacks/ros_workspace/install/task_manager_nav2/include/task_manager_nav2/TaskActionNav2.h
-- Symlinking: /home/GTL/asacks/ros_workspace/install/task_manager_nav2/share/ament_index/resource_index/package_run_dependencies/task_manager_nav2
-- Symlinking: /home/GTL/asacks/ros_workspace/install/task_manager_nav2/share/ament_index/resource_index/parent_prefix_path/task_manager_nav2
-- Symlinking: /home/GTL/asacks/ros_workspace/install/task_manager_nav2/share/task_manager_nav2/environment/ament_prefix_path.sh
-- Symlinking: /home/GTL/asacks/ros_workspace/install/task_manager_nav2/share/task_manager_nav2/environment/ament_prefix_path.dsv
-- Symlinking: /home/GTL/asacks/ros_workspace/install/task_manager_nav2/share/task_manager_nav2/environment/path.sh
-- Symlinking: /home/GTL/asacks/ros_workspace/install/task_manager_nav2/share/task_manager_nav2/environment/path.dsv
-- Symlinking: /home/GTL/asacks/ros_workspace/install/task_manager_nav2/share/task_manager_nav2/local_setup.bash
-- Symlinking: /home/GTL/asacks/ros_workspace/install/task_manager_nav2/share/task_manager_nav2/local_setup.sh
-- Symlinking: /home/GTL/asacks/ros_workspace/install/task_manager_nav2/share/task_manager_nav2/local_setup.zsh
-- Symlinking: /home/GTL/asacks/ros_workspace/install/task_manager_nav2/share/task_manager_nav2/local_setup.dsv
-- Symlinking: /home/GTL/asacks/ros_workspace/install/task_manager_nav2/share/task_manager_nav2/package.dsv
-- Symlinking: /home/GTL/asacks/ros_workspace/install/task_manager_nav2/share/ament_index/resource_index/packages/task_manager_nav2
-- Symlinking: /home/GTL/asacks/ros_workspace/install/task_manager_nav2/share/task_manager_nav2/cmake/ament_cmake_export_dependencies-extras.cmake
-- Symlinking: /home/GTL/asacks/ros_workspace/install/task_manager_nav2/share/task_manager_nav2/cmake/ament_cmake_export_include_directories-extras.cmake
-- Symlinking: /home/GTL/asacks/ros_workspace/install/task_manager_nav2/share/task_manager_nav2/cmake/task_manager_nav2Config.cmake
-- Symlinking: /home/GTL/asacks/ros_workspace/install/task_manager_nav2/share/task_manager_nav2/cmake/task_manager_nav2Config-version.cmake
-- Symlinking: /home/GTL/asacks/ros_workspace/install/task_manager_nav2/share/task_manager_nav2/package.xml
