[0.039s] Invoking command in '/home/GTL/asacks/ros_workspace/build/task_manager_nav2': AMENT_PREFIX_PATH=/home/GTL/asacks/ros_workspace/install/task_manager_lib:/home/GTL/asacks/ros_workspace/install/nav2_msgs:/home/GTL/asacks/ros_workspace/install/task_manager_msgs:/home/GTL/asacks/ros_workspace/install/nav2_common:${AMENT_PREFIX_PATH} CMAKE_PREFIX_PATH=/home/GTL/asacks/ros_workspace/install/task_manager_lib:/home/GTL/asacks/ros_workspace/install/nav2_msgs:/home/GTL/asacks/ros_workspace/install/task_manager_msgs:/home/GTL/asacks/ros_workspace/install/nav2_common:/home/GTL/asacks/ros_workspace/install/vrep4_helpers:/home/GTL/asacks/ros_workspace/install/floor_plane_regression_base:/home/GTL/asacks/ros_workspace/install/floor_plane_ransac_base:/home/GTL/asacks/ros_workspace/install/floor_plane_hough_base:/opt/ros/kilted/opt/gz_sim_vendor:/opt/ros/kilted/opt/gz_sensors_vendor:/opt/ros/kilted/opt/gz_physics_vendor:/opt/ros/kilted/opt/sdformat_vendor:/opt/ros/kilted/opt/gz_gui_vendor:/opt/ros/kilted/opt/gz_transport_vendor:/opt/ros/kilted/opt/gz_rendering_vendor:/opt/ros/kilted/opt/gz_plugin_vendor:/opt/ros/kilted/opt/gz_fuel_tools_vendor:/opt/ros/kilted/opt/gz_msgs_vendor:/opt/ros/kilted/opt/gz_common_vendor:/opt/ros/kilted/opt/gz_math_vendor:/opt/ros/kilted/opt/gz_utils_vendor:/opt/ros/kilted/opt/gz_tools_vendor:/opt/ros/kilted/opt/gz_ogre_next_vendor:/opt/ros/kilted/opt/gz_dartsim_vendor:/opt/ros/kilted/opt/gz_cmake_vendor:/home/GTL/asacks/ros_workspace/install/model_prediction:/home/GTL/asacks/ros_workspace/install/joy_teleop:/opt/ros/kilted DEBUGINFOD_URLS=https://debuginfod.ubuntu.com LD_LIBRARY_PATH=/home/GTL/asacks/ros_workspace/install/task_manager_lib/lib:/home/GTL/asacks/ros_workspace/install/nav2_msgs/lib:/home/GTL/asacks/ros_workspace/install/task_manager_msgs/lib:${LD_LIBRARY_PATH} PYTHONPATH=/home/GTL/asacks/ros_workspace/install/nav2_msgs/lib/python3.12/site-packages:/home/GTL/asacks/ros_workspace/install/task_manager_msgs/lib/python3.12/site-packages:/home/GTL/asacks/ros_workspace/install/nav2_common/lib/python3.12/site-packages:${PYTHONPATH} /usr/bin/cmake /home/GTL/asacks/ros_workspace/src/ros_task_manager/src/task_manager_nav2 -DAMENT_CMAKE_SYMLINK_INSTALL=1 -DCMAKE_INSTALL_PREFIX=/home/GTL/asacks/ros_workspace/install/task_manager_nav2
[0.157s] -- The C compiler identification is GNU 13.3.0
[0.225s] -- The CXX compiler identification is GNU 13.3.0
[0.243s] -- Detecting C compiler ABI info
[0.402s] -- Detecting C compiler ABI info - done
[0.421s] -- Check for working C compiler: /usr/bin/cc - skipped
[0.422s] -- Detecting C compile features
[0.423s] -- Detecting C compile features - done
[0.434s] -- Detecting CXX compiler ABI info
[0.578s] -- Detecting CXX compiler ABI info - done
[0.590s] -- Check for working CXX compiler: /usr/bin/c++ - skipped
[0.590s] -- Detecting CXX compile features
[0.592s] -- Detecting CXX compile features - done
[0.625s] -- Found ament_cmake: 2.7.5 (/opt/ros/kilted/share/ament_cmake/cmake)
[0.822s] -- Found Python3: /usr/bin/python3 (found version "3.12.3") found components: Interpreter 
[0.905s] -- Override CMake install command with custom implementation using symlinks instead of copying resources
[1.338s] -- Found nav2_msgs: 1.4.0 (/home/GTL/asacks/ros_workspace/install/nav2_msgs/share/nav2_msgs/cmake)
[1.599s] -- Found rosidl_generator_c: 4.9.8 (/opt/ros/kilted/share/rosidl_generator_c/cmake)
[1.707s] -- Found rosidl_generator_cpp: 4.9.8 (/opt/ros/kilted/share/rosidl_generator_cpp/cmake)
[1.811s] -- Using all available rosidl_typesupport_c: rosidl_typesupport_fastrtps_c;rosidl_typesupport_introspection_c
[1.914s] -- Using all available rosidl_typesupport_cpp: rosidl_typesupport_fastrtps_cpp;rosidl_typesupport_introspection_cpp
[2.415s] -- Found task_manager_lib: 0.0.0 (/home/GTL/asacks/ros_workspace/install/task_manager_lib/share/task_manager_lib/cmake)
[2.750s] -- Found rmw_implementation_cmake: 7.8.2 (/opt/ros/kilted/share/rmw_implementation_cmake/cmake)
[2.783s] -- Found rmw_zenoh_cpp: 0.6.7 (/opt/ros/kilted/share/rmw_zenoh_cpp/cmake)
[2.784s] -- Using RMW implementation 'rmw_zenoh_cpp' as default
[3.203s] -- Found tf2_geometry_msgs: 0.41.9 (/opt/ros/kilted/share/tf2_geometry_msgs/cmake)
[3.345s] -- Found eigen3_cmake_module: 0.4.0 (/opt/ros/kilted/share/eigen3_cmake_module/cmake)
[3.347s] -- Found Eigen3: TRUE (found version "3.4.0") 
[3.347s] -- Ensuring Eigen3 include directory is part of orocos-kdl CMake target
[3.720s] -- Found ament_lint_auto: 0.19.3 (/opt/ros/kilted/share/ament_lint_auto/cmake)
[4.125s] -- Added test 'copyright' to check source files copyright and LICENSE
[4.133s] -- Added test 'cppcheck' to perform static code analysis on C / C++ code
[4.134s] -- Configured cppcheck include dirs: 
[4.135s] -- Configured cppcheck exclude dirs and/or files: 
[4.141s] -- Added test 'cpplint' to check C / C++ code against the Google style
[4.142s] -- Configured cpplint exclude dirs and/or files: 
[4.146s] -- Added test 'lint_cmake' to check CMake code style
[4.155s] -- Added test 'uncrustify' to check C / C++ code style
[4.156s] -- Configured uncrustify additional arguments: 
[4.158s] -- Added test 'xmllint' to check XML markup files
[4.202s] -- Configuring done (4.1s)
[4.303s] -- Generating done (0.1s)
[4.331s] -- Build files have been written to: /home/GTL/asacks/ros_workspace/build/task_manager_nav2
[4.339s] Invoked command in '/home/GTL/asacks/ros_workspace/build/task_manager_nav2' returned '0': AMENT_PREFIX_PATH=/home/GTL/asacks/ros_workspace/install/task_manager_lib:/home/GTL/asacks/ros_workspace/install/nav2_msgs:/home/GTL/asacks/ros_workspace/install/task_manager_msgs:/home/GTL/asacks/ros_workspace/install/nav2_common:${AMENT_PREFIX_PATH} CMAKE_PREFIX_PATH=/home/GTL/asacks/ros_workspace/install/task_manager_lib:/home/GTL/asacks/ros_workspace/install/nav2_msgs:/home/GTL/asacks/ros_workspace/install/task_manager_msgs:/home/GTL/asacks/ros_workspace/install/nav2_common:/home/GTL/asacks/ros_workspace/install/vrep4_helpers:/home/GTL/asacks/ros_workspace/install/floor_plane_regression_base:/home/GTL/asacks/ros_workspace/install/floor_plane_ransac_base:/home/GTL/asacks/ros_workspace/install/floor_plane_hough_base:/opt/ros/kilted/opt/gz_sim_vendor:/opt/ros/kilted/opt/gz_sensors_vendor:/opt/ros/kilted/opt/gz_physics_vendor:/opt/ros/kilted/opt/sdformat_vendor:/opt/ros/kilted/opt/gz_gui_vendor:/opt/ros/kilted/opt/gz_transport_vendor:/opt/ros/kilted/opt/gz_rendering_vendor:/opt/ros/kilted/opt/gz_plugin_vendor:/opt/ros/kilted/opt/gz_fuel_tools_vendor:/opt/ros/kilted/opt/gz_msgs_vendor:/opt/ros/kilted/opt/gz_common_vendor:/opt/ros/kilted/opt/gz_math_vendor:/opt/ros/kilted/opt/gz_utils_vendor:/opt/ros/kilted/opt/gz_tools_vendor:/opt/ros/kilted/opt/gz_ogre_next_vendor:/opt/ros/kilted/opt/gz_dartsim_vendor:/opt/ros/kilted/opt/gz_cmake_vendor:/home/GTL/asacks/ros_workspace/install/model_prediction:/home/GTL/asacks/ros_workspace/install/joy_teleop:/opt/ros/kilted DEBUGINFOD_URLS=https://debuginfod.ubuntu.com LD_LIBRARY_PATH=/home/GTL/asacks/ros_workspace/install/task_manager_lib/lib:/home/GTL/asacks/ros_workspace/install/nav2_msgs/lib:/home/GTL/asacks/ros_workspace/install/task_manager_msgs/lib:${LD_LIBRARY_PATH} PYTHONPATH=/home/GTL/asacks/ros_workspace/install/nav2_msgs/lib/python3.12/site-packages:/home/GTL/asacks/ros_workspace/install/task_manager_msgs/lib/python3.12/site-packages:/home/GTL/asacks/ros_workspace/install/nav2_common/lib/python3.12/site-packages:${PYTHONPATH} /usr/bin/cmake /home/GTL/asacks/ros_workspace/src/ros_task_manager/src/task_manager_nav2 -DAMENT_CMAKE_SYMLINK_INSTALL=1 -DCMAKE_INSTALL_PREFIX=/home/GTL/asacks/ros_workspace/install/task_manager_nav2
[4.340s] Invoking command in '/home/GTL/asacks/ros_workspace/build/task_manager_nav2': AMENT_PREFIX_PATH=/home/GTL/asacks/ros_workspace/install/task_manager_lib:/home/GTL/asacks/ros_workspace/install/nav2_msgs:/home/GTL/asacks/ros_workspace/install/task_manager_msgs:/home/GTL/asacks/ros_workspace/install/nav2_common:${AMENT_PREFIX_PATH} CMAKE_PREFIX_PATH=/home/GTL/asacks/ros_workspace/install/task_manager_lib:/home/GTL/asacks/ros_workspace/install/nav2_msgs:/home/GTL/asacks/ros_workspace/install/task_manager_msgs:/home/GTL/asacks/ros_workspace/install/nav2_common:/home/GTL/asacks/ros_workspace/install/vrep4_helpers:/home/GTL/asacks/ros_workspace/install/floor_plane_regression_base:/home/GTL/asacks/ros_workspace/install/floor_plane_ransac_base:/home/GTL/asacks/ros_workspace/install/floor_plane_hough_base:/opt/ros/kilted/opt/gz_sim_vendor:/opt/ros/kilted/opt/gz_sensors_vendor:/opt/ros/kilted/opt/gz_physics_vendor:/opt/ros/kilted/opt/sdformat_vendor:/opt/ros/kilted/opt/gz_gui_vendor:/opt/ros/kilted/opt/gz_transport_vendor:/opt/ros/kilted/opt/gz_rendering_vendor:/opt/ros/kilted/opt/gz_plugin_vendor:/opt/ros/kilted/opt/gz_fuel_tools_vendor:/opt/ros/kilted/opt/gz_msgs_vendor:/opt/ros/kilted/opt/gz_common_vendor:/opt/ros/kilted/opt/gz_math_vendor:/opt/ros/kilted/opt/gz_utils_vendor:/opt/ros/kilted/opt/gz_tools_vendor:/opt/ros/kilted/opt/gz_ogre_next_vendor:/opt/ros/kilted/opt/gz_dartsim_vendor:/opt/ros/kilted/opt/gz_cmake_vendor:/home/GTL/asacks/ros_workspace/install/model_prediction:/home/GTL/asacks/ros_workspace/install/joy_teleop:/opt/ros/kilted DEBUGINFOD_URLS=https://debuginfod.ubuntu.com LD_LIBRARY_PATH=/home/GTL/asacks/ros_workspace/install/task_manager_lib/lib:/home/GTL/asacks/ros_workspace/install/nav2_msgs/lib:/home/GTL/asacks/ros_workspace/install/task_manager_msgs/lib:${LD_LIBRARY_PATH} PYTHONPATH=/home/GTL/asacks/ros_workspace/install/nav2_msgs/lib/python3.12/site-packages:/home/GTL/asacks/ros_workspace/install/task_manager_msgs/lib/python3.12/site-packages:/home/GTL/asacks/ros_workspace/install/nav2_common/lib/python3.12/site-packages:${PYTHONPATH} /usr/bin/cmake --build /home/GTL/asacks/ros_workspace/build/task_manager_nav2 -- -j16 -l16
[4.373s] Invoked command in '/home/GTL/asacks/ros_workspace/build/task_manager_nav2' returned '0': AMENT_PREFIX_PATH=/home/GTL/asacks/ros_workspace/install/task_manager_lib:/home/GTL/asacks/ros_workspace/install/nav2_msgs:/home/GTL/asacks/ros_workspace/install/task_manager_msgs:/home/GTL/asacks/ros_workspace/install/nav2_common:${AMENT_PREFIX_PATH} CMAKE_PREFIX_PATH=/home/GTL/asacks/ros_workspace/install/task_manager_lib:/home/GTL/asacks/ros_workspace/install/nav2_msgs:/home/GTL/asacks/ros_workspace/install/task_manager_msgs:/home/GTL/asacks/ros_workspace/install/nav2_common:/home/GTL/asacks/ros_workspace/install/vrep4_helpers:/home/GTL/asacks/ros_workspace/install/floor_plane_regression_base:/home/GTL/asacks/ros_workspace/install/floor_plane_ransac_base:/home/GTL/asacks/ros_workspace/install/floor_plane_hough_base:/opt/ros/kilted/opt/gz_sim_vendor:/opt/ros/kilted/opt/gz_sensors_vendor:/opt/ros/kilted/opt/gz_physics_vendor:/opt/ros/kilted/opt/sdformat_vendor:/opt/ros/kilted/opt/gz_gui_vendor:/opt/ros/kilted/opt/gz_transport_vendor:/opt/ros/kilted/opt/gz_rendering_vendor:/opt/ros/kilted/opt/gz_plugin_vendor:/opt/ros/kilted/opt/gz_fuel_tools_vendor:/opt/ros/kilted/opt/gz_msgs_vendor:/opt/ros/kilted/opt/gz_common_vendor:/opt/ros/kilted/opt/gz_math_vendor:/opt/ros/kilted/opt/gz_utils_vendor:/opt/ros/kilted/opt/gz_tools_vendor:/opt/ros/kilted/opt/gz_ogre_next_vendor:/opt/ros/kilted/opt/gz_dartsim_vendor:/opt/ros/kilted/opt/gz_cmake_vendor:/home/GTL/asacks/ros_workspace/install/model_prediction:/home/GTL/asacks/ros_workspace/install/joy_teleop:/opt/ros/kilted DEBUGINFOD_URLS=https://debuginfod.ubuntu.com LD_LIBRARY_PATH=/home/GTL/asacks/ros_workspace/install/task_manager_lib/lib:/home/GTL/asacks/ros_workspace/install/nav2_msgs/lib:/home/GTL/asacks/ros_workspace/install/task_manager_msgs/lib:${LD_LIBRARY_PATH} PYTHONPATH=/home/GTL/asacks/ros_workspace/install/nav2_msgs/lib/python3.12/site-packages:/home/GTL/asacks/ros_workspace/install/task_manager_msgs/lib/python3.12/site-packages:/home/GTL/asacks/ros_workspace/install/nav2_common/lib/python3.12/site-packages:${PYTHONPATH} /usr/bin/cmake --build /home/GTL/asacks/ros_workspace/build/task_manager_nav2 -- -j16 -l16
[4.376s] Invoking command in '/home/GTL/asacks/ros_workspace/build/task_manager_nav2': AMENT_PREFIX_PATH=/home/GTL/asacks/ros_workspace/install/task_manager_lib:/home/GTL/asacks/ros_workspace/install/nav2_msgs:/home/GTL/asacks/ros_workspace/install/task_manager_msgs:/home/GTL/asacks/ros_workspace/install/nav2_common:${AMENT_PREFIX_PATH} CMAKE_PREFIX_PATH=/home/GTL/asacks/ros_workspace/install/task_manager_lib:/home/GTL/asacks/ros_workspace/install/nav2_msgs:/home/GTL/asacks/ros_workspace/install/task_manager_msgs:/home/GTL/asacks/ros_workspace/install/nav2_common:/home/GTL/asacks/ros_workspace/install/vrep4_helpers:/home/GTL/asacks/ros_workspace/install/floor_plane_regression_base:/home/GTL/asacks/ros_workspace/install/floor_plane_ransac_base:/home/GTL/asacks/ros_workspace/install/floor_plane_hough_base:/opt/ros/kilted/opt/gz_sim_vendor:/opt/ros/kilted/opt/gz_sensors_vendor:/opt/ros/kilted/opt/gz_physics_vendor:/opt/ros/kilted/opt/sdformat_vendor:/opt/ros/kilted/opt/gz_gui_vendor:/opt/ros/kilted/opt/gz_transport_vendor:/opt/ros/kilted/opt/gz_rendering_vendor:/opt/ros/kilted/opt/gz_plugin_vendor:/opt/ros/kilted/opt/gz_fuel_tools_vendor:/opt/ros/kilted/opt/gz_msgs_vendor:/opt/ros/kilted/opt/gz_common_vendor:/opt/ros/kilted/opt/gz_math_vendor:/opt/ros/kilted/opt/gz_utils_vendor:/opt/ros/kilted/opt/gz_tools_vendor:/opt/ros/kilted/opt/gz_ogre_next_vendor:/opt/ros/kilted/opt/gz_dartsim_vendor:/opt/ros/kilted/opt/gz_cmake_vendor:/home/GTL/asacks/ros_workspace/install/model_prediction:/home/GTL/asacks/ros_workspace/install/joy_teleop:/opt/ros/kilted DEBUGINFOD_URLS=https://debuginfod.ubuntu.com LD_LIBRARY_PATH=/home/GTL/asacks/ros_workspace/install/task_manager_lib/lib:/home/GTL/asacks/ros_workspace/install/nav2_msgs/lib:/home/GTL/asacks/ros_workspace/install/task_manager_msgs/lib:${LD_LIBRARY_PATH} PYTHONPATH=/home/GTL/asacks/ros_workspace/install/nav2_msgs/lib/python3.12/site-packages:/home/GTL/asacks/ros_workspace/install/task_manager_msgs/lib/python3.12/site-packages:/home/GTL/asacks/ros_workspace/install/nav2_common/lib/python3.12/site-packages:${PYTHONPATH} /usr/bin/cmake --install /home/GTL/asacks/ros_workspace/build/task_manager_nav2
[4.383s] -- Install configuration: ""
[4.384s] -- Execute custom install script
[4.389s] -- Symlinking: /home/GTL/asacks/ros_workspace/install/task_manager_nav2/include/task_manager_nav2/TaskActionNav2.h
[4.401s] -- Symlinking: /home/GTL/asacks/ros_workspace/install/task_manager_nav2/share/ament_index/resource_index/package_run_dependencies/task_manager_nav2
[4.412s] -- Symlinking: /home/GTL/asacks/ros_workspace/install/task_manager_nav2/share/ament_index/resource_index/parent_prefix_path/task_manager_nav2
[4.424s] -- Symlinking: /home/GTL/asacks/ros_workspace/install/task_manager_nav2/share/task_manager_nav2/environment/ament_prefix_path.sh
[4.433s] -- Symlinking: /home/GTL/asacks/ros_workspace/install/task_manager_nav2/share/task_manager_nav2/environment/ament_prefix_path.dsv
[4.442s] -- Symlinking: /home/GTL/asacks/ros_workspace/install/task_manager_nav2/share/task_manager_nav2/environment/path.sh
[4.452s] -- Symlinking: /home/GTL/asacks/ros_workspace/install/task_manager_nav2/share/task_manager_nav2/environment/path.dsv
[4.462s] -- Symlinking: /home/GTL/asacks/ros_workspace/install/task_manager_nav2/share/task_manager_nav2/local_setup.bash
[4.473s] -- Symlinking: /home/GTL/asacks/ros_workspace/install/task_manager_nav2/share/task_manager_nav2/local_setup.sh
[4.482s] -- Symlinking: /home/GTL/asacks/ros_workspace/install/task_manager_nav2/share/task_manager_nav2/local_setup.zsh
[4.491s] -- Symlinking: /home/GTL/asacks/ros_workspace/install/task_manager_nav2/share/task_manager_nav2/local_setup.dsv
[4.500s] -- Symlinking: /home/GTL/asacks/ros_workspace/install/task_manager_nav2/share/task_manager_nav2/package.dsv
[4.511s] -- Symlinking: /home/GTL/asacks/ros_workspace/install/task_manager_nav2/share/ament_index/resource_index/packages/task_manager_nav2
[4.522s] -- Symlinking: /home/GTL/asacks/ros_workspace/install/task_manager_nav2/share/task_manager_nav2/cmake/ament_cmake_export_dependencies-extras.cmake
[4.530s] -- Symlinking: /home/GTL/asacks/ros_workspace/install/task_manager_nav2/share/task_manager_nav2/cmake/ament_cmake_export_include_directories-extras.cmake
[4.540s] -- Symlinking: /home/GTL/asacks/ros_workspace/install/task_manager_nav2/share/task_manager_nav2/cmake/task_manager_nav2Config.cmake
[4.548s] -- Symlinking: /home/GTL/asacks/ros_workspace/install/task_manager_nav2/share/task_manager_nav2/cmake/task_manager_nav2Config-version.cmake
[4.558s] -- Symlinking: /home/GTL/asacks/ros_workspace/install/task_manager_nav2/share/task_manager_nav2/package.xml
[4.567s] Invoked command in '/home/GTL/asacks/ros_workspace/build/task_manager_nav2' returned '0': AMENT_PREFIX_PATH=/home/GTL/asacks/ros_workspace/install/task_manager_lib:/home/GTL/asacks/ros_workspace/install/nav2_msgs:/home/GTL/asacks/ros_workspace/install/task_manager_msgs:/home/GTL/asacks/ros_workspace/install/nav2_common:${AMENT_PREFIX_PATH} CMAKE_PREFIX_PATH=/home/GTL/asacks/ros_workspace/install/task_manager_lib:/home/GTL/asacks/ros_workspace/install/nav2_msgs:/home/GTL/asacks/ros_workspace/install/task_manager_msgs:/home/GTL/asacks/ros_workspace/install/nav2_common:/home/GTL/asacks/ros_workspace/install/vrep4_helpers:/home/GTL/asacks/ros_workspace/install/floor_plane_regression_base:/home/GTL/asacks/ros_workspace/install/floor_plane_ransac_base:/home/GTL/asacks/ros_workspace/install/floor_plane_hough_base:/opt/ros/kilted/opt/gz_sim_vendor:/opt/ros/kilted/opt/gz_sensors_vendor:/opt/ros/kilted/opt/gz_physics_vendor:/opt/ros/kilted/opt/sdformat_vendor:/opt/ros/kilted/opt/gz_gui_vendor:/opt/ros/kilted/opt/gz_transport_vendor:/opt/ros/kilted/opt/gz_rendering_vendor:/opt/ros/kilted/opt/gz_plugin_vendor:/opt/ros/kilted/opt/gz_fuel_tools_vendor:/opt/ros/kilted/opt/gz_msgs_vendor:/opt/ros/kilted/opt/gz_common_vendor:/opt/ros/kilted/opt/gz_math_vendor:/opt/ros/kilted/opt/gz_utils_vendor:/opt/ros/kilted/opt/gz_tools_vendor:/opt/ros/kilted/opt/gz_ogre_next_vendor:/opt/ros/kilted/opt/gz_dartsim_vendor:/opt/ros/kilted/opt/gz_cmake_vendor:/home/GTL/asacks/ros_workspace/install/model_prediction:/home/GTL/asacks/ros_workspace/install/joy_teleop:/opt/ros/kilted DEBUGINFOD_URLS=https://debuginfod.ubuntu.com LD_LIBRARY_PATH=/home/GTL/asacks/ros_workspace/install/task_manager_lib/lib:/home/GTL/asacks/ros_workspace/install/nav2_msgs/lib:/home/GTL/asacks/ros_workspace/install/task_manager_msgs/lib:${LD_LIBRARY_PATH} PYTHONPATH=/home/GTL/asacks/ros_workspace/install/nav2_msgs/lib/python3.12/site-packages:/home/GTL/asacks/ros_workspace/install/task_manager_msgs/lib/python3.12/site-packages:/home/GTL/asacks/ros_workspace/install/nav2_common/lib/python3.12/site-packages:${PYTHONPATH} /usr/bin/cmake --install /home/GTL/asacks/ros_workspace/build/task_manager_nav2
