[0.051s] Invoking command in '/home/GTL/asacks/ros_workspace/build/floor_plane_mapping': CMAKE_PREFIX_PATH=${CMAKE_PREFIX_PATH}:/home/GTL/asacks/ros_workspace/install/vrep_ros_teleop:/home/GTL/asacks/ros_workspace/install/task_manager_client_py:/home/GTL/asacks/ros_workspace/install/model_prediction:/home/GTL/asacks/ros_workspace/install/joy_teleop:/home/GTL/asacks/ros_workspace/install/floor_graph:/opt/ros/kilted DEBUGINFOD_URLS=https://debuginfod.ubuntu.com /usr/bin/cmake /home/GTL/asacks/ros_workspace/src/floor_plane_mapping -DAMENT_CMAKE_SYMLINK_INSTALL=1 -DCMAKE_INSTALL_PREFIX=/home/GTL/asacks/ros_workspace/install/floor_plane_mapping
[0.117s] -- The C compiler identification is GNU 13.3.0
[0.174s] -- The CXX compiler identification is GNU 13.3.0
[0.190s] -- Detecting C compiler ABI info
[0.321s] -- Detecting C compiler ABI info - done
[0.329s] -- Check for working C compiler: /usr/bin/cc - skipped
[0.330s] -- Detecting C compile features
[0.330s] -- Detecting C compile features - done
[0.341s] -- Detecting CXX compiler ABI info
[0.475s] -- Detecting CXX compiler ABI info - done
[0.483s] -- Check for working CXX compiler: /usr/bin/c++ - skipped
[0.483s] -- Detecting CXX compile features
[0.484s] -- Detecting CXX compile features - done
[0.560s] -- Found ament_cmake: 2.7.5 (/opt/ros/kilted/share/ament_cmake/cmake)
[0.849s] -- Found Python3: /usr/bin/python3 (found version "3.12.3") found components: Interpreter 
[0.930s] -- Override CMake install command with custom implementation using symlinks instead of copying resources
[1.626s] -- Found rclcpp: 29.5.10 (/opt/ros/kilted/share/rclcpp/cmake)
[2.015s] -- Found rosidl_generator_c: 4.9.8 (/opt/ros/kilted/share/rosidl_generator_c/cmake)
[2.163s] -- Found rosidl_generator_cpp: 4.9.8 (/opt/ros/kilted/share/rosidl_generator_cpp/cmake)
[2.316s] -- Using all available rosidl_typesupport_c: rosidl_typesupport_fastrtps_c;rosidl_typesupport_introspection_c
[2.468s] -- Using all available rosidl_typesupport_cpp: rosidl_typesupport_fastrtps_cpp;rosidl_typesupport_introspection_cpp
[2.988s] -- Found rmw_implementation_cmake: 7.8.2 (/opt/ros/kilted/share/rmw_implementation_cmake/cmake)
[3.035s] -- Found rmw_zenoh_cpp: 0.6.7 (/opt/ros/kilted/share/rmw_zenoh_cpp/cmake)
[3.036s] -- Using RMW implementation 'rmw_zenoh_cpp' as default
[3.437s] -- Found std_msgs: 5.5.3 (/opt/ros/kilted/share/std_msgs/cmake)
[3.493s] -- Found geometry_msgs: 5.5.3 (/opt/ros/kilted/share/geometry_msgs/cmake)
[3.551s] -- Found sensor_msgs: 5.5.3 (/opt/ros/kilted/share/sensor_msgs/cmake)
[3.612s] -- Found nav_msgs: 5.5.3 (/opt/ros/kilted/share/nav_msgs/cmake)
[3.677s] -- Found tf2_ros: 0.41.9 (/opt/ros/kilted/share/tf2_ros/cmake)
[4.310s] -- Found tf2_sensor_msgs: 0.41.9 (/opt/ros/kilted/share/tf2_sensor_msgs/cmake)
[4.400s] -- Found pcl_conversions: 2.10.0 (/opt/ros/kilted/share/pcl_conversions/cmake)
[4.841s] -- Found flann version 1.9.2
[5.244s] -- Found OpenMP_CXX: -fopenmp (found version "4.5") 
[5.244s] -- Found OpenMP: TRUE (found version "4.5") found components: CXX 
[7.633s] -- Checking for module 'libusb-1.0'
[7.643s] --   Found libusb-1.0, version 1.0.27
[7.668s] -- Found libusb: /usr/lib/x86_64-linux-gnu/libusb-1.0.so  
[7.668s] -- OpenNI found (version: 1.5.4.0, include: /usr/include/ni, lib: /usr/lib/libOpenNI.so;libusb::libusb)
[7.715s] -- OpenNI2 found (version: 2.2.0.33, include: /usr/include/openni2, lib: /usr/lib/x86_64-linux-gnu/libOpenNI2.so;libusb::libusb)
[7.720s] -- Could NOT find Pcap (missing: PCAP_LIBRARIES PCAP_INCLUDE_DIRS) 
[7.735s] -- Found ZLIB: /usr/lib/x86_64-linux-gnu/libz.so (found version "1.3")  
[7.757s] -- Found PNG: /usr/lib/x86_64-linux-gnu/libpng.so (found version "1.6.43") 
[8.195s] -- OpenNI found (version: 1.5.4.0, include: /usr/include/ni, lib: /usr/lib/libOpenNI.so;libusb::libusb)
[8.200s] -- OpenNI2 found (version: 2.2.0.33, include: /usr/include/openni2, lib: /usr/lib/x86_64-linux-gnu/libOpenNI2.so;libusb::libusb)
[8.680s] -- Found Qhull version 8.0.2
[9.114s] -- OpenNI found (version: 1.5.4.0, include: /usr/include/ni, lib: /usr/lib/libOpenNI.so;libusb::libusb)
[9.545s] -- Found PCL_COMMON: /usr/lib/x86_64-linux-gnu/libpcl_common.so  
[9.547s] -- Found PCL_KDTREE: /usr/lib/x86_64-linux-gnu/libpcl_kdtree.so  
[9.548s] -- Found PCL_OCTREE: /usr/lib/x86_64-linux-gnu/libpcl_octree.so  
[9.549s] -- Found PCL_SEARCH: /usr/lib/x86_64-linux-gnu/libpcl_search.so  
[9.550s] -- Found PCL_SAMPLE_CONSENSUS: /usr/lib/x86_64-linux-gnu/libpcl_sample_consensus.so  
[9.552s] -- Found PCL_FILTERS: /usr/lib/x86_64-linux-gnu/libpcl_filters.so  
[9.552s] -- Found PCL_2D: /usr/include/pcl-1.14  
[9.553s] -- Found PCL_GEOMETRY: /usr/include/pcl-1.14  
[9.553s] -- Found PCL_IO: /usr/lib/x86_64-linux-gnu/libpcl_io.so  
[9.554s] -- Found PCL_FEATURES: /usr/lib/x86_64-linux-gnu/libpcl_features.so  
[9.555s] -- Found PCL_ML: /usr/lib/x86_64-linux-gnu/libpcl_ml.so  
[9.556s] -- Found PCL_SEGMENTATION: /usr/lib/x86_64-linux-gnu/libpcl_segmentation.so  
[9.556s] -- Found PCL_VISUALIZATION: /usr/lib/x86_64-linux-gnu/libpcl_visualization.so  
[9.558s] -- Found PCL_SURFACE: /usr/lib/x86_64-linux-gnu/libpcl_surface.so  
[9.558s] -- Found PCL_REGISTRATION: /usr/lib/x86_64-linux-gnu/libpcl_registration.so  
[9.559s] -- Found PCL_KEYPOINTS: /usr/lib/x86_64-linux-gnu/libpcl_keypoints.so  
[9.560s] -- Found PCL_TRACKING: /usr/lib/x86_64-linux-gnu/libpcl_tracking.so  
[9.561s] -- Found PCL_RECOGNITION: /usr/lib/x86_64-linux-gnu/libpcl_recognition.so  
[9.562s] -- Found PCL_STEREO: /usr/lib/x86_64-linux-gnu/libpcl_stereo.so  
[9.563s] -- Found PCL_APPS: /usr/lib/x86_64-linux-gnu/libpcl_apps.so  
[9.563s] -- Found PCL_IN_HAND_SCANNER: /usr/include/pcl-1.14  
[9.563s] -- Found PCL_MODELER: /usr/include/pcl-1.14  
[9.564s] -- Found PCL_POINT_CLOUD_EDITOR: /usr/include/pcl-1.14  
[9.565s] -- Found PCL_OUTOFCORE: /usr/lib/x86_64-linux-gnu/libpcl_outofcore.so  
[9.566s] -- Found PCL_PEOPLE: /usr/lib/x86_64-linux-gnu/libpcl_people.so  
[9.625s] -- Found OpenCV: /usr (found version "4.6.0") 
[9.750s] -- Configuring done (9.7s)
[9.881s] -- Generating done (0.1s)
[9.931s] -- Build files have been written to: /home/GTL/asacks/ros_workspace/build/floor_plane_mapping
[9.950s] Invoked command in '/home/GTL/asacks/ros_workspace/build/floor_plane_mapping' returned '0': CMAKE_PREFIX_PATH=${CMAKE_PREFIX_PATH}:/home/GTL/asacks/ros_workspace/install/vrep_ros_teleop:/home/GTL/asacks/ros_workspace/install/task_manager_client_py:/home/GTL/asacks/ros_workspace/install/model_prediction:/home/GTL/asacks/ros_workspace/install/joy_teleop:/home/GTL/asacks/ros_workspace/install/floor_graph:/opt/ros/kilted DEBUGINFOD_URLS=https://debuginfod.ubuntu.com /usr/bin/cmake /home/GTL/asacks/ros_workspace/src/floor_plane_mapping -DAMENT_CMAKE_SYMLINK_INSTALL=1 -DCMAKE_INSTALL_PREFIX=/home/GTL/asacks/ros_workspace/install/floor_plane_mapping
[9.951s] Invoking command in '/home/GTL/asacks/ros_workspace/build/floor_plane_mapping': CMAKE_PREFIX_PATH=${CMAKE_PREFIX_PATH}:/home/GTL/asacks/ros_workspace/install/vrep_ros_teleop:/home/GTL/asacks/ros_workspace/install/task_manager_client_py:/home/GTL/asacks/ros_workspace/install/model_prediction:/home/GTL/asacks/ros_workspace/install/joy_teleop:/home/GTL/asacks/ros_workspace/install/floor_graph:/opt/ros/kilted DEBUGINFOD_URLS=https://debuginfod.ubuntu.com /usr/bin/cmake --build /home/GTL/asacks/ros_workspace/build/floor_plane_mapping -- -j16 -l16
[10.016s] [ 50%] Building CXX object CMakeFiles/floor_plane_mapping.dir/src/floor_plane_mapping.cpp.o
[24.908s] [100%] Linking CXX executable floor_plane_mapping
[25.661s] [100%] Built target floor_plane_mapping
[25.677s] Invoked command in '/home/GTL/asacks/ros_workspace/build/floor_plane_mapping' returned '0': CMAKE_PREFIX_PATH=${CMAKE_PREFIX_PATH}:/home/GTL/asacks/ros_workspace/install/vrep_ros_teleop:/home/GTL/asacks/ros_workspace/install/task_manager_client_py:/home/GTL/asacks/ros_workspace/install/model_prediction:/home/GTL/asacks/ros_workspace/install/joy_teleop:/home/GTL/asacks/ros_workspace/install/floor_graph:/opt/ros/kilted DEBUGINFOD_URLS=https://debuginfod.ubuntu.com /usr/bin/cmake --build /home/GTL/asacks/ros_workspace/build/floor_plane_mapping -- -j16 -l16
[25.688s] Invoking command in '/home/GTL/asacks/ros_workspace/build/floor_plane_mapping': CMAKE_PREFIX_PATH=${CMAKE_PREFIX_PATH}:/home/GTL/asacks/ros_workspace/install/vrep_ros_teleop:/home/GTL/asacks/ros_workspace/install/task_manager_client_py:/home/GTL/asacks/ros_workspace/install/model_prediction:/home/GTL/asacks/ros_workspace/install/joy_teleop:/home/GTL/asacks/ros_workspace/install/floor_graph:/opt/ros/kilted DEBUGINFOD_URLS=https://debuginfod.ubuntu.com /usr/bin/cmake --install /home/GTL/asacks/ros_workspace/build/floor_plane_mapping
[25.697s] -- Install configuration: ""
[25.699s] -- Execute custom install script
[25.706s] -- Symlinking: /home/GTL/asacks/ros_workspace/install/floor_plane_mapping/lib/floor_plane_mapping/floor_plane_mapping
[25.718s] -- Symlinking: /home/GTL/asacks/ros_workspace/install/floor_plane_mapping/share/floor_plane_mapping/floor_plane_mapping.launch.py
[25.733s] -- Symlinking: /home/GTL/asacks/ros_workspace/install/floor_plane_mapping/share/ament_index/resource_index/package_run_dependencies/floor_plane_mapping
[25.746s] -- Symlinking: /home/GTL/asacks/ros_workspace/install/floor_plane_mapping/share/ament_index/resource_index/parent_prefix_path/floor_plane_mapping
[25.762s] -- Symlinking: /home/GTL/asacks/ros_workspace/install/floor_plane_mapping/share/floor_plane_mapping/environment/ament_prefix_path.sh
[25.773s] -- Symlinking: /home/GTL/asacks/ros_workspace/install/floor_plane_mapping/share/floor_plane_mapping/environment/ament_prefix_path.dsv
[25.785s] -- Symlinking: /home/GTL/asacks/ros_workspace/install/floor_plane_mapping/share/floor_plane_mapping/environment/path.sh
[25.797s] -- Symlinking: /home/GTL/asacks/ros_workspace/install/floor_plane_mapping/share/floor_plane_mapping/environment/path.dsv
[25.809s] -- Symlinking: /home/GTL/asacks/ros_workspace/install/floor_plane_mapping/share/floor_plane_mapping/local_setup.bash
[25.821s] -- Symlinking: /home/GTL/asacks/ros_workspace/install/floor_plane_mapping/share/floor_plane_mapping/local_setup.sh
[25.832s] -- Symlinking: /home/GTL/asacks/ros_workspace/install/floor_plane_mapping/share/floor_plane_mapping/local_setup.zsh
[25.843s] -- Symlinking: /home/GTL/asacks/ros_workspace/install/floor_plane_mapping/share/floor_plane_mapping/local_setup.dsv
[25.854s] -- Symlinking: /home/GTL/asacks/ros_workspace/install/floor_plane_mapping/share/floor_plane_mapping/package.dsv
[25.867s] -- Symlinking: /home/GTL/asacks/ros_workspace/install/floor_plane_mapping/share/ament_index/resource_index/packages/floor_plane_mapping
[25.880s] -- Symlinking: /home/GTL/asacks/ros_workspace/install/floor_plane_mapping/share/floor_plane_mapping/cmake/floor_plane_mappingConfig.cmake
[25.889s] -- Symlinking: /home/GTL/asacks/ros_workspace/install/floor_plane_mapping/share/floor_plane_mapping/cmake/floor_plane_mappingConfig-version.cmake
[25.899s] -- Symlinking: /home/GTL/asacks/ros_workspace/install/floor_plane_mapping/share/floor_plane_mapping/package.xml
[25.911s] Invoked command in '/home/GTL/asacks/ros_workspace/build/floor_plane_mapping' returned '0': CMAKE_PREFIX_PATH=${CMAKE_PREFIX_PATH}:/home/GTL/asacks/ros_workspace/install/vrep_ros_teleop:/home/GTL/asacks/ros_workspace/install/task_manager_client_py:/home/GTL/asacks/ros_workspace/install/model_prediction:/home/GTL/asacks/ros_workspace/install/joy_teleop:/home/GTL/asacks/ros_workspace/install/floor_graph:/opt/ros/kilted DEBUGINFOD_URLS=https://debuginfod.ubuntu.com /usr/bin/cmake --install /home/GTL/asacks/ros_workspace/build/floor_plane_mapping
