[0.155s] Invoking command in '/home/GTL/asacks/ros_workspace/build/nav2_common': CMAKE_PREFIX_PATH=${CMAKE_PREFIX_PATH}:/home/GTL/asacks/ros_workspace/install/model_prediction:/home/GTL/asacks/ros_workspace/install/joy_teleop:/opt/ros/kilted DEBUGINFOD_URLS=https://debuginfod.ubuntu.com /usr/bin/cmake /home/GTL/asacks/ros_workspace/src/nav2_common -DAMENT_CMAKE_SYMLINK_INSTALL=1 -DCMAKE_INSTALL_PREFIX=/home/GTL/asacks/ros_workspace/install/nav2_common
[0.397s] -- Found ament_cmake_core: 2.7.5 (/opt/ros/kilted/share/ament_cmake_core/cmake)
[0.397s] -- Found Python3: /usr/bin/python3 (found version "3.12.3") found components: Interpreter 
[0.650s] -- Override CMake install command with custom implementation using symlinks instead of copying resources
[0.651s] -- Found ament_cmake_python: 2.7.5 (/opt/ros/kilted/share/ament_cmake_python/cmake)
[0.756s] -- Configuring done (0.6s)
[0.887s] -- Generating done (0.1s)
[0.921s] -- Build files have been written to: /home/GTL/asacks/ros_workspace/build/nav2_common
[0.923s] Invoked command in '/home/GTL/asacks/ros_workspace/build/nav2_common' returned '0': CMAKE_PREFIX_PATH=${CMAKE_PREFIX_PATH}:/home/GTL/asacks/ros_workspace/install/model_prediction:/home/GTL/asacks/ros_workspace/install/joy_teleop:/opt/ros/kilted DEBUGINFOD_URLS=https://debuginfod.ubuntu.com /usr/bin/cmake /home/GTL/asacks/ros_workspace/src/nav2_common -DAMENT_CMAKE_SYMLINK_INSTALL=1 -DCMAKE_INSTALL_PREFIX=/home/GTL/asacks/ros_workspace/install/nav2_common
[0.925s] Invoking command in '/home/GTL/asacks/ros_workspace/build/nav2_common': CMAKE_PREFIX_PATH=${CMAKE_PREFIX_PATH}:/home/GTL/asacks/ros_workspace/install/model_prediction:/home/GTL/asacks/ros_workspace/install/joy_teleop:/opt/ros/kilted DEBUGINFOD_URLS=https://debuginfod.ubuntu.com /usr/bin/cmake --build /home/GTL/asacks/ros_workspace/build/nav2_common -- -j16 -l16
[0.977s] Built target ament_cmake_python_symlink_nav2_common
[1.187s] running egg_info
[1.188s] creating nav2_common.egg-info
[1.212s] writing nav2_common.egg-info/PKG-INFO
[1.214s] writing dependency_links to nav2_common.egg-info/dependency_links.txt
[1.215s] writing top-level names to nav2_common.egg-info/top_level.txt
[1.217s] writing manifest file 'nav2_common.egg-info/SOURCES.txt'
[1.282s] reading manifest file 'nav2_common.egg-info/SOURCES.txt'
[1.283s] writing manifest file 'nav2_common.egg-info/SOURCES.txt'
[1.305s] Built target ament_cmake_python_build_nav2_common_egg
[1.312s] Invoked command in '/home/GTL/asacks/ros_workspace/build/nav2_common' returned '0': CMAKE_PREFIX_PATH=${CMAKE_PREFIX_PATH}:/home/GTL/asacks/ros_workspace/install/model_prediction:/home/GTL/asacks/ros_workspace/install/joy_teleop:/opt/ros/kilted DEBUGINFOD_URLS=https://debuginfod.ubuntu.com /usr/bin/cmake --build /home/GTL/asacks/ros_workspace/build/nav2_common -- -j16 -l16
[1.320s] Invoking command in '/home/GTL/asacks/ros_workspace/build/nav2_common': CMAKE_PREFIX_PATH=${CMAKE_PREFIX_PATH}:/home/GTL/asacks/ros_workspace/install/model_prediction:/home/GTL/asacks/ros_workspace/install/joy_teleop:/opt/ros/kilted DEBUGINFOD_URLS=https://debuginfod.ubuntu.com /usr/bin/cmake --install /home/GTL/asacks/ros_workspace/build/nav2_common
[1.327s] -- Install configuration: ""
[1.328s] -- Execute custom install script
[1.334s] -- Symlinking: /home/GTL/asacks/ros_workspace/install/nav2_common/share/nav2_common/environment/pythonpath.sh
[1.344s] -- Symlinking: /home/GTL/asacks/ros_workspace/install/nav2_common/share/nav2_common/environment/pythonpath.dsv
[1.356s] -- Symlinking: /home/GTL/asacks/ros_workspace/install/nav2_common/lib/python3.12/site-packages/nav2_common-1.4.0-py3.12.egg-info/PKG-INFO
[1.365s] -- Symlinking: /home/GTL/asacks/ros_workspace/install/nav2_common/lib/python3.12/site-packages/nav2_common-1.4.0-py3.12.egg-info/SOURCES.txt
[1.373s] -- Symlinking: /home/GTL/asacks/ros_workspace/install/nav2_common/lib/python3.12/site-packages/nav2_common-1.4.0-py3.12.egg-info/dependency_links.txt
[1.380s] -- Symlinking: /home/GTL/asacks/ros_workspace/install/nav2_common/lib/python3.12/site-packages/nav2_common-1.4.0-py3.12.egg-info/top_level.txt
[1.392s] -- Symlinking: /home/GTL/asacks/ros_workspace/install/nav2_common/lib/python3.12/site-packages/nav2_common/__init__.py
[1.402s] -- Symlinking: /home/GTL/asacks/ros_workspace/install/nav2_common/lib/python3.12/site-packages/nav2_common/launch/__init__.py
[1.410s] -- Symlinking: /home/GTL/asacks/ros_workspace/install/nav2_common/lib/python3.12/site-packages/nav2_common/launch/has_node_params.py
[1.418s] -- Symlinking: /home/GTL/asacks/ros_workspace/install/nav2_common/lib/python3.12/site-packages/nav2_common/launch/replace_string.py
[1.425s] -- Symlinking: /home/GTL/asacks/ros_workspace/install/nav2_common/lib/python3.12/site-packages/nav2_common/launch/rewritten_yaml.py
[1.437s] -- Symlinking: /home/GTL/asacks/ros_workspace/install/nav2_common/share/ament_index/resource_index/package_run_dependencies/nav2_common
[1.448s] -- Symlinking: /home/GTL/asacks/ros_workspace/install/nav2_common/share/ament_index/resource_index/parent_prefix_path/nav2_common
[1.457s] -- Symlinking: /home/GTL/asacks/ros_workspace/install/nav2_common/share/nav2_common/environment/ament_prefix_path.sh
[1.464s] -- Symlinking: /home/GTL/asacks/ros_workspace/install/nav2_common/share/nav2_common/environment/ament_prefix_path.dsv
[1.473s] -- Symlinking: /home/GTL/asacks/ros_workspace/install/nav2_common/share/nav2_common/environment/path.sh
[1.482s] -- Symlinking: /home/GTL/asacks/ros_workspace/install/nav2_common/share/nav2_common/environment/path.dsv
[1.490s] -- Symlinking: /home/GTL/asacks/ros_workspace/install/nav2_common/share/nav2_common/local_setup.bash
[1.498s] -- Symlinking: /home/GTL/asacks/ros_workspace/install/nav2_common/share/nav2_common/local_setup.sh
[1.506s] -- Symlinking: /home/GTL/asacks/ros_workspace/install/nav2_common/share/nav2_common/local_setup.zsh
[1.515s] -- Symlinking: /home/GTL/asacks/ros_workspace/install/nav2_common/share/nav2_common/local_setup.dsv
[1.523s] -- Symlinking: /home/GTL/asacks/ros_workspace/install/nav2_common/share/nav2_common/package.dsv
[1.533s] -- Symlinking: /home/GTL/asacks/ros_workspace/install/nav2_common/share/ament_index/resource_index/packages/nav2_common
[1.543s] -- Symlinking: /home/GTL/asacks/ros_workspace/install/nav2_common/share/nav2_common/cmake/nav2_common-extras.cmake
[1.551s] -- Symlinking: /home/GTL/asacks/ros_workspace/install/nav2_common/share/nav2_common/cmake/nav2_commonConfig.cmake
[1.559s] -- Symlinking: /home/GTL/asacks/ros_workspace/install/nav2_common/share/nav2_common/cmake/nav2_commonConfig-version.cmake
[1.566s] -- Symlinking: /home/GTL/asacks/ros_workspace/install/nav2_common/share/nav2_common/package.xml
[1.573s] -- Symlinking: /home/GTL/asacks/ros_workspace/install/nav2_common/share/nav2_common/cmake/nav2_package.cmake
[1.582s] -- Symlinking: /home/GTL/asacks/ros_workspace/install/nav2_common/share/nav2_common/test/test_rewritten_yaml.py
[1.634s] Listing '/home/GTL/asacks/ros_workspace/install/nav2_common/lib/python3.12/site-packages/nav2_common'...
[1.635s] Compiling '/home/GTL/asacks/ros_workspace/install/nav2_common/lib/python3.12/site-packages/nav2_common/__init__.py'...
[1.636s] Listing '/home/GTL/asacks/ros_workspace/install/nav2_common/lib/python3.12/site-packages/nav2_common/launch'...
[1.637s] Compiling '/home/GTL/asacks/ros_workspace/install/nav2_common/lib/python3.12/site-packages/nav2_common/launch/__init__.py'...
[1.638s] Compiling '/home/GTL/asacks/ros_workspace/install/nav2_common/lib/python3.12/site-packages/nav2_common/launch/has_node_params.py'...
[1.639s] Compiling '/home/GTL/asacks/ros_workspace/install/nav2_common/lib/python3.12/site-packages/nav2_common/launch/replace_string.py'...
[1.640s] Compiling '/home/GTL/asacks/ros_workspace/install/nav2_common/lib/python3.12/site-packages/nav2_common/launch/rewritten_yaml.py'...
[1.641s] Invoked command in '/home/GTL/asacks/ros_workspace/build/nav2_common' returned '0': CMAKE_PREFIX_PATH=${CMAKE_PREFIX_PATH}:/home/GTL/asacks/ros_workspace/install/model_prediction:/home/GTL/asacks/ros_workspace/install/joy_teleop:/opt/ros/kilted DEBUGINFOD_URLS=https://debuginfod.ubuntu.com /usr/bin/cmake --install /home/GTL/asacks/ros_workspace/build/nav2_common
