[0.077s] DEBUG:colcon:Command line arguments: ['/usr/bin/colcon', 'build', '--packages-select', 'floor_plane_hough_base', 'floor_plane_ransac_base']
[0.077s] DEBUG:colcon:Parsed command line arguments: Namespace(log_base=None, log_level=None, verb_name='build', build_base='build', install_base='install', merge_install=False, symlink_install=False, test_result_base=None, continue_on_error=False, executor='parallel', parallel_workers=16, event_handlers=None, ignore_user_meta=False, metas=['./colcon.meta'], base_paths=['.'], packages_ignore=None, packages_ignore_regex=None, paths=None, packages_up_to=None, packages_up_to_regex=None, packages_above=None, packages_above_and_dependencies=None, packages_above_depth=None, packages_select_by_dep=None, packages_skip_by_dep=None, packages_skip_up_to=None, packages_select_build_failed=False, packages_skip_build_finished=False, packages_select_test_failures=False, packages_skip_test_passed=False, packages_select=['floor_plane_hough_base', 'floor_plane_ransac_base'], packages_skip=None, packages_select_regex=None, packages_skip_regex=None, packages_start=None, packages_end=None, allow_overriding=[], cmake_args=None, cmake_target=None, cmake_target_skip_unavailable=False, cmake_clean_cache=False, cmake_clean_first=False, cmake_force_configure=False, ament_cmake_args=None, catkin_cmake_args=None, catkin_skip_building_tests=False, verb_parser=<colcon_defaults.argument_parser.defaults.DefaultArgumentsDecorator object at 0x7955a96dc140>, verb_extension=<colcon_core.verb.build.BuildVerb object at 0x7955a96aff80>, main=<bound method BuildVerb.main of <colcon_core.verb.build.BuildVerb object at 0x7955a96aff80>>)
[0.101s] Level 1:colcon.colcon_core.package_discovery:discover_packages(colcon_meta) check parameters
[0.101s] Level 1:colcon.colcon_core.package_discovery:discover_packages(recursive) check parameters
[0.102s] Level 1:colcon.colcon_core.package_discovery:discover_packages(ignore) check parameters
[0.102s] Level 1:colcon.colcon_core.package_discovery:discover_packages(path) check parameters
[0.102s] Level 1:colcon.colcon_core.package_discovery:discover_packages(colcon_meta) discover
[0.103s] Level 1:colcon.colcon_core.package_discovery:discover_packages(recursive) discover
[0.103s] INFO:colcon.colcon_core.package_discovery:Crawling recursively for packages in '/home/GTL/asacks/ros_workspace'
[0.104s] Level 1:colcon.colcon_core.package_identification:_identify(.) by extensions ['ignore', 'ignore_ament_install']
[0.104s] Level 1:colcon.colcon_core.package_identification:_identify(.) by extension 'ignore'
[0.104s] Level 1:colcon.colcon_core.package_identification:_identify(.) by extension 'ignore_ament_install'
[0.104s] Level 1:colcon.colcon_core.package_identification:_identify(.) by extensions ['colcon_pkg']
[0.105s] Level 1:colcon.colcon_core.package_identification:_identify(.) by extension 'colcon_pkg'
[0.105s] Level 1:colcon.colcon_core.package_identification:_identify(.) by extensions ['colcon_meta']
[0.105s] Level 1:colcon.colcon_core.package_identification:_identify(.) by extension 'colcon_meta'
[0.105s] Level 1:colcon.colcon_core.package_identification:_identify(.) by extensions ['ros']
[0.106s] Level 1:colcon.colcon_core.package_identification:_identify(.) by extension 'ros'
[0.121s] Level 1:colcon.colcon_core.package_identification:_identify(.) by extensions ['cmake', 'python']
[0.121s] Level 1:colcon.colcon_core.package_identification:_identify(.) by extension 'cmake'
[0.121s] Level 1:colcon.colcon_core.package_identification:_identify(.) by extension 'python'
[0.122s] Level 1:colcon.colcon_core.package_identification:_identify(.) by extensions ['python_setup_py']
[0.123s] Level 1:colcon.colcon_core.package_identification:_identify(.) by extension 'python_setup_py'
[0.124s] Level 1:colcon.colcon_core.package_identification:_identify(bags) by extensions ['ignore', 'ignore_ament_install']
[0.124s] Level 1:colcon.colcon_core.package_identification:_identify(bags) by extension 'ignore'
[0.125s] Level 1:colcon.colcon_core.package_identification:_identify(bags) by extension 'ignore_ament_install'
[0.125s] Level 1:colcon.colcon_core.package_identification:_identify(bags) by extensions ['colcon_pkg']
[0.126s] Level 1:colcon.colcon_core.package_identification:_identify(bags) by extension 'colcon_pkg'
[0.126s] Level 1:colcon.colcon_core.package_identification:_identify(bags) by extensions ['colcon_meta']
[0.127s] Level 1:colcon.colcon_core.package_identification:_identify(bags) by extension 'colcon_meta'
[0.127s] Level 1:colcon.colcon_core.package_identification:_identify(bags) by extensions ['ros']
[0.127s] Level 1:colcon.colcon_core.package_identification:_identify(bags) by extension 'ros'
[0.127s] Level 1:colcon.colcon_core.package_identification:_identify(bags) by extensions ['cmake', 'python']
[0.128s] Level 1:colcon.colcon_core.package_identification:_identify(bags) by extension 'cmake'
[0.128s] Level 1:colcon.colcon_core.package_identification:_identify(bags) by extension 'python'
[0.128s] Level 1:colcon.colcon_core.package_identification:_identify(bags) by extensions ['python_setup_py']
[0.128s] Level 1:colcon.colcon_core.package_identification:_identify(bags) by extension 'python_setup_py'
[0.129s] Level 1:colcon.colcon_core.package_identification:_identify(bags/test) by extensions ['ignore', 'ignore_ament_install']
[0.129s] Level 1:colcon.colcon_core.package_identification:_identify(bags/test) by extension 'ignore'
[0.130s] Level 1:colcon.colcon_core.package_identification:_identify(bags/test) by extension 'ignore_ament_install'
[0.130s] Level 1:colcon.colcon_core.package_identification:_identify(bags/test) by extensions ['colcon_pkg']
[0.130s] Level 1:colcon.colcon_core.package_identification:_identify(bags/test) by extension 'colcon_pkg'
[0.131s] Level 1:colcon.colcon_core.package_identification:_identify(bags/test) by extensions ['colcon_meta']
[0.131s] Level 1:colcon.colcon_core.package_identification:_identify(bags/test) by extension 'colcon_meta'
[0.131s] Level 1:colcon.colcon_core.package_identification:_identify(bags/test) by extensions ['ros']
[0.131s] Level 1:colcon.colcon_core.package_identification:_identify(bags/test) by extension 'ros'
[0.131s] Level 1:colcon.colcon_core.package_identification:_identify(bags/test) by extensions ['cmake', 'python']
[0.132s] Level 1:colcon.colcon_core.package_identification:_identify(bags/test) by extension 'cmake'
[0.132s] Level 1:colcon.colcon_core.package_identification:_identify(bags/test) by extension 'python'
[0.132s] Level 1:colcon.colcon_core.package_identification:_identify(bags/test) by extensions ['python_setup_py']
[0.133s] Level 1:colcon.colcon_core.package_identification:_identify(bags/test) by extension 'python_setup_py'
[0.133s] Level 1:colcon.colcon_core.package_identification:_identify(bags/train) by extensions ['ignore', 'ignore_ament_install']
[0.133s] Level 1:colcon.colcon_core.package_identification:_identify(bags/train) by extension 'ignore'
[0.134s] Level 1:colcon.colcon_core.package_identification:_identify(bags/train) by extension 'ignore_ament_install'
[0.134s] Level 1:colcon.colcon_core.package_identification:_identify(bags/train) by extensions ['colcon_pkg']
[0.134s] Level 1:colcon.colcon_core.package_identification:_identify(bags/train) by extension 'colcon_pkg'
[0.134s] Level 1:colcon.colcon_core.package_identification:_identify(bags/train) by extensions ['colcon_meta']
[0.135s] Level 1:colcon.colcon_core.package_identification:_identify(bags/train) by extension 'colcon_meta'
[0.135s] Level 1:colcon.colcon_core.package_identification:_identify(bags/train) by extensions ['ros']
[0.135s] Level 1:colcon.colcon_core.package_identification:_identify(bags/train) by extension 'ros'
[0.135s] Level 1:colcon.colcon_core.package_identification:_identify(bags/train) by extensions ['cmake', 'python']
[0.135s] Level 1:colcon.colcon_core.package_identification:_identify(bags/train) by extension 'cmake'
[0.135s] Level 1:colcon.colcon_core.package_identification:_identify(bags/train) by extension 'python'
[0.136s] Level 1:colcon.colcon_core.package_identification:_identify(bags/train) by extensions ['python_setup_py']
[0.136s] Level 1:colcon.colcon_core.package_identification:_identify(bags/train) by extension 'python_setup_py'
[0.137s] Level 1:colcon.colcon_core.package_identification:_identify(build) by extensions ['ignore', 'ignore_ament_install']
[0.137s] Level 1:colcon.colcon_core.package_identification:_identify(build) by extension 'ignore'
[0.137s] Level 1:colcon.colcon_core.package_identification:_identify(build) ignored
[0.138s] Level 1:colcon.colcon_core.package_identification:_identify(install) by extensions ['ignore', 'ignore_ament_install']
[0.138s] Level 1:colcon.colcon_core.package_identification:_identify(install) by extension 'ignore'
[0.138s] Level 1:colcon.colcon_core.package_identification:_identify(install) ignored
[0.139s] Level 1:colcon.colcon_core.package_identification:_identify(log) by extensions ['ignore', 'ignore_ament_install']
[0.139s] Level 1:colcon.colcon_core.package_identification:_identify(log) by extension 'ignore'
[0.139s] Level 1:colcon.colcon_core.package_identification:_identify(log) ignored
[0.140s] Level 1:colcon.colcon_core.package_identification:_identify(src) by extensions ['ignore', 'ignore_ament_install']
[0.140s] Level 1:colcon.colcon_core.package_identification:_identify(src) by extension 'ignore'
[0.140s] Level 1:colcon.colcon_core.package_identification:_identify(src) by extension 'ignore_ament_install'
[0.140s] Level 1:colcon.colcon_core.package_identification:_identify(src) by extensions ['colcon_pkg']
[0.141s] Level 1:colcon.colcon_core.package_identification:_identify(src) by extension 'colcon_pkg'
[0.141s] Level 1:colcon.colcon_core.package_identification:_identify(src) by extensions ['colcon_meta']
[0.141s] Level 1:colcon.colcon_core.package_identification:_identify(src) by extension 'colcon_meta'
[0.141s] Level 1:colcon.colcon_core.package_identification:_identify(src) by extensions ['ros']
[0.142s] Level 1:colcon.colcon_core.package_identification:_identify(src) by extension 'ros'
[0.142s] Level 1:colcon.colcon_core.package_identification:_identify(src) by extensions ['cmake', 'python']
[0.142s] Level 1:colcon.colcon_core.package_identification:_identify(src) by extension 'cmake'
[0.142s] Level 1:colcon.colcon_core.package_identification:_identify(src) by extension 'python'
[0.143s] Level 1:colcon.colcon_core.package_identification:_identify(src) by extensions ['python_setup_py']
[0.143s] Level 1:colcon.colcon_core.package_identification:_identify(src) by extension 'python_setup_py'
[0.143s] Level 1:colcon.colcon_core.package_identification:_identify(src/cs7630_msgs) by extensions ['ignore', 'ignore_ament_install']
[0.143s] Level 1:colcon.colcon_core.package_identification:_identify(src/cs7630_msgs) by extension 'ignore'
[0.144s] Level 1:colcon.colcon_core.package_identification:_identify(src/cs7630_msgs) by extension 'ignore_ament_install'
[0.144s] Level 1:colcon.colcon_core.package_identification:_identify(src/cs7630_msgs) by extensions ['colcon_pkg']
[0.144s] Level 1:colcon.colcon_core.package_identification:_identify(src/cs7630_msgs) by extension 'colcon_pkg'
[0.144s] Level 1:colcon.colcon_core.package_identification:_identify(src/cs7630_msgs) by extensions ['colcon_meta']
[0.144s] Level 1:colcon.colcon_core.package_identification:_identify(src/cs7630_msgs) by extension 'colcon_meta'
[0.144s] Level 1:colcon.colcon_core.package_identification:_identify(src/cs7630_msgs) by extensions ['ros']
[0.145s] Level 1:colcon.colcon_core.package_identification:_identify(src/cs7630_msgs) by extension 'ros'
[0.147s] DEBUG:colcon.colcon_core.package_identification:Package 'src/cs7630_msgs' with type 'ros.ament_cmake' and name 'cs7630_msgs'
[0.147s] Level 1:colcon.colcon_core.package_identification:_identify(src/cv_bridge2) by extensions ['ignore', 'ignore_ament_install']
[0.147s] Level 1:colcon.colcon_core.package_identification:_identify(src/cv_bridge2) by extension 'ignore'
[0.148s] Level 1:colcon.colcon_core.package_identification:_identify(src/cv_bridge2) by extension 'ignore_ament_install'
[0.148s] Level 1:colcon.colcon_core.package_identification:_identify(src/cv_bridge2) by extensions ['colcon_pkg']
[0.148s] Level 1:colcon.colcon_core.package_identification:_identify(src/cv_bridge2) by extension 'colcon_pkg'
[0.148s] Level 1:colcon.colcon_core.package_identification:_identify(src/cv_bridge2) by extensions ['colcon_meta']
[0.148s] Level 1:colcon.colcon_core.package_identification:_identify(src/cv_bridge2) by extension 'colcon_meta'
[0.149s] Level 1:colcon.colcon_core.package_identification:_identify(src/cv_bridge2) by extensions ['ros']
[0.149s] Level 1:colcon.colcon_core.package_identification:_identify(src/cv_bridge2) by extension 'ros'
[0.150s] DEBUG:colcon.colcon_core.package_identification:Package 'src/cv_bridge2' with type 'ros.ament_cmake' and name 'cv_bridge2'
[0.150s] Level 1:colcon.colcon_core.package_identification:_identify(src/floor_graph) by extensions ['ignore', 'ignore_ament_install']
[0.150s] Level 1:colcon.colcon_core.package_identification:_identify(src/floor_graph) by extension 'ignore'
[0.151s] Level 1:colcon.colcon_core.package_identification:_identify(src/floor_graph) by extension 'ignore_ament_install'
[0.151s] Level 1:colcon.colcon_core.package_identification:_identify(src/floor_graph) by extensions ['colcon_pkg']
[0.151s] Level 1:colcon.colcon_core.package_identification:_identify(src/floor_graph) by extension 'colcon_pkg'
[0.152s] Level 1:colcon.colcon_core.package_identification:_identify(src/floor_graph) by extensions ['colcon_meta']
[0.152s] Level 1:colcon.colcon_core.package_identification:_identify(src/floor_graph) by extension 'colcon_meta'
[0.152s] Level 1:colcon.colcon_core.package_identification:_identify(src/floor_graph) by extensions ['ros']
[0.152s] Level 1:colcon.colcon_core.package_identification:_identify(src/floor_graph) by extension 'ros'
[0.153s] DEBUG:colcon.colcon_core.package_identification:Package 'src/floor_graph' with type 'ros.ament_python' and name 'floor_graph'
[0.153s] Level 1:colcon.colcon_core.package_identification:_identify(src/floor_nav) by extensions ['ignore', 'ignore_ament_install']
[0.153s] Level 1:colcon.colcon_core.package_identification:_identify(src/floor_nav) by extension 'ignore'
[0.154s] Level 1:colcon.colcon_core.package_identification:_identify(src/floor_nav) by extension 'ignore_ament_install'
[0.154s] Level 1:colcon.colcon_core.package_identification:_identify(src/floor_nav) by extensions ['colcon_pkg']
[0.154s] Level 1:colcon.colcon_core.package_identification:_identify(src/floor_nav) by extension 'colcon_pkg'
[0.154s] Level 1:colcon.colcon_core.package_identification:_identify(src/floor_nav) by extensions ['colcon_meta']
[0.155s] Level 1:colcon.colcon_core.package_identification:_identify(src/floor_nav) by extension 'colcon_meta'
[0.155s] Level 1:colcon.colcon_core.package_identification:_identify(src/floor_nav) by extensions ['ros']
[0.156s] Level 1:colcon.colcon_core.package_identification:_identify(src/floor_nav) by extension 'ros'
[0.157s] DEBUG:colcon.colcon_core.package_identification:Package 'src/floor_nav' with type 'ros.ament_cmake' and name 'floor_nav'
[0.158s] Level 1:colcon.colcon_core.package_identification:_identify(src/floor_plane_ceres_base) by extensions ['ignore', 'ignore_ament_install']
[0.158s] Level 1:colcon.colcon_core.package_identification:_identify(src/floor_plane_ceres_base) by extension 'ignore'
[0.158s] Level 1:colcon.colcon_core.package_identification:_identify(src/floor_plane_ceres_base) by extension 'ignore_ament_install'
[0.159s] Level 1:colcon.colcon_core.package_identification:_identify(src/floor_plane_ceres_base) by extensions ['colcon_pkg']
[0.159s] Level 1:colcon.colcon_core.package_identification:_identify(src/floor_plane_ceres_base) by extension 'colcon_pkg'
[0.159s] Level 1:colcon.colcon_core.package_identification:_identify(src/floor_plane_ceres_base) by extensions ['colcon_meta']
[0.160s] Level 1:colcon.colcon_core.package_identification:_identify(src/floor_plane_ceres_base) by extension 'colcon_meta'
[0.160s] Level 1:colcon.colcon_core.package_identification:_identify(src/floor_plane_ceres_base) by extensions ['ros']
[0.160s] Level 1:colcon.colcon_core.package_identification:_identify(src/floor_plane_ceres_base) by extension 'ros'
[0.162s] DEBUG:colcon.colcon_core.package_identification:Package 'src/floor_plane_ceres_base' with type 'ros.ament_cmake' and name 'floor_plane_ceres_base'
[0.162s] Level 1:colcon.colcon_core.package_identification:_identify(src/floor_plane_classify_base) by extensions ['ignore', 'ignore_ament_install']
[0.162s] Level 1:colcon.colcon_core.package_identification:_identify(src/floor_plane_classify_base) by extension 'ignore'
[0.163s] Level 1:colcon.colcon_core.package_identification:_identify(src/floor_plane_classify_base) by extension 'ignore_ament_install'
[0.163s] Level 1:colcon.colcon_core.package_identification:_identify(src/floor_plane_classify_base) by extensions ['colcon_pkg']
[0.163s] Level 1:colcon.colcon_core.package_identification:_identify(src/floor_plane_classify_base) by extension 'colcon_pkg'
[0.164s] Level 1:colcon.colcon_core.package_identification:_identify(src/floor_plane_classify_base) by extensions ['colcon_meta']
[0.164s] Level 1:colcon.colcon_core.package_identification:_identify(src/floor_plane_classify_base) by extension 'colcon_meta'
[0.164s] Level 1:colcon.colcon_core.package_identification:_identify(src/floor_plane_classify_base) by extensions ['ros']
[0.164s] Level 1:colcon.colcon_core.package_identification:_identify(src/floor_plane_classify_base) by extension 'ros'
[0.164s] Level 1:colcon.colcon_core.package_identification:_identify(src/floor_plane_classify_base) by extensions ['cmake', 'python']
[0.165s] Level 1:colcon.colcon_core.package_identification:_identify(src/floor_plane_classify_base) by extension 'cmake'
[0.165s] Level 1:colcon.colcon_core.package_identification:_identify(src/floor_plane_classify_base) by extension 'python'
[0.165s] Level 1:colcon.colcon_core.package_identification:_identify(src/floor_plane_classify_base) by extensions ['python_setup_py']
[0.165s] Level 1:colcon.colcon_core.package_identification:_identify(src/floor_plane_classify_base) by extension 'python_setup_py'
[0.166s] Level 1:colcon.colcon_core.package_identification:_identify(src/floor_plane_classify_base/floor_plane_classify_base) by extensions ['ignore', 'ignore_ament_install']
[0.166s] Level 1:colcon.colcon_core.package_identification:_identify(src/floor_plane_classify_base/floor_plane_classify_base) by extension 'ignore'
[0.167s] Level 1:colcon.colcon_core.package_identification:_identify(src/floor_plane_classify_base/floor_plane_classify_base) by extension 'ignore_ament_install'
[0.167s] Level 1:colcon.colcon_core.package_identification:_identify(src/floor_plane_classify_base/floor_plane_classify_base) by extensions ['colcon_pkg']
[0.167s] Level 1:colcon.colcon_core.package_identification:_identify(src/floor_plane_classify_base/floor_plane_classify_base) by extension 'colcon_pkg'
[0.168s] Level 1:colcon.colcon_core.package_identification:_identify(src/floor_plane_classify_base/floor_plane_classify_base) by extensions ['colcon_meta']
[0.168s] Level 1:colcon.colcon_core.package_identification:_identify(src/floor_plane_classify_base/floor_plane_classify_base) by extension 'colcon_meta'
[0.168s] Level 1:colcon.colcon_core.package_identification:_identify(src/floor_plane_classify_base/floor_plane_classify_base) by extensions ['ros']
[0.168s] Level 1:colcon.colcon_core.package_identification:_identify(src/floor_plane_classify_base/floor_plane_classify_base) by extension 'ros'
[0.169s] Level 1:colcon.colcon_core.package_identification:_identify(src/floor_plane_classify_base/floor_plane_classify_base) by extensions ['cmake', 'python']
[0.169s] Level 1:colcon.colcon_core.package_identification:_identify(src/floor_plane_classify_base/floor_plane_classify_base) by extension 'cmake'
[0.169s] Level 1:colcon.colcon_core.package_identification:_identify(src/floor_plane_classify_base/floor_plane_classify_base) by extension 'python'
[0.169s] Level 1:colcon.colcon_core.package_identification:_identify(src/floor_plane_classify_base/floor_plane_classify_base) by extensions ['python_setup_py']
[0.170s] Level 1:colcon.colcon_core.package_identification:_identify(src/floor_plane_classify_base/floor_plane_classify_base) by extension 'python_setup_py'
[0.171s] Level 1:colcon.colcon_core.package_identification:_identify(src/floor_plane_classify_base/floor_plane_classify_base/__pycache__) by extensions ['ignore', 'ignore_ament_install']
[0.171s] Level 1:colcon.colcon_core.package_identification:_identify(src/floor_plane_classify_base/floor_plane_classify_base/__pycache__) by extension 'ignore'
[0.171s] Level 1:colcon.colcon_core.package_identification:_identify(src/floor_plane_classify_base/floor_plane_classify_base/__pycache__) by extension 'ignore_ament_install'
[0.171s] Level 1:colcon.colcon_core.package_identification:_identify(src/floor_plane_classify_base/floor_plane_classify_base/__pycache__) by extensions ['colcon_pkg']
[0.172s] Level 1:colcon.colcon_core.package_identification:_identify(src/floor_plane_classify_base/floor_plane_classify_base/__pycache__) by extension 'colcon_pkg'
[0.172s] Level 1:colcon.colcon_core.package_identification:_identify(src/floor_plane_classify_base/floor_plane_classify_base/__pycache__) by extensions ['colcon_meta']
[0.172s] Level 1:colcon.colcon_core.package_identification:_identify(src/floor_plane_classify_base/floor_plane_classify_base/__pycache__) by extension 'colcon_meta'
[0.172s] Level 1:colcon.colcon_core.package_identification:_identify(src/floor_plane_classify_base/floor_plane_classify_base/__pycache__) by extensions ['ros']
[0.172s] Level 1:colcon.colcon_core.package_identification:_identify(src/floor_plane_classify_base/floor_plane_classify_base/__pycache__) by extension 'ros'
[0.173s] Level 1:colcon.colcon_core.package_identification:_identify(src/floor_plane_classify_base/floor_plane_classify_base/__pycache__) by extensions ['cmake', 'python']
[0.173s] Level 1:colcon.colcon_core.package_identification:_identify(src/floor_plane_classify_base/floor_plane_classify_base/__pycache__) by extension 'cmake'
[0.173s] Level 1:colcon.colcon_core.package_identification:_identify(src/floor_plane_classify_base/floor_plane_classify_base/__pycache__) by extension 'python'
[0.173s] Level 1:colcon.colcon_core.package_identification:_identify(src/floor_plane_classify_base/floor_plane_classify_base/__pycache__) by extensions ['python_setup_py']
[0.174s] Level 1:colcon.colcon_core.package_identification:_identify(src/floor_plane_classify_base/floor_plane_classify_base/__pycache__) by extension 'python_setup_py'
[0.174s] Level 1:colcon.colcon_core.package_identification:_identify(src/floor_plane_hough_base) by extensions ['ignore', 'ignore_ament_install']
[0.174s] Level 1:colcon.colcon_core.package_identification:_identify(src/floor_plane_hough_base) by extension 'ignore'
[0.175s] Level 1:colcon.colcon_core.package_identification:_identify(src/floor_plane_hough_base) by extension 'ignore_ament_install'
[0.175s] Level 1:colcon.colcon_core.package_identification:_identify(src/floor_plane_hough_base) by extensions ['colcon_pkg']
[0.175s] Level 1:colcon.colcon_core.package_identification:_identify(src/floor_plane_hough_base) by extension 'colcon_pkg'
[0.176s] Level 1:colcon.colcon_core.package_identification:_identify(src/floor_plane_hough_base) by extensions ['colcon_meta']
[0.176s] Level 1:colcon.colcon_core.package_identification:_identify(src/floor_plane_hough_base) by extension 'colcon_meta'
[0.176s] Level 1:colcon.colcon_core.package_identification:_identify(src/floor_plane_hough_base) by extensions ['ros']
[0.177s] Level 1:colcon.colcon_core.package_identification:_identify(src/floor_plane_hough_base) by extension 'ros'
[0.178s] DEBUG:colcon.colcon_core.package_identification:Package 'src/floor_plane_hough_base' with type 'ros.ament_cmake' and name 'floor_plane_hough_base'
[0.178s] Level 1:colcon.colcon_core.package_identification:_identify(src/floor_plane_ransac_base) by extensions ['ignore', 'ignore_ament_install']
[0.178s] Level 1:colcon.colcon_core.package_identification:_identify(src/floor_plane_ransac_base) by extension 'ignore'
[0.178s] Level 1:colcon.colcon_core.package_identification:_identify(src/floor_plane_ransac_base) by extension 'ignore_ament_install'
[0.179s] Level 1:colcon.colcon_core.package_identification:_identify(src/floor_plane_ransac_base) by extensions ['colcon_pkg']
[0.179s] Level 1:colcon.colcon_core.package_identification:_identify(src/floor_plane_ransac_base) by extension 'colcon_pkg'
[0.180s] Level 1:colcon.colcon_core.package_identification:_identify(src/floor_plane_ransac_base) by extensions ['colcon_meta']
[0.180s] Level 1:colcon.colcon_core.package_identification:_identify(src/floor_plane_ransac_base) by extension 'colcon_meta'
[0.180s] Level 1:colcon.colcon_core.package_identification:_identify(src/floor_plane_ransac_base) by extensions ['ros']
[0.181s] Level 1:colcon.colcon_core.package_identification:_identify(src/floor_plane_ransac_base) by extension 'ros'
[0.181s] DEBUG:colcon.colcon_core.package_identification:Package 'src/floor_plane_ransac_base' with type 'ros.ament_cmake' and name 'floor_plane_ransac_base'
[0.182s] Level 1:colcon.colcon_core.package_identification:_identify(src/floor_plane_record_base) by extensions ['ignore', 'ignore_ament_install']
[0.182s] Level 1:colcon.colcon_core.package_identification:_identify(src/floor_plane_record_base) by extension 'ignore'
[0.182s] Level 1:colcon.colcon_core.package_identification:_identify(src/floor_plane_record_base) by extension 'ignore_ament_install'
[0.183s] Level 1:colcon.colcon_core.package_identification:_identify(src/floor_plane_record_base) by extensions ['colcon_pkg']
[0.183s] Level 1:colcon.colcon_core.package_identification:_identify(src/floor_plane_record_base) by extension 'colcon_pkg'
[0.183s] Level 1:colcon.colcon_core.package_identification:_identify(src/floor_plane_record_base) by extensions ['colcon_meta']
[0.184s] Level 1:colcon.colcon_core.package_identification:_identify(src/floor_plane_record_base) by extension 'colcon_meta'
[0.184s] Level 1:colcon.colcon_core.package_identification:_identify(src/floor_plane_record_base) by extensions ['ros']
[0.184s] Level 1:colcon.colcon_core.package_identification:_identify(src/floor_plane_record_base) by extension 'ros'
[0.186s] DEBUG:colcon.colcon_core.package_identification:Package 'src/floor_plane_record_base' with type 'ros.ament_cmake' and name 'floor_plane_record_base'
[0.186s] Level 1:colcon.colcon_core.package_identification:_identify(src/floor_plane_regression_base) by extensions ['ignore', 'ignore_ament_install']
[0.186s] Level 1:colcon.colcon_core.package_identification:_identify(src/floor_plane_regression_base) by extension 'ignore'
[0.187s] Level 1:colcon.colcon_core.package_identification:_identify(src/floor_plane_regression_base) by extension 'ignore_ament_install'
[0.187s] Level 1:colcon.colcon_core.package_identification:_identify(src/floor_plane_regression_base) by extensions ['colcon_pkg']
[0.187s] Level 1:colcon.colcon_core.package_identification:_identify(src/floor_plane_regression_base) by extension 'colcon_pkg'
[0.187s] Level 1:colcon.colcon_core.package_identification:_identify(src/floor_plane_regression_base) by extensions ['colcon_meta']
[0.188s] Level 1:colcon.colcon_core.package_identification:_identify(src/floor_plane_regression_base) by extension 'colcon_meta'
[0.188s] Level 1:colcon.colcon_core.package_identification:_identify(src/floor_plane_regression_base) by extensions ['ros']
[0.189s] Level 1:colcon.colcon_core.package_identification:_identify(src/floor_plane_regression_base) by extension 'ros'
[0.190s] DEBUG:colcon.colcon_core.package_identification:Package 'src/floor_plane_regression_base' with type 'ros.ament_cmake' and name 'floor_plane_regression_base'
[0.190s] Level 1:colcon.colcon_core.package_identification:_identify(src/joy_teleop) by extensions ['ignore', 'ignore_ament_install']
[0.190s] Level 1:colcon.colcon_core.package_identification:_identify(src/joy_teleop) by extension 'ignore'
[0.190s] Level 1:colcon.colcon_core.package_identification:_identify(src/joy_teleop) by extension 'ignore_ament_install'
[0.191s] Level 1:colcon.colcon_core.package_identification:_identify(src/joy_teleop) by extensions ['colcon_pkg']
[0.191s] Level 1:colcon.colcon_core.package_identification:_identify(src/joy_teleop) by extension 'colcon_pkg'
[0.192s] Level 1:colcon.colcon_core.package_identification:_identify(src/joy_teleop) by extensions ['colcon_meta']
[0.192s] Level 1:colcon.colcon_core.package_identification:_identify(src/joy_teleop) by extension 'colcon_meta'
[0.192s] Level 1:colcon.colcon_core.package_identification:_identify(src/joy_teleop) by extensions ['ros']
[0.193s] Level 1:colcon.colcon_core.package_identification:_identify(src/joy_teleop) by extension 'ros'
[0.194s] DEBUG:colcon.colcon_core.package_identification:Package 'src/joy_teleop' with type 'ros.ament_python' and name 'joy_teleop'
[0.194s] Level 1:colcon.colcon_core.package_identification:_identify(src/model_prediction) by extensions ['ignore', 'ignore_ament_install']
[0.194s] Level 1:colcon.colcon_core.package_identification:_identify(src/model_prediction) by extension 'ignore'
[0.194s] Level 1:colcon.colcon_core.package_identification:_identify(src/model_prediction) by extension 'ignore_ament_install'
[0.195s] Level 1:colcon.colcon_core.package_identification:_identify(src/model_prediction) by extensions ['colcon_pkg']
[0.195s] Level 1:colcon.colcon_core.package_identification:_identify(src/model_prediction) by extension 'colcon_pkg'
[0.195s] Level 1:colcon.colcon_core.package_identification:_identify(src/model_prediction) by extensions ['colcon_meta']
[0.196s] Level 1:colcon.colcon_core.package_identification:_identify(src/model_prediction) by extension 'colcon_meta'
[0.196s] Level 1:colcon.colcon_core.package_identification:_identify(src/model_prediction) by extensions ['ros']
[0.196s] Level 1:colcon.colcon_core.package_identification:_identify(src/model_prediction) by extension 'ros'
[0.198s] DEBUG:colcon.colcon_core.package_identification:Package 'src/model_prediction' with type 'ros.ament_python' and name 'model_prediction'
[0.198s] Level 1:colcon.colcon_core.package_identification:_identify(src/nav2_common) by extensions ['ignore', 'ignore_ament_install']
[0.198s] Level 1:colcon.colcon_core.package_identification:_identify(src/nav2_common) by extension 'ignore'
[0.199s] Level 1:colcon.colcon_core.package_identification:_identify(src/nav2_common) by extension 'ignore_ament_install'
[0.199s] Level 1:colcon.colcon_core.package_identification:_identify(src/nav2_common) by extensions ['colcon_pkg']
[0.199s] Level 1:colcon.colcon_core.package_identification:_identify(src/nav2_common) by extension 'colcon_pkg'
[0.199s] Level 1:colcon.colcon_core.package_identification:_identify(src/nav2_common) by extensions ['colcon_meta']
[0.199s] Level 1:colcon.colcon_core.package_identification:_identify(src/nav2_common) by extension 'colcon_meta'
[0.200s] Level 1:colcon.colcon_core.package_identification:_identify(src/nav2_common) by extensions ['ros']
[0.200s] Level 1:colcon.colcon_core.package_identification:_identify(src/nav2_common) by extension 'ros'
[0.201s] DEBUG:colcon.colcon_core.package_identification:Package 'src/nav2_common' with type 'ros.ament_cmake' and name 'nav2_common'
[0.202s] Level 1:colcon.colcon_core.package_identification:_identify(src/nav2_msgs) by extensions ['ignore', 'ignore_ament_install']
[0.202s] Level 1:colcon.colcon_core.package_identification:_identify(src/nav2_msgs) by extension 'ignore'
[0.202s] Level 1:colcon.colcon_core.package_identification:_identify(src/nav2_msgs) by extension 'ignore_ament_install'
[0.203s] Level 1:colcon.colcon_core.package_identification:_identify(src/nav2_msgs) by extensions ['colcon_pkg']
[0.203s] Level 1:colcon.colcon_core.package_identification:_identify(src/nav2_msgs) by extension 'colcon_pkg'
[0.203s] Level 1:colcon.colcon_core.package_identification:_identify(src/nav2_msgs) by extensions ['colcon_meta']
[0.204s] Level 1:colcon.colcon_core.package_identification:_identify(src/nav2_msgs) by extension 'colcon_meta'
[0.204s] Level 1:colcon.colcon_core.package_identification:_identify(src/nav2_msgs) by extensions ['ros']
[0.204s] Level 1:colcon.colcon_core.package_identification:_identify(src/nav2_msgs) by extension 'ros'
[0.205s] DEBUG:colcon.colcon_core.package_identification:Package 'src/nav2_msgs' with type 'ros.ament_cmake' and name 'nav2_msgs'
[0.206s] Level 1:colcon.colcon_core.package_identification:_identify(src/pytorch_models_base) by extensions ['ignore', 'ignore_ament_install']
[0.206s] Level 1:colcon.colcon_core.package_identification:_identify(src/pytorch_models_base) by extension 'ignore'
[0.206s] Level 1:colcon.colcon_core.package_identification:_identify(src/pytorch_models_base) by extension 'ignore_ament_install'
[0.206s] Level 1:colcon.colcon_core.package_identification:_identify(src/pytorch_models_base) by extensions ['colcon_pkg']
[0.206s] Level 1:colcon.colcon_core.package_identification:_identify(src/pytorch_models_base) by extension 'colcon_pkg'
[0.207s] Level 1:colcon.colcon_core.package_identification:_identify(src/pytorch_models_base) by extensions ['colcon_meta']
[0.207s] Level 1:colcon.colcon_core.package_identification:_identify(src/pytorch_models_base) by extension 'colcon_meta'
[0.207s] Level 1:colcon.colcon_core.package_identification:_identify(src/pytorch_models_base) by extensions ['ros']
[0.208s] Level 1:colcon.colcon_core.package_identification:_identify(src/pytorch_models_base) by extension 'ros'
[0.209s] DEBUG:colcon.colcon_core.package_identification:Package 'src/pytorch_models_base' with type 'ros.ament_python' and name 'pytorch_models_base'
[0.209s] Level 1:colcon.colcon_core.package_identification:_identify(src/ros_task_manager) by extensions ['ignore', 'ignore_ament_install']
[0.209s] Level 1:colcon.colcon_core.package_identification:_identify(src/ros_task_manager) by extension 'ignore'
[0.209s] Level 1:colcon.colcon_core.package_identification:_identify(src/ros_task_manager) by extension 'ignore_ament_install'
[0.210s] Level 1:colcon.colcon_core.package_identification:_identify(src/ros_task_manager) by extensions ['colcon_pkg']
[0.210s] Level 1:colcon.colcon_core.package_identification:_identify(src/ros_task_manager) by extension 'colcon_pkg'
[0.210s] Level 1:colcon.colcon_core.package_identification:_identify(src/ros_task_manager) by extensions ['colcon_meta']
[0.211s] Level 1:colcon.colcon_core.package_identification:_identify(src/ros_task_manager) by extension 'colcon_meta'
[0.211s] Level 1:colcon.colcon_core.package_identification:_identify(src/ros_task_manager) by extensions ['ros']
[0.211s] Level 1:colcon.colcon_core.package_identification:_identify(src/ros_task_manager) by extension 'ros'
[0.211s] Level 1:colcon.colcon_core.package_identification:_identify(src/ros_task_manager) by extensions ['cmake', 'python']
[0.212s] Level 1:colcon.colcon_core.package_identification:_identify(src/ros_task_manager) by extension 'cmake'
[0.212s] Level 1:colcon.colcon_core.package_identification:_identify(src/ros_task_manager) by extension 'python'
[0.212s] Level 1:colcon.colcon_core.package_identification:_identify(src/ros_task_manager) by extensions ['python_setup_py']
[0.212s] Level 1:colcon.colcon_core.package_identification:_identify(src/ros_task_manager) by extension 'python_setup_py'
[0.213s] Level 1:colcon.colcon_core.package_identification:_identify(src/ros_task_manager/src) by extensions ['ignore', 'ignore_ament_install']
[0.213s] Level 1:colcon.colcon_core.package_identification:_identify(src/ros_task_manager/src) by extension 'ignore'
[0.213s] Level 1:colcon.colcon_core.package_identification:_identify(src/ros_task_manager/src) by extension 'ignore_ament_install'
[0.214s] Level 1:colcon.colcon_core.package_identification:_identify(src/ros_task_manager/src) by extensions ['colcon_pkg']
[0.214s] Level 1:colcon.colcon_core.package_identification:_identify(src/ros_task_manager/src) by extension 'colcon_pkg'
[0.214s] Level 1:colcon.colcon_core.package_identification:_identify(src/ros_task_manager/src) by extensions ['colcon_meta']
[0.215s] Level 1:colcon.colcon_core.package_identification:_identify(src/ros_task_manager/src) by extension 'colcon_meta'
[0.215s] Level 1:colcon.colcon_core.package_identification:_identify(src/ros_task_manager/src) by extensions ['ros']
[0.215s] Level 1:colcon.colcon_core.package_identification:_identify(src/ros_task_manager/src) by extension 'ros'
[0.215s] Level 1:colcon.colcon_core.package_identification:_identify(src/ros_task_manager/src) by extensions ['cmake', 'python']
[0.216s] Level 1:colcon.colcon_core.package_identification:_identify(src/ros_task_manager/src) by extension 'cmake'
[0.216s] Level 1:colcon.colcon_core.package_identification:_identify(src/ros_task_manager/src) by extension 'python'
[0.217s] Level 1:colcon.colcon_core.package_identification:_identify(src/ros_task_manager/src) by extensions ['python_setup_py']
[0.217s] Level 1:colcon.colcon_core.package_identification:_identify(src/ros_task_manager/src) by extension 'python_setup_py'
[0.218s] Level 1:colcon.colcon_core.package_identification:_identify(src/ros_task_manager/src/button_server) by extensions ['ignore', 'ignore_ament_install']
[0.218s] Level 1:colcon.colcon_core.package_identification:_identify(src/ros_task_manager/src/button_server) by extension 'ignore'
[0.219s] Level 1:colcon.colcon_core.package_identification:_identify(src/ros_task_manager/src/button_server) by extension 'ignore_ament_install'
[0.219s] Level 1:colcon.colcon_core.package_identification:_identify(src/ros_task_manager/src/button_server) by extensions ['colcon_pkg']
[0.220s] Level 1:colcon.colcon_core.package_identification:_identify(src/ros_task_manager/src/button_server) by extension 'colcon_pkg'
[0.220s] Level 1:colcon.colcon_core.package_identification:_identify(src/ros_task_manager/src/button_server) by extensions ['colcon_meta']
[0.220s] Level 1:colcon.colcon_core.package_identification:_identify(src/ros_task_manager/src/button_server) by extension 'colcon_meta'
[0.221s] Level 1:colcon.colcon_core.package_identification:_identify(src/ros_task_manager/src/button_server) by extensions ['ros']
[0.221s] Level 1:colcon.colcon_core.package_identification:_identify(src/ros_task_manager/src/button_server) by extension 'ros'
[0.222s] DEBUG:colcon.colcon_core.package_identification:Package 'src/ros_task_manager/src/button_server' with type 'ros.ament_python' and name 'button_server'
[0.223s] Level 1:colcon.colcon_core.package_identification:_identify(src/ros_task_manager/src/task_manager_client_py) by extensions ['ignore', 'ignore_ament_install']
[0.223s] Level 1:colcon.colcon_core.package_identification:_identify(src/ros_task_manager/src/task_manager_client_py) by extension 'ignore'
[0.223s] Level 1:colcon.colcon_core.package_identification:_identify(src/ros_task_manager/src/task_manager_client_py) by extension 'ignore_ament_install'
[0.224s] Level 1:colcon.colcon_core.package_identification:_identify(src/ros_task_manager/src/task_manager_client_py) by extensions ['colcon_pkg']
[0.224s] Level 1:colcon.colcon_core.package_identification:_identify(src/ros_task_manager/src/task_manager_client_py) by extension 'colcon_pkg'
[0.224s] Level 1:colcon.colcon_core.package_identification:_identify(src/ros_task_manager/src/task_manager_client_py) by extensions ['colcon_meta']
[0.225s] Level 1:colcon.colcon_core.package_identification:_identify(src/ros_task_manager/src/task_manager_client_py) by extension 'colcon_meta'
[0.226s] Level 1:colcon.colcon_core.package_identification:_identify(src/ros_task_manager/src/task_manager_client_py) by extensions ['ros']
[0.226s] Level 1:colcon.colcon_core.package_identification:_identify(src/ros_task_manager/src/task_manager_client_py) by extension 'ros'
[0.228s] DEBUG:colcon.colcon_core.package_identification:Package 'src/ros_task_manager/src/task_manager_client_py' with type 'ros.ament_python' and name 'task_manager_client_py'
[0.228s] Level 1:colcon.colcon_core.package_identification:_identify(src/ros_task_manager/src/task_manager_lib) by extensions ['ignore', 'ignore_ament_install']
[0.228s] Level 1:colcon.colcon_core.package_identification:_identify(src/ros_task_manager/src/task_manager_lib) by extension 'ignore'
[0.229s] Level 1:colcon.colcon_core.package_identification:_identify(src/ros_task_manager/src/task_manager_lib) by extension 'ignore_ament_install'
[0.229s] Level 1:colcon.colcon_core.package_identification:_identify(src/ros_task_manager/src/task_manager_lib) by extensions ['colcon_pkg']
[0.229s] Level 1:colcon.colcon_core.package_identification:_identify(src/ros_task_manager/src/task_manager_lib) by extension 'colcon_pkg'
[0.230s] Level 1:colcon.colcon_core.package_identification:_identify(src/ros_task_manager/src/task_manager_lib) by extensions ['colcon_meta']
[0.230s] Level 1:colcon.colcon_core.package_identification:_identify(src/ros_task_manager/src/task_manager_lib) by extension 'colcon_meta'
[0.230s] Level 1:colcon.colcon_core.package_identification:_identify(src/ros_task_manager/src/task_manager_lib) by extensions ['ros']
[0.231s] Level 1:colcon.colcon_core.package_identification:_identify(src/ros_task_manager/src/task_manager_lib) by extension 'ros'
[0.232s] DEBUG:colcon.colcon_core.package_identification:Package 'src/ros_task_manager/src/task_manager_lib' with type 'ros.ament_cmake' and name 'task_manager_lib'
[0.232s] Level 1:colcon.colcon_core.package_identification:_identify(src/ros_task_manager/src/task_manager_move_base) by extensions ['ignore', 'ignore_ament_install']
[0.232s] Level 1:colcon.colcon_core.package_identification:_identify(src/ros_task_manager/src/task_manager_move_base) by extension 'ignore'
[0.233s] Level 1:colcon.colcon_core.package_identification:_identify(src/ros_task_manager/src/task_manager_move_base) ignored
[0.233s] Level 1:colcon.colcon_core.package_identification:_identify(src/ros_task_manager/src/task_manager_msgs) by extensions ['ignore', 'ignore_ament_install']
[0.233s] Level 1:colcon.colcon_core.package_identification:_identify(src/ros_task_manager/src/task_manager_msgs) by extension 'ignore'
[0.233s] Level 1:colcon.colcon_core.package_identification:_identify(src/ros_task_manager/src/task_manager_msgs) by extension 'ignore_ament_install'
[0.234s] Level 1:colcon.colcon_core.package_identification:_identify(src/ros_task_manager/src/task_manager_msgs) by extensions ['colcon_pkg']
[0.234s] Level 1:colcon.colcon_core.package_identification:_identify(src/ros_task_manager/src/task_manager_msgs) by extension 'colcon_pkg'
[0.234s] Level 1:colcon.colcon_core.package_identification:_identify(src/ros_task_manager/src/task_manager_msgs) by extensions ['colcon_meta']
[0.235s] Level 1:colcon.colcon_core.package_identification:_identify(src/ros_task_manager/src/task_manager_msgs) by extension 'colcon_meta'
[0.235s] Level 1:colcon.colcon_core.package_identification:_identify(src/ros_task_manager/src/task_manager_msgs) by extensions ['ros']
[0.235s] Level 1:colcon.colcon_core.package_identification:_identify(src/ros_task_manager/src/task_manager_msgs) by extension 'ros'
[0.236s] DEBUG:colcon.colcon_core.package_identification:Package 'src/ros_task_manager/src/task_manager_msgs' with type 'ros.ament_cmake' and name 'task_manager_msgs'
[0.236s] Level 1:colcon.colcon_core.package_identification:_identify(src/ros_task_manager/src/task_manager_nav2) by extensions ['ignore', 'ignore_ament_install']
[0.236s] Level 1:colcon.colcon_core.package_identification:_identify(src/ros_task_manager/src/task_manager_nav2) by extension 'ignore'
[0.237s] Level 1:colcon.colcon_core.package_identification:_identify(src/ros_task_manager/src/task_manager_nav2) by extension 'ignore_ament_install'
[0.237s] Level 1:colcon.colcon_core.package_identification:_identify(src/ros_task_manager/src/task_manager_nav2) by extensions ['colcon_pkg']
[0.237s] Level 1:colcon.colcon_core.package_identification:_identify(src/ros_task_manager/src/task_manager_nav2) by extension 'colcon_pkg'
[0.237s] Level 1:colcon.colcon_core.package_identification:_identify(src/ros_task_manager/src/task_manager_nav2) by extensions ['colcon_meta']
[0.238s] Level 1:colcon.colcon_core.package_identification:_identify(src/ros_task_manager/src/task_manager_nav2) by extension 'colcon_meta'
[0.238s] Level 1:colcon.colcon_core.package_identification:_identify(src/ros_task_manager/src/task_manager_nav2) by extensions ['ros']
[0.238s] Level 1:colcon.colcon_core.package_identification:_identify(src/ros_task_manager/src/task_manager_nav2) by extension 'ros'
[0.240s] DEBUG:colcon.colcon_core.package_identification:Package 'src/ros_task_manager/src/task_manager_nav2' with type 'ros.ament_cmake' and name 'task_manager_nav2'
[0.240s] Level 1:colcon.colcon_core.package_identification:_identify(src/ros_task_manager/src/task_manager_sync) by extensions ['ignore', 'ignore_ament_install']
[0.240s] Level 1:colcon.colcon_core.package_identification:_identify(src/ros_task_manager/src/task_manager_sync) by extension 'ignore'
[0.241s] Level 1:colcon.colcon_core.package_identification:_identify(src/ros_task_manager/src/task_manager_sync) by extension 'ignore_ament_install'
[0.241s] Level 1:colcon.colcon_core.package_identification:_identify(src/ros_task_manager/src/task_manager_sync) by extensions ['colcon_pkg']
[0.241s] Level 1:colcon.colcon_core.package_identification:_identify(src/ros_task_manager/src/task_manager_sync) by extension 'colcon_pkg'
[0.241s] Level 1:colcon.colcon_core.package_identification:_identify(src/ros_task_manager/src/task_manager_sync) by extensions ['colcon_meta']
[0.242s] Level 1:colcon.colcon_core.package_identification:_identify(src/ros_task_manager/src/task_manager_sync) by extension 'colcon_meta'
[0.242s] Level 1:colcon.colcon_core.package_identification:_identify(src/ros_task_manager/src/task_manager_sync) by extensions ['ros']
[0.242s] Level 1:colcon.colcon_core.package_identification:_identify(src/ros_task_manager/src/task_manager_sync) by extension 'ros'
[0.243s] DEBUG:colcon.colcon_core.package_identification:Package 'src/ros_task_manager/src/task_manager_sync' with type 'ros.ament_cmake' and name 'task_manager_sync'
[0.243s] Level 1:colcon.colcon_core.package_identification:_identify(src/ros_task_manager/src/task_manager_turtlesim) by extensions ['ignore', 'ignore_ament_install']
[0.243s] Level 1:colcon.colcon_core.package_identification:_identify(src/ros_task_manager/src/task_manager_turtlesim) by extension 'ignore'
[0.244s] Level 1:colcon.colcon_core.package_identification:_identify(src/ros_task_manager/src/task_manager_turtlesim) ignored
[0.244s] Level 1:colcon.colcon_core.package_identification:_identify(src/ros_task_manager/src/task_manager_turtlesim_smach) by extensions ['ignore', 'ignore_ament_install']
[0.244s] Level 1:colcon.colcon_core.package_identification:_identify(src/ros_task_manager/src/task_manager_turtlesim_smach) by extension 'ignore'
[0.245s] Level 1:colcon.colcon_core.package_identification:_identify(src/ros_task_manager/src/task_manager_turtlesim_smach) ignored
[0.245s] Level 1:colcon.colcon_core.package_identification:_identify(src/ros_task_manager/src/task_manager_turtlesim_sync) by extensions ['ignore', 'ignore_ament_install']
[0.245s] Level 1:colcon.colcon_core.package_identification:_identify(src/ros_task_manager/src/task_manager_turtlesim_sync) by extension 'ignore'
[0.246s] Level 1:colcon.colcon_core.package_identification:_identify(src/ros_task_manager/src/task_manager_turtlesim_sync) ignored
[0.246s] Level 1:colcon.colcon_core.package_identification:_identify(src/ros_task_manager/src/turtlesim_logo) by extensions ['ignore', 'ignore_ament_install']
[0.246s] Level 1:colcon.colcon_core.package_identification:_identify(src/ros_task_manager/src/turtlesim_logo) by extension 'ignore'
[0.247s] Level 1:colcon.colcon_core.package_identification:_identify(src/ros_task_manager/src/turtlesim_logo) ignored
[0.248s] Level 1:colcon.colcon_core.package_identification:_identify(src/scenes) by extensions ['ignore', 'ignore_ament_install']
[0.248s] Level 1:colcon.colcon_core.package_identification:_identify(src/scenes) by extension 'ignore'
[0.249s] Level 1:colcon.colcon_core.package_identification:_identify(src/scenes) ignored
[0.250s] Level 1:colcon.colcon_core.package_identification:_identify(src/shore_follower_drive_base) by extensions ['ignore', 'ignore_ament_install']
[0.250s] Level 1:colcon.colcon_core.package_identification:_identify(src/shore_follower_drive_base) by extension 'ignore'
[0.250s] Level 1:colcon.colcon_core.package_identification:_identify(src/shore_follower_drive_base) by extension 'ignore_ament_install'
[0.250s] Level 1:colcon.colcon_core.package_identification:_identify(src/shore_follower_drive_base) by extensions ['colcon_pkg']
[0.251s] Level 1:colcon.colcon_core.package_identification:_identify(src/shore_follower_drive_base) by extension 'colcon_pkg'
[0.251s] Level 1:colcon.colcon_core.package_identification:_identify(src/shore_follower_drive_base) by extensions ['colcon_meta']
[0.251s] Level 1:colcon.colcon_core.package_identification:_identify(src/shore_follower_drive_base) by extension 'colcon_meta'
[0.252s] Level 1:colcon.colcon_core.package_identification:_identify(src/shore_follower_drive_base) by extensions ['ros']
[0.252s] Level 1:colcon.colcon_core.package_identification:_identify(src/shore_follower_drive_base) by extension 'ros'
[0.252s] Level 1:colcon.colcon_core.package_identification:_identify(src/shore_follower_drive_base) by extensions ['cmake', 'python']
[0.252s] Level 1:colcon.colcon_core.package_identification:_identify(src/shore_follower_drive_base) by extension 'cmake'
[0.253s] Level 1:colcon.colcon_core.package_identification:_identify(src/shore_follower_drive_base) by extension 'python'
[0.253s] Level 1:colcon.colcon_core.package_identification:_identify(src/shore_follower_drive_base) by extensions ['python_setup_py']
[0.253s] Level 1:colcon.colcon_core.package_identification:_identify(src/shore_follower_drive_base) by extension 'python_setup_py'
[0.254s] Level 1:colcon.colcon_core.package_identification:_identify(src/shore_follower_drive_base/shore_follower_drive_base) by extensions ['ignore', 'ignore_ament_install']
[0.254s] Level 1:colcon.colcon_core.package_identification:_identify(src/shore_follower_drive_base/shore_follower_drive_base) by extension 'ignore'
[0.255s] Level 1:colcon.colcon_core.package_identification:_identify(src/shore_follower_drive_base/shore_follower_drive_base) by extension 'ignore_ament_install'
[0.255s] Level 1:colcon.colcon_core.package_identification:_identify(src/shore_follower_drive_base/shore_follower_drive_base) by extensions ['colcon_pkg']
[0.255s] Level 1:colcon.colcon_core.package_identification:_identify(src/shore_follower_drive_base/shore_follower_drive_base) by extension 'colcon_pkg'
[0.255s] Level 1:colcon.colcon_core.package_identification:_identify(src/shore_follower_drive_base/shore_follower_drive_base) by extensions ['colcon_meta']
[0.256s] Level 1:colcon.colcon_core.package_identification:_identify(src/shore_follower_drive_base/shore_follower_drive_base) by extension 'colcon_meta'
[0.256s] Level 1:colcon.colcon_core.package_identification:_identify(src/shore_follower_drive_base/shore_follower_drive_base) by extensions ['ros']
[0.256s] Level 1:colcon.colcon_core.package_identification:_identify(src/shore_follower_drive_base/shore_follower_drive_base) by extension 'ros'
[0.256s] Level 1:colcon.colcon_core.package_identification:_identify(src/shore_follower_drive_base/shore_follower_drive_base) by extensions ['cmake', 'python']
[0.257s] Level 1:colcon.colcon_core.package_identification:_identify(src/shore_follower_drive_base/shore_follower_drive_base) by extension 'cmake'
[0.257s] Level 1:colcon.colcon_core.package_identification:_identify(src/shore_follower_drive_base/shore_follower_drive_base) by extension 'python'
[0.257s] Level 1:colcon.colcon_core.package_identification:_identify(src/shore_follower_drive_base/shore_follower_drive_base) by extensions ['python_setup_py']
[0.258s] Level 1:colcon.colcon_core.package_identification:_identify(src/shore_follower_drive_base/shore_follower_drive_base) by extension 'python_setup_py'
[0.259s] Level 1:colcon.colcon_core.package_identification:_identify(src/shore_follower_drive_base/shore_follower_drive_base/__pycache__) by extensions ['ignore', 'ignore_ament_install']
[0.259s] Level 1:colcon.colcon_core.package_identification:_identify(src/shore_follower_drive_base/shore_follower_drive_base/__pycache__) by extension 'ignore'
[0.259s] Level 1:colcon.colcon_core.package_identification:_identify(src/shore_follower_drive_base/shore_follower_drive_base/__pycache__) by extension 'ignore_ament_install'
[0.259s] Level 1:colcon.colcon_core.package_identification:_identify(src/shore_follower_drive_base/shore_follower_drive_base/__pycache__) by extensions ['colcon_pkg']
[0.260s] Level 1:colcon.colcon_core.package_identification:_identify(src/shore_follower_drive_base/shore_follower_drive_base/__pycache__) by extension 'colcon_pkg'
[0.260s] Level 1:colcon.colcon_core.package_identification:_identify(src/shore_follower_drive_base/shore_follower_drive_base/__pycache__) by extensions ['colcon_meta']
[0.260s] Level 1:colcon.colcon_core.package_identification:_identify(src/shore_follower_drive_base/shore_follower_drive_base/__pycache__) by extension 'colcon_meta'
[0.261s] Level 1:colcon.colcon_core.package_identification:_identify(src/shore_follower_drive_base/shore_follower_drive_base/__pycache__) by extensions ['ros']
[0.261s] Level 1:colcon.colcon_core.package_identification:_identify(src/shore_follower_drive_base/shore_follower_drive_base/__pycache__) by extension 'ros'
[0.261s] Level 1:colcon.colcon_core.package_identification:_identify(src/shore_follower_drive_base/shore_follower_drive_base/__pycache__) by extensions ['cmake', 'python']
[0.262s] Level 1:colcon.colcon_core.package_identification:_identify(src/shore_follower_drive_base/shore_follower_drive_base/__pycache__) by extension 'cmake'
[0.262s] Level 1:colcon.colcon_core.package_identification:_identify(src/shore_follower_drive_base/shore_follower_drive_base/__pycache__) by extension 'python'
[0.262s] Level 1:colcon.colcon_core.package_identification:_identify(src/shore_follower_drive_base/shore_follower_drive_base/__pycache__) by extensions ['python_setup_py']
[0.263s] Level 1:colcon.colcon_core.package_identification:_identify(src/shore_follower_drive_base/shore_follower_drive_base/__pycache__) by extension 'python_setup_py'
[0.263s] Level 1:colcon.colcon_core.package_identification:_identify(src/shore_follower_observe) by extensions ['ignore', 'ignore_ament_install']
[0.263s] Level 1:colcon.colcon_core.package_identification:_identify(src/shore_follower_observe) by extension 'ignore'
[0.263s] Level 1:colcon.colcon_core.package_identification:_identify(src/shore_follower_observe) by extension 'ignore_ament_install'
[0.264s] Level 1:colcon.colcon_core.package_identification:_identify(src/shore_follower_observe) by extensions ['colcon_pkg']
[0.264s] Level 1:colcon.colcon_core.package_identification:_identify(src/shore_follower_observe) by extension 'colcon_pkg'
[0.264s] Level 1:colcon.colcon_core.package_identification:_identify(src/shore_follower_observe) by extensions ['colcon_meta']
[0.264s] Level 1:colcon.colcon_core.package_identification:_identify(src/shore_follower_observe) by extension 'colcon_meta'
[0.265s] Level 1:colcon.colcon_core.package_identification:_identify(src/shore_follower_observe) by extensions ['ros']
[0.265s] Level 1:colcon.colcon_core.package_identification:_identify(src/shore_follower_observe) by extension 'ros'
[0.266s] DEBUG:colcon.colcon_core.package_identification:Package 'src/shore_follower_observe' with type 'ros.ament_cmake' and name 'shore_follower_observe'
[0.267s] Level 1:colcon.colcon_core.package_identification:_identify(src/vrep4_helpers) by extensions ['ignore', 'ignore_ament_install']
[0.267s] Level 1:colcon.colcon_core.package_identification:_identify(src/vrep4_helpers) by extension 'ignore'
[0.267s] Level 1:colcon.colcon_core.package_identification:_identify(src/vrep4_helpers) by extension 'ignore_ament_install'
[0.267s] Level 1:colcon.colcon_core.package_identification:_identify(src/vrep4_helpers) by extensions ['colcon_pkg']
[0.268s] Level 1:colcon.colcon_core.package_identification:_identify(src/vrep4_helpers) by extension 'colcon_pkg'
[0.268s] Level 1:colcon.colcon_core.package_identification:_identify(src/vrep4_helpers) by extensions ['colcon_meta']
[0.268s] Level 1:colcon.colcon_core.package_identification:_identify(src/vrep4_helpers) by extension 'colcon_meta'
[0.268s] Level 1:colcon.colcon_core.package_identification:_identify(src/vrep4_helpers) by extensions ['ros']
[0.269s] Level 1:colcon.colcon_core.package_identification:_identify(src/vrep4_helpers) by extension 'ros'
[0.270s] DEBUG:colcon.colcon_core.package_identification:Package 'src/vrep4_helpers' with type 'ros.ament_cmake' and name 'vrep4_helpers'
[0.270s] Level 1:colcon.colcon_core.package_identification:_identify(src/vrep_ros_teleop) by extensions ['ignore', 'ignore_ament_install']
[0.270s] Level 1:colcon.colcon_core.package_identification:_identify(src/vrep_ros_teleop) by extension 'ignore'
[0.270s] Level 1:colcon.colcon_core.package_identification:_identify(src/vrep_ros_teleop) by extension 'ignore_ament_install'
[0.271s] Level 1:colcon.colcon_core.package_identification:_identify(src/vrep_ros_teleop) by extensions ['colcon_pkg']
[0.271s] Level 1:colcon.colcon_core.package_identification:_identify(src/vrep_ros_teleop) by extension 'colcon_pkg'
[0.271s] Level 1:colcon.colcon_core.package_identification:_identify(src/vrep_ros_teleop) by extensions ['colcon_meta']
[0.271s] Level 1:colcon.colcon_core.package_identification:_identify(src/vrep_ros_teleop) by extension 'colcon_meta'
[0.272s] Level 1:colcon.colcon_core.package_identification:_identify(src/vrep_ros_teleop) by extensions ['ros']
[0.272s] Level 1:colcon.colcon_core.package_identification:_identify(src/vrep_ros_teleop) by extension 'ros'
[0.273s] DEBUG:colcon.colcon_core.package_identification:Package 'src/vrep_ros_teleop' with type 'ros.ament_python' and name 'vrep_ros_teleop'
[0.273s] Level 1:colcon.colcon_core.package_identification:_identify(src/vrep_vsv_driver) by extensions ['ignore', 'ignore_ament_install']
[0.273s] Level 1:colcon.colcon_core.package_identification:_identify(src/vrep_vsv_driver) by extension 'ignore'
[0.273s] Level 1:colcon.colcon_core.package_identification:_identify(src/vrep_vsv_driver) by extension 'ignore_ament_install'
[0.274s] Level 1:colcon.colcon_core.package_identification:_identify(src/vrep_vsv_driver) by extensions ['colcon_pkg']
[0.274s] Level 1:colcon.colcon_core.package_identification:_identify(src/vrep_vsv_driver) by extension 'colcon_pkg'
[0.274s] Level 1:colcon.colcon_core.package_identification:_identify(src/vrep_vsv_driver) by extensions ['colcon_meta']
[0.275s] Level 1:colcon.colcon_core.package_identification:_identify(src/vrep_vsv_driver) by extension 'colcon_meta'
[0.275s] Level 1:colcon.colcon_core.package_identification:_identify(src/vrep_vsv_driver) by extensions ['ros']
[0.275s] Level 1:colcon.colcon_core.package_identification:_identify(src/vrep_vsv_driver) by extension 'ros'
[0.277s] DEBUG:colcon.colcon_core.package_identification:Package 'src/vrep_vsv_driver' with type 'ros.ament_python' and name 'vrep_vsv_driver'
[0.277s] Level 1:colcon.colcon_core.package_identification:_identify(sysid) by extensions ['ignore', 'ignore_ament_install']
[0.277s] Level 1:colcon.colcon_core.package_identification:_identify(sysid) by extension 'ignore'
[0.278s] Level 1:colcon.colcon_core.package_identification:_identify(sysid) by extension 'ignore_ament_install'
[0.278s] Level 1:colcon.colcon_core.package_identification:_identify(sysid) by extensions ['colcon_pkg']
[0.278s] Level 1:colcon.colcon_core.package_identification:_identify(sysid) by extension 'colcon_pkg'
[0.279s] Level 1:colcon.colcon_core.package_identification:_identify(sysid) by extensions ['colcon_meta']
[0.279s] Level 1:colcon.colcon_core.package_identification:_identify(sysid) by extension 'colcon_meta'
[0.279s] Level 1:colcon.colcon_core.package_identification:_identify(sysid) by extensions ['ros']
[0.280s] Level 1:colcon.colcon_core.package_identification:_identify(sysid) by extension 'ros'
[0.280s] Level 1:colcon.colcon_core.package_identification:_identify(sysid) by extensions ['cmake', 'python']
[0.280s] Level 1:colcon.colcon_core.package_identification:_identify(sysid) by extension 'cmake'
[0.280s] Level 1:colcon.colcon_core.package_identification:_identify(sysid) by extension 'python'
[0.281s] Level 1:colcon.colcon_core.package_identification:_identify(sysid) by extensions ['python_setup_py']
[0.281s] Level 1:colcon.colcon_core.package_identification:_identify(sysid) by extension 'python_setup_py'
[0.282s] Level 1:colcon.colcon_core.package_identification:_identify(sysid/data) by extensions ['ignore', 'ignore_ament_install']
[0.282s] Level 1:colcon.colcon_core.package_identification:_identify(sysid/data) by extension 'ignore'
[0.282s] Level 1:colcon.colcon_core.package_identification:_identify(sysid/data) by extension 'ignore_ament_install'
[0.283s] Level 1:colcon.colcon_core.package_identification:_identify(sysid/data) by extensions ['colcon_pkg']
[0.283s] Level 1:colcon.colcon_core.package_identification:_identify(sysid/data) by extension 'colcon_pkg'
[0.283s] Level 1:colcon.colcon_core.package_identification:_identify(sysid/data) by extensions ['colcon_meta']
[0.283s] Level 1:colcon.colcon_core.package_identification:_identify(sysid/data) by extension 'colcon_meta'
[0.284s] Level 1:colcon.colcon_core.package_identification:_identify(sysid/data) by extensions ['ros']
[0.284s] Level 1:colcon.colcon_core.package_identification:_identify(sysid/data) by extension 'ros'
[0.284s] Level 1:colcon.colcon_core.package_identification:_identify(sysid/data) by extensions ['cmake', 'python']
[0.284s] Level 1:colcon.colcon_core.package_identification:_identify(sysid/data) by extension 'cmake'
[0.285s] Level 1:colcon.colcon_core.package_identification:_identify(sysid/data) by extension 'python'
[0.285s] Level 1:colcon.colcon_core.package_identification:_identify(sysid/data) by extensions ['python_setup_py']
[0.285s] Level 1:colcon.colcon_core.package_identification:_identify(sysid/data) by extension 'python_setup_py'
[0.286s] Level 1:colcon.colcon_core.package_identification:_identify(sysid/figures) by extensions ['ignore', 'ignore_ament_install']
[0.286s] Level 1:colcon.colcon_core.package_identification:_identify(sysid/figures) by extension 'ignore'
[0.286s] Level 1:colcon.colcon_core.package_identification:_identify(sysid/figures) by extension 'ignore_ament_install'
[0.286s] Level 1:colcon.colcon_core.package_identification:_identify(sysid/figures) by extensions ['colcon_pkg']
[0.287s] Level 1:colcon.colcon_core.package_identification:_identify(sysid/figures) by extension 'colcon_pkg'
[0.287s] Level 1:colcon.colcon_core.package_identification:_identify(sysid/figures) by extensions ['colcon_meta']
[0.287s] Level 1:colcon.colcon_core.package_identification:_identify(sysid/figures) by extension 'colcon_meta'
[0.287s] Level 1:colcon.colcon_core.package_identification:_identify(sysid/figures) by extensions ['ros']
[0.288s] Level 1:colcon.colcon_core.package_identification:_identify(sysid/figures) by extension 'ros'
[0.288s] Level 1:colcon.colcon_core.package_identification:_identify(sysid/figures) by extensions ['cmake', 'python']
[0.288s] Level 1:colcon.colcon_core.package_identification:_identify(sysid/figures) by extension 'cmake'
[0.288s] Level 1:colcon.colcon_core.package_identification:_identify(sysid/figures) by extension 'python'
[0.289s] Level 1:colcon.colcon_core.package_identification:_identify(sysid/figures) by extensions ['python_setup_py']
[0.289s] Level 1:colcon.colcon_core.package_identification:_identify(sysid/figures) by extension 'python_setup_py'
[0.290s] Level 1:colcon.colcon_core.package_discovery:discover_packages(recursive) using defaults
[0.290s] Level 1:colcon.colcon_core.package_discovery:discover_packages(ignore) discover
[0.290s] Level 1:colcon.colcon_core.package_discovery:discover_packages(ignore) using defaults
[0.291s] Level 1:colcon.colcon_core.package_discovery:discover_packages(path) discover
[0.291s] Level 1:colcon.colcon_core.package_discovery:discover_packages(path) using defaults
[0.432s] INFO:colcon.colcon_core.package_selection:Skipping not selected package 'button_server' in 'src/ros_task_manager/src/button_server'
[0.432s] INFO:colcon.colcon_core.package_selection:Skipping not selected package 'cs7630_msgs' in 'src/cs7630_msgs'
[0.432s] INFO:colcon.colcon_core.package_selection:Skipping not selected package 'cv_bridge2' in 'src/cv_bridge2'
[0.432s] INFO:colcon.colcon_core.package_selection:Skipping not selected package 'floor_graph' in 'src/floor_graph'
[0.432s] INFO:colcon.colcon_core.package_selection:Skipping not selected package 'floor_plane_ceres_base' in 'src/floor_plane_ceres_base'
[0.433s] INFO:colcon.colcon_core.package_selection:Skipping not selected package 'floor_plane_record_base' in 'src/floor_plane_record_base'
[0.433s] INFO:colcon.colcon_core.package_selection:Skipping not selected package 'joy_teleop' in 'src/joy_teleop'
[0.434s] INFO:colcon.colcon_core.package_selection:Skipping not selected package 'model_prediction' in 'src/model_prediction'
[0.434s] INFO:colcon.colcon_core.package_selection:Skipping not selected package 'nav2_common' in 'src/nav2_common'
[0.434s] INFO:colcon.colcon_core.package_selection:Skipping not selected package 'pytorch_models_base' in 'src/pytorch_models_base'
[0.434s] INFO:colcon.colcon_core.package_selection:Skipping not selected package 'shore_follower_observe' in 'src/shore_follower_observe'
[0.434s] INFO:colcon.colcon_core.package_selection:Skipping not selected package 'task_manager_msgs' in 'src/ros_task_manager/src/task_manager_msgs'
[0.435s] INFO:colcon.colcon_core.package_selection:Skipping not selected package 'vrep4_helpers' in 'src/vrep4_helpers'
[0.435s] INFO:colcon.colcon_core.package_selection:Skipping not selected package 'vrep_ros_teleop' in 'src/vrep_ros_teleop'
[0.435s] INFO:colcon.colcon_core.package_selection:Skipping not selected package 'vrep_vsv_driver' in 'src/vrep_vsv_driver'
[0.435s] INFO:colcon.colcon_core.package_selection:Skipping not selected package 'floor_plane_regression_base' in 'src/floor_plane_regression_base'
[0.435s] INFO:colcon.colcon_core.package_selection:Skipping not selected package 'nav2_msgs' in 'src/nav2_msgs'
[0.435s] INFO:colcon.colcon_core.package_selection:Skipping not selected package 'task_manager_client_py' in 'src/ros_task_manager/src/task_manager_client_py'
[0.435s] INFO:colcon.colcon_core.package_selection:Skipping not selected package 'task_manager_lib' in 'src/ros_task_manager/src/task_manager_lib'
[0.436s] INFO:colcon.colcon_core.package_selection:Skipping not selected package 'task_manager_nav2' in 'src/ros_task_manager/src/task_manager_nav2'
[0.436s] INFO:colcon.colcon_core.package_selection:Skipping not selected package 'task_manager_sync' in 'src/ros_task_manager/src/task_manager_sync'
[0.436s] INFO:colcon.colcon_core.package_selection:Skipping not selected package 'floor_nav' in 'src/floor_nav'
[0.436s] Level 1:colcon.colcon_core.package_discovery:discover_packages(prefix_path) check parameters
[0.437s] Level 1:colcon.colcon_core.package_discovery:discover_packages(prefix_path) discover
[0.442s] DEBUG:colcon.colcon_installed_package_information.package_discovery:Found 5 installed packages in /home/GTL/asacks/ros_workspace/install
[0.443s] DEBUG:colcon.colcon_installed_package_information.package_discovery:Found 357 installed packages in /opt/ros/kilted
[0.443s] Level 1:colcon.colcon_core.package_discovery:discover_packages(prefix_path) using defaults
[0.475s] Level 5:colcon.colcon_core.verb:set package 'floor_plane_hough_base' build argument 'cmake_args' from command line to 'None'
[0.475s] Level 5:colcon.colcon_core.verb:set package 'floor_plane_hough_base' build argument 'cmake_target' from command line to 'None'
[0.475s] Level 5:colcon.colcon_core.verb:set package 'floor_plane_hough_base' build argument 'cmake_target_skip_unavailable' from command line to 'False'
[0.475s] Level 5:colcon.colcon_core.verb:set package 'floor_plane_hough_base' build argument 'cmake_clean_cache' from command line to 'False'
[0.475s] Level 5:colcon.colcon_core.verb:set package 'floor_plane_hough_base' build argument 'cmake_clean_first' from command line to 'False'
[0.476s] Level 5:colcon.colcon_core.verb:set package 'floor_plane_hough_base' build argument 'cmake_force_configure' from command line to 'False'
[0.477s] Level 5:colcon.colcon_core.verb:set package 'floor_plane_hough_base' build argument 'ament_cmake_args' from command line to 'None'
[0.477s] Level 5:colcon.colcon_core.verb:set package 'floor_plane_hough_base' build argument 'catkin_cmake_args' from command line to 'None'
[0.478s] Level 5:colcon.colcon_core.verb:set package 'floor_plane_hough_base' build argument 'catkin_skip_building_tests' from command line to 'False'
[0.478s] DEBUG:colcon.colcon_core.verb:Building package 'floor_plane_hough_base' with the following arguments: {'ament_cmake_args': None, 'build_base': '/home/GTL/asacks/ros_workspace/build/floor_plane_hough_base', 'catkin_cmake_args': None, 'catkin_skip_building_tests': False, 'cmake_args': None, 'cmake_clean_cache': False, 'cmake_clean_first': False, 'cmake_force_configure': False, 'cmake_target': None, 'cmake_target_skip_unavailable': False, 'install_base': '/home/GTL/asacks/ros_workspace/install/floor_plane_hough_base', 'merge_install': False, 'path': '/home/GTL/asacks/ros_workspace/src/floor_plane_hough_base', 'symlink_install': False, 'test_result_base': None}
[0.479s] Level 5:colcon.colcon_core.verb:set package 'floor_plane_ransac_base' build argument 'cmake_args' from command line to 'None'
[0.479s] Level 5:colcon.colcon_core.verb:set package 'floor_plane_ransac_base' build argument 'cmake_target' from command line to 'None'
[0.479s] Level 5:colcon.colcon_core.verb:set package 'floor_plane_ransac_base' build argument 'cmake_target_skip_unavailable' from command line to 'False'
[0.480s] Level 5:colcon.colcon_core.verb:set package 'floor_plane_ransac_base' build argument 'cmake_clean_cache' from command line to 'False'
[0.481s] Level 5:colcon.colcon_core.verb:set package 'floor_plane_ransac_base' build argument 'cmake_clean_first' from command line to 'False'
[0.481s] Level 5:colcon.colcon_core.verb:set package 'floor_plane_ransac_base' build argument 'cmake_force_configure' from command line to 'False'
[0.482s] Level 5:colcon.colcon_core.verb:set package 'floor_plane_ransac_base' build argument 'ament_cmake_args' from command line to 'None'
[0.482s] Level 5:colcon.colcon_core.verb:set package 'floor_plane_ransac_base' build argument 'catkin_cmake_args' from command line to 'None'
[0.483s] Level 5:colcon.colcon_core.verb:set package 'floor_plane_ransac_base' build argument 'catkin_skip_building_tests' from command line to 'False'
[0.483s] DEBUG:colcon.colcon_core.verb:Building package 'floor_plane_ransac_base' with the following arguments: {'ament_cmake_args': None, 'build_base': '/home/GTL/asacks/ros_workspace/build/floor_plane_ransac_base', 'catkin_cmake_args': None, 'catkin_skip_building_tests': False, 'cmake_args': None, 'cmake_clean_cache': False, 'cmake_clean_first': False, 'cmake_force_configure': False, 'cmake_target': None, 'cmake_target_skip_unavailable': False, 'install_base': '/home/GTL/asacks/ros_workspace/install/floor_plane_ransac_base', 'merge_install': False, 'path': '/home/GTL/asacks/ros_workspace/src/floor_plane_ransac_base', 'symlink_install': False, 'test_result_base': None}
[0.483s] INFO:colcon.colcon_core.executor:Executing jobs using 'parallel' executor
[0.484s] DEBUG:colcon.colcon_parallel_executor.executor.parallel:run_until_complete
[0.484s] INFO:colcon.colcon_ros.task.ament_cmake.build:Building ROS package in '/home/GTL/asacks/ros_workspace/src/floor_plane_hough_base' with build type 'ament_cmake'
[0.485s] INFO:colcon.colcon_cmake.task.cmake.build:Building CMake package in '/home/GTL/asacks/ros_workspace/src/floor_plane_hough_base'
[0.486s] INFO:colcon.colcon_core.plugin_system:Skipping extension 'colcon_core.shell.bat': Not used on non-Windows systems
[0.486s] INFO:colcon.colcon_core.shell:Skip shell extension 'powershell' for command environment: Not usable outside of PowerShell
[0.487s] DEBUG:colcon.colcon_core.shell:Skip shell extension 'dsv' for command environment
[0.494s] INFO:colcon.colcon_ros.task.ament_cmake.build:Building ROS package in '/home/GTL/asacks/ros_workspace/src/floor_plane_ransac_base' with build type 'ament_cmake'
[0.494s] INFO:colcon.colcon_cmake.task.cmake.build:Building CMake package in '/home/GTL/asacks/ros_workspace/src/floor_plane_ransac_base'
[0.494s] INFO:colcon.colcon_core.shell:Skip shell extension 'powershell' for command environment: Not usable outside of PowerShell
[0.495s] DEBUG:colcon.colcon_core.shell:Skip shell extension 'dsv' for command environment
[0.510s] DEBUG:colcon.colcon_core.event_handler.log_command:Invoking command in '/home/GTL/asacks/ros_workspace/build/floor_plane_hough_base': CMAKE_PREFIX_PATH=${CMAKE_PREFIX_PATH}:/home/GTL/asacks/ros_workspace/install/model_prediction:/home/GTL/asacks/ros_workspace/install/joy_teleop:/opt/ros/kilted DEBUGINFOD_URLS=https://debuginfod.ubuntu.com /usr/bin/cmake --build /home/GTL/asacks/ros_workspace/build/floor_plane_hough_base -- -j16 -l16
[0.515s] DEBUG:colcon.colcon_core.event_handler.log_command:Invoking command in '/home/GTL/asacks/ros_workspace/build/floor_plane_ransac_base': CMAKE_PREFIX_PATH=${CMAKE_PREFIX_PATH}:/home/GTL/asacks/ros_workspace/install/model_prediction:/home/GTL/asacks/ros_workspace/install/joy_teleop:/opt/ros/kilted DEBUGINFOD_URLS=https://debuginfod.ubuntu.com /usr/bin/cmake --build /home/GTL/asacks/ros_workspace/build/floor_plane_ransac_base -- -j16 -l16
[0.592s] DEBUG:colcon.colcon_core.event_handler.log_command:Invoked command in '/home/GTL/asacks/ros_workspace/build/floor_plane_ransac_base' returned '0': CMAKE_PREFIX_PATH=${CMAKE_PREFIX_PATH}:/home/GTL/asacks/ros_workspace/install/model_prediction:/home/GTL/asacks/ros_workspace/install/joy_teleop:/opt/ros/kilted DEBUGINFOD_URLS=https://debuginfod.ubuntu.com /usr/bin/cmake --build /home/GTL/asacks/ros_workspace/build/floor_plane_ransac_base -- -j16 -l16
[0.599s] DEBUG:colcon.colcon_core.event_handler.log_command:Invoking command in '/home/GTL/asacks/ros_workspace/build/floor_plane_ransac_base': CMAKE_PREFIX_PATH=${CMAKE_PREFIX_PATH}:/home/GTL/asacks/ros_workspace/install/model_prediction:/home/GTL/asacks/ros_workspace/install/joy_teleop:/opt/ros/kilted DEBUGINFOD_URLS=https://debuginfod.ubuntu.com /usr/bin/cmake --install /home/GTL/asacks/ros_workspace/build/floor_plane_ransac_base
[0.619s] Level 1:colcon.colcon_core.environment:create_environment_scripts_only(floor_plane_ransac_base)
[0.621s] Level 1:colcon.colcon_core.environment:checking '/home/GTL/asacks/ros_workspace/install/floor_plane_ransac_base' for CMake module files
[0.622s] DEBUG:colcon.colcon_core.event_handler.log_command:Invoked command in '/home/GTL/asacks/ros_workspace/build/floor_plane_ransac_base' returned '0': CMAKE_PREFIX_PATH=${CMAKE_PREFIX_PATH}:/home/GTL/asacks/ros_workspace/install/model_prediction:/home/GTL/asacks/ros_workspace/install/joy_teleop:/opt/ros/kilted DEBUGINFOD_URLS=https://debuginfod.ubuntu.com /usr/bin/cmake --install /home/GTL/asacks/ros_workspace/build/floor_plane_ransac_base
[0.623s] Level 1:colcon.colcon_core.environment:checking '/home/GTL/asacks/ros_workspace/install/floor_plane_ransac_base' for CMake config files
[0.626s] Level 1:colcon.colcon_core.shell:create_environment_hook('floor_plane_ransac_base', 'cmake_prefix_path')
[0.626s] INFO:colcon.colcon_core.shell:Creating environment hook '/home/GTL/asacks/ros_workspace/install/floor_plane_ransac_base/share/floor_plane_ransac_base/hook/cmake_prefix_path.ps1'
[0.628s] INFO:colcon.colcon_core.shell:Creating environment descriptor '/home/GTL/asacks/ros_workspace/install/floor_plane_ransac_base/share/floor_plane_ransac_base/hook/cmake_prefix_path.dsv'
[0.629s] INFO:colcon.colcon_core.shell:Creating environment hook '/home/GTL/asacks/ros_workspace/install/floor_plane_ransac_base/share/floor_plane_ransac_base/hook/cmake_prefix_path.sh'
[0.631s] Level 1:colcon.colcon_core.environment:checking '/home/GTL/asacks/ros_workspace/install/floor_plane_ransac_base/lib'
[0.631s] Level 1:colcon.colcon_core.environment:checking '/home/GTL/asacks/ros_workspace/install/floor_plane_ransac_base/bin'
[0.631s] Level 1:colcon.colcon_core.environment:checking '/home/GTL/asacks/ros_workspace/install/floor_plane_ransac_base/lib/pkgconfig/floor_plane_ransac_base.pc'
[0.632s] Level 1:colcon.colcon_core.environment:checking '/home/GTL/asacks/ros_workspace/install/floor_plane_ransac_base/lib/python3.12/site-packages'
[0.632s] Level 1:colcon.colcon_core.environment:checking '/home/GTL/asacks/ros_workspace/install/floor_plane_ransac_base/bin'
[0.632s] INFO:colcon.colcon_core.shell:Creating package script '/home/GTL/asacks/ros_workspace/install/floor_plane_ransac_base/share/floor_plane_ransac_base/package.ps1'
[0.634s] INFO:colcon.colcon_core.shell:Creating package descriptor '/home/GTL/asacks/ros_workspace/install/floor_plane_ransac_base/share/floor_plane_ransac_base/package.dsv'
[0.636s] INFO:colcon.colcon_core.shell:Creating package script '/home/GTL/asacks/ros_workspace/install/floor_plane_ransac_base/share/floor_plane_ransac_base/package.sh'
[0.637s] INFO:colcon.colcon_core.shell:Creating package script '/home/GTL/asacks/ros_workspace/install/floor_plane_ransac_base/share/floor_plane_ransac_base/package.bash'
[0.638s] INFO:colcon.colcon_core.shell:Creating package script '/home/GTL/asacks/ros_workspace/install/floor_plane_ransac_base/share/floor_plane_ransac_base/package.zsh'
[0.640s] Level 1:colcon.colcon_core.environment:create_file_with_runtime_dependencies(/home/GTL/asacks/ros_workspace/install/floor_plane_ransac_base/share/colcon-core/packages/floor_plane_ransac_base)
[0.642s] Level 1:colcon.colcon_core.environment:create_environment_scripts_only(floor_plane_ransac_base)
[0.642s] Level 1:colcon.colcon_core.environment:checking '/home/GTL/asacks/ros_workspace/install/floor_plane_ransac_base' for CMake module files
[0.643s] Level 1:colcon.colcon_core.environment:checking '/home/GTL/asacks/ros_workspace/install/floor_plane_ransac_base' for CMake config files
[0.646s] Level 1:colcon.colcon_core.shell:create_environment_hook('floor_plane_ransac_base', 'cmake_prefix_path')
[0.646s] INFO:colcon.colcon_core.shell:Creating environment hook '/home/GTL/asacks/ros_workspace/install/floor_plane_ransac_base/share/floor_plane_ransac_base/hook/cmake_prefix_path.ps1'
[0.648s] INFO:colcon.colcon_core.shell:Creating environment descriptor '/home/GTL/asacks/ros_workspace/install/floor_plane_ransac_base/share/floor_plane_ransac_base/hook/cmake_prefix_path.dsv'
[0.649s] INFO:colcon.colcon_core.shell:Creating environment hook '/home/GTL/asacks/ros_workspace/install/floor_plane_ransac_base/share/floor_plane_ransac_base/hook/cmake_prefix_path.sh'
[0.651s] Level 1:colcon.colcon_core.environment:checking '/home/GTL/asacks/ros_workspace/install/floor_plane_ransac_base/lib'
[0.651s] Level 1:colcon.colcon_core.environment:checking '/home/GTL/asacks/ros_workspace/install/floor_plane_ransac_base/bin'
[0.651s] Level 1:colcon.colcon_core.environment:checking '/home/GTL/asacks/ros_workspace/install/floor_plane_ransac_base/lib/pkgconfig/floor_plane_ransac_base.pc'
[0.651s] Level 1:colcon.colcon_core.environment:checking '/home/GTL/asacks/ros_workspace/install/floor_plane_ransac_base/lib/python3.12/site-packages'
[0.652s] Level 1:colcon.colcon_core.environment:checking '/home/GTL/asacks/ros_workspace/install/floor_plane_ransac_base/bin'
[0.652s] INFO:colcon.colcon_core.shell:Creating package script '/home/GTL/asacks/ros_workspace/install/floor_plane_ransac_base/share/floor_plane_ransac_base/package.ps1'
[0.654s] INFO:colcon.colcon_core.shell:Creating package descriptor '/home/GTL/asacks/ros_workspace/install/floor_plane_ransac_base/share/floor_plane_ransac_base/package.dsv'
[0.655s] INFO:colcon.colcon_core.shell:Creating package script '/home/GTL/asacks/ros_workspace/install/floor_plane_ransac_base/share/floor_plane_ransac_base/package.sh'
[0.657s] INFO:colcon.colcon_core.shell:Creating package script '/home/GTL/asacks/ros_workspace/install/floor_plane_ransac_base/share/floor_plane_ransac_base/package.bash'
[0.658s] INFO:colcon.colcon_core.shell:Creating package script '/home/GTL/asacks/ros_workspace/install/floor_plane_ransac_base/share/floor_plane_ransac_base/package.zsh'
[0.659s] Level 1:colcon.colcon_core.environment:create_file_with_runtime_dependencies(/home/GTL/asacks/ros_workspace/install/floor_plane_ransac_base/share/colcon-core/packages/floor_plane_ransac_base)
[18.645s] DEBUG:colcon.colcon_core.event_handler.log_command:Invoked command in '/home/GTL/asacks/ros_workspace/build/floor_plane_hough_base' returned '0': CMAKE_PREFIX_PATH=${CMAKE_PREFIX_PATH}:/home/GTL/asacks/ros_workspace/install/model_prediction:/home/GTL/asacks/ros_workspace/install/joy_teleop:/opt/ros/kilted DEBUGINFOD_URLS=https://debuginfod.ubuntu.com /usr/bin/cmake --build /home/GTL/asacks/ros_workspace/build/floor_plane_hough_base -- -j16 -l16
[18.647s] DEBUG:colcon.colcon_core.event_handler.log_command:Invoking command in '/home/GTL/asacks/ros_workspace/build/floor_plane_hough_base': CMAKE_PREFIX_PATH=${CMAKE_PREFIX_PATH}:/home/GTL/asacks/ros_workspace/install/model_prediction:/home/GTL/asacks/ros_workspace/install/joy_teleop:/opt/ros/kilted DEBUGINFOD_URLS=https://debuginfod.ubuntu.com /usr/bin/cmake --install /home/GTL/asacks/ros_workspace/build/floor_plane_hough_base
[18.937s] Level 1:colcon.colcon_core.environment:create_environment_scripts_only(floor_plane_hough_base)
[18.937s] DEBUG:colcon.colcon_core.event_handler.log_command:Invoked command in '/home/GTL/asacks/ros_workspace/build/floor_plane_hough_base' returned '0': CMAKE_PREFIX_PATH=${CMAKE_PREFIX_PATH}:/home/GTL/asacks/ros_workspace/install/model_prediction:/home/GTL/asacks/ros_workspace/install/joy_teleop:/opt/ros/kilted DEBUGINFOD_URLS=https://debuginfod.ubuntu.com /usr/bin/cmake --install /home/GTL/asacks/ros_workspace/build/floor_plane_hough_base
[18.937s] Level 1:colcon.colcon_core.environment:checking '/home/GTL/asacks/ros_workspace/install/floor_plane_hough_base' for CMake module files
[18.939s] Level 1:colcon.colcon_core.environment:checking '/home/GTL/asacks/ros_workspace/install/floor_plane_hough_base' for CMake config files
[18.941s] Level 1:colcon.colcon_core.shell:create_environment_hook('floor_plane_hough_base', 'cmake_prefix_path')
[18.941s] INFO:colcon.colcon_core.shell:Creating environment hook '/home/GTL/asacks/ros_workspace/install/floor_plane_hough_base/share/floor_plane_hough_base/hook/cmake_prefix_path.ps1'
[18.943s] INFO:colcon.colcon_core.shell:Creating environment descriptor '/home/GTL/asacks/ros_workspace/install/floor_plane_hough_base/share/floor_plane_hough_base/hook/cmake_prefix_path.dsv'
[18.944s] INFO:colcon.colcon_core.shell:Creating environment hook '/home/GTL/asacks/ros_workspace/install/floor_plane_hough_base/share/floor_plane_hough_base/hook/cmake_prefix_path.sh'
[18.945s] Level 1:colcon.colcon_core.environment:checking '/home/GTL/asacks/ros_workspace/install/floor_plane_hough_base/lib'
[18.946s] Level 1:colcon.colcon_core.environment:checking '/home/GTL/asacks/ros_workspace/install/floor_plane_hough_base/bin'
[18.946s] Level 1:colcon.colcon_core.environment:checking '/home/GTL/asacks/ros_workspace/install/floor_plane_hough_base/lib/pkgconfig/floor_plane_hough_base.pc'
[18.946s] Level 1:colcon.colcon_core.environment:checking '/home/GTL/asacks/ros_workspace/install/floor_plane_hough_base/lib/python3.12/site-packages'
[18.947s] Level 1:colcon.colcon_core.environment:checking '/home/GTL/asacks/ros_workspace/install/floor_plane_hough_base/bin'
[18.947s] INFO:colcon.colcon_core.shell:Creating package script '/home/GTL/asacks/ros_workspace/install/floor_plane_hough_base/share/floor_plane_hough_base/package.ps1'
[18.948s] INFO:colcon.colcon_core.shell:Creating package descriptor '/home/GTL/asacks/ros_workspace/install/floor_plane_hough_base/share/floor_plane_hough_base/package.dsv'
[18.950s] INFO:colcon.colcon_core.shell:Creating package script '/home/GTL/asacks/ros_workspace/install/floor_plane_hough_base/share/floor_plane_hough_base/package.sh'
[18.951s] INFO:colcon.colcon_core.shell:Creating package script '/home/GTL/asacks/ros_workspace/install/floor_plane_hough_base/share/floor_plane_hough_base/package.bash'
[18.952s] INFO:colcon.colcon_core.shell:Creating package script '/home/GTL/asacks/ros_workspace/install/floor_plane_hough_base/share/floor_plane_hough_base/package.zsh'
[18.953s] Level 1:colcon.colcon_core.environment:create_file_with_runtime_dependencies(/home/GTL/asacks/ros_workspace/install/floor_plane_hough_base/share/colcon-core/packages/floor_plane_hough_base)
[18.955s] Level 1:colcon.colcon_core.environment:create_environment_scripts_only(floor_plane_hough_base)
[18.955s] Level 1:colcon.colcon_core.environment:checking '/home/GTL/asacks/ros_workspace/install/floor_plane_hough_base' for CMake module files
[18.957s] Level 1:colcon.colcon_core.environment:checking '/home/GTL/asacks/ros_workspace/install/floor_plane_hough_base' for CMake config files
[18.959s] Level 1:colcon.colcon_core.shell:create_environment_hook('floor_plane_hough_base', 'cmake_prefix_path')
[18.959s] INFO:colcon.colcon_core.shell:Creating environment hook '/home/GTL/asacks/ros_workspace/install/floor_plane_hough_base/share/floor_plane_hough_base/hook/cmake_prefix_path.ps1'
[18.960s] INFO:colcon.colcon_core.shell:Creating environment descriptor '/home/GTL/asacks/ros_workspace/install/floor_plane_hough_base/share/floor_plane_hough_base/hook/cmake_prefix_path.dsv'
[18.961s] INFO:colcon.colcon_core.shell:Creating environment hook '/home/GTL/asacks/ros_workspace/install/floor_plane_hough_base/share/floor_plane_hough_base/hook/cmake_prefix_path.sh'
[18.963s] Level 1:colcon.colcon_core.environment:checking '/home/GTL/asacks/ros_workspace/install/floor_plane_hough_base/lib'
[18.963s] Level 1:colcon.colcon_core.environment:checking '/home/GTL/asacks/ros_workspace/install/floor_plane_hough_base/bin'
[18.963s] Level 1:colcon.colcon_core.environment:checking '/home/GTL/asacks/ros_workspace/install/floor_plane_hough_base/lib/pkgconfig/floor_plane_hough_base.pc'
[18.964s] Level 1:colcon.colcon_core.environment:checking '/home/GTL/asacks/ros_workspace/install/floor_plane_hough_base/lib/python3.12/site-packages'
[18.964s] Level 1:colcon.colcon_core.environment:checking '/home/GTL/asacks/ros_workspace/install/floor_plane_hough_base/bin'
[18.964s] INFO:colcon.colcon_core.shell:Creating package script '/home/GTL/asacks/ros_workspace/install/floor_plane_hough_base/share/floor_plane_hough_base/package.ps1'
[18.966s] INFO:colcon.colcon_core.shell:Creating package descriptor '/home/GTL/asacks/ros_workspace/install/floor_plane_hough_base/share/floor_plane_hough_base/package.dsv'
[18.967s] INFO:colcon.colcon_core.shell:Creating package script '/home/GTL/asacks/ros_workspace/install/floor_plane_hough_base/share/floor_plane_hough_base/package.sh'
[18.968s] INFO:colcon.colcon_core.shell:Creating package script '/home/GTL/asacks/ros_workspace/install/floor_plane_hough_base/share/floor_plane_hough_base/package.bash'
[18.969s] INFO:colcon.colcon_core.shell:Creating package script '/home/GTL/asacks/ros_workspace/install/floor_plane_hough_base/share/floor_plane_hough_base/package.zsh'
[18.970s] Level 1:colcon.colcon_core.environment:create_file_with_runtime_dependencies(/home/GTL/asacks/ros_workspace/install/floor_plane_hough_base/share/colcon-core/packages/floor_plane_hough_base)
[18.972s] DEBUG:colcon.colcon_parallel_executor.executor.parallel:closing loop
[18.972s] DEBUG:colcon.colcon_parallel_executor.executor.parallel:loop closed
[18.972s] DEBUG:colcon.colcon_parallel_executor.executor.parallel:run_until_complete finished with '0'
[18.972s] DEBUG:colcon.colcon_core.event_reactor:joining thread
[18.977s] INFO:colcon.colcon_core.plugin_system:Skipping extension 'colcon_notification.desktop_notification.terminal_notifier': Not used on non-Darwin systems
[18.977s] INFO:colcon.colcon_core.plugin_system:Skipping extension 'colcon_notification.desktop_notification.win32': Not used on non-Windows systems
[18.977s] INFO:colcon.colcon_notification.desktop_notification:Sending desktop notification using 'notify2'
[18.986s] DEBUG:colcon.colcon_core.event_reactor:joined thread
[18.986s] INFO:colcon.colcon_core.shell:Creating prefix script '/home/GTL/asacks/ros_workspace/install/local_setup.ps1'
[18.988s] INFO:colcon.colcon_core.shell:Creating prefix util module '/home/GTL/asacks/ros_workspace/install/_local_setup_util_ps1.py'
[18.995s] INFO:colcon.colcon_core.shell:Creating prefix chain script '/home/GTL/asacks/ros_workspace/install/setup.ps1'
[18.999s] INFO:colcon.colcon_core.shell:Creating prefix script '/home/GTL/asacks/ros_workspace/install/local_setup.sh'
[19.001s] INFO:colcon.colcon_core.shell:Creating prefix util module '/home/GTL/asacks/ros_workspace/install/_local_setup_util_sh.py'
[19.002s] INFO:colcon.colcon_core.shell:Creating prefix chain script '/home/GTL/asacks/ros_workspace/install/setup.sh'
[19.006s] INFO:colcon.colcon_core.shell:Creating prefix script '/home/GTL/asacks/ros_workspace/install/local_setup.bash'
[19.008s] INFO:colcon.colcon_core.shell:Creating prefix chain script '/home/GTL/asacks/ros_workspace/install/setup.bash'
[19.011s] INFO:colcon.colcon_core.shell:Creating prefix script '/home/GTL/asacks/ros_workspace/install/local_setup.zsh'
[19.012s] INFO:colcon.colcon_core.shell:Creating prefix chain script '/home/GTL/asacks/ros_workspace/install/setup.zsh'
