[ 50%] Building CXX object CMakeFiles/cylinder_detector.dir/src/cylinder_detector.cpp.o
[100%] Linking CXX executable cylinder_detector
[100%] Built target cylinder_detector
-- Install configuration: ""
-- Execute custom install script
-- Up-to-date symlink: /home/GTL/asacks/ros_workspace/install/cylinder_detector/lib/cylinder_detector/cylinder_detector
-- Up-to-date symlink: /home/GTL/asacks/ros_workspace/install/cylinder_detector/share/cylinder_detector/cylinder_detector.launch.py
-- Up-to-date symlink: /home/GTL/asacks/ros_workspace/install/cylinder_detector/share/ament_index/resource_index/package_run_dependencies/cylinder_detector
-- Up-to-date symlink: /home/GTL/asacks/ros_workspace/install/cylinder_detector/share/ament_index/resource_index/parent_prefix_path/cylinder_detector
-- Up-to-date symlink: /home/GTL/asacks/ros_workspace/install/cylinder_detector/share/cylinder_detector/environment/ament_prefix_path.sh
-- Up-to-date symlink: /home/GTL/asacks/ros_workspace/install/cylinder_detector/share/cylinder_detector/environment/ament_prefix_path.dsv
-- Up-to-date symlink: /home/GTL/asacks/ros_workspace/install/cylinder_detector/share/cylinder_detector/environment/path.sh
-- Up-to-date symlink: /home/GTL/asacks/ros_workspace/install/cylinder_detector/share/cylinder_detector/environment/path.dsv
-- Up-to-date symlink: /home/GTL/asacks/ros_workspace/install/cylinder_detector/share/cylinder_detector/local_setup.bash
-- Up-to-date symlink: /home/GTL/asacks/ros_workspace/install/cylinder_detector/share/cylinder_detector/local_setup.sh
-- Up-to-date symlink: /home/GTL/asacks/ros_workspace/install/cylinder_detector/share/cylinder_detector/local_setup.zsh
-- Up-to-date symlink: /home/GTL/asacks/ros_workspace/install/cylinder_detector/share/cylinder_detector/local_setup.dsv
-- Symlinking: /home/GTL/asacks/ros_workspace/install/cylinder_detector/share/cylinder_detector/package.dsv
-- Up-to-date symlink: /home/GTL/asacks/ros_workspace/install/cylinder_detector/share/ament_index/resource_index/packages/cylinder_detector
-- Up-to-date symlink: /home/GTL/asacks/ros_workspace/install/cylinder_detector/share/cylinder_detector/cmake/cylinder_detectorConfig.cmake
-- Up-to-date symlink: /home/GTL/asacks/ros_workspace/install/cylinder_detector/share/cylinder_detector/cmake/cylinder_detectorConfig-version.cmake
-- Up-to-date symlink: /home/GTL/asacks/ros_workspace/install/cylinder_detector/share/cylinder_detector/package.xml
